[0.035s] Invoking command in '/home/dji/DJI_workshop/LZP_PSDK/ros2_workplace/build/yolo_detect': CONDA_PROMPT_MODIFIER=(ros2_humble) /open_app/miniconda3/envs/ros2_humble/bin/cmake --build /home/dji/DJI_workshop/LZP_PSDK/ros2_workplace/build/yolo_detect -- -j4 -l4
[0.078s] Invoked command in '/home/dji/DJI_workshop/LZP_PSDK/ros2_workplace/build/yolo_detect' returned '0': CONDA_PROMPT_MODIFIER=(ros2_humble) /open_app/miniconda3/envs/ros2_humble/bin/cmake --build /home/dji/DJI_workshop/LZP_PSDK/ros2_workplace/build/yolo_detect -- -j4 -l4
[0.094s] Invoking command in '/home/dji/DJI_workshop/LZP_PSDK/ros2_workplace/build/yolo_detect': CONDA_PROMPT_MODIFIER=(ros2_humble) /open_app/miniconda3/envs/ros2_humble/bin/cmake --install /home/dji/DJI_workshop/LZP_PSDK/ros2_workplace/build/yolo_detect
[0.101s] -- Install configuration: ""
[0.101s] -- Up-to-date: /home/dji/DJI_workshop/LZP_PSDK/ros2_workplace/install/yolo_detect/share/ament_index/resource_index/package_run_dependencies/yolo_detect
[0.101s] -- Up-to-date: /home/dji/DJI_workshop/LZP_PSDK/ros2_workplace/install/yolo_detect/share/ament_index/resource_index/parent_prefix_path/yolo_detect
[0.101s] -- Up-to-date: /home/dji/DJI_workshop/LZP_PSDK/ros2_workplace/install/yolo_detect/share/yolo_detect/environment/ament_prefix_path.sh
[0.102s] -- Up-to-date: /home/dji/DJI_workshop/LZP_PSDK/ros2_workplace/install/yolo_detect/share/yolo_detect/environment/ament_prefix_path.dsv
[0.102s] -- Up-to-date: /home/dji/DJI_workshop/LZP_PSDK/ros2_workplace/install/yolo_detect/share/yolo_detect/environment/path.sh
[0.102s] -- Up-to-date: /home/dji/DJI_workshop/LZP_PSDK/ros2_workplace/install/yolo_detect/share/yolo_detect/environment/path.dsv
[0.102s] -- Up-to-date: /home/dji/DJI_workshop/LZP_PSDK/ros2_workplace/install/yolo_detect/share/yolo_detect/local_setup.bash
[0.102s] -- Up-to-date: /home/dji/DJI_workshop/LZP_PSDK/ros2_workplace/install/yolo_detect/share/yolo_detect/local_setup.sh
[0.102s] -- Up-to-date: /home/dji/DJI_workshop/LZP_PSDK/ros2_workplace/install/yolo_detect/share/yolo_detect/local_setup.zsh
[0.103s] -- Up-to-date: /home/dji/DJI_workshop/LZP_PSDK/ros2_workplace/install/yolo_detect/share/yolo_detect/local_setup.dsv
[0.103s] -- Installing: /home/dji/DJI_workshop/LZP_PSDK/ros2_workplace/install/yolo_detect/share/yolo_detect/package.dsv
[0.103s] -- Up-to-date: /home/dji/DJI_workshop/LZP_PSDK/ros2_workplace/install/yolo_detect/share/ament_index/resource_index/packages/yolo_detect
[0.103s] -- Up-to-date: /home/dji/DJI_workshop/LZP_PSDK/ros2_workplace/install/yolo_detect/share/yolo_detect/cmake/yolo_detectConfig.cmake
[0.103s] -- Up-to-date: /home/dji/DJI_workshop/LZP_PSDK/ros2_workplace/install/yolo_detect/share/yolo_detect/cmake/yolo_detectConfig-version.cmake
[0.103s] -- Up-to-date: /home/dji/DJI_workshop/LZP_PSDK/ros2_workplace/install/yolo_detect/share/yolo_detect/package.xml
[0.113s] Invoked command in '/home/dji/DJI_workshop/LZP_PSDK/ros2_workplace/build/yolo_detect' returned '0': CONDA_PROMPT_MODIFIER=(ros2_humble) /open_app/miniconda3/envs/ros2_humble/bin/cmake --install /home/dji/DJI_workshop/LZP_PSDK/ros2_workplace/build/yolo_detect
