[0.272s] [34mcolcon[0m [1;30mDEBUG[0m [32mCommand line arguments: ['/open_app/miniconda3/envs/ros2_humble/bin/colcon', 'build'][0m
[0.272s] [34mcolcon[0m [1;30mDEBUG[0m [32mParsed command line arguments: Namespace(log_base=None, log_level=None, verb_name='build', build_base='build', install_base='install', merge_install=False, symlink_install=False, test_result_base=None, continue_on_error=False, executor='parallel', parallel_workers=4, event_handlers=None, ignore_user_meta=False, metas=['./colcon.meta'], base_paths=['.'], packages_ignore=None, packages_ignore_regex=None, paths=None, packages_up_to=None, packages_up_to_regex=None, packages_above=None, packages_above_and_dependencies=None, packages_above_depth=None, packages_select_by_dep=None, packages_skip_by_dep=None, packages_skip_up_to=None, packages_select_build_failed=False, packages_skip_build_finished=False, packages_select_test_failures=False, packages_skip_test_passed=False, packages_select=None, packages_skip=None, packages_select_regex=None, packages_skip_regex=None, packages_start=None, packages_end=None, cmake_args=None, cmake_target=None, cmake_target_skip_unavailable=False, cmake_clean_cache=False, cmake_clean_first=False, cmake_force_configure=False, ament_cmake_args=None, catkin_cmake_args=None, catkin_skip_building_tests=False, verb_parser=<colcon_defaults.argument_parser.defaults.DefaultArgumentsDecorator object at 0xffffa0c3c430>, verb_extension=<colcon_core.verb.build.BuildVerb object at 0xffffa0d7d960>, main=<bound method BuildVerb.main of <colcon_core.verb.build.BuildVerb object at 0xffffa0d7d960>>)[0m
[0.540s] [34mcolcon.colcon_core.package_discovery[0m [1;30mLevel 1[0m discover_packages(colcon_meta) check parameters
[0.540s] [34mcolcon.colcon_core.package_discovery[0m [1;30mLevel 1[0m discover_packages(recursive) check parameters
[0.540s] [34mcolcon.colcon_core.package_discovery[0m [1;30mLevel 1[0m discover_packages(ignore) check parameters
[0.540s] [34mcolcon.colcon_core.package_discovery[0m [1;30mLevel 1[0m discover_packages(path) check parameters
[0.540s] [34mcolcon.colcon_core.package_discovery[0m [1;30mLevel 1[0m discover_packages(colcon_meta) discover
[0.540s] [34mcolcon.colcon_core.package_discovery[0m [1;30mLevel 1[0m discover_packages(recursive) discover
[0.541s] [34mcolcon.colcon_core.package_discovery[0m [1;30mINFO[0m Crawling recursively for packages in '/home/dji/DJI_workshop/LZP_PSDK/ros2_workplace'
[0.541s] [34mcolcon.colcon_core.package_identification[0m [1;30mLevel 1[0m _identify(.) by extensions ['ignore', 'ignore_ament_install']
[0.541s] [34mcolcon.colcon_core.package_identification[0m [1;30mLevel 1[0m _identify(.) by extension 'ignore'
[0.541s] [34mcolcon.colcon_core.package_identification[0m [1;30mLevel 1[0m _identify(.) by extension 'ignore_ament_install'
[0.541s] [34mcolcon.colcon_core.package_identification[0m [1;30mLevel 1[0m _identify(.) by extensions ['colcon_pkg']
[0.541s] [34mcolcon.colcon_core.package_identification[0m [1;30mLevel 1[0m _identify(.) by extension 'colcon_pkg'
[0.541s] [34mcolcon.colcon_core.package_identification[0m [1;30mLevel 1[0m _identify(.) by extensions ['colcon_meta']
[0.542s] [34mcolcon.colcon_core.package_identification[0m [1;30mLevel 1[0m _identify(.) by extension 'colcon_meta'
[0.542s] [34mcolcon.colcon_core.package_identification[0m [1;30mLevel 1[0m _identify(.) by extensions ['ros']
[0.542s] [34mcolcon.colcon_core.package_identification[0m [1;30mLevel 1[0m _identify(.) by extension 'ros'
[0.621s] [34mcolcon.colcon_core.package_identification[0m [1;30mLevel 1[0m _identify(.) by extensions ['cmake', 'python']
[0.622s] [34mcolcon.colcon_core.package_identification[0m [1;30mLevel 1[0m _identify(.) by extension 'cmake'
[0.622s] [34mcolcon.colcon_core.package_identification[0m [1;30mLevel 1[0m _identify(.) by extension 'python'
[0.622s] [34mcolcon.colcon_core.package_identification[0m [1;30mLevel 1[0m _identify(.) by extensions ['python_setup_py']
[0.622s] [34mcolcon.colcon_core.package_identification[0m [1;30mLevel 1[0m _identify(.) by extension 'python_setup_py'
[0.622s] [34mcolcon.colcon_core.package_identification[0m [1;30mLevel 1[0m _identify(build) by extensions ['ignore', 'ignore_ament_install']
[0.623s] [34mcolcon.colcon_core.package_identification[0m [1;30mLevel 1[0m _identify(build) by extension 'ignore'
[0.623s] [34mcolcon.colcon_core.package_identification[0m [1;30mLevel 1[0m _identify(build) ignored
[0.623s] [34mcolcon.colcon_core.package_identification[0m [1;30mLevel 1[0m _identify(data) by extensions ['ignore', 'ignore_ament_install']
[0.623s] [34mcolcon.colcon_core.package_identification[0m [1;30mLevel 1[0m _identify(data) by extension 'ignore'
[0.623s] [34mcolcon.colcon_core.package_identification[0m [1;30mLevel 1[0m _identify(data) by extension 'ignore_ament_install'
[0.623s] [34mcolcon.colcon_core.package_identification[0m [1;30mLevel 1[0m _identify(data) by extensions ['colcon_pkg']
[0.624s] [34mcolcon.colcon_core.package_identification[0m [1;30mLevel 1[0m _identify(data) by extension 'colcon_pkg'
[0.624s] [34mcolcon.colcon_core.package_identification[0m [1;30mLevel 1[0m _identify(data) by extensions ['colcon_meta']
[0.624s] [34mcolcon.colcon_core.package_identification[0m [1;30mLevel 1[0m _identify(data) by extension 'colcon_meta'
[0.624s] [34mcolcon.colcon_core.package_identification[0m [1;30mLevel 1[0m _identify(data) by extensions ['ros']
[0.624s] [34mcolcon.colcon_core.package_identification[0m [1;30mLevel 1[0m _identify(data) by extension 'ros'
[0.624s] [34mcolcon.colcon_core.package_identification[0m [1;30mLevel 1[0m _identify(data) by extensions ['cmake', 'python']
[0.624s] [34mcolcon.colcon_core.package_identification[0m [1;30mLevel 1[0m _identify(data) by extension 'cmake'
[0.624s] [34mcolcon.colcon_core.package_identification[0m [1;30mLevel 1[0m _identify(data) by extension 'python'
[0.624s] [34mcolcon.colcon_core.package_identification[0m [1;30mLevel 1[0m _identify(data) by extensions ['python_setup_py']
[0.624s] [34mcolcon.colcon_core.package_identification[0m [1;30mLevel 1[0m _identify(data) by extension 'python_setup_py'
[0.625s] [34mcolcon.colcon_core.package_identification[0m [1;30mLevel 1[0m _identify(data/logs) by extensions ['ignore', 'ignore_ament_install']
[0.625s] [34mcolcon.colcon_core.package_identification[0m [1;30mLevel 1[0m _identify(data/logs) by extension 'ignore'
[0.625s] [34mcolcon.colcon_core.package_identification[0m [1;30mLevel 1[0m _identify(data/logs) by extension 'ignore_ament_install'
[0.625s] [34mcolcon.colcon_core.package_identification[0m [1;30mLevel 1[0m _identify(data/logs) by extensions ['colcon_pkg']
[0.625s] [34mcolcon.colcon_core.package_identification[0m [1;30mLevel 1[0m _identify(data/logs) by extension 'colcon_pkg'
[0.625s] [34mcolcon.colcon_core.package_identification[0m [1;30mLevel 1[0m _identify(data/logs) by extensions ['colcon_meta']
[0.625s] [34mcolcon.colcon_core.package_identification[0m [1;30mLevel 1[0m _identify(data/logs) by extension 'colcon_meta'
[0.625s] [34mcolcon.colcon_core.package_identification[0m [1;30mLevel 1[0m _identify(data/logs) by extensions ['ros']
[0.626s] [34mcolcon.colcon_core.package_identification[0m [1;30mLevel 1[0m _identify(data/logs) by extension 'ros'
[0.626s] [34mcolcon.colcon_core.package_identification[0m [1;30mLevel 1[0m _identify(data/logs) by extensions ['cmake', 'python']
[0.626s] [34mcolcon.colcon_core.package_identification[0m [1;30mLevel 1[0m _identify(data/logs) by extension 'cmake'
[0.626s] [34mcolcon.colcon_core.package_identification[0m [1;30mLevel 1[0m _identify(data/logs) by extension 'python'
[0.626s] [34mcolcon.colcon_core.package_identification[0m [1;30mLevel 1[0m _identify(data/logs) by extensions ['python_setup_py']
[0.626s] [34mcolcon.colcon_core.package_identification[0m [1;30mLevel 1[0m _identify(data/logs) by extension 'python_setup_py'
[0.626s] [34mcolcon.colcon_core.package_identification[0m [1;30mLevel 1[0m _identify(install) by extensions ['ignore', 'ignore_ament_install']
[0.626s] [34mcolcon.colcon_core.package_identification[0m [1;30mLevel 1[0m _identify(install) by extension 'ignore'
[0.627s] [34mcolcon.colcon_core.package_identification[0m [1;30mLevel 1[0m _identify(install) ignored
[0.627s] [34mcolcon.colcon_core.package_identification[0m [1;30mLevel 1[0m _identify(log) by extensions ['ignore', 'ignore_ament_install']
[0.627s] [34mcolcon.colcon_core.package_identification[0m [1;30mLevel 1[0m _identify(log) by extension 'ignore'
[0.627s] [34mcolcon.colcon_core.package_identification[0m [1;30mLevel 1[0m _identify(log) ignored
[0.627s] [34mcolcon.colcon_core.package_identification[0m [1;30mLevel 1[0m _identify(src) by extensions ['ignore', 'ignore_ament_install']
[0.627s] [34mcolcon.colcon_core.package_identification[0m [1;30mLevel 1[0m _identify(src) by extension 'ignore'
[0.628s] [34mcolcon.colcon_core.package_identification[0m [1;30mLevel 1[0m _identify(src) by extension 'ignore_ament_install'
[0.628s] [34mcolcon.colcon_core.package_identification[0m [1;30mLevel 1[0m _identify(src) by extensions ['colcon_pkg']
[0.628s] [34mcolcon.colcon_core.package_identification[0m [1;30mLevel 1[0m _identify(src) by extension 'colcon_pkg'
[0.628s] [34mcolcon.colcon_core.package_identification[0m [1;30mLevel 1[0m _identify(src) by extensions ['colcon_meta']
[0.628s] [34mcolcon.colcon_core.package_identification[0m [1;30mLevel 1[0m _identify(src) by extension 'colcon_meta'
[0.628s] [34mcolcon.colcon_core.package_identification[0m [1;30mLevel 1[0m _identify(src) by extensions ['ros']
[0.628s] [34mcolcon.colcon_core.package_identification[0m [1;30mLevel 1[0m _identify(src) by extension 'ros'
[0.628s] [34mcolcon.colcon_core.package_identification[0m [1;30mLevel 1[0m _identify(src) by extensions ['cmake', 'python']
[0.628s] [34mcolcon.colcon_core.package_identification[0m [1;30mLevel 1[0m _identify(src) by extension 'cmake'
[0.628s] [34mcolcon.colcon_core.package_identification[0m [1;30mLevel 1[0m _identify(src) by extension 'python'
[0.629s] [34mcolcon.colcon_core.package_identification[0m [1;30mLevel 1[0m _identify(src) by extensions ['python_setup_py']
[0.629s] [34mcolcon.colcon_core.package_identification[0m [1;30mLevel 1[0m _identify(src) by extension 'python_setup_py'
[0.629s] [34mcolcon.colcon_core.package_identification[0m [1;30mLevel 1[0m _identify(src/dji_precision_capture) by extensions ['ignore', 'ignore_ament_install']
[0.629s] [34mcolcon.colcon_core.package_identification[0m [1;30mLevel 1[0m _identify(src/dji_precision_capture) by extension 'ignore'
[0.629s] [34mcolcon.colcon_core.package_identification[0m [1;30mLevel 1[0m _identify(src/dji_precision_capture) by extension 'ignore_ament_install'
[0.629s] [34mcolcon.colcon_core.package_identification[0m [1;30mLevel 1[0m _identify(src/dji_precision_capture) by extensions ['colcon_pkg']
[0.629s] [34mcolcon.colcon_core.package_identification[0m [1;30mLevel 1[0m _identify(src/dji_precision_capture) by extension 'colcon_pkg'
[0.629s] [34mcolcon.colcon_core.package_identification[0m [1;30mLevel 1[0m _identify(src/dji_precision_capture) by extensions ['colcon_meta']
[0.630s] [34mcolcon.colcon_core.package_identification[0m [1;30mLevel 1[0m _identify(src/dji_precision_capture) by extension 'colcon_meta'
[0.630s] [34mcolcon.colcon_core.package_identification[0m [1;30mLevel 1[0m _identify(src/dji_precision_capture) by extensions ['ros']
[0.630s] [34mcolcon.colcon_core.package_identification[0m [1;30mLevel 1[0m _identify(src/dji_precision_capture) by extension 'ros'
[0.635s] [34mcolcon.colcon_core.package_identification[0m [1;30mDEBUG[0m [32mPackage 'src/dji_precision_capture' with type 'ros.ament_cmake' and name 'dji_precision_capture'[0m
[0.636s] [34mcolcon.colcon_core.package_identification[0m [1;30mLevel 1[0m _identify(src/uav_detect_result) by extensions ['ignore', 'ignore_ament_install']
[0.636s] [34mcolcon.colcon_core.package_identification[0m [1;30mLevel 1[0m _identify(src/uav_detect_result) by extension 'ignore'
[0.636s] [34mcolcon.colcon_core.package_identification[0m [1;30mLevel 1[0m _identify(src/uav_detect_result) by extension 'ignore_ament_install'
[0.636s] [34mcolcon.colcon_core.package_identification[0m [1;30mLevel 1[0m _identify(src/uav_detect_result) by extensions ['colcon_pkg']
[0.636s] [34mcolcon.colcon_core.package_identification[0m [1;30mLevel 1[0m _identify(src/uav_detect_result) by extension 'colcon_pkg'
[0.636s] [34mcolcon.colcon_core.package_identification[0m [1;30mLevel 1[0m _identify(src/uav_detect_result) by extensions ['colcon_meta']
[0.637s] [34mcolcon.colcon_core.package_identification[0m [1;30mLevel 1[0m _identify(src/uav_detect_result) by extension 'colcon_meta'
[0.637s] [34mcolcon.colcon_core.package_identification[0m [1;30mLevel 1[0m _identify(src/uav_detect_result) by extensions ['ros']
[0.637s] [34mcolcon.colcon_core.package_identification[0m [1;30mLevel 1[0m _identify(src/uav_detect_result) by extension 'ros'
[0.638s] [34mcolcon.colcon_core.package_identification[0m [1;30mDEBUG[0m [32mPackage 'src/uav_detect_result' with type 'ros.ament_cmake' and name 'uav_detect_result'[0m
[0.638s] [34mcolcon.colcon_core.package_discovery[0m [1;30mLevel 1[0m discover_packages(recursive) using defaults
[0.638s] [34mcolcon.colcon_core.package_discovery[0m [1;30mLevel 1[0m discover_packages(ignore) discover
[0.638s] [34mcolcon.colcon_core.package_discovery[0m [1;30mLevel 1[0m discover_packages(ignore) using defaults
[0.638s] [34mcolcon.colcon_core.package_discovery[0m [1;30mLevel 1[0m discover_packages(path) discover
[0.639s] [34mcolcon.colcon_core.package_discovery[0m [1;30mLevel 1[0m discover_packages(path) using defaults
[0.669s] [34mcolcon.colcon_core.verb[0m [1;30mLevel 5[0m set package 'dji_precision_capture' build argument 'cmake_args' from command line to 'None'
[0.670s] [34mcolcon.colcon_core.verb[0m [1;30mLevel 5[0m set package 'dji_precision_capture' build argument 'cmake_target' from command line to 'None'
[0.670s] [34mcolcon.colcon_core.verb[0m [1;30mLevel 5[0m set package 'dji_precision_capture' build argument 'cmake_target_skip_unavailable' from command line to 'False'
[0.670s] [34mcolcon.colcon_core.verb[0m [1;30mLevel 5[0m set package 'dji_precision_capture' build argument 'cmake_clean_cache' from command line to 'False'
[0.670s] [34mcolcon.colcon_core.verb[0m [1;30mLevel 5[0m set package 'dji_precision_capture' build argument 'cmake_clean_first' from command line to 'False'
[0.670s] [34mcolcon.colcon_core.verb[0m [1;30mLevel 5[0m set package 'dji_precision_capture' build argument 'cmake_force_configure' from command line to 'False'
[0.670s] [34mcolcon.colcon_core.verb[0m [1;30mLevel 5[0m set package 'dji_precision_capture' build argument 'ament_cmake_args' from command line to 'None'
[0.670s] [34mcolcon.colcon_core.verb[0m [1;30mLevel 5[0m set package 'dji_precision_capture' build argument 'catkin_cmake_args' from command line to 'None'
[0.670s] [34mcolcon.colcon_core.verb[0m [1;30mLevel 5[0m set package 'dji_precision_capture' build argument 'catkin_skip_building_tests' from command line to 'False'
[0.670s] [34mcolcon.colcon_core.verb[0m [1;30mDEBUG[0m [32mBuilding package 'dji_precision_capture' with the following arguments: {'ament_cmake_args': None, 'build_base': '/home/dji/DJI_workshop/LZP_PSDK/ros2_workplace/build/dji_precision_capture', 'catkin_cmake_args': None, 'catkin_skip_building_tests': False, 'cmake_args': None, 'cmake_clean_cache': False, 'cmake_clean_first': False, 'cmake_force_configure': False, 'cmake_target': None, 'cmake_target_skip_unavailable': False, 'install_base': '/home/dji/DJI_workshop/LZP_PSDK/ros2_workplace/install/dji_precision_capture', 'merge_install': False, 'path': '/home/dji/DJI_workshop/LZP_PSDK/ros2_workplace/src/dji_precision_capture', 'symlink_install': False, 'test_result_base': None}[0m
[0.671s] [34mcolcon.colcon_core.verb[0m [1;30mLevel 5[0m set package 'uav_detect_result' build argument 'cmake_args' from command line to 'None'
[0.671s] [34mcolcon.colcon_core.verb[0m [1;30mLevel 5[0m set package 'uav_detect_result' build argument 'cmake_target' from command line to 'None'
[0.671s] [34mcolcon.colcon_core.verb[0m [1;30mLevel 5[0m set package 'uav_detect_result' build argument 'cmake_target_skip_unavailable' from command line to 'False'
[0.671s] [34mcolcon.colcon_core.verb[0m [1;30mLevel 5[0m set package 'uav_detect_result' build argument 'cmake_clean_cache' from command line to 'False'
[0.672s] [34mcolcon.colcon_core.verb[0m [1;30mLevel 5[0m set package 'uav_detect_result' build argument 'cmake_clean_first' from command line to 'False'
[0.672s] [34mcolcon.colcon_core.verb[0m [1;30mLevel 5[0m set package 'uav_detect_result' build argument 'cmake_force_configure' from command line to 'False'
[0.672s] [34mcolcon.colcon_core.verb[0m [1;30mLevel 5[0m set package 'uav_detect_result' build argument 'ament_cmake_args' from command line to 'None'
[0.672s] [34mcolcon.colcon_core.verb[0m [1;30mLevel 5[0m set package 'uav_detect_result' build argument 'catkin_cmake_args' from command line to 'None'
[0.672s] [34mcolcon.colcon_core.verb[0m [1;30mLevel 5[0m set package 'uav_detect_result' build argument 'catkin_skip_building_tests' from command line to 'False'
[0.672s] [34mcolcon.colcon_core.verb[0m [1;30mDEBUG[0m [32mBuilding package 'uav_detect_result' with the following arguments: {'ament_cmake_args': None, 'build_base': '/home/dji/DJI_workshop/LZP_PSDK/ros2_workplace/build/uav_detect_result', 'catkin_cmake_args': None, 'catkin_skip_building_tests': False, 'cmake_args': None, 'cmake_clean_cache': False, 'cmake_clean_first': False, 'cmake_force_configure': False, 'cmake_target': None, 'cmake_target_skip_unavailable': False, 'install_base': '/home/dji/DJI_workshop/LZP_PSDK/ros2_workplace/install/uav_detect_result', 'merge_install': False, 'path': '/home/dji/DJI_workshop/LZP_PSDK/ros2_workplace/src/uav_detect_result', 'symlink_install': False, 'test_result_base': None}[0m
[0.672s] [34mcolcon.colcon_core.executor[0m [1;30mINFO[0m Executing jobs using 'parallel' executor
[0.674s] [34mcolcon.colcon_parallel_executor.executor.parallel[0m [1;30mDEBUG[0m [32mrun_until_complete[0m
[0.675s] [34mcolcon.colcon_ros.task.ament_cmake.build[0m [1;30mINFO[0m Building ROS package in '/home/dji/DJI_workshop/LZP_PSDK/ros2_workplace/src/dji_precision_capture' with build type 'ament_cmake'
[0.675s] [34mcolcon.colcon_cmake.task.cmake.build[0m [1;30mINFO[0m Building CMake package in '/home/dji/DJI_workshop/LZP_PSDK/ros2_workplace/src/dji_precision_capture'
[0.679s] [34mcolcon.colcon_core.plugin_system[0m [1;30mINFO[0m Skipping extension 'colcon_core.shell.bat': Not used on non-Windows systems
[0.679s] [34mcolcon.colcon_core.shell[0m [1;30mINFO[0m Skip shell extension 'powershell' for command environment: Not usable outside of PowerShell
[0.679s] [34mcolcon.colcon_core.shell[0m [1;30mDEBUG[0m [32mSkip shell extension 'dsv' for command environment[0m
[0.690s] [34mcolcon.colcon_ros.task.ament_cmake.build[0m [1;30mINFO[0m Building ROS package in '/home/dji/DJI_workshop/LZP_PSDK/ros2_workplace/src/uav_detect_result' with build type 'ament_cmake'
[0.690s] [34mcolcon.colcon_cmake.task.cmake.build[0m [1;30mINFO[0m Building CMake package in '/home/dji/DJI_workshop/LZP_PSDK/ros2_workplace/src/uav_detect_result'
[0.691s] [34mcolcon.colcon_core.shell[0m [1;30mINFO[0m Skip shell extension 'powershell' for command environment: Not usable outside of PowerShell
[0.691s] [34mcolcon.colcon_core.shell[0m [1;30mDEBUG[0m [32mSkip shell extension 'dsv' for command environment[0m
[0.706s] [34mcolcon.colcon_core.event_handler.log_command[0m [1;30mDEBUG[0m [32mInvoking command in '/home/dji/DJI_workshop/LZP_PSDK/ros2_workplace/build/dji_precision_capture': CONDA_PROMPT_MODIFIER=(ros2_humble) /open_app/miniconda3/envs/ros2_humble/bin/cmake --build /home/dji/DJI_workshop/LZP_PSDK/ros2_workplace/build/dji_precision_capture -- -j4 -l4[0m
[0.716s] [34mcolcon.colcon_core.event_handler.log_command[0m [1;30mDEBUG[0m [32mInvoking command in '/home/dji/DJI_workshop/LZP_PSDK/ros2_workplace/build/uav_detect_result': CONDA_PROMPT_MODIFIER=(ros2_humble) /open_app/miniconda3/envs/ros2_humble/bin/cmake --build /home/dji/DJI_workshop/LZP_PSDK/ros2_workplace/build/uav_detect_result -- -j4 -l4[0m
[3.170s] [34mcolcon.colcon_core.event_handler.log_command[0m [1;30mDEBUG[0m [32mInvoked command in '/home/dji/DJI_workshop/LZP_PSDK/ros2_workplace/build/uav_detect_result' returned '0': CONDA_PROMPT_MODIFIER=(ros2_humble) /open_app/miniconda3/envs/ros2_humble/bin/cmake --build /home/dji/DJI_workshop/LZP_PSDK/ros2_workplace/build/uav_detect_result -- -j4 -l4[0m
[3.184s] [34mcolcon.colcon_core.event_handler.log_command[0m [1;30mDEBUG[0m [32mInvoking command in '/home/dji/DJI_workshop/LZP_PSDK/ros2_workplace/build/uav_detect_result': CONDA_PROMPT_MODIFIER=(ros2_humble) /open_app/miniconda3/envs/ros2_humble/bin/cmake --install /home/dji/DJI_workshop/LZP_PSDK/ros2_workplace/build/uav_detect_result[0m
[3.294s] [34mcolcon.colcon_core.environment[0m [1;30mLevel 1[0m create_environment_scripts_only(uav_detect_result)
[3.296s] [34mcolcon.colcon_core.event_handler.log_command[0m [1;30mDEBUG[0m [32mInvoked command in '/home/dji/DJI_workshop/LZP_PSDK/ros2_workplace/build/uav_detect_result' returned '0': CONDA_PROMPT_MODIFIER=(ros2_humble) /open_app/miniconda3/envs/ros2_humble/bin/cmake --install /home/dji/DJI_workshop/LZP_PSDK/ros2_workplace/build/uav_detect_result[0m
[3.301s] [34mcolcon.colcon_core.environment[0m [1;30mLevel 1[0m checking '/home/dji/DJI_workshop/LZP_PSDK/ros2_workplace/install/uav_detect_result' for CMake module files
[3.302s] [34mcolcon.colcon_core.environment[0m [1;30mLevel 1[0m checking '/home/dji/DJI_workshop/LZP_PSDK/ros2_workplace/install/uav_detect_result' for CMake config files
[3.303s] [34mcolcon.colcon_core.shell[0m [1;30mLevel 1[0m create_environment_hook('uav_detect_result', 'cmake_prefix_path')
[3.304s] [34mcolcon.colcon_core.shell[0m [1;30mINFO[0m Creating environment hook '/home/dji/DJI_workshop/LZP_PSDK/ros2_workplace/install/uav_detect_result/share/uav_detect_result/hook/cmake_prefix_path.ps1'
[3.306s] [34mcolcon.colcon_core.shell[0m [1;30mINFO[0m Creating environment descriptor '/home/dji/DJI_workshop/LZP_PSDK/ros2_workplace/install/uav_detect_result/share/uav_detect_result/hook/cmake_prefix_path.dsv'
[3.307s] [34mcolcon.colcon_core.shell[0m [1;30mINFO[0m Creating environment hook '/home/dji/DJI_workshop/LZP_PSDK/ros2_workplace/install/uav_detect_result/share/uav_detect_result/hook/cmake_prefix_path.sh'
[3.311s] [34mcolcon.colcon_core.environment[0m [1;30mLevel 1[0m checking '/home/dji/DJI_workshop/LZP_PSDK/ros2_workplace/install/uav_detect_result/lib'
[3.312s] [34mcolcon.colcon_core.shell[0m [1;30mLevel 1[0m create_environment_hook('uav_detect_result', 'ld_library_path_lib')
[3.312s] [34mcolcon.colcon_core.shell[0m [1;30mINFO[0m Creating environment hook '/home/dji/DJI_workshop/LZP_PSDK/ros2_workplace/install/uav_detect_result/share/uav_detect_result/hook/ld_library_path_lib.ps1'
[3.314s] [34mcolcon.colcon_core.shell[0m [1;30mINFO[0m Creating environment descriptor '/home/dji/DJI_workshop/LZP_PSDK/ros2_workplace/install/uav_detect_result/share/uav_detect_result/hook/ld_library_path_lib.dsv'
[3.315s] [34mcolcon.colcon_core.shell[0m [1;30mINFO[0m Creating environment hook '/home/dji/DJI_workshop/LZP_PSDK/ros2_workplace/install/uav_detect_result/share/uav_detect_result/hook/ld_library_path_lib.sh'
[3.316s] [34mcolcon.colcon_core.environment[0m [1;30mLevel 1[0m checking '/home/dji/DJI_workshop/LZP_PSDK/ros2_workplace/install/uav_detect_result/bin'
[3.316s] [34mcolcon.colcon_core.environment[0m [1;30mLevel 1[0m checking '/home/dji/DJI_workshop/LZP_PSDK/ros2_workplace/install/uav_detect_result/lib/pkgconfig/uav_detect_result.pc'
[3.318s] [34mcolcon.colcon_core.environment[0m [1;30mLevel 1[0m checking '/home/dji/DJI_workshop/LZP_PSDK/ros2_workplace/install/uav_detect_result/lib/python3.10/site-packages'
[3.318s] [34mcolcon.colcon_core.shell[0m [1;30mLevel 1[0m create_environment_hook('uav_detect_result', 'pythonpath')
[3.319s] [34mcolcon.colcon_core.shell[0m [1;30mINFO[0m Creating environment hook '/home/dji/DJI_workshop/LZP_PSDK/ros2_workplace/install/uav_detect_result/share/uav_detect_result/hook/pythonpath.ps1'
[3.320s] [34mcolcon.colcon_core.shell[0m [1;30mINFO[0m Creating environment descriptor '/home/dji/DJI_workshop/LZP_PSDK/ros2_workplace/install/uav_detect_result/share/uav_detect_result/hook/pythonpath.dsv'
[3.320s] [34mcolcon.colcon_core.shell[0m [1;30mINFO[0m Creating environment hook '/home/dji/DJI_workshop/LZP_PSDK/ros2_workplace/install/uav_detect_result/share/uav_detect_result/hook/pythonpath.sh'
[3.322s] [34mcolcon.colcon_core.environment[0m [1;30mLevel 1[0m checking '/home/dji/DJI_workshop/LZP_PSDK/ros2_workplace/install/uav_detect_result/bin'
[3.323s] [34mcolcon.colcon_core.shell[0m [1;30mINFO[0m Creating package script '/home/dji/DJI_workshop/LZP_PSDK/ros2_workplace/install/uav_detect_result/share/uav_detect_result/package.ps1'
[3.325s] [34mcolcon.colcon_core.shell[0m [1;30mINFO[0m Creating package descriptor '/home/dji/DJI_workshop/LZP_PSDK/ros2_workplace/install/uav_detect_result/share/uav_detect_result/package.dsv'
[3.326s] [34mcolcon.colcon_core.shell[0m [1;30mINFO[0m Creating package script '/home/dji/DJI_workshop/LZP_PSDK/ros2_workplace/install/uav_detect_result/share/uav_detect_result/package.sh'
[3.328s] [34mcolcon.colcon_core.shell[0m [1;30mINFO[0m Creating package script '/home/dji/DJI_workshop/LZP_PSDK/ros2_workplace/install/uav_detect_result/share/uav_detect_result/package.bash'
[3.330s] [34mcolcon.colcon_core.shell[0m [1;30mINFO[0m Creating package script '/home/dji/DJI_workshop/LZP_PSDK/ros2_workplace/install/uav_detect_result/share/uav_detect_result/package.zsh'
[3.331s] [34mcolcon.colcon_core.environment[0m [1;30mLevel 1[0m create_file_with_runtime_dependencies(/home/dji/DJI_workshop/LZP_PSDK/ros2_workplace/install/uav_detect_result/share/colcon-core/packages/uav_detect_result)
[3.333s] [34mcolcon.colcon_core.environment[0m [1;30mLevel 1[0m create_environment_scripts_only(uav_detect_result)
[3.333s] [34mcolcon.colcon_core.environment[0m [1;30mLevel 1[0m checking '/home/dji/DJI_workshop/LZP_PSDK/ros2_workplace/install/uav_detect_result' for CMake module files
[3.335s] [34mcolcon.colcon_core.environment[0m [1;30mLevel 1[0m checking '/home/dji/DJI_workshop/LZP_PSDK/ros2_workplace/install/uav_detect_result' for CMake config files
[3.336s] [34mcolcon.colcon_core.shell[0m [1;30mLevel 1[0m create_environment_hook('uav_detect_result', 'cmake_prefix_path')
[3.336s] [34mcolcon.colcon_core.shell[0m [1;30mINFO[0m Creating environment hook '/home/dji/DJI_workshop/LZP_PSDK/ros2_workplace/install/uav_detect_result/share/uav_detect_result/hook/cmake_prefix_path.ps1'
[3.337s] [34mcolcon.colcon_core.shell[0m [1;30mINFO[0m Creating environment descriptor '/home/dji/DJI_workshop/LZP_PSDK/ros2_workplace/install/uav_detect_result/share/uav_detect_result/hook/cmake_prefix_path.dsv'
[3.338s] [34mcolcon.colcon_core.shell[0m [1;30mINFO[0m Creating environment hook '/home/dji/DJI_workshop/LZP_PSDK/ros2_workplace/install/uav_detect_result/share/uav_detect_result/hook/cmake_prefix_path.sh'
[3.339s] [34mcolcon.colcon_core.environment[0m [1;30mLevel 1[0m checking '/home/dji/DJI_workshop/LZP_PSDK/ros2_workplace/install/uav_detect_result/lib'
[3.339s] [34mcolcon.colcon_core.shell[0m [1;30mLevel 1[0m create_environment_hook('uav_detect_result', 'ld_library_path_lib')
[3.340s] [34mcolcon.colcon_core.shell[0m [1;30mINFO[0m Creating environment hook '/home/dji/DJI_workshop/LZP_PSDK/ros2_workplace/install/uav_detect_result/share/uav_detect_result/hook/ld_library_path_lib.ps1'
[3.341s] [34mcolcon.colcon_core.shell[0m [1;30mINFO[0m Creating environment descriptor '/home/dji/DJI_workshop/LZP_PSDK/ros2_workplace/install/uav_detect_result/share/uav_detect_result/hook/ld_library_path_lib.dsv'
[3.342s] [34mcolcon.colcon_core.shell[0m [1;30mINFO[0m Creating environment hook '/home/dji/DJI_workshop/LZP_PSDK/ros2_workplace/install/uav_detect_result/share/uav_detect_result/hook/ld_library_path_lib.sh'
[3.343s] [34mcolcon.colcon_core.environment[0m [1;30mLevel 1[0m checking '/home/dji/DJI_workshop/LZP_PSDK/ros2_workplace/install/uav_detect_result/bin'
[3.343s] [34mcolcon.colcon_core.environment[0m [1;30mLevel 1[0m checking '/home/dji/DJI_workshop/LZP_PSDK/ros2_workplace/install/uav_detect_result/lib/pkgconfig/uav_detect_result.pc'
[3.344s] [34mcolcon.colcon_core.environment[0m [1;30mLevel 1[0m checking '/home/dji/DJI_workshop/LZP_PSDK/ros2_workplace/install/uav_detect_result/lib/python3.10/site-packages'
[3.344s] [34mcolcon.colcon_core.shell[0m [1;30mLevel 1[0m create_environment_hook('uav_detect_result', 'pythonpath')
[3.344s] [34mcolcon.colcon_core.shell[0m [1;30mINFO[0m Creating environment hook '/home/dji/DJI_workshop/LZP_PSDK/ros2_workplace/install/uav_detect_result/share/uav_detect_result/hook/pythonpath.ps1'
[3.345s] [34mcolcon.colcon_core.shell[0m [1;30mINFO[0m Creating environment descriptor '/home/dji/DJI_workshop/LZP_PSDK/ros2_workplace/install/uav_detect_result/share/uav_detect_result/hook/pythonpath.dsv'
[3.346s] [34mcolcon.colcon_core.shell[0m [1;30mINFO[0m Creating environment hook '/home/dji/DJI_workshop/LZP_PSDK/ros2_workplace/install/uav_detect_result/share/uav_detect_result/hook/pythonpath.sh'
[3.348s] [34mcolcon.colcon_core.environment[0m [1;30mLevel 1[0m checking '/home/dji/DJI_workshop/LZP_PSDK/ros2_workplace/install/uav_detect_result/bin'
[3.349s] [34mcolcon.colcon_core.shell[0m [1;30mINFO[0m Creating package script '/home/dji/DJI_workshop/LZP_PSDK/ros2_workplace/install/uav_detect_result/share/uav_detect_result/package.ps1'
[3.350s] [34mcolcon.colcon_core.shell[0m [1;30mINFO[0m Creating package descriptor '/home/dji/DJI_workshop/LZP_PSDK/ros2_workplace/install/uav_detect_result/share/uav_detect_result/package.dsv'
[3.351s] [34mcolcon.colcon_core.shell[0m [1;30mINFO[0m Creating package script '/home/dji/DJI_workshop/LZP_PSDK/ros2_workplace/install/uav_detect_result/share/uav_detect_result/package.sh'
[3.353s] [34mcolcon.colcon_core.shell[0m [1;30mINFO[0m Creating package script '/home/dji/DJI_workshop/LZP_PSDK/ros2_workplace/install/uav_detect_result/share/uav_detect_result/package.bash'
[3.354s] [34mcolcon.colcon_core.shell[0m [1;30mINFO[0m Creating package script '/home/dji/DJI_workshop/LZP_PSDK/ros2_workplace/install/uav_detect_result/share/uav_detect_result/package.zsh'
[3.355s] [34mcolcon.colcon_core.environment[0m [1;30mLevel 1[0m create_file_with_runtime_dependencies(/home/dji/DJI_workshop/LZP_PSDK/ros2_workplace/install/uav_detect_result/share/colcon-core/packages/uav_detect_result)
[8.952s] [34mcolcon.colcon_core.event_handler.log_command[0m [1;30mDEBUG[0m [32mInvoked command in '/home/dji/DJI_workshop/LZP_PSDK/ros2_workplace/build/dji_precision_capture' returned '0': CONDA_PROMPT_MODIFIER=(ros2_humble) /open_app/miniconda3/envs/ros2_humble/bin/cmake --build /home/dji/DJI_workshop/LZP_PSDK/ros2_workplace/build/dji_precision_capture -- -j4 -l4[0m
[8.956s] [34mcolcon.colcon_core.event_handler.log_command[0m [1;30mDEBUG[0m [32mInvoking command in '/home/dji/DJI_workshop/LZP_PSDK/ros2_workplace/build/dji_precision_capture': CONDA_PROMPT_MODIFIER=(ros2_humble) /open_app/miniconda3/envs/ros2_humble/bin/cmake --install /home/dji/DJI_workshop/LZP_PSDK/ros2_workplace/build/dji_precision_capture[0m
[8.975s] [34mcolcon.colcon_core.environment[0m [1;30mLevel 1[0m create_environment_scripts_only(dji_precision_capture)
[8.976s] [34mcolcon.colcon_core.environment[0m [1;30mLevel 1[0m checking '/home/dji/DJI_workshop/LZP_PSDK/ros2_workplace/install/dji_precision_capture' for CMake module files
[8.977s] [34mcolcon.colcon_core.event_handler.log_command[0m [1;30mDEBUG[0m [32mInvoked command in '/home/dji/DJI_workshop/LZP_PSDK/ros2_workplace/build/dji_precision_capture' returned '0': CONDA_PROMPT_MODIFIER=(ros2_humble) /open_app/miniconda3/envs/ros2_humble/bin/cmake --install /home/dji/DJI_workshop/LZP_PSDK/ros2_workplace/build/dji_precision_capture[0m
[8.978s] [34mcolcon.colcon_core.environment[0m [1;30mLevel 1[0m checking '/home/dji/DJI_workshop/LZP_PSDK/ros2_workplace/install/dji_precision_capture' for CMake config files
[8.978s] [34mcolcon.colcon_core.shell[0m [1;30mLevel 1[0m create_environment_hook('dji_precision_capture', 'cmake_prefix_path')
[8.979s] [34mcolcon.colcon_core.shell[0m [1;30mINFO[0m Creating environment hook '/home/dji/DJI_workshop/LZP_PSDK/ros2_workplace/install/dji_precision_capture/share/dji_precision_capture/hook/cmake_prefix_path.ps1'
[8.980s] [34mcolcon.colcon_core.shell[0m [1;30mINFO[0m Creating environment descriptor '/home/dji/DJI_workshop/LZP_PSDK/ros2_workplace/install/dji_precision_capture/share/dji_precision_capture/hook/cmake_prefix_path.dsv'
[8.981s] [34mcolcon.colcon_core.shell[0m [1;30mINFO[0m Creating environment hook '/home/dji/DJI_workshop/LZP_PSDK/ros2_workplace/install/dji_precision_capture/share/dji_precision_capture/hook/cmake_prefix_path.sh'
[8.982s] [34mcolcon.colcon_core.environment[0m [1;30mLevel 1[0m checking '/home/dji/DJI_workshop/LZP_PSDK/ros2_workplace/install/dji_precision_capture/lib'
[8.982s] [34mcolcon.colcon_core.environment[0m [1;30mLevel 1[0m checking '/home/dji/DJI_workshop/LZP_PSDK/ros2_workplace/install/dji_precision_capture/bin'
[8.982s] [34mcolcon.colcon_core.environment[0m [1;30mLevel 1[0m checking '/home/dji/DJI_workshop/LZP_PSDK/ros2_workplace/install/dji_precision_capture/lib/pkgconfig/dji_precision_capture.pc'
[8.983s] [34mcolcon.colcon_core.environment[0m [1;30mLevel 1[0m checking '/home/dji/DJI_workshop/LZP_PSDK/ros2_workplace/install/dji_precision_capture/lib/python3.10/site-packages'
[8.983s] [34mcolcon.colcon_core.environment[0m [1;30mLevel 1[0m checking '/home/dji/DJI_workshop/LZP_PSDK/ros2_workplace/install/dji_precision_capture/bin'
[8.984s] [34mcolcon.colcon_core.shell[0m [1;30mINFO[0m Creating package script '/home/dji/DJI_workshop/LZP_PSDK/ros2_workplace/install/dji_precision_capture/share/dji_precision_capture/package.ps1'
[8.985s] [34mcolcon.colcon_core.shell[0m [1;30mINFO[0m Creating package descriptor '/home/dji/DJI_workshop/LZP_PSDK/ros2_workplace/install/dji_precision_capture/share/dji_precision_capture/package.dsv'
[8.986s] [34mcolcon.colcon_core.shell[0m [1;30mINFO[0m Creating package script '/home/dji/DJI_workshop/LZP_PSDK/ros2_workplace/install/dji_precision_capture/share/dji_precision_capture/package.sh'
[8.987s] [34mcolcon.colcon_core.shell[0m [1;30mINFO[0m Creating package script '/home/dji/DJI_workshop/LZP_PSDK/ros2_workplace/install/dji_precision_capture/share/dji_precision_capture/package.bash'
[8.988s] [34mcolcon.colcon_core.shell[0m [1;30mINFO[0m Creating package script '/home/dji/DJI_workshop/LZP_PSDK/ros2_workplace/install/dji_precision_capture/share/dji_precision_capture/package.zsh'
[8.989s] [34mcolcon.colcon_core.environment[0m [1;30mLevel 1[0m create_file_with_runtime_dependencies(/home/dji/DJI_workshop/LZP_PSDK/ros2_workplace/install/dji_precision_capture/share/colcon-core/packages/dji_precision_capture)
[8.990s] [34mcolcon.colcon_core.environment[0m [1;30mLevel 1[0m create_environment_scripts_only(dji_precision_capture)
[8.990s] [34mcolcon.colcon_core.environment[0m [1;30mLevel 1[0m checking '/home/dji/DJI_workshop/LZP_PSDK/ros2_workplace/install/dji_precision_capture' for CMake module files
[8.991s] [34mcolcon.colcon_core.environment[0m [1;30mLevel 1[0m checking '/home/dji/DJI_workshop/LZP_PSDK/ros2_workplace/install/dji_precision_capture' for CMake config files
[8.992s] [34mcolcon.colcon_core.shell[0m [1;30mLevel 1[0m create_environment_hook('dji_precision_capture', 'cmake_prefix_path')
[8.992s] [34mcolcon.colcon_core.shell[0m [1;30mINFO[0m Creating environment hook '/home/dji/DJI_workshop/LZP_PSDK/ros2_workplace/install/dji_precision_capture/share/dji_precision_capture/hook/cmake_prefix_path.ps1'
[8.993s] [34mcolcon.colcon_core.shell[0m [1;30mINFO[0m Creating environment descriptor '/home/dji/DJI_workshop/LZP_PSDK/ros2_workplace/install/dji_precision_capture/share/dji_precision_capture/hook/cmake_prefix_path.dsv'
[8.994s] [34mcolcon.colcon_core.shell[0m [1;30mINFO[0m Creating environment hook '/home/dji/DJI_workshop/LZP_PSDK/ros2_workplace/install/dji_precision_capture/share/dji_precision_capture/hook/cmake_prefix_path.sh'
[8.995s] [34mcolcon.colcon_core.environment[0m [1;30mLevel 1[0m checking '/home/dji/DJI_workshop/LZP_PSDK/ros2_workplace/install/dji_precision_capture/lib'
[8.995s] [34mcolcon.colcon_core.environment[0m [1;30mLevel 1[0m checking '/home/dji/DJI_workshop/LZP_PSDK/ros2_workplace/install/dji_precision_capture/bin'
[8.995s] [34mcolcon.colcon_core.environment[0m [1;30mLevel 1[0m checking '/home/dji/DJI_workshop/LZP_PSDK/ros2_workplace/install/dji_precision_capture/lib/pkgconfig/dji_precision_capture.pc'
[8.996s] [34mcolcon.colcon_core.environment[0m [1;30mLevel 1[0m checking '/home/dji/DJI_workshop/LZP_PSDK/ros2_workplace/install/dji_precision_capture/lib/python3.10/site-packages'
[8.996s] [34mcolcon.colcon_core.environment[0m [1;30mLevel 1[0m checking '/home/dji/DJI_workshop/LZP_PSDK/ros2_workplace/install/dji_precision_capture/bin'
[8.997s] [34mcolcon.colcon_core.shell[0m [1;30mINFO[0m Creating package script '/home/dji/DJI_workshop/LZP_PSDK/ros2_workplace/install/dji_precision_capture/share/dji_precision_capture/package.ps1'
[8.998s] [34mcolcon.colcon_core.shell[0m [1;30mINFO[0m Creating package descriptor '/home/dji/DJI_workshop/LZP_PSDK/ros2_workplace/install/dji_precision_capture/share/dji_precision_capture/package.dsv'
[8.999s] [34mcolcon.colcon_core.shell[0m [1;30mINFO[0m Creating package script '/home/dji/DJI_workshop/LZP_PSDK/ros2_workplace/install/dji_precision_capture/share/dji_precision_capture/package.sh'
[9.000s] [34mcolcon.colcon_core.shell[0m [1;30mINFO[0m Creating package script '/home/dji/DJI_workshop/LZP_PSDK/ros2_workplace/install/dji_precision_capture/share/dji_precision_capture/package.bash'
[9.001s] [34mcolcon.colcon_core.shell[0m [1;30mINFO[0m Creating package script '/home/dji/DJI_workshop/LZP_PSDK/ros2_workplace/install/dji_precision_capture/share/dji_precision_capture/package.zsh'
[9.001s] [34mcolcon.colcon_core.environment[0m [1;30mLevel 1[0m create_file_with_runtime_dependencies(/home/dji/DJI_workshop/LZP_PSDK/ros2_workplace/install/dji_precision_capture/share/colcon-core/packages/dji_precision_capture)
[9.002s] [34mcolcon.colcon_parallel_executor.executor.parallel[0m [1;30mDEBUG[0m [32mclosing loop[0m
[9.003s] [34mcolcon.colcon_parallel_executor.executor.parallel[0m [1;30mDEBUG[0m [32mloop closed[0m
[9.003s] [34mcolcon.colcon_parallel_executor.executor.parallel[0m [1;30mDEBUG[0m [32mrun_until_complete finished with '0'[0m
[9.004s] [34mcolcon.colcon_core.event_reactor[0m [1;30mDEBUG[0m [32mjoining thread[0m
[9.006s] [34mcolcon.colcon_core.event_reactor[0m [1;30mDEBUG[0m [32mjoined thread[0m
[9.007s] [34mcolcon.colcon_core.shell[0m [1;30mINFO[0m Creating prefix script '/home/dji/DJI_workshop/LZP_PSDK/ros2_workplace/install/local_setup.ps1'
[9.009s] [34mcolcon.colcon_core.shell[0m [1;30mINFO[0m Creating prefix util module '/home/dji/DJI_workshop/LZP_PSDK/ros2_workplace/install/_local_setup_util_ps1.py'
[9.012s] [34mcolcon.colcon_core.shell[0m [1;30mINFO[0m Creating prefix chain script '/home/dji/DJI_workshop/LZP_PSDK/ros2_workplace/install/setup.ps1'
[9.014s] [34mcolcon.colcon_core.shell[0m [1;30mINFO[0m Creating prefix script '/home/dji/DJI_workshop/LZP_PSDK/ros2_workplace/install/local_setup.sh'
[9.016s] [34mcolcon.colcon_core.shell[0m [1;30mINFO[0m Creating prefix util module '/home/dji/DJI_workshop/LZP_PSDK/ros2_workplace/install/_local_setup_util_sh.py'
[9.017s] [34mcolcon.colcon_core.shell[0m [1;30mINFO[0m Creating prefix chain script '/home/dji/DJI_workshop/LZP_PSDK/ros2_workplace/install/setup.sh'
[9.020s] [34mcolcon.colcon_core.shell[0m [1;30mINFO[0m Creating prefix script '/home/dji/DJI_workshop/LZP_PSDK/ros2_workplace/install/local_setup.bash'
[9.021s] [34mcolcon.colcon_core.shell[0m [1;30mINFO[0m Creating prefix chain script '/home/dji/DJI_workshop/LZP_PSDK/ros2_workplace/install/setup.bash'
[9.023s] [34mcolcon.colcon_core.shell[0m [1;30mINFO[0m Creating prefix script '/home/dji/DJI_workshop/LZP_PSDK/ros2_workplace/install/local_setup.zsh'
[9.024s] [34mcolcon.colcon_core.shell[0m [1;30mINFO[0m Creating prefix chain script '/home/dji/DJI_workshop/LZP_PSDK/ros2_workplace/install/setup.zsh'
