[  1%] [32mBuilding CXX object CMakeFiles/yolo_detect.dir/src/main.cpp.o[0m
[  4%] [32mBuilding C object CMakeFiles/yolo_detect.dir/home/dji/DJI_workshop/LZP_PSDK/Payload-SDK/samples/sample_c/module_sample/upgrade/test_upgrade_common_file_transfer.c.o[0m
[  4%] [32mBuilding C object CMakeFiles/yolo_detect.dir/home/dji/DJI_workshop/LZP_PSDK/Payload-SDK/samples/sample_c/module_sample/utils/dji_config_manager.c.o[0m
[  6%] [32mBuilding C object CMakeFiles/yolo_detect.dir/home/dji/DJI_workshop/LZP_PSDK/Payload-SDK/samples/sample_c/module_sample/utils/util_buffer.c.o[0m
[  7%] [32mBuilding C object CMakeFiles/yolo_detect.dir/home/dji/DJI_workshop/LZP_PSDK/Payload-SDK/samples/sample_c/module_sample/utils/util_link_list.c.o[0m
[  9%] [32mBuilding C object CMakeFiles/yolo_detect.dir/home/dji/DJI_workshop/LZP_PSDK/Payload-SDK/samples/sample_c/module_sample/utils/util_md5.c.o[0m
[ 13%] [32mBuilding C object CMakeFiles/yolo_detect.dir/home/dji/DJI_workshop/LZP_PSDK/Payload-SDK/samples/sample_c/module_sample/utils/util_misc.c.o[0m
[ 13%] [32mBuilding C object CMakeFiles/yolo_detect.dir/home/dji/DJI_workshop/LZP_PSDK/Payload-SDK/samples/sample_c/module_sample/utils/util_time.c.o[0m
[ 13%] [32mBuilding C object CMakeFiles/yolo_detect.dir/home/dji/DJI_workshop/LZP_PSDK/Payload-SDK/samples/sample_c/module_sample/utils/util_file.c.o[0m
[ 15%] [32mBuilding C object CMakeFiles/yolo_detect.dir/home/dji/DJI_workshop/LZP_PSDK/Payload-SDK/samples/sample_c/module_sample/waypoint_v3/test_waypoint_v3.c.o[0m
[ 18%] [32mBuilding C object CMakeFiles/yolo_detect.dir/home/dji/DJI_workshop/LZP_PSDK/Payload-SDK/samples/sample_c/module_sample/widget/file_binary_array_list_en.c.o[0m
[ 18%] [32mBuilding C object CMakeFiles/yolo_detect.dir/home/dji/DJI_workshop/LZP_PSDK/Payload-SDK/samples/sample_c/module_sample/widget/test_widget.c.o[0m
[ 19%] [32mBuilding C object CMakeFiles/yolo_detect.dir/home/dji/DJI_workshop/LZP_PSDK/Payload-SDK/samples/sample_c/module_sample/waypoint_v2/test_waypoint_v2.c.o[0m
[ 21%] [32mBuilding C object CMakeFiles/yolo_detect.dir/home/dji/DJI_workshop/LZP_PSDK/Payload-SDK/samples/sample_c/module_sample/widget_interaction_test/file_binary_array_list_en.c.o[0m
[ 22%] [32mBuilding C object CMakeFiles/yolo_detect.dir/home/dji/DJI_workshop/LZP_PSDK/Payload-SDK/samples/sample_c/module_sample/xport/test_payload_xport.c.o[0m
[ 25%] [32mBuilding C object CMakeFiles/yolo_detect.dir/home/dji/DJI_workshop/LZP_PSDK/Payload-SDK/samples/sample_c/module_sample/widget_interaction_test/test_widget_interaction.c.o[0m
[ 25%] [32mBuilding C object CMakeFiles/yolo_detect.dir/home/dji/DJI_workshop/LZP_PSDK/Payload-SDK/samples/sample_c/module_sample/widget/test_widget_speaker.c.o[0m
[ 27%] [32mBuilding CXX object CMakeFiles/yolo_detect.dir/home/dji/DJI_workshop/LZP_PSDK/Payload-SDK/samples/sample_c++/module_sample/flight_controller/test_flight_controller_command_flying.cpp.o[0m
[ 30%] [32mBuilding CXX object CMakeFiles/yolo_detect.dir/home/dji/DJI_workshop/LZP_PSDK/Payload-SDK/samples/sample_c++/module_sample/flight_controller/test_flight_controller_entry.cpp.o[0m
[ 30%] [32mBuilding CXX object CMakeFiles/yolo_detect.dir/home/dji/DJI_workshop/LZP_PSDK/Payload-SDK/samples/sample_c++/module_sample/camera_manager/test_camera_manager_entry.cpp.o[0m
