[0.021s] Invoking command in '/home/dji/DJI_workshop/LZP_PSDK/ros2_workplace/build/dji_precision_capture': CONDA_PROMPT_MODIFIER=(ros2_humble) /open_app/miniconda3/envs/ros2_humble/bin/cmake --build /home/dji/DJI_workshop/LZP_PSDK/ros2_workplace/build/dji_precision_capture -- -j4 -l4
[0.126s] [100%] Built target dji_precision_capture
[0.141s] Invoked command in '/home/dji/DJI_workshop/LZP_PSDK/ros2_workplace/build/dji_precision_capture' returned '0': CONDA_PROMPT_MODIFIER=(ros2_humble) /open_app/miniconda3/envs/ros2_humble/bin/cmake --build /home/dji/DJI_workshop/LZP_PSDK/ros2_workplace/build/dji_precision_capture -- -j4 -l4
[0.156s] Invoking command in '/home/dji/DJI_workshop/LZP_PSDK/ros2_workplace/build/dji_precision_capture': CONDA_PROMPT_MODIFIER=(ros2_humble) /open_app/miniconda3/envs/ros2_humble/bin/cmake --install /home/dji/DJI_workshop/LZP_PSDK/ros2_workplace/build/dji_precision_capture
[0.164s] -- Install configuration: ""
[0.165s] -- Installing: /home/dji/DJI_workshop/LZP_PSDK/ros2_workplace/install/dji_precision_capture/lib/dji_precision_capture/dji_precision_capture
[0.170s] -- Set runtime path of "/home/dji/DJI_workshop/LZP_PSDK/ros2_workplace/install/dji_precision_capture/lib/dji_precision_capture/dji_precision_capture" to ""
[0.170s] -- Up-to-date: /home/dji/DJI_workshop/LZP_PSDK/ros2_workplace/install/dji_precision_capture/share/ament_index/resource_index/package_run_dependencies/dji_precision_capture
[0.171s] -- Up-to-date: /home/dji/DJI_workshop/LZP_PSDK/ros2_workplace/install/dji_precision_capture/share/ament_index/resource_index/parent_prefix_path/dji_precision_capture
[0.171s] -- Up-to-date: /home/dji/DJI_workshop/LZP_PSDK/ros2_workplace/install/dji_precision_capture/share/dji_precision_capture/environment/ament_prefix_path.sh
[0.171s] -- Up-to-date: /home/dji/DJI_workshop/LZP_PSDK/ros2_workplace/install/dji_precision_capture/share/dji_precision_capture/environment/ament_prefix_path.dsv
[0.171s] -- Up-to-date: /home/dji/DJI_workshop/LZP_PSDK/ros2_workplace/install/dji_precision_capture/share/dji_precision_capture/environment/path.sh
[0.171s] -- Up-to-date: /home/dji/DJI_workshop/LZP_PSDK/ros2_workplace/install/dji_precision_capture/share/dji_precision_capture/environment/path.dsv
[0.171s] -- Up-to-date: /home/dji/DJI_workshop/LZP_PSDK/ros2_workplace/install/dji_precision_capture/share/dji_precision_capture/local_setup.bash
[0.172s] -- Up-to-date: /home/dji/DJI_workshop/LZP_PSDK/ros2_workplace/install/dji_precision_capture/share/dji_precision_capture/local_setup.sh
[0.172s] -- Up-to-date: /home/dji/DJI_workshop/LZP_PSDK/ros2_workplace/install/dji_precision_capture/share/dji_precision_capture/local_setup.zsh
[0.172s] -- Up-to-date: /home/dji/DJI_workshop/LZP_PSDK/ros2_workplace/install/dji_precision_capture/share/dji_precision_capture/local_setup.dsv
[0.172s] -- Installing: /home/dji/DJI_workshop/LZP_PSDK/ros2_workplace/install/dji_precision_capture/share/dji_precision_capture/package.dsv
[0.173s] -- Up-to-date: /home/dji/DJI_workshop/LZP_PSDK/ros2_workplace/install/dji_precision_capture/share/ament_index/resource_index/packages/dji_precision_capture
[0.173s] -- Up-to-date: /home/dji/DJI_workshop/LZP_PSDK/ros2_workplace/install/dji_precision_capture/share/dji_precision_capture/cmake/dji_precision_captureConfig.cmake
[0.173s] -- Up-to-date: /home/dji/DJI_workshop/LZP_PSDK/ros2_workplace/install/dji_precision_capture/share/dji_precision_capture/cmake/dji_precision_captureConfig-version.cmake
[0.173s] -- Up-to-date: /home/dji/DJI_workshop/LZP_PSDK/ros2_workplace/install/dji_precision_capture/share/dji_precision_capture/package.xml
[0.176s] Invoked command in '/home/dji/DJI_workshop/LZP_PSDK/ros2_workplace/build/dji_precision_capture' returned '0': CONDA_PROMPT_MODIFIER=(ros2_humble) /open_app/miniconda3/envs/ros2_humble/bin/cmake --install /home/dji/DJI_workshop/LZP_PSDK/ros2_workplace/build/dji_precision_capture
