[  1%] [32mBuilding CXX object CMakeFiles/yolo_detect.dir/src/main.cpp.o[0m
In file included from [01m[K/home/dji/DJI_workshop/LZP_PSDK/ros2_workplace/src/yolo_detect/../../../Payload-SDK/samples/sample_c++/platform/linux/manifold3/../my_code/gimbal_manager.h:12[m[K,
                 from [01m[K/home/dji/DJI_workshop/LZP_PSDK/ros2_workplace/src/yolo_detect/src/main.cpp:13[m[K:
[01m[K/home/dji/DJI_workshop/LZP_PSDK/ros2_workplace/src/yolo_detect/../../../Payload-SDK/samples/sample_c++/platform/linux/manifold3/../../../../../psdk_lib/include/dji_fc_subscription.h:1210:16:[m[K [01;35m[Kwarning: [m[KISO C++ prohibits anonymous structs [[01;35m[K]8;;https://gcc.gnu.org/onlinedocs/gcc-14.3.0/gcc/Warning-Options.html#index-Wno-pedantic-Wpedantic]8;;[m[K]
 1210 |         struct [01;35m[K{[m[K
      |                [01;35m[K^[m[K
[01m[K/home/dji/DJI_workshop/LZP_PSDK/ros2_workplace/src/yolo_detect/../../../Payload-SDK/samples/sample_c++/platform/linux/manifold3/../../../../../psdk_lib/include/dji_fc_subscription.h:1219:16:[m[K [01;35m[Kwarning: [m[KISO C++ prohibits anonymous structs [[01;35m[K]8;;https://gcc.gnu.org/onlinedocs/gcc-14.3.0/gcc/Warning-Options.html#index-Wno-pedantic-Wpedantic]8;;[m[K]
 1219 |         struct [01;35m[K{[m[K
      |                [01;35m[K^[m[K
[01m[K/home/dji/DJI_workshop/LZP_PSDK/ros2_workplace/src/yolo_detect/src/main.cpp:[m[K In function '[01m[Kint[01;32m[K main[m[K(int, char**)[m[K':
[01m[K/home/dji/DJI_workshop/LZP_PSDK/ros2_workplace/src/yolo_detect/src/main.cpp:26:44:[m[K [01;31m[Kerror: [m[K'[01m[Kai_detect[m[K' was not declared in this scope; did you mean '[01m[Kai_detect_node[m[K'?
   26 |     auto ai_detect_node = std::make_shared<[01;31m[Kai_detect[m[K>(argc,argv);
      |                                            [01;31m[K^~~~~~~~~[m[K
      |                                            [32m[Kai_detect_node[m[K
[01m[K/home/dji/DJI_workshop/LZP_PSDK/ros2_workplace/src/yolo_detect/src/main.cpp:26:54:[m[K [01;31m[Kerror: [m[Kno matching function for call to '[01m[Kmake_shared<<expression error> >(int&, char**&)[m[K'
   26 |     auto ai_detect_node = [01;31m[Kstd::make_shared<ai_detect>(argc,argv)[m[K;
      |                           [01;31m[K~~~~~~~~~~~~~~~~~~~~~~~~~~~^~~~~~~~~~~[m[K
In file included from [01m[K/open_app/miniconda3/envs/ros2_humble/lib/gcc/aarch64-conda-linux-gnu/14.3.0/include/c++/memory:80[m[K,
                 from [01m[K/open_app/miniconda3/envs/ros2_humble/include/rclcpp/rclcpp/rclcpp.hpp:153[m[K,
                 from [01m[K/home/dji/DJI_workshop/LZP_PSDK/ros2_workplace/src/yolo_detect/src/main.cpp:16[m[K:
[01m[K/open_app/miniconda3/envs/ros2_humble/lib/gcc/aarch64-conda-linux-gnu/14.3.0/include/c++/bits/shared_ptr.h:1003:5:[m[K [01;36m[Knote: [m[Kcandidate: '[01m[Ktemplate<class _Tp, class ... _Args> std::shared_ptr<typename std::enable_if<(! std::is_array<_Tp>::value), _Tp>::type> std::[01;32m[Kmake_shared[m[K(_Args&& ...)[m[K'
 1003 |     [01;36m[Kmake_shared[m[K(_Args&&... __args)
      |     [01;36m[K^~~~~~~~~~~[m[K
[01m[K/open_app/miniconda3/envs/ros2_humble/lib/gcc/aarch64-conda-linux-gnu/14.3.0/include/c++/bits/shared_ptr.h:1003:5:[m[K [01;36m[Knote: [m[K  template argument deduction/substitution failed:
[01m[K/home/dji/DJI_workshop/LZP_PSDK/ros2_workplace/src/yolo_detect/src/main.cpp:26:54:[m[K [01;31m[Kerror: [m[Ktemplate argument 1 is invalid
   26 |     auto ai_detect_node = [01;31m[Kstd::make_shared<ai_detect>(argc,argv)[m[K;
      |                           [01;31m[K~~~~~~~~~~~~~~~~~~~~~~~~~~~^~~~~~~~~~~[m[K
make[2]: *** [CMakeFiles/yolo_detect.dir/build.make:76: CMakeFiles/yolo_detect.dir/src/main.cpp.o] Error 1
make[1]: *** [CMakeFiles/Makefile2:85: CMakeFiles/yolo_detect.dir/all] Error 2
make: *** [Makefile:146: all] Error 2
