[  1%] [32mBuilding CXX object CMakeFiles/dji_precision_capture.dir/src/main.cpp.o[0m
In file included from [01m[K/home/dji/DJI_workshop/LZP_PSDK/ros2_workplace/src/dji_precision_capture/src/main.cpp:15[m[K:
[01m[K/home/dji/DJI_workshop/LZP_PSDK/ros2_workplace/src/dji_precision_capture/./include/camera_controller.h:65:63:[m[K [01;35m[Kwarning: [m[KISO C++11 requires at least one argument for the "..." in a variadic macro
   65 |         USER_LOG_INFO("--> Step 1: Init camera manager module"[01;35m[K)[m[K;
      |                                                               [01;35m[K^[m[K
[01m[K/home/dji/DJI_workshop/LZP_PSDK/ros2_workplace/src/dji_precision_capture/./include/camera_controller.h:71:64:[m[K [01;35m[Kwarning: [m[KISO C++11 requires at least one argument for the "..." in a variadic macro
   71 |         USER_LOG_INFO("--> Step 2: Get camera type and version"[01;35m[K)[m[K;
      |                                                                [01;35m[K^[m[K
[01m[K/home/dji/DJI_workshop/LZP_PSDK/ros2_workplace/src/dji_precision_capture/./include/camera_controller.h:93:63:[m[K [01;35m[Kwarning: [m[KISO C++11 requires at least one argument for the "..." in a variadic macro
   93 |         USER_LOG_INFO("--> Step 1: Init gimbal manager module"[01;35m[K)[m[K;
      |                                                               [01;35m[K^[m[K
[01m[K/home/dji/DJI_workshop/LZP_PSDK/ros2_workplace/src/dji_precision_capture/./include/camera_controller.h:99:60:[m[K [01;35m[Kwarning: [m[KISO C++11 requires at least one argument for the "..." in a variadic macro
   99 |         USER_LOG_INFO("--> Step 2: Set gimbal to free mode"[01;35m[K)[m[K;
      |                                                            [01;35m[K^[m[K
[01m[K/home/dji/DJI_workshop/LZP_PSDK/ros2_workplace/src/dji_precision_capture/./include/camera_controller.h:102:61:[m[K [01;35m[Kwarning: [m[KISO C++11 requires at least one argument for the "..." in a variadic macro
  102 |         USER_LOG_INFO("--> Step 3: Reset gimbal angles.\r\n"[01;35m[K)[m[K;
      |                                                             [01;35m[K^[m[K
[01m[K/home/dji/DJI_workshop/LZP_PSDK/ros2_workplace/src/dji_precision_capture/./include/camera_controller.h:110:67:[m[K [01;35m[Kwarning: [m[KISO C++11 requires at least one argument for the "..." in a variadic macro
  110 |         USER_LOG_INFO("--> Step 1: Init gimbal data subscribation"[01;35m[K)[m[K;
      |                                                                   [01;35m[K^[m[K
make[2]: *** [CMakeFiles/dji_precision_capture.dir/build.make:76: CMakeFiles/dji_precision_capture.dir/src/main.cpp.o] Interrupt
make[1]: *** [CMakeFiles/Makefile2:85: CMakeFiles/dji_precision_capture.dir/all] Interrupt
make: *** [Makefile:146: all] Interrupt
