[0.027s] Invoking command in '/home/dji/DJI_workshop/LZP_PSDK/ros2_workplace/build/uav_detect_result': CONDA_PROMPT_MODIFIER=(ros2_humble) /open_app/miniconda3/envs/ros2_humble/bin/cmake --build /home/dji/DJI_workshop/LZP_PSDK/ros2_workplace/build/uav_detect_result -- -j4 -l4
[0.083s] [  3%] Built target uav_detect_result__cpp
[0.098s] [ 12%] Built target uav_detect_result__rosidl_generator_c
[0.137s] [ 22%] Built target uav_detect_result__rosidl_typesupport_fastrtps_cpp
[0.141s] [ 22%] Built target ament_cmake_python_copy_uav_detect_result
[0.169s] [ 32%] Built target uav_detect_result__rosidl_typesupport_fastrtps_c
[0.199s] [ 41%] Built target uav_detect_result__rosidl_typesupport_introspection_c
[0.230s] [ 51%] Built target uav_detect_result__rosidl_typesupport_c
[1.521s] running egg_info
[1.658s] writing uav_detect_result.egg-info/PKG-INFO
[1.766s] writing dependency_links to uav_detect_result.egg-info/dependency_links.txt
[2.383s] writing top-level names to uav_detect_result.egg-info/top_level.txt
[2.573s] reading manifest file 'uav_detect_result.egg-info/SOURCES.txt'
[2.574s] writing manifest file 'uav_detect_result.egg-info/SOURCES.txt'
[2.683s] [ 51%] Built target ament_cmake_python_build_uav_detect_result_egg
[2.711s] [ 70%] Built target uav_detect_result__rosidl_typesupport_introspection_cpp
[2.711s] [ 70%] Built target uav_detect_result__rosidl_typesupport_cpp
[2.736s] [ 70%] Built target uav_detect_result
[2.760s] [ 74%] Built target uav_detect_result__py
[2.787s] [ 80%] Built target uav_detect_result__rosidl_generator_py
[2.814s] [ 93%] Built target uav_detect_result__rosidl_typesupport_introspection_c__pyext
[2.815s] [ 93%] Built target uav_detect_result__rosidl_typesupport_fastrtps_c__pyext
[2.816s] [100%] Built target uav_detect_result__rosidl_typesupport_c__pyext
