[0.036s] Invoking command in '/home/dji/DJI_workshop/LZP_PSDK/ros2_workplace/build/dji_precision_capture': CONDA_PROMPT_MODIFIER=(ros2_humble) /open_app/miniconda3/envs/ros2_humble/bin/cmake --build /home/dji/DJI_workshop/LZP_PSDK/ros2_workplace/build/dji_precision_capture -- -j4 -l4
[0.142s] [0m
[0.142s] -- Found OpenCV installed in the system, will use it to display image in AdvancedSensing APIs
[0.142s] --  - Includes: /open_app/miniconda3/envs/ros2_humble/include/opencv4
[0.143s] --  - Libraries: opencv_calib3d;opencv_core;opencv_dnn;opencv_features2d;opencv_flann;opencv_gapi;opencv_highgui;opencv_imgcodecs;opencv_imgproc;opencv_ml;opencv_objdetect;opencv_photo;opencv_stitching;opencv_video;opencv_videoio;opencv_alphamat;opencv_aruco;opencv_barcode;opencv_bgsegm;opencv_bioinspired;opencv_ccalib;opencv_cvv;opencv_datasets;opencv_dnn_objdetect;opencv_dnn_superres;opencv_dpm;opencv_face;opencv_freetype;opencv_fuzzy;opencv_hdf;opencv_hfs;opencv_img_hash;opencv_intensity_transform;opencv_line_descriptor;opencv_mcc;opencv_optflow;opencv_phase_unwrapping;opencv_plot;opencv_quality;opencv_rapid;opencv_reg;opencv_rgbd;opencv_saliency;opencv_shape;opencv_stereo;opencv_structured_light;opencv_superres;opencv_surface_matching;opencv_text;opencv_tracking;opencv_videostab;opencv_wechat_qrcode;opencv_xfeatures2d;opencv_ximgproc;opencv_xobjdetect;opencv_xphoto
[0.143s] dji_precision_capture...[0m
[0.173s] -- Cannot Find FFMPEG
[0.173s] -- Found ament_cmake: 1.3.3 (/open_app/miniconda3/envs/ros2_humble/share/ament_cmake/cmake)
[0.421s] -- Found rclcpp: 16.0.3 (/open_app/miniconda3/envs/ros2_humble/share/rclcpp/cmake)
[0.571s] -- Found rosidl_generator_c: 3.1.4 (/open_app/miniconda3/envs/ros2_humble/share/rosidl_generator_c/cmake)
[0.592s] -- Found rosidl_adapter: 3.1.4 (/open_app/miniconda3/envs/ros2_humble/share/rosidl_adapter/cmake)
[0.618s] -- Found rosidl_generator_cpp: 3.1.4 (/open_app/miniconda3/envs/ros2_humble/share/rosidl_generator_cpp/cmake)
[0.659s] -- Using all available rosidl_typesupport_c: rosidl_typesupport_fastrtps_c;rosidl_typesupport_introspection_c
[0.718s] -- Using all available rosidl_typesupport_cpp: rosidl_typesupport_fastrtps_cpp;rosidl_typesupport_introspection_cpp
[0.921s] -- Checking for module 'yaml-0.1'
[1.257s] --   Found yaml-0.1, version 0.2.5
[2.658s] -- Found rmw_implementation_cmake: 6.1.1 (/open_app/miniconda3/envs/ros2_humble/share/rmw_implementation_cmake/cmake)
[2.680s] -- Found rmw_fastrtps_cpp: 6.2.2 (/open_app/miniconda3/envs/ros2_humble/share/rmw_fastrtps_cpp/cmake)
[4.461s] -- Found OpenSSL: /open_app/miniconda3/envs/ros2_humble/lib/libcrypto.so (found version "3.1.8")  
[4.673s] -- Found FastRTPS: /open_app/miniconda3/envs/ros2_humble/include  
[4.837s] -- Using RMW implementation 'rmw_fastrtps_cpp' as default
[4.868s] -- Performing Test CMAKE_HAVE_LIBC_PTHREAD
[5.092s] -- Performing Test CMAKE_HAVE_LIBC_PTHREAD - Success
[5.095s] -- Found Threads: TRUE  
[5.345s] [31mCMake Error at CMakeLists.txt:124 (find_package):
[5.346s]   By not providing "Findset_msgs.cmake" in CMAKE_MODULE_PATH this project has
[5.351s]   asked CMake to find a package configuration file provided by "set_msgs",
[5.351s]   but CMake did not find one.
[5.351s] 
[5.351s]   Could not find a package configuration file provided by "set_msgs" with any
[5.352s]   of the following names:
[5.352s] 
[5.352s]     set_msgsConfig.cmake
[5.352s]     set_msgs-config.cmake
[5.352s] 
[5.352s]   Add the installation prefix of "set_msgs" to CMAKE_PREFIX_PATH or set
[5.352s]   "set_msgs_DIR" to a directory containing one of the above files.  If
[5.352s]   "set_msgs" provides a separate development package or SDK, be sure it has
[5.353s]   been installed.
[5.353s] 
[5.353s] [0m
[5.353s] -- Configuring incomplete, errors occurred!
[5.361s] make: *** [Makefile:2022: cmake_check_build_system] Error 1
[5.364s] Invoked command in '/home/dji/DJI_workshop/LZP_PSDK/ros2_workplace/build/dji_precision_capture' returned '2': CONDA_PROMPT_MODIFIER=(ros2_humble) /open_app/miniconda3/envs/ros2_humble/bin/cmake --build /home/dji/DJI_workshop/LZP_PSDK/ros2_workplace/build/dji_precision_capture -- -j4 -l4
