[0.438s] [34mcolcon[0m [1;30mDEBUG[0m [32mCommand line arguments: ['/open_app/miniconda3/envs/ros2_humble/bin/colcon', 'build'][0m
[0.438s] [34mcolcon[0m [1;30mDEBUG[0m [32mParsed command line arguments: Namespace(log_base=None, log_level=None, verb_name='build', build_base='build', install_base='install', merge_install=False, symlink_install=False, test_result_base=None, continue_on_error=False, executor='parallel', parallel_workers=4, event_handlers=None, ignore_user_meta=False, metas=['./colcon.meta'], base_paths=['.'], packages_ignore=None, packages_ignore_regex=None, paths=None, packages_up_to=None, packages_up_to_regex=None, packages_above=None, packages_above_and_dependencies=None, packages_above_depth=None, packages_select_by_dep=None, packages_skip_by_dep=None, packages_skip_up_to=None, packages_select_build_failed=False, packages_skip_build_finished=False, packages_select_test_failures=False, packages_skip_test_passed=False, packages_select=None, packages_skip=None, packages_select_regex=None, packages_skip_regex=None, packages_start=None, packages_end=None, cmake_args=None, cmake_target=None, cmake_target_skip_unavailable=False, cmake_clean_cache=False, cmake_clean_first=False, cmake_force_configure=False, ament_cmake_args=None, catkin_cmake_args=None, catkin_skip_building_tests=False, verb_parser=<colcon_defaults.argument_parser.defaults.DefaultArgumentsDecorator object at 0xffffac698100>, verb_extension=<colcon_core.verb.build.BuildVerb object at 0xffffac7d9630>, main=<bound method BuildVerb.main of <colcon_core.verb.build.BuildVerb object at 0xffffac7d9630>>)[0m
[0.844s] [34mcolcon.colcon_core.package_discovery[0m [1;30mLevel 1[0m discover_packages(colcon_meta) check parameters
[0.845s] [34mcolcon.colcon_core.package_discovery[0m [1;30mLevel 1[0m discover_packages(recursive) check parameters
[0.845s] [34mcolcon.colcon_core.package_discovery[0m [1;30mLevel 1[0m discover_packages(ignore) check parameters
[0.846s] [34mcolcon.colcon_core.package_discovery[0m [1;30mLevel 1[0m discover_packages(path) check parameters
[0.846s] [34mcolcon.colcon_core.package_discovery[0m [1;30mLevel 1[0m discover_packages(colcon_meta) discover
[0.846s] [34mcolcon.colcon_core.package_discovery[0m [1;30mLevel 1[0m discover_packages(recursive) discover
[0.846s] [34mcolcon.colcon_core.package_discovery[0m [1;30mINFO[0m Crawling recursively for packages in '/home/dji/DJI_workshop/LZP_PSDK/ros2_workplace'
[0.847s] [34mcolcon.colcon_core.package_identification[0m [1;30mLevel 1[0m _identify(.) by extensions ['ignore', 'ignore_ament_install']
[0.847s] [34mcolcon.colcon_core.package_identification[0m [1;30mLevel 1[0m _identify(.) by extension 'ignore'
[0.848s] [34mcolcon.colcon_core.package_identification[0m [1;30mLevel 1[0m _identify(.) by extension 'ignore_ament_install'
[0.848s] [34mcolcon.colcon_core.package_identification[0m [1;30mLevel 1[0m _identify(.) by extensions ['colcon_pkg']
[0.848s] [34mcolcon.colcon_core.package_identification[0m [1;30mLevel 1[0m _identify(.) by extension 'colcon_pkg'
[0.849s] [34mcolcon.colcon_core.package_identification[0m [1;30mLevel 1[0m _identify(.) by extensions ['colcon_meta']
[0.849s] [34mcolcon.colcon_core.package_identification[0m [1;30mLevel 1[0m _identify(.) by extension 'colcon_meta'
[0.849s] [34mcolcon.colcon_core.package_identification[0m [1;30mLevel 1[0m _identify(.) by extensions ['ros']
[0.854s] [34mcolcon.colcon_core.package_identification[0m [1;30mLevel 1[0m _identify(.) by extension 'ros'
[0.971s] [34mcolcon.colcon_core.package_identification[0m [1;30mLevel 1[0m _identify(.) by extensions ['cmake', 'python']
[0.971s] [34mcolcon.colcon_core.package_identification[0m [1;30mLevel 1[0m _identify(.) by extension 'cmake'
[0.972s] [34mcolcon.colcon_core.package_identification[0m [1;30mLevel 1[0m _identify(.) by extension 'python'
[0.972s] [34mcolcon.colcon_core.package_identification[0m [1;30mLevel 1[0m _identify(.) by extensions ['python_setup_py']
[0.972s] [34mcolcon.colcon_core.package_identification[0m [1;30mLevel 1[0m _identify(.) by extension 'python_setup_py'
[0.973s] [34mcolcon.colcon_core.package_identification[0m [1;30mLevel 1[0m _identify(build) by extensions ['ignore', 'ignore_ament_install']
[0.973s] [34mcolcon.colcon_core.package_identification[0m [1;30mLevel 1[0m _identify(build) by extension 'ignore'
[0.973s] [34mcolcon.colcon_core.package_identification[0m [1;30mLevel 1[0m _identify(build) ignored
[0.974s] [34mcolcon.colcon_core.package_identification[0m [1;30mLevel 1[0m _identify(install) by extensions ['ignore', 'ignore_ament_install']
[0.974s] [34mcolcon.colcon_core.package_identification[0m [1;30mLevel 1[0m _identify(install) by extension 'ignore'
[0.974s] [34mcolcon.colcon_core.package_identification[0m [1;30mLevel 1[0m _identify(install) ignored
[0.975s] [34mcolcon.colcon_core.package_identification[0m [1;30mLevel 1[0m _identify(log) by extensions ['ignore', 'ignore_ament_install']
[0.975s] [34mcolcon.colcon_core.package_identification[0m [1;30mLevel 1[0m _identify(log) by extension 'ignore'
[0.975s] [34mcolcon.colcon_core.package_identification[0m [1;30mLevel 1[0m _identify(log) ignored
[0.975s] [34mcolcon.colcon_core.package_identification[0m [1;30mLevel 1[0m _identify(src) by extensions ['ignore', 'ignore_ament_install']
[0.975s] [34mcolcon.colcon_core.package_identification[0m [1;30mLevel 1[0m _identify(src) by extension 'ignore'
[0.975s] [34mcolcon.colcon_core.package_identification[0m [1;30mLevel 1[0m _identify(src) by extension 'ignore_ament_install'
[0.976s] [34mcolcon.colcon_core.package_identification[0m [1;30mLevel 1[0m _identify(src) by extensions ['colcon_pkg']
[0.976s] [34mcolcon.colcon_core.package_identification[0m [1;30mLevel 1[0m _identify(src) by extension 'colcon_pkg'
[0.976s] [34mcolcon.colcon_core.package_identification[0m [1;30mLevel 1[0m _identify(src) by extensions ['colcon_meta']
[0.977s] [34mcolcon.colcon_core.package_identification[0m [1;30mLevel 1[0m _identify(src) by extension 'colcon_meta'
[0.977s] [34mcolcon.colcon_core.package_identification[0m [1;30mLevel 1[0m _identify(src) by extensions ['ros']
[0.977s] [34mcolcon.colcon_core.package_identification[0m [1;30mLevel 1[0m _identify(src) by extension 'ros'
[0.978s] [34mcolcon.colcon_core.package_identification[0m [1;30mLevel 1[0m _identify(src) by extensions ['cmake', 'python']
[0.978s] [34mcolcon.colcon_core.package_identification[0m [1;30mLevel 1[0m _identify(src) by extension 'cmake'
[0.978s] [34mcolcon.colcon_core.package_identification[0m [1;30mLevel 1[0m _identify(src) by extension 'python'
[0.978s] [34mcolcon.colcon_core.package_identification[0m [1;30mLevel 1[0m _identify(src) by extensions ['python_setup_py']
[0.978s] [34mcolcon.colcon_core.package_identification[0m [1;30mLevel 1[0m _identify(src) by extension 'python_setup_py'
[0.979s] [34mcolcon.colcon_core.package_identification[0m [1;30mLevel 1[0m _identify(src/dji_precision_capture) by extensions ['ignore', 'ignore_ament_install']
[0.979s] [34mcolcon.colcon_core.package_identification[0m [1;30mLevel 1[0m _identify(src/dji_precision_capture) by extension 'ignore'
[0.979s] [34mcolcon.colcon_core.package_identification[0m [1;30mLevel 1[0m _identify(src/dji_precision_capture) by extension 'ignore_ament_install'
[0.981s] [34mcolcon.colcon_core.package_identification[0m [1;30mLevel 1[0m _identify(src/dji_precision_capture) by extensions ['colcon_pkg']
[0.982s] [34mcolcon.colcon_core.package_identification[0m [1;30mLevel 1[0m _identify(src/dji_precision_capture) by extension 'colcon_pkg'
[0.983s] [34mcolcon.colcon_core.package_identification[0m [1;30mLevel 1[0m _identify(src/dji_precision_capture) by extensions ['colcon_meta']
[0.983s] [34mcolcon.colcon_core.package_identification[0m [1;30mLevel 1[0m _identify(src/dji_precision_capture) by extension 'colcon_meta'
[0.984s] [34mcolcon.colcon_core.package_identification[0m [1;30mLevel 1[0m _identify(src/dji_precision_capture) by extensions ['ros']
[0.984s] [34mcolcon.colcon_core.package_identification[0m [1;30mLevel 1[0m _identify(src/dji_precision_capture) by extension 'ros'
[0.991s] [34mcolcon.colcon_core.package_identification[0m [1;30mDEBUG[0m [32mPackage 'src/dji_precision_capture' with type 'ros.ament_cmake' and name 'dji_precision_capture'[0m
[0.992s] [34mcolcon.colcon_core.package_identification[0m [1;30mLevel 1[0m _identify(src/test_pkg) by extensions ['ignore', 'ignore_ament_install']
[0.993s] [34mcolcon.colcon_core.package_identification[0m [1;30mLevel 1[0m _identify(src/test_pkg) by extension 'ignore'
[0.993s] [34mcolcon.colcon_core.package_identification[0m [1;30mLevel 1[0m _identify(src/test_pkg) by extension 'ignore_ament_install'
[0.993s] [34mcolcon.colcon_core.package_identification[0m [1;30mLevel 1[0m _identify(src/test_pkg) by extensions ['colcon_pkg']
[0.994s] [34mcolcon.colcon_core.package_identification[0m [1;30mLevel 1[0m _identify(src/test_pkg) by extension 'colcon_pkg'
[0.994s] [34mcolcon.colcon_core.package_identification[0m [1;30mLevel 1[0m _identify(src/test_pkg) by extensions ['colcon_meta']
[0.994s] [34mcolcon.colcon_core.package_identification[0m [1;30mLevel 1[0m _identify(src/test_pkg) by extension 'colcon_meta'
[0.994s] [34mcolcon.colcon_core.package_identification[0m [1;30mLevel 1[0m _identify(src/test_pkg) by extensions ['ros']
[0.995s] [34mcolcon.colcon_core.package_identification[0m [1;30mLevel 1[0m _identify(src/test_pkg) by extension 'ros'
[1.001s] [34mcolcon.colcon_core.package_identification[0m [1;30mDEBUG[0m [32mPackage 'src/test_pkg' with type 'ros.ament_cmake' and name 'test_pkg'[0m
[1.001s] [34mcolcon.colcon_core.package_discovery[0m [1;30mLevel 1[0m discover_packages(recursive) using defaults
[1.002s] [34mcolcon.colcon_core.package_discovery[0m [1;30mLevel 1[0m discover_packages(ignore) discover
[1.002s] [34mcolcon.colcon_core.package_discovery[0m [1;30mLevel 1[0m discover_packages(ignore) using defaults
[1.002s] [34mcolcon.colcon_core.package_discovery[0m [1;30mLevel 1[0m discover_packages(path) discover
[1.002s] [34mcolcon.colcon_core.package_discovery[0m [1;30mLevel 1[0m discover_packages(path) using defaults
[1.046s] [34mcolcon.colcon_core.verb[0m [1;30mLevel 5[0m set package 'dji_precision_capture' build argument 'cmake_args' from command line to 'None'
[1.047s] [34mcolcon.colcon_core.verb[0m [1;30mLevel 5[0m set package 'dji_precision_capture' build argument 'cmake_target' from command line to 'None'
[1.047s] [34mcolcon.colcon_core.verb[0m [1;30mLevel 5[0m set package 'dji_precision_capture' build argument 'cmake_target_skip_unavailable' from command line to 'False'
[1.047s] [34mcolcon.colcon_core.verb[0m [1;30mLevel 5[0m set package 'dji_precision_capture' build argument 'cmake_clean_cache' from command line to 'False'
[1.047s] [34mcolcon.colcon_core.verb[0m [1;30mLevel 5[0m set package 'dji_precision_capture' build argument 'cmake_clean_first' from command line to 'False'
[1.047s] [34mcolcon.colcon_core.verb[0m [1;30mLevel 5[0m set package 'dji_precision_capture' build argument 'cmake_force_configure' from command line to 'False'
[1.047s] [34mcolcon.colcon_core.verb[0m [1;30mLevel 5[0m set package 'dji_precision_capture' build argument 'ament_cmake_args' from command line to 'None'
[1.047s] [34mcolcon.colcon_core.verb[0m [1;30mLevel 5[0m set package 'dji_precision_capture' build argument 'catkin_cmake_args' from command line to 'None'
[1.047s] [34mcolcon.colcon_core.verb[0m [1;30mLevel 5[0m set package 'dji_precision_capture' build argument 'catkin_skip_building_tests' from command line to 'False'
[1.047s] [34mcolcon.colcon_core.verb[0m [1;30mDEBUG[0m [32mBuilding package 'dji_precision_capture' with the following arguments: {'ament_cmake_args': None, 'build_base': '/home/dji/DJI_workshop/LZP_PSDK/ros2_workplace/build/dji_precision_capture', 'catkin_cmake_args': None, 'catkin_skip_building_tests': False, 'cmake_args': None, 'cmake_clean_cache': False, 'cmake_clean_first': False, 'cmake_force_configure': False, 'cmake_target': None, 'cmake_target_skip_unavailable': False, 'install_base': '/home/dji/DJI_workshop/LZP_PSDK/ros2_workplace/install/dji_precision_capture', 'merge_install': False, 'path': '/home/dji/DJI_workshop/LZP_PSDK/ros2_workplace/src/dji_precision_capture', 'symlink_install': False, 'test_result_base': None}[0m
[1.048s] [34mcolcon.colcon_core.verb[0m [1;30mLevel 5[0m set package 'test_pkg' build argument 'cmake_args' from command line to 'None'
[1.048s] [34mcolcon.colcon_core.verb[0m [1;30mLevel 5[0m set package 'test_pkg' build argument 'cmake_target' from command line to 'None'
[1.048s] [34mcolcon.colcon_core.verb[0m [1;30mLevel 5[0m set package 'test_pkg' build argument 'cmake_target_skip_unavailable' from command line to 'False'
[1.048s] [34mcolcon.colcon_core.verb[0m [1;30mLevel 5[0m set package 'test_pkg' build argument 'cmake_clean_cache' from command line to 'False'
[1.049s] [34mcolcon.colcon_core.verb[0m [1;30mLevel 5[0m set package 'test_pkg' build argument 'cmake_clean_first' from command line to 'False'
[1.049s] [34mcolcon.colcon_core.verb[0m [1;30mLevel 5[0m set package 'test_pkg' build argument 'cmake_force_configure' from command line to 'False'
[1.049s] [34mcolcon.colcon_core.verb[0m [1;30mLevel 5[0m set package 'test_pkg' build argument 'ament_cmake_args' from command line to 'None'
[1.049s] [34mcolcon.colcon_core.verb[0m [1;30mLevel 5[0m set package 'test_pkg' build argument 'catkin_cmake_args' from command line to 'None'
[1.049s] [34mcolcon.colcon_core.verb[0m [1;30mLevel 5[0m set package 'test_pkg' build argument 'catkin_skip_building_tests' from command line to 'False'
[1.049s] [34mcolcon.colcon_core.verb[0m [1;30mDEBUG[0m [32mBuilding package 'test_pkg' with the following arguments: {'ament_cmake_args': None, 'build_base': '/home/dji/DJI_workshop/LZP_PSDK/ros2_workplace/build/test_pkg', 'catkin_cmake_args': None, 'catkin_skip_building_tests': False, 'cmake_args': None, 'cmake_clean_cache': False, 'cmake_clean_first': False, 'cmake_force_configure': False, 'cmake_target': None, 'cmake_target_skip_unavailable': False, 'install_base': '/home/dji/DJI_workshop/LZP_PSDK/ros2_workplace/install/test_pkg', 'merge_install': False, 'path': '/home/dji/DJI_workshop/LZP_PSDK/ros2_workplace/src/test_pkg', 'symlink_install': False, 'test_result_base': None}[0m
[1.049s] [34mcolcon.colcon_core.executor[0m [1;30mINFO[0m Executing jobs using 'parallel' executor
[1.052s] [34mcolcon.colcon_parallel_executor.executor.parallel[0m [1;30mDEBUG[0m [32mrun_until_complete[0m
[1.052s] [34mcolcon.colcon_ros.task.ament_cmake.build[0m [1;30mINFO[0m Building ROS package in '/home/dji/DJI_workshop/LZP_PSDK/ros2_workplace/src/dji_precision_capture' with build type 'ament_cmake'
[1.053s] [34mcolcon.colcon_cmake.task.cmake.build[0m [1;30mINFO[0m Building CMake package in '/home/dji/DJI_workshop/LZP_PSDK/ros2_workplace/src/dji_precision_capture'
[1.060s] [34mcolcon.colcon_core.plugin_system[0m [1;30mINFO[0m Skipping extension 'colcon_core.shell.bat': Not used on non-Windows systems
[1.060s] [34mcolcon.colcon_core.shell[0m [1;30mINFO[0m Skip shell extension 'powershell' for command environment: Not usable outside of PowerShell
[1.060s] [34mcolcon.colcon_core.shell[0m [1;30mDEBUG[0m [32mSkip shell extension 'dsv' for command environment[0m
[1.073s] [34mcolcon.colcon_ros.task.ament_cmake.build[0m [1;30mINFO[0m Building ROS package in '/home/dji/DJI_workshop/LZP_PSDK/ros2_workplace/src/test_pkg' with build type 'ament_cmake'
[1.074s] [34mcolcon.colcon_cmake.task.cmake.build[0m [1;30mINFO[0m Building CMake package in '/home/dji/DJI_workshop/LZP_PSDK/ros2_workplace/src/test_pkg'
[1.075s] [34mcolcon.colcon_core.shell[0m [1;30mINFO[0m Skip shell extension 'powershell' for command environment: Not usable outside of PowerShell
[1.075s] [34mcolcon.colcon_core.shell[0m [1;30mDEBUG[0m [32mSkip shell extension 'dsv' for command environment[0m
[1.090s] [34mcolcon.colcon_core.event_handler.log_command[0m [1;30mDEBUG[0m [32mInvoking command in '/home/dji/DJI_workshop/LZP_PSDK/ros2_workplace/build/dji_precision_capture': CONDA_PROMPT_MODIFIER=(ros2_humble) /open_app/miniconda3/envs/ros2_humble/bin/cmake --build /home/dji/DJI_workshop/LZP_PSDK/ros2_workplace/build/dji_precision_capture -- -j4 -l4[0m
[1.101s] [34mcolcon.colcon_core.event_handler.log_command[0m [1;30mDEBUG[0m [32mInvoking command in '/home/dji/DJI_workshop/LZP_PSDK/ros2_workplace/build/test_pkg': CONDA_PROMPT_MODIFIER=(ros2_humble) /open_app/miniconda3/envs/ros2_humble/bin/cmake /home/dji/DJI_workshop/LZP_PSDK/ros2_workplace/src/test_pkg -DCMAKE_INSTALL_PREFIX=/home/dji/DJI_workshop/LZP_PSDK/ros2_workplace/install/test_pkg[0m
[6.418s] [34mcolcon.colcon_core.event_handler.log_command[0m [1;30mDEBUG[0m [32mInvoked command in '/home/dji/DJI_workshop/LZP_PSDK/ros2_workplace/build/dji_precision_capture' returned '2': CONDA_PROMPT_MODIFIER=(ros2_humble) /open_app/miniconda3/envs/ros2_humble/bin/cmake --build /home/dji/DJI_workshop/LZP_PSDK/ros2_workplace/build/dji_precision_capture -- -j4 -l4[0m
[6.419s] [34mcolcon.colcon_core.environment[0m [1;30mLevel 1[0m create_environment_scripts_only(dji_precision_capture)
[6.428s] [34mcolcon.colcon_core.environment[0m [1;30mLevel 1[0m checking '/home/dji/DJI_workshop/LZP_PSDK/ros2_workplace/install/dji_precision_capture' for CMake module files
[6.429s] [34mcolcon.colcon_core.environment[0m [1;30mLevel 1[0m checking '/home/dji/DJI_workshop/LZP_PSDK/ros2_workplace/install/dji_precision_capture' for CMake config files
[6.430s] [34mcolcon.colcon_core.shell[0m [1;30mLevel 1[0m create_environment_hook('dji_precision_capture', 'cmake_prefix_path')
[6.430s] [34mcolcon.colcon_core.shell[0m [1;30mINFO[0m Creating environment hook '/home/dji/DJI_workshop/LZP_PSDK/ros2_workplace/install/dji_precision_capture/share/dji_precision_capture/hook/cmake_prefix_path.ps1'
[6.432s] [34mcolcon.colcon_core.shell[0m [1;30mINFO[0m Creating environment descriptor '/home/dji/DJI_workshop/LZP_PSDK/ros2_workplace/install/dji_precision_capture/share/dji_precision_capture/hook/cmake_prefix_path.dsv'
[6.433s] [34mcolcon.colcon_core.shell[0m [1;30mINFO[0m Creating environment hook '/home/dji/DJI_workshop/LZP_PSDK/ros2_workplace/install/dji_precision_capture/share/dji_precision_capture/hook/cmake_prefix_path.sh'
[6.435s] [34mcolcon.colcon_core.environment[0m [1;30mLevel 1[0m checking '/home/dji/DJI_workshop/LZP_PSDK/ros2_workplace/install/dji_precision_capture/bin'
[6.436s] [34mcolcon.colcon_core.environment[0m [1;30mLevel 1[0m checking '/home/dji/DJI_workshop/LZP_PSDK/ros2_workplace/install/dji_precision_capture/lib/pkgconfig/dji_precision_capture.pc'
[6.438s] [34mcolcon.colcon_core.environment[0m [1;30mLevel 1[0m checking '/home/dji/DJI_workshop/LZP_PSDK/ros2_workplace/install/dji_precision_capture/lib/python3.10/site-packages'
[6.439s] [34mcolcon.colcon_core.environment[0m [1;30mLevel 1[0m checking '/home/dji/DJI_workshop/LZP_PSDK/ros2_workplace/install/dji_precision_capture/bin'
[6.440s] [34mcolcon.colcon_core.shell[0m [1;30mINFO[0m Creating package script '/home/dji/DJI_workshop/LZP_PSDK/ros2_workplace/install/dji_precision_capture/share/dji_precision_capture/package.ps1'
[6.443s] [34mcolcon.colcon_core.shell[0m [1;30mINFO[0m Creating package descriptor '/home/dji/DJI_workshop/LZP_PSDK/ros2_workplace/install/dji_precision_capture/share/dji_precision_capture/package.dsv'
[6.445s] [34mcolcon.colcon_core.shell[0m [1;30mINFO[0m Creating package script '/home/dji/DJI_workshop/LZP_PSDK/ros2_workplace/install/dji_precision_capture/share/dji_precision_capture/package.sh'
[6.447s] [34mcolcon.colcon_core.shell[0m [1;30mINFO[0m Creating package script '/home/dji/DJI_workshop/LZP_PSDK/ros2_workplace/install/dji_precision_capture/share/dji_precision_capture/package.bash'
[6.449s] [34mcolcon.colcon_core.shell[0m [1;30mINFO[0m Creating package script '/home/dji/DJI_workshop/LZP_PSDK/ros2_workplace/install/dji_precision_capture/share/dji_precision_capture/package.zsh'
[6.451s] [34mcolcon.colcon_core.environment[0m [1;30mLevel 1[0m create_file_with_runtime_dependencies(/home/dji/DJI_workshop/LZP_PSDK/ros2_workplace/install/dji_precision_capture/share/colcon-core/packages/dji_precision_capture)
[9.034s] [34mcolcon.colcon_parallel_executor.executor.parallel[0m [1;30mDEBUG[0m [32mclosing loop[0m
[9.037s] [34mcolcon.colcon_parallel_executor.executor.parallel[0m [1;30mDEBUG[0m [32mloop closed[0m
[9.037s] [34mcolcon.colcon_parallel_executor.executor.parallel[0m [1;30mDEBUG[0m [32mrun_until_complete finished with '2'[0m
[9.038s] [34mcolcon.colcon_core.event_reactor[0m [1;30mDEBUG[0m [32mjoining thread[0m
[9.039s] [34mcolcon.colcon_core.event_reactor[0m [1;30mDEBUG[0m [32mjoined thread[0m
[9.040s] [34mcolcon.colcon_core.shell[0m [1;30mINFO[0m Creating prefix script '/home/dji/DJI_workshop/LZP_PSDK/ros2_workplace/install/local_setup.ps1'
[9.043s] [34mcolcon.colcon_core.shell[0m [1;30mINFO[0m Creating prefix util module '/home/dji/DJI_workshop/LZP_PSDK/ros2_workplace/install/_local_setup_util_ps1.py'
[9.048s] [34mcolcon.colcon_core.shell[0m [1;30mINFO[0m Creating prefix chain script '/home/dji/DJI_workshop/LZP_PSDK/ros2_workplace/install/setup.ps1'
[9.052s] [34mcolcon.colcon_core.shell[0m [1;30mINFO[0m Creating prefix script '/home/dji/DJI_workshop/LZP_PSDK/ros2_workplace/install/local_setup.sh'
[9.056s] [34mcolcon.colcon_core.shell[0m [1;30mINFO[0m Creating prefix util module '/home/dji/DJI_workshop/LZP_PSDK/ros2_workplace/install/_local_setup_util_sh.py'
[9.058s] [34mcolcon.colcon_core.shell[0m [1;30mINFO[0m Creating prefix chain script '/home/dji/DJI_workshop/LZP_PSDK/ros2_workplace/install/setup.sh'
[9.065s] [34mcolcon.colcon_core.shell[0m [1;30mINFO[0m Creating prefix script '/home/dji/DJI_workshop/LZP_PSDK/ros2_workplace/install/local_setup.bash'
[9.072s] [34mcolcon.colcon_core.shell[0m [1;30mINFO[0m Creating prefix chain script '/home/dji/DJI_workshop/LZP_PSDK/ros2_workplace/install/setup.bash'
[9.082s] [34mcolcon.colcon_core.shell[0m [1;30mINFO[0m Creating prefix script '/home/dji/DJI_workshop/LZP_PSDK/ros2_workplace/install/local_setup.zsh'
[9.084s] [34mcolcon.colcon_core.shell[0m [1;30mINFO[0m Creating prefix chain script '/home/dji/DJI_workshop/LZP_PSDK/ros2_workplace/install/setup.zsh'
