[0.283s] [34mcolcon[0m [1;30mDEBUG[0m [32mCommand line arguments: ['/open_app/miniconda3/envs/ros2_humble/bin/colcon', 'build'][0m
[0.283s] [34mcolcon[0m [1;30mDEBUG[0m [32mParsed command line arguments: Namespace(log_base=None, log_level=None, verb_name='build', build_base='build', install_base='install', merge_install=False, symlink_install=False, test_result_base=None, continue_on_error=False, executor='parallel', parallel_workers=4, event_handlers=None, ignore_user_meta=False, metas=['./colcon.meta'], base_paths=['.'], packages_ignore=None, packages_ignore_regex=None, paths=None, packages_up_to=None, packages_up_to_regex=None, packages_above=None, packages_above_and_dependencies=None, packages_above_depth=None, packages_select_by_dep=None, packages_skip_by_dep=None, packages_skip_up_to=None, packages_select_build_failed=False, packages_skip_build_finished=False, packages_select_test_failures=False, packages_skip_test_passed=False, packages_select=None, packages_skip=None, packages_select_regex=None, packages_skip_regex=None, packages_start=None, packages_end=None, cmake_args=None, cmake_target=None, cmake_target_skip_unavailable=False, cmake_clean_cache=False, cmake_clean_first=False, cmake_force_configure=False, ament_cmake_args=None, catkin_cmake_args=None, catkin_skip_building_tests=False, verb_parser=<colcon_defaults.argument_parser.defaults.DefaultArgumentsDecorator object at 0xffffa0b880a0>, verb_extension=<colcon_core.verb.build.BuildVerb object at 0xffffa0cc95d0>, main=<bound method BuildVerb.main of <colcon_core.verb.build.BuildVerb object at 0xffffa0cc95d0>>)[0m
[0.559s] [34mcolcon.colcon_core.package_discovery[0m [1;30mLevel 1[0m discover_packages(colcon_meta) check parameters
[0.559s] [34mcolcon.colcon_core.package_discovery[0m [1;30mLevel 1[0m discover_packages(recursive) check parameters
[0.560s] [34mcolcon.colcon_core.package_discovery[0m [1;30mLevel 1[0m discover_packages(ignore) check parameters
[0.560s] [34mcolcon.colcon_core.package_discovery[0m [1;30mLevel 1[0m discover_packages(path) check parameters
[0.560s] [34mcolcon.colcon_core.package_discovery[0m [1;30mLevel 1[0m discover_packages(colcon_meta) discover
[0.560s] [34mcolcon.colcon_core.package_discovery[0m [1;30mLevel 1[0m discover_packages(recursive) discover
[0.560s] [34mcolcon.colcon_core.package_discovery[0m [1;30mINFO[0m Crawling recursively for packages in '/home/dji/DJI_workshop/LZP_PSDK/ros2_workplace'
[0.560s] [34mcolcon.colcon_core.package_identification[0m [1;30mLevel 1[0m _identify(.) by extensions ['ignore', 'ignore_ament_install']
[0.560s] [34mcolcon.colcon_core.package_identification[0m [1;30mLevel 1[0m _identify(.) by extension 'ignore'
[0.561s] [34mcolcon.colcon_core.package_identification[0m [1;30mLevel 1[0m _identify(.) by extension 'ignore_ament_install'
[0.561s] [34mcolcon.colcon_core.package_identification[0m [1;30mLevel 1[0m _identify(.) by extensions ['colcon_pkg']
[0.561s] [34mcolcon.colcon_core.package_identification[0m [1;30mLevel 1[0m _identify(.) by extension 'colcon_pkg'
[0.561s] [34mcolcon.colcon_core.package_identification[0m [1;30mLevel 1[0m _identify(.) by extensions ['colcon_meta']
[0.561s] [34mcolcon.colcon_core.package_identification[0m [1;30mLevel 1[0m _identify(.) by extension 'colcon_meta'
[0.561s] [34mcolcon.colcon_core.package_identification[0m [1;30mLevel 1[0m _identify(.) by extensions ['ros']
[0.561s] [34mcolcon.colcon_core.package_identification[0m [1;30mLevel 1[0m _identify(.) by extension 'ros'
[0.639s] [34mcolcon.colcon_core.package_identification[0m [1;30mLevel 1[0m _identify(.) by extensions ['cmake', 'python']
[0.639s] [34mcolcon.colcon_core.package_identification[0m [1;30mLevel 1[0m _identify(.) by extension 'cmake'
[0.639s] [34mcolcon.colcon_core.package_identification[0m [1;30mLevel 1[0m _identify(.) by extension 'python'
[0.639s] [34mcolcon.colcon_core.package_identification[0m [1;30mLevel 1[0m _identify(.) by extensions ['python_setup_py']
[0.639s] [34mcolcon.colcon_core.package_identification[0m [1;30mLevel 1[0m _identify(.) by extension 'python_setup_py'
[0.640s] [34mcolcon.colcon_core.package_identification[0m [1;30mLevel 1[0m _identify(build) by extensions ['ignore', 'ignore_ament_install']
[0.640s] [34mcolcon.colcon_core.package_identification[0m [1;30mLevel 1[0m _identify(build) by extension 'ignore'
[0.640s] [34mcolcon.colcon_core.package_identification[0m [1;30mLevel 1[0m _identify(build) ignored
[0.640s] [34mcolcon.colcon_core.package_identification[0m [1;30mLevel 1[0m _identify(data) by extensions ['ignore', 'ignore_ament_install']
[0.640s] [34mcolcon.colcon_core.package_identification[0m [1;30mLevel 1[0m _identify(data) by extension 'ignore'
[0.641s] [34mcolcon.colcon_core.package_identification[0m [1;30mLevel 1[0m _identify(data) by extension 'ignore_ament_install'
[0.641s] [34mcolcon.colcon_core.package_identification[0m [1;30mLevel 1[0m _identify(data) by extensions ['colcon_pkg']
[0.641s] [34mcolcon.colcon_core.package_identification[0m [1;30mLevel 1[0m _identify(data) by extension 'colcon_pkg'
[0.641s] [34mcolcon.colcon_core.package_identification[0m [1;30mLevel 1[0m _identify(data) by extensions ['colcon_meta']
[0.641s] [34mcolcon.colcon_core.package_identification[0m [1;30mLevel 1[0m _identify(data) by extension 'colcon_meta'
[0.641s] [34mcolcon.colcon_core.package_identification[0m [1;30mLevel 1[0m _identify(data) by extensions ['ros']
[0.641s] [34mcolcon.colcon_core.package_identification[0m [1;30mLevel 1[0m _identify(data) by extension 'ros'
[0.641s] [34mcolcon.colcon_core.package_identification[0m [1;30mLevel 1[0m _identify(data) by extensions ['cmake', 'python']
[0.641s] [34mcolcon.colcon_core.package_identification[0m [1;30mLevel 1[0m _identify(data) by extension 'cmake'
[0.642s] [34mcolcon.colcon_core.package_identification[0m [1;30mLevel 1[0m _identify(data) by extension 'python'
[0.642s] [34mcolcon.colcon_core.package_identification[0m [1;30mLevel 1[0m _identify(data) by extensions ['python_setup_py']
[0.642s] [34mcolcon.colcon_core.package_identification[0m [1;30mLevel 1[0m _identify(data) by extension 'python_setup_py'
[0.642s] [34mcolcon.colcon_core.package_identification[0m [1;30mLevel 1[0m _identify(data/logs) by extensions ['ignore', 'ignore_ament_install']
[0.642s] [34mcolcon.colcon_core.package_identification[0m [1;30mLevel 1[0m _identify(data/logs) by extension 'ignore'
[0.642s] [34mcolcon.colcon_core.package_identification[0m [1;30mLevel 1[0m _identify(data/logs) by extension 'ignore_ament_install'
[0.642s] [34mcolcon.colcon_core.package_identification[0m [1;30mLevel 1[0m _identify(data/logs) by extensions ['colcon_pkg']
[0.642s] [34mcolcon.colcon_core.package_identification[0m [1;30mLevel 1[0m _identify(data/logs) by extension 'colcon_pkg'
[0.643s] [34mcolcon.colcon_core.package_identification[0m [1;30mLevel 1[0m _identify(data/logs) by extensions ['colcon_meta']
[0.643s] [34mcolcon.colcon_core.package_identification[0m [1;30mLevel 1[0m _identify(data/logs) by extension 'colcon_meta'
[0.643s] [34mcolcon.colcon_core.package_identification[0m [1;30mLevel 1[0m _identify(data/logs) by extensions ['ros']
[0.643s] [34mcolcon.colcon_core.package_identification[0m [1;30mLevel 1[0m _identify(data/logs) by extension 'ros'
[0.643s] [34mcolcon.colcon_core.package_identification[0m [1;30mLevel 1[0m _identify(data/logs) by extensions ['cmake', 'python']
[0.643s] [34mcolcon.colcon_core.package_identification[0m [1;30mLevel 1[0m _identify(data/logs) by extension 'cmake'
[0.643s] [34mcolcon.colcon_core.package_identification[0m [1;30mLevel 1[0m _identify(data/logs) by extension 'python'
[0.643s] [34mcolcon.colcon_core.package_identification[0m [1;30mLevel 1[0m _identify(data/logs) by extensions ['python_setup_py']
[0.643s] [34mcolcon.colcon_core.package_identification[0m [1;30mLevel 1[0m _identify(data/logs) by extension 'python_setup_py'
[0.644s] [34mcolcon.colcon_core.package_identification[0m [1;30mLevel 1[0m _identify(install) by extensions ['ignore', 'ignore_ament_install']
[0.644s] [34mcolcon.colcon_core.package_identification[0m [1;30mLevel 1[0m _identify(install) by extension 'ignore'
[0.644s] [34mcolcon.colcon_core.package_identification[0m [1;30mLevel 1[0m _identify(install) ignored
[0.644s] [34mcolcon.colcon_core.package_identification[0m [1;30mLevel 1[0m _identify(log) by extensions ['ignore', 'ignore_ament_install']
[0.644s] [34mcolcon.colcon_core.package_identification[0m [1;30mLevel 1[0m _identify(log) by extension 'ignore'
[0.645s] [34mcolcon.colcon_core.package_identification[0m [1;30mLevel 1[0m _identify(log) ignored
[0.645s] [34mcolcon.colcon_core.package_identification[0m [1;30mLevel 1[0m _identify(src) by extensions ['ignore', 'ignore_ament_install']
[0.645s] [34mcolcon.colcon_core.package_identification[0m [1;30mLevel 1[0m _identify(src) by extension 'ignore'
[0.645s] [34mcolcon.colcon_core.package_identification[0m [1;30mLevel 1[0m _identify(src) by extension 'ignore_ament_install'
[0.645s] [34mcolcon.colcon_core.package_identification[0m [1;30mLevel 1[0m _identify(src) by extensions ['colcon_pkg']
[0.645s] [34mcolcon.colcon_core.package_identification[0m [1;30mLevel 1[0m _identify(src) by extension 'colcon_pkg'
[0.645s] [34mcolcon.colcon_core.package_identification[0m [1;30mLevel 1[0m _identify(src) by extensions ['colcon_meta']
[0.645s] [34mcolcon.colcon_core.package_identification[0m [1;30mLevel 1[0m _identify(src) by extension 'colcon_meta'
[0.646s] [34mcolcon.colcon_core.package_identification[0m [1;30mLevel 1[0m _identify(src) by extensions ['ros']
[0.646s] [34mcolcon.colcon_core.package_identification[0m [1;30mLevel 1[0m _identify(src) by extension 'ros'
[0.646s] [34mcolcon.colcon_core.package_identification[0m [1;30mLevel 1[0m _identify(src) by extensions ['cmake', 'python']
[0.646s] [34mcolcon.colcon_core.package_identification[0m [1;30mLevel 1[0m _identify(src) by extension 'cmake'
[0.646s] [34mcolcon.colcon_core.package_identification[0m [1;30mLevel 1[0m _identify(src) by extension 'python'
[0.646s] [34mcolcon.colcon_core.package_identification[0m [1;30mLevel 1[0m _identify(src) by extensions ['python_setup_py']
[0.646s] [34mcolcon.colcon_core.package_identification[0m [1;30mLevel 1[0m _identify(src) by extension 'python_setup_py'
[0.647s] [34mcolcon.colcon_core.package_identification[0m [1;30mLevel 1[0m _identify(src/dji_precision_capture) by extensions ['ignore', 'ignore_ament_install']
[0.647s] [34mcolcon.colcon_core.package_identification[0m [1;30mLevel 1[0m _identify(src/dji_precision_capture) by extension 'ignore'
[0.647s] [34mcolcon.colcon_core.package_identification[0m [1;30mLevel 1[0m _identify(src/dji_precision_capture) by extension 'ignore_ament_install'
[0.647s] [34mcolcon.colcon_core.package_identification[0m [1;30mLevel 1[0m _identify(src/dji_precision_capture) by extensions ['colcon_pkg']
[0.647s] [34mcolcon.colcon_core.package_identification[0m [1;30mLevel 1[0m _identify(src/dji_precision_capture) by extension 'colcon_pkg'
[0.647s] [34mcolcon.colcon_core.package_identification[0m [1;30mLevel 1[0m _identify(src/dji_precision_capture) by extensions ['colcon_meta']
[0.647s] [34mcolcon.colcon_core.package_identification[0m [1;30mLevel 1[0m _identify(src/dji_precision_capture) by extension 'colcon_meta'
[0.647s] [34mcolcon.colcon_core.package_identification[0m [1;30mLevel 1[0m _identify(src/dji_precision_capture) by extensions ['ros']
[0.647s] [34mcolcon.colcon_core.package_identification[0m [1;30mLevel 1[0m _identify(src/dji_precision_capture) by extension 'ros'
[0.653s] [34mcolcon.colcon_core.package_identification[0m [1;30mDEBUG[0m [32mPackage 'src/dji_precision_capture' with type 'ros.ament_cmake' and name 'dji_precision_capture'[0m
[0.653s] [34mcolcon.colcon_core.package_identification[0m [1;30mLevel 1[0m _identify(src/uav_detect_result) by extensions ['ignore', 'ignore_ament_install']
[0.654s] [34mcolcon.colcon_core.package_identification[0m [1;30mLevel 1[0m _identify(src/uav_detect_result) by extension 'ignore'
[0.654s] [34mcolcon.colcon_core.package_identification[0m [1;30mLevel 1[0m _identify(src/uav_detect_result) by extension 'ignore_ament_install'
[0.654s] [34mcolcon.colcon_core.package_identification[0m [1;30mLevel 1[0m _identify(src/uav_detect_result) by extensions ['colcon_pkg']
[0.654s] [34mcolcon.colcon_core.package_identification[0m [1;30mLevel 1[0m _identify(src/uav_detect_result) by extension 'colcon_pkg'
[0.654s] [34mcolcon.colcon_core.package_identification[0m [1;30mLevel 1[0m _identify(src/uav_detect_result) by extensions ['colcon_meta']
[0.654s] [34mcolcon.colcon_core.package_identification[0m [1;30mLevel 1[0m _identify(src/uav_detect_result) by extension 'colcon_meta'
[0.654s] [34mcolcon.colcon_core.package_identification[0m [1;30mLevel 1[0m _identify(src/uav_detect_result) by extensions ['ros']
[0.654s] [34mcolcon.colcon_core.package_identification[0m [1;30mLevel 1[0m _identify(src/uav_detect_result) by extension 'ros'
[0.656s] [34mcolcon.colcon_core.package_identification[0m [1;30mDEBUG[0m [32mPackage 'src/uav_detect_result' with type 'ros.ament_cmake' and name 'uav_detect_result'[0m
[0.656s] [34mcolcon.colcon_core.package_discovery[0m [1;30mLevel 1[0m discover_packages(recursive) using defaults
[0.656s] [34mcolcon.colcon_core.package_discovery[0m [1;30mLevel 1[0m discover_packages(ignore) discover
[0.656s] [34mcolcon.colcon_core.package_discovery[0m [1;30mLevel 1[0m discover_packages(ignore) using defaults
[0.656s] [34mcolcon.colcon_core.package_discovery[0m [1;30mLevel 1[0m discover_packages(path) discover
[0.656s] [34mcolcon.colcon_core.package_discovery[0m [1;30mLevel 1[0m discover_packages(path) using defaults
[0.687s] [34mcolcon.colcon_core.verb[0m [1;30mLevel 5[0m set package 'dji_precision_capture' build argument 'cmake_args' from command line to 'None'
[0.687s] [34mcolcon.colcon_core.verb[0m [1;30mLevel 5[0m set package 'dji_precision_capture' build argument 'cmake_target' from command line to 'None'
[0.687s] [34mcolcon.colcon_core.verb[0m [1;30mLevel 5[0m set package 'dji_precision_capture' build argument 'cmake_target_skip_unavailable' from command line to 'False'
[0.687s] [34mcolcon.colcon_core.verb[0m [1;30mLevel 5[0m set package 'dji_precision_capture' build argument 'cmake_clean_cache' from command line to 'False'
[0.687s] [34mcolcon.colcon_core.verb[0m [1;30mLevel 5[0m set package 'dji_precision_capture' build argument 'cmake_clean_first' from command line to 'False'
[0.687s] [34mcolcon.colcon_core.verb[0m [1;30mLevel 5[0m set package 'dji_precision_capture' build argument 'cmake_force_configure' from command line to 'False'
[0.687s] [34mcolcon.colcon_core.verb[0m [1;30mLevel 5[0m set package 'dji_precision_capture' build argument 'ament_cmake_args' from command line to 'None'
[0.687s] [34mcolcon.colcon_core.verb[0m [1;30mLevel 5[0m set package 'dji_precision_capture' build argument 'catkin_cmake_args' from command line to 'None'
[0.687s] [34mcolcon.colcon_core.verb[0m [1;30mLevel 5[0m set package 'dji_precision_capture' build argument 'catkin_skip_building_tests' from command line to 'False'
[0.688s] [34mcolcon.colcon_core.verb[0m [1;30mDEBUG[0m [32mBuilding package 'dji_precision_capture' with the following arguments: {'ament_cmake_args': None, 'build_base': '/home/dji/DJI_workshop/LZP_PSDK/ros2_workplace/build/dji_precision_capture', 'catkin_cmake_args': None, 'catkin_skip_building_tests': False, 'cmake_args': None, 'cmake_clean_cache': False, 'cmake_clean_first': False, 'cmake_force_configure': False, 'cmake_target': None, 'cmake_target_skip_unavailable': False, 'install_base': '/home/dji/DJI_workshop/LZP_PSDK/ros2_workplace/install/dji_precision_capture', 'merge_install': False, 'path': '/home/dji/DJI_workshop/LZP_PSDK/ros2_workplace/src/dji_precision_capture', 'symlink_install': False, 'test_result_base': None}[0m
[0.688s] [34mcolcon.colcon_core.verb[0m [1;30mLevel 5[0m set package 'uav_detect_result' build argument 'cmake_args' from command line to 'None'
[0.689s] [34mcolcon.colcon_core.verb[0m [1;30mLevel 5[0m set package 'uav_detect_result' build argument 'cmake_target' from command line to 'None'
[0.689s] [34mcolcon.colcon_core.verb[0m [1;30mLevel 5[0m set package 'uav_detect_result' build argument 'cmake_target_skip_unavailable' from command line to 'False'
[0.689s] [34mcolcon.colcon_core.verb[0m [1;30mLevel 5[0m set package 'uav_detect_result' build argument 'cmake_clean_cache' from command line to 'False'
[0.689s] [34mcolcon.colcon_core.verb[0m [1;30mLevel 5[0m set package 'uav_detect_result' build argument 'cmake_clean_first' from command line to 'False'
[0.689s] [34mcolcon.colcon_core.verb[0m [1;30mLevel 5[0m set package 'uav_detect_result' build argument 'cmake_force_configure' from command line to 'False'
[0.689s] [34mcolcon.colcon_core.verb[0m [1;30mLevel 5[0m set package 'uav_detect_result' build argument 'ament_cmake_args' from command line to 'None'
[0.689s] [34mcolcon.colcon_core.verb[0m [1;30mLevel 5[0m set package 'uav_detect_result' build argument 'catkin_cmake_args' from command line to 'None'
[0.689s] [34mcolcon.colcon_core.verb[0m [1;30mLevel 5[0m set package 'uav_detect_result' build argument 'catkin_skip_building_tests' from command line to 'False'
[0.689s] [34mcolcon.colcon_core.verb[0m [1;30mDEBUG[0m [32mBuilding package 'uav_detect_result' with the following arguments: {'ament_cmake_args': None, 'build_base': '/home/dji/DJI_workshop/LZP_PSDK/ros2_workplace/build/uav_detect_result', 'catkin_cmake_args': None, 'catkin_skip_building_tests': False, 'cmake_args': None, 'cmake_clean_cache': False, 'cmake_clean_first': False, 'cmake_force_configure': False, 'cmake_target': None, 'cmake_target_skip_unavailable': False, 'install_base': '/home/dji/DJI_workshop/LZP_PSDK/ros2_workplace/install/uav_detect_result', 'merge_install': False, 'path': '/home/dji/DJI_workshop/LZP_PSDK/ros2_workplace/src/uav_detect_result', 'symlink_install': False, 'test_result_base': None}[0m
[0.689s] [34mcolcon.colcon_core.executor[0m [1;30mINFO[0m Executing jobs using 'parallel' executor
[0.692s] [34mcolcon.colcon_parallel_executor.executor.parallel[0m [1;30mDEBUG[0m [32mrun_until_complete[0m
[0.692s] [34mcolcon.colcon_ros.task.ament_cmake.build[0m [1;30mINFO[0m Building ROS package in '/home/dji/DJI_workshop/LZP_PSDK/ros2_workplace/src/dji_precision_capture' with build type 'ament_cmake'
[0.693s] [34mcolcon.colcon_cmake.task.cmake.build[0m [1;30mINFO[0m Building CMake package in '/home/dji/DJI_workshop/LZP_PSDK/ros2_workplace/src/dji_precision_capture'
[0.696s] [34mcolcon.colcon_core.plugin_system[0m [1;30mINFO[0m Skipping extension 'colcon_core.shell.bat': Not used on non-Windows systems
[0.696s] [34mcolcon.colcon_core.shell[0m [1;30mINFO[0m Skip shell extension 'powershell' for command environment: Not usable outside of PowerShell
[0.697s] [34mcolcon.colcon_core.shell[0m [1;30mDEBUG[0m [32mSkip shell extension 'dsv' for command environment[0m
[0.704s] [34mcolcon.colcon_ros.task.ament_cmake.build[0m [1;30mINFO[0m Building ROS package in '/home/dji/DJI_workshop/LZP_PSDK/ros2_workplace/src/uav_detect_result' with build type 'ament_cmake'
[0.705s] [34mcolcon.colcon_cmake.task.cmake.build[0m [1;30mINFO[0m Building CMake package in '/home/dji/DJI_workshop/LZP_PSDK/ros2_workplace/src/uav_detect_result'
[0.706s] [34mcolcon.colcon_core.shell[0m [1;30mINFO[0m Skip shell extension 'powershell' for command environment: Not usable outside of PowerShell
[0.706s] [34mcolcon.colcon_core.shell[0m [1;30mDEBUG[0m [32mSkip shell extension 'dsv' for command environment[0m
[0.727s] [34mcolcon.colcon_core.event_handler.log_command[0m [1;30mDEBUG[0m [32mInvoking command in '/home/dji/DJI_workshop/LZP_PSDK/ros2_workplace/build/dji_precision_capture': CONDA_PROMPT_MODIFIER=(ros2_humble) /open_app/miniconda3/envs/ros2_humble/bin/cmake --build /home/dji/DJI_workshop/LZP_PSDK/ros2_workplace/build/dji_precision_capture -- -j4 -l4[0m
[0.733s] [34mcolcon.colcon_core.event_handler.log_command[0m [1;30mDEBUG[0m [32mInvoking command in '/home/dji/DJI_workshop/LZP_PSDK/ros2_workplace/build/uav_detect_result': CONDA_PROMPT_MODIFIER=(ros2_humble) /open_app/miniconda3/envs/ros2_humble/bin/cmake /home/dji/DJI_workshop/LZP_PSDK/ros2_workplace/src/uav_detect_result -DCMAKE_INSTALL_PREFIX=/home/dji/DJI_workshop/LZP_PSDK/ros2_workplace/install/uav_detect_result[0m
[0.895s] [34mcolcon.colcon_core.event_handler.log_command[0m [1;30mDEBUG[0m [32mInvoked command in '/home/dji/DJI_workshop/LZP_PSDK/ros2_workplace/build/dji_precision_capture' returned '0': CONDA_PROMPT_MODIFIER=(ros2_humble) /open_app/miniconda3/envs/ros2_humble/bin/cmake --build /home/dji/DJI_workshop/LZP_PSDK/ros2_workplace/build/dji_precision_capture -- -j4 -l4[0m
[0.909s] [34mcolcon.colcon_core.event_handler.log_command[0m [1;30mDEBUG[0m [32mInvoking command in '/home/dji/DJI_workshop/LZP_PSDK/ros2_workplace/build/dji_precision_capture': CONDA_PROMPT_MODIFIER=(ros2_humble) /open_app/miniconda3/envs/ros2_humble/bin/cmake --install /home/dji/DJI_workshop/LZP_PSDK/ros2_workplace/build/dji_precision_capture[0m
[0.928s] [34mcolcon.colcon_core.environment[0m [1;30mLevel 1[0m create_environment_scripts_only(dji_precision_capture)
[0.929s] [34mcolcon.colcon_core.event_handler.log_command[0m [1;30mDEBUG[0m [32mInvoked command in '/home/dji/DJI_workshop/LZP_PSDK/ros2_workplace/build/dji_precision_capture' returned '0': CONDA_PROMPT_MODIFIER=(ros2_humble) /open_app/miniconda3/envs/ros2_humble/bin/cmake --install /home/dji/DJI_workshop/LZP_PSDK/ros2_workplace/build/dji_precision_capture[0m
[0.935s] [34mcolcon.colcon_core.environment[0m [1;30mLevel 1[0m checking '/home/dji/DJI_workshop/LZP_PSDK/ros2_workplace/install/dji_precision_capture' for CMake module files
[0.936s] [34mcolcon.colcon_core.environment[0m [1;30mLevel 1[0m checking '/home/dji/DJI_workshop/LZP_PSDK/ros2_workplace/install/dji_precision_capture' for CMake config files
[0.937s] [34mcolcon.colcon_core.shell[0m [1;30mLevel 1[0m create_environment_hook('dji_precision_capture', 'cmake_prefix_path')
[0.937s] [34mcolcon.colcon_core.shell[0m [1;30mINFO[0m Creating environment hook '/home/dji/DJI_workshop/LZP_PSDK/ros2_workplace/install/dji_precision_capture/share/dji_precision_capture/hook/cmake_prefix_path.ps1'
[0.939s] [34mcolcon.colcon_core.shell[0m [1;30mINFO[0m Creating environment descriptor '/home/dji/DJI_workshop/LZP_PSDK/ros2_workplace/install/dji_precision_capture/share/dji_precision_capture/hook/cmake_prefix_path.dsv'
[0.940s] [34mcolcon.colcon_core.shell[0m [1;30mINFO[0m Creating environment hook '/home/dji/DJI_workshop/LZP_PSDK/ros2_workplace/install/dji_precision_capture/share/dji_precision_capture/hook/cmake_prefix_path.sh'
[0.943s] [34mcolcon.colcon_core.environment[0m [1;30mLevel 1[0m checking '/home/dji/DJI_workshop/LZP_PSDK/ros2_workplace/install/dji_precision_capture/lib'
[0.943s] [34mcolcon.colcon_core.environment[0m [1;30mLevel 1[0m checking '/home/dji/DJI_workshop/LZP_PSDK/ros2_workplace/install/dji_precision_capture/bin'
[0.943s] [34mcolcon.colcon_core.environment[0m [1;30mLevel 1[0m checking '/home/dji/DJI_workshop/LZP_PSDK/ros2_workplace/install/dji_precision_capture/lib/pkgconfig/dji_precision_capture.pc'
[0.945s] [34mcolcon.colcon_core.environment[0m [1;30mLevel 1[0m checking '/home/dji/DJI_workshop/LZP_PSDK/ros2_workplace/install/dji_precision_capture/lib/python3.10/site-packages'
[0.946s] [34mcolcon.colcon_core.environment[0m [1;30mLevel 1[0m checking '/home/dji/DJI_workshop/LZP_PSDK/ros2_workplace/install/dji_precision_capture/bin'
[0.947s] [34mcolcon.colcon_core.shell[0m [1;30mINFO[0m Creating package script '/home/dji/DJI_workshop/LZP_PSDK/ros2_workplace/install/dji_precision_capture/share/dji_precision_capture/package.ps1'
[0.949s] [34mcolcon.colcon_core.shell[0m [1;30mINFO[0m Creating package descriptor '/home/dji/DJI_workshop/LZP_PSDK/ros2_workplace/install/dji_precision_capture/share/dji_precision_capture/package.dsv'
[0.951s] [34mcolcon.colcon_core.shell[0m [1;30mINFO[0m Creating package script '/home/dji/DJI_workshop/LZP_PSDK/ros2_workplace/install/dji_precision_capture/share/dji_precision_capture/package.sh'
[0.953s] [34mcolcon.colcon_core.shell[0m [1;30mINFO[0m Creating package script '/home/dji/DJI_workshop/LZP_PSDK/ros2_workplace/install/dji_precision_capture/share/dji_precision_capture/package.bash'
[0.956s] [34mcolcon.colcon_core.shell[0m [1;30mINFO[0m Creating package script '/home/dji/DJI_workshop/LZP_PSDK/ros2_workplace/install/dji_precision_capture/share/dji_precision_capture/package.zsh'
[0.958s] [34mcolcon.colcon_core.environment[0m [1;30mLevel 1[0m create_file_with_runtime_dependencies(/home/dji/DJI_workshop/LZP_PSDK/ros2_workplace/install/dji_precision_capture/share/colcon-core/packages/dji_precision_capture)
[0.960s] [34mcolcon.colcon_core.environment[0m [1;30mLevel 1[0m create_environment_scripts_only(dji_precision_capture)
[0.960s] [34mcolcon.colcon_core.environment[0m [1;30mLevel 1[0m checking '/home/dji/DJI_workshop/LZP_PSDK/ros2_workplace/install/dji_precision_capture' for CMake module files
[0.962s] [34mcolcon.colcon_core.environment[0m [1;30mLevel 1[0m checking '/home/dji/DJI_workshop/LZP_PSDK/ros2_workplace/install/dji_precision_capture' for CMake config files
[0.962s] [34mcolcon.colcon_core.shell[0m [1;30mLevel 1[0m create_environment_hook('dji_precision_capture', 'cmake_prefix_path')
[0.963s] [34mcolcon.colcon_core.shell[0m [1;30mINFO[0m Creating environment hook '/home/dji/DJI_workshop/LZP_PSDK/ros2_workplace/install/dji_precision_capture/share/dji_precision_capture/hook/cmake_prefix_path.ps1'
[0.964s] [34mcolcon.colcon_core.shell[0m [1;30mINFO[0m Creating environment descriptor '/home/dji/DJI_workshop/LZP_PSDK/ros2_workplace/install/dji_precision_capture/share/dji_precision_capture/hook/cmake_prefix_path.dsv'
[0.965s] [34mcolcon.colcon_core.shell[0m [1;30mINFO[0m Creating environment hook '/home/dji/DJI_workshop/LZP_PSDK/ros2_workplace/install/dji_precision_capture/share/dji_precision_capture/hook/cmake_prefix_path.sh'
[0.966s] [34mcolcon.colcon_core.environment[0m [1;30mLevel 1[0m checking '/home/dji/DJI_workshop/LZP_PSDK/ros2_workplace/install/dji_precision_capture/lib'
[0.967s] [34mcolcon.colcon_core.environment[0m [1;30mLevel 1[0m checking '/home/dji/DJI_workshop/LZP_PSDK/ros2_workplace/install/dji_precision_capture/bin'
[0.967s] [34mcolcon.colcon_core.environment[0m [1;30mLevel 1[0m checking '/home/dji/DJI_workshop/LZP_PSDK/ros2_workplace/install/dji_precision_capture/lib/pkgconfig/dji_precision_capture.pc'
[0.967s] [34mcolcon.colcon_core.environment[0m [1;30mLevel 1[0m checking '/home/dji/DJI_workshop/LZP_PSDK/ros2_workplace/install/dji_precision_capture/lib/python3.10/site-packages'
[0.968s] [34mcolcon.colcon_core.environment[0m [1;30mLevel 1[0m checking '/home/dji/DJI_workshop/LZP_PSDK/ros2_workplace/install/dji_precision_capture/bin'
[0.968s] [34mcolcon.colcon_core.shell[0m [1;30mINFO[0m Creating package script '/home/dji/DJI_workshop/LZP_PSDK/ros2_workplace/install/dji_precision_capture/share/dji_precision_capture/package.ps1'
[0.970s] [34mcolcon.colcon_core.shell[0m [1;30mINFO[0m Creating package descriptor '/home/dji/DJI_workshop/LZP_PSDK/ros2_workplace/install/dji_precision_capture/share/dji_precision_capture/package.dsv'
[0.971s] [34mcolcon.colcon_core.shell[0m [1;30mINFO[0m Creating package script '/home/dji/DJI_workshop/LZP_PSDK/ros2_workplace/install/dji_precision_capture/share/dji_precision_capture/package.sh'
[0.972s] [34mcolcon.colcon_core.shell[0m [1;30mINFO[0m Creating package script '/home/dji/DJI_workshop/LZP_PSDK/ros2_workplace/install/dji_precision_capture/share/dji_precision_capture/package.bash'
[0.973s] [34mcolcon.colcon_core.shell[0m [1;30mINFO[0m Creating package script '/home/dji/DJI_workshop/LZP_PSDK/ros2_workplace/install/dji_precision_capture/share/dji_precision_capture/package.zsh'
[0.974s] [34mcolcon.colcon_core.environment[0m [1;30mLevel 1[0m create_file_with_runtime_dependencies(/home/dji/DJI_workshop/LZP_PSDK/ros2_workplace/install/dji_precision_capture/share/colcon-core/packages/dji_precision_capture)
[3.667s] [34mcolcon.colcon_core.event_handler.log_command[0m [1;30mDEBUG[0m [32mInvoked command in '/home/dji/DJI_workshop/LZP_PSDK/ros2_workplace/build/uav_detect_result' returned '1': CONDA_PROMPT_MODIFIER=(ros2_humble) /open_app/miniconda3/envs/ros2_humble/bin/cmake /home/dji/DJI_workshop/LZP_PSDK/ros2_workplace/src/uav_detect_result -DCMAKE_INSTALL_PREFIX=/home/dji/DJI_workshop/LZP_PSDK/ros2_workplace/install/uav_detect_result[0m
[3.684s] [34mcolcon.colcon_core.environment[0m [1;30mLevel 1[0m create_environment_scripts_only(uav_detect_result)
[3.685s] [34mcolcon.colcon_core.environment[0m [1;30mLevel 1[0m checking '/home/dji/DJI_workshop/LZP_PSDK/ros2_workplace/install/uav_detect_result' for CMake module files
[3.686s] [34mcolcon.colcon_core.environment[0m [1;30mLevel 1[0m checking '/home/dji/DJI_workshop/LZP_PSDK/ros2_workplace/install/uav_detect_result' for CMake config files
[3.687s] [34mcolcon.colcon_core.environment[0m [1;30mLevel 1[0m checking '/home/dji/DJI_workshop/LZP_PSDK/ros2_workplace/install/uav_detect_result/bin'
[3.687s] [34mcolcon.colcon_core.environment[0m [1;30mLevel 1[0m checking '/home/dji/DJI_workshop/LZP_PSDK/ros2_workplace/install/uav_detect_result/lib/pkgconfig/uav_detect_result.pc'
[3.687s] [34mcolcon.colcon_core.environment[0m [1;30mLevel 1[0m checking '/home/dji/DJI_workshop/LZP_PSDK/ros2_workplace/install/uav_detect_result/lib/python3.10/site-packages'
[3.689s] [34mcolcon.colcon_core.environment[0m [1;30mLevel 1[0m checking '/home/dji/DJI_workshop/LZP_PSDK/ros2_workplace/install/uav_detect_result/bin'
[3.690s] [34mcolcon.colcon_core.shell[0m [1;30mINFO[0m Creating package script '/home/dji/DJI_workshop/LZP_PSDK/ros2_workplace/install/uav_detect_result/share/uav_detect_result/package.ps1'
[3.691s] [34mcolcon.colcon_core.shell[0m [1;30mINFO[0m Creating package descriptor '/home/dji/DJI_workshop/LZP_PSDK/ros2_workplace/install/uav_detect_result/share/uav_detect_result/package.dsv'
[3.693s] [34mcolcon.colcon_core.shell[0m [1;30mINFO[0m Creating package script '/home/dji/DJI_workshop/LZP_PSDK/ros2_workplace/install/uav_detect_result/share/uav_detect_result/package.sh'
[3.694s] [34mcolcon.colcon_core.shell[0m [1;30mINFO[0m Creating package script '/home/dji/DJI_workshop/LZP_PSDK/ros2_workplace/install/uav_detect_result/share/uav_detect_result/package.bash'
[3.695s] [34mcolcon.colcon_core.shell[0m [1;30mINFO[0m Creating package script '/home/dji/DJI_workshop/LZP_PSDK/ros2_workplace/install/uav_detect_result/share/uav_detect_result/package.zsh'
[3.697s] [34mcolcon.colcon_core.environment[0m [1;30mLevel 1[0m create_file_with_runtime_dependencies(/home/dji/DJI_workshop/LZP_PSDK/ros2_workplace/install/uav_detect_result/share/colcon-core/packages/uav_detect_result)
[3.708s] [34mcolcon.colcon_parallel_executor.executor.parallel[0m [1;30mDEBUG[0m [32mclosing loop[0m
[3.709s] [34mcolcon.colcon_parallel_executor.executor.parallel[0m [1;30mDEBUG[0m [32mloop closed[0m
[3.709s] [34mcolcon.colcon_parallel_executor.executor.parallel[0m [1;30mDEBUG[0m [32mrun_until_complete finished with '1'[0m
[3.709s] [34mcolcon.colcon_core.event_reactor[0m [1;30mDEBUG[0m [32mjoining thread[0m
[3.711s] [34mcolcon.colcon_core.event_reactor[0m [1;30mDEBUG[0m [32mjoined thread[0m
[3.712s] [34mcolcon.colcon_core.shell[0m [1;30mINFO[0m Creating prefix script '/home/dji/DJI_workshop/LZP_PSDK/ros2_workplace/install/local_setup.ps1'
[3.717s] [34mcolcon.colcon_core.shell[0m [1;30mINFO[0m Creating prefix util module '/home/dji/DJI_workshop/LZP_PSDK/ros2_workplace/install/_local_setup_util_ps1.py'
[3.721s] [34mcolcon.colcon_core.shell[0m [1;30mINFO[0m Creating prefix chain script '/home/dji/DJI_workshop/LZP_PSDK/ros2_workplace/install/setup.ps1'
[3.724s] [34mcolcon.colcon_core.shell[0m [1;30mINFO[0m Creating prefix script '/home/dji/DJI_workshop/LZP_PSDK/ros2_workplace/install/local_setup.sh'
[3.726s] [34mcolcon.colcon_core.shell[0m [1;30mINFO[0m Creating prefix util module '/home/dji/DJI_workshop/LZP_PSDK/ros2_workplace/install/_local_setup_util_sh.py'
[3.727s] [34mcolcon.colcon_core.shell[0m [1;30mINFO[0m Creating prefix chain script '/home/dji/DJI_workshop/LZP_PSDK/ros2_workplace/install/setup.sh'
[3.730s] [34mcolcon.colcon_core.shell[0m [1;30mINFO[0m Creating prefix script '/home/dji/DJI_workshop/LZP_PSDK/ros2_workplace/install/local_setup.bash'
[3.732s] [34mcolcon.colcon_core.shell[0m [1;30mINFO[0m Creating prefix chain script '/home/dji/DJI_workshop/LZP_PSDK/ros2_workplace/install/setup.bash'
[3.734s] [34mcolcon.colcon_core.shell[0m [1;30mINFO[0m Creating prefix script '/home/dji/DJI_workshop/LZP_PSDK/ros2_workplace/install/local_setup.zsh'
[3.735s] [34mcolcon.colcon_core.shell[0m [1;30mINFO[0m Creating prefix chain script '/home/dji/DJI_workshop/LZP_PSDK/ros2_workplace/install/setup.zsh'
