[0.028s] Invoking command in '/home/dji/DJI_workshop/LZP_PSDK/ros2_workplace/build/uav_detect_result': CONDA_PROMPT_MODIFIER=(ros2_humble) /open_app/miniconda3/envs/ros2_humble/bin/cmake --build /home/dji/DJI_workshop/LZP_PSDK/ros2_workplace/build/uav_detect_result -- -j4 -l4
[0.083s] [  3%] Built target uav_detect_result__cpp
[0.117s] [  3%] Built target ament_cmake_python_copy_uav_detect_result
[0.145s] [ 12%] Built target uav_detect_result__rosidl_typesupport_fastrtps_cpp
[0.172s] [ 22%] Built target uav_detect_result__rosidl_typesupport_introspection_cpp
[1.458s] running egg_info
[1.603s] writing uav_detect_result.egg-info/PKG-INFO
[1.706s] writing dependency_links to uav_detect_result.egg-info/dependency_links.txt
[2.323s] writing top-level names to uav_detect_result.egg-info/top_level.txt
[2.512s] reading manifest file 'uav_detect_result.egg-info/SOURCES.txt'
[2.513s] writing manifest file 'uav_detect_result.egg-info/SOURCES.txt'
[2.617s] [ 22%] Built target ament_cmake_python_build_uav_detect_result_egg
[2.644s] [ 35%] Built target uav_detect_result__rosidl_generator_c
[2.645s] [ 41%] Built target uav_detect_result__rosidl_typesupport_cpp
[2.673s] [ 51%] Built target uav_detect_result__rosidl_typesupport_fastrtps_c
[2.698s] [ 70%] Built target uav_detect_result__rosidl_typesupport_c
[2.699s] [ 70%] Built target uav_detect_result__rosidl_typesupport_introspection_c
[2.723s] [ 70%] Built target uav_detect_result
[2.747s] [ 74%] Built target uav_detect_result__py
[2.781s] [ 80%] Built target uav_detect_result__rosidl_generator_py
[2.809s] [ 96%] Built target uav_detect_result__rosidl_typesupport_c__pyext
[2.810s] [100%] Built target uav_detect_result__rosidl_typesupport_introspection_c__pyext
[2.810s] [100%] Built target uav_detect_result__rosidl_typesupport_fastrtps_c__pyext
