[0.031s] Invoking command in '/home/dji/DJI_workshop/LZP_PSDK/ros2_workplace/build/uav_detect_result': CONDA_PROMPT_MODIFIER=(ros2_humble) /open_app/miniconda3/envs/ros2_humble/bin/cmake --build /home/dji/DJI_workshop/LZP_PSDK/ros2_workplace/build/uav_detect_result -- -j4 -l4
[0.100s] [  3%] Built target uav_detect_result__cpp
[0.101s] [ 12%] Built target uav_detect_result__rosidl_generator_c
[0.161s] [ 22%] Built target uav_detect_result__rosidl_typesupport_fastrtps_cpp
[0.216s] [ 32%] Built target uav_detect_result__rosidl_typesupport_introspection_cpp
[0.231s] [ 41%] Built target uav_detect_result__rosidl_typesupport_fastrtps_c
[0.273s] [ 51%] Built target uav_detect_result__rosidl_typesupport_introspection_c
[0.484s] [ 61%] Built target uav_detect_result__rosidl_typesupport_c
[0.563s] [ 70%] Built target uav_detect_result__rosidl_typesupport_cpp
[0.630s] [ 70%] Built target ament_cmake_python_copy_uav_detect_result
[0.676s] [ 70%] Built target uav_detect_result
[1.590s] running egg_info
[1.724s] writing uav_detect_result.egg-info/PKG-INFO
[1.831s] writing dependency_links to uav_detect_result.egg-info/dependency_links.txt
[2.451s] writing top-level names to uav_detect_result.egg-info/top_level.txt
[2.638s] reading manifest file 'uav_detect_result.egg-info/SOURCES.txt'
[2.639s] writing manifest file 'uav_detect_result.egg-info/SOURCES.txt'
[2.738s] [ 70%] Built target ament_cmake_python_build_uav_detect_result_egg
[2.763s] [ 74%] Built target uav_detect_result__py
[2.790s] [ 80%] Built target uav_detect_result__rosidl_generator_py
[2.818s] [ 96%] Built target uav_detect_result__rosidl_typesupport_introspection_c__pyext
[2.818s] [ 96%] Built target uav_detect_result__rosidl_typesupport_c__pyext
[2.818s] [100%] Built target uav_detect_result__rosidl_typesupport_fastrtps_c__pyext
[2.834s] Invoked command in '/home/dji/DJI_workshop/LZP_PSDK/ros2_workplace/build/uav_detect_result' returned '0': CONDA_PROMPT_MODIFIER=(ros2_humble) /open_app/miniconda3/envs/ros2_humble/bin/cmake --build /home/dji/DJI_workshop/LZP_PSDK/ros2_workplace/build/uav_detect_result -- -j4 -l4
[2.839s] Invoking command in '/home/dji/DJI_workshop/LZP_PSDK/ros2_workplace/build/uav_detect_result': CONDA_PROMPT_MODIFIER=(ros2_humble) /open_app/miniconda3/envs/ros2_humble/bin/cmake --install /home/dji/DJI_workshop/LZP_PSDK/ros2_workplace/build/uav_detect_result
[2.849s] -- Install configuration: ""
[2.852s] -- Up-to-date: /home/dji/DJI_workshop/LZP_PSDK/ros2_workplace/install/uav_detect_result/share/ament_index/resource_index/rosidl_interfaces/uav_detect_result
[2.852s] -- Up-to-date: /home/dji/DJI_workshop/LZP_PSDK/ros2_workplace/install/uav_detect_result/include/uav_detect_result/uav_detect_result
[2.852s] -- Up-to-date: /home/dji/DJI_workshop/LZP_PSDK/ros2_workplace/install/uav_detect_result/include/uav_detect_result/uav_detect_result/msg
[2.852s] -- Up-to-date: /home/dji/DJI_workshop/LZP_PSDK/ros2_workplace/install/uav_detect_result/include/uav_detect_result/uav_detect_result/msg/rosidl_generator_c__visibility_control.h
[2.852s] -- Up-to-date: /home/dji/DJI_workshop/LZP_PSDK/ros2_workplace/install/uav_detect_result/include/uav_detect_result/uav_detect_result/msg/detail
[2.852s] -- Up-to-date: /home/dji/DJI_workshop/LZP_PSDK/ros2_workplace/install/uav_detect_result/include/uav_detect_result/uav_detect_result/msg/detail/uav_detect_result__type_support.h
[2.852s] -- Up-to-date: /home/dji/DJI_workshop/LZP_PSDK/ros2_workplace/install/uav_detect_result/include/uav_detect_result/uav_detect_result/msg/detail/uav_detect_result__functions.h
[2.853s] -- Up-to-date: /home/dji/DJI_workshop/LZP_PSDK/ros2_workplace/install/uav_detect_result/include/uav_detect_result/uav_detect_result/msg/detail/uav_detect_result__struct.h
[2.853s] -- Up-to-date: /home/dji/DJI_workshop/LZP_PSDK/ros2_workplace/install/uav_detect_result/include/uav_detect_result/uav_detect_result/msg/detail/uav_detect_result__functions.c
[2.853s] -- Up-to-date: /home/dji/DJI_workshop/LZP_PSDK/ros2_workplace/install/uav_detect_result/include/uav_detect_result/uav_detect_result/msg/uav_detect_result.h
[2.853s] -- Installing: /home/dji/DJI_workshop/LZP_PSDK/ros2_workplace/install/uav_detect_result/lib/libuav_detect_result__rosidl_generator_c.so
[2.853s] -- Up-to-date: /home/dji/DJI_workshop/LZP_PSDK/ros2_workplace/install/uav_detect_result/include/uav_detect_result/uav_detect_result
[2.853s] -- Up-to-date: /home/dji/DJI_workshop/LZP_PSDK/ros2_workplace/install/uav_detect_result/include/uav_detect_result/uav_detect_result/msg
[2.853s] -- Up-to-date: /home/dji/DJI_workshop/LZP_PSDK/ros2_workplace/install/uav_detect_result/include/uav_detect_result/uav_detect_result/msg/rosidl_typesupport_fastrtps_c__visibility_control.h
[2.854s] -- Up-to-date: /home/dji/DJI_workshop/LZP_PSDK/ros2_workplace/install/uav_detect_result/include/uav_detect_result/uav_detect_result/msg/detail
[2.854s] -- Up-to-date: /home/dji/DJI_workshop/LZP_PSDK/ros2_workplace/install/uav_detect_result/include/uav_detect_result/uav_detect_result/msg/detail/uav_detect_result__rosidl_typesupport_fastrtps_c.h
[2.854s] -- Installing: /home/dji/DJI_workshop/LZP_PSDK/ros2_workplace/install/uav_detect_result/lib/libuav_detect_result__rosidl_typesupport_fastrtps_c.so
[2.854s] -- Set runtime path of "/home/dji/DJI_workshop/LZP_PSDK/ros2_workplace/install/uav_detect_result/lib/libuav_detect_result__rosidl_typesupport_fastrtps_c.so" to ""
[2.854s] -- Up-to-date: /home/dji/DJI_workshop/LZP_PSDK/ros2_workplace/install/uav_detect_result/include/uav_detect_result/uav_detect_result
[2.855s] -- Up-to-date: /home/dji/DJI_workshop/LZP_PSDK/ros2_workplace/install/uav_detect_result/include/uav_detect_result/uav_detect_result/msg
[2.855s] -- Up-to-date: /home/dji/DJI_workshop/LZP_PSDK/ros2_workplace/install/uav_detect_result/include/uav_detect_result/uav_detect_result/msg/detail
[2.855s] -- Up-to-date: /home/dji/DJI_workshop/LZP_PSDK/ros2_workplace/install/uav_detect_result/include/uav_detect_result/uav_detect_result/msg/detail/uav_detect_result__type_support.c
[2.855s] -- Up-to-date: /home/dji/DJI_workshop/LZP_PSDK/ros2_workplace/install/uav_detect_result/include/uav_detect_result/uav_detect_result/msg/detail/uav_detect_result__rosidl_typesupport_introspection_c.h
[2.856s] -- Up-to-date: /home/dji/DJI_workshop/LZP_PSDK/ros2_workplace/install/uav_detect_result/include/uav_detect_result/uav_detect_result/msg/rosidl_typesupport_introspection_c__visibility_control.h
[2.856s] -- Installing: /home/dji/DJI_workshop/LZP_PSDK/ros2_workplace/install/uav_detect_result/lib/libuav_detect_result__rosidl_typesupport_introspection_c.so
[2.856s] -- Set runtime path of "/home/dji/DJI_workshop/LZP_PSDK/ros2_workplace/install/uav_detect_result/lib/libuav_detect_result__rosidl_typesupport_introspection_c.so" to ""
[2.856s] -- Installing: /home/dji/DJI_workshop/LZP_PSDK/ros2_workplace/install/uav_detect_result/lib/libuav_detect_result__rosidl_typesupport_c.so
[2.857s] -- Set runtime path of "/home/dji/DJI_workshop/LZP_PSDK/ros2_workplace/install/uav_detect_result/lib/libuav_detect_result__rosidl_typesupport_c.so" to ""
[2.862s] -- Up-to-date: /home/dji/DJI_workshop/LZP_PSDK/ros2_workplace/install/uav_detect_result/include/uav_detect_result/uav_detect_result
[2.862s] -- Up-to-date: /home/dji/DJI_workshop/LZP_PSDK/ros2_workplace/install/uav_detect_result/include/uav_detect_result/uav_detect_result/msg
[2.862s] -- Up-to-date: /home/dji/DJI_workshop/LZP_PSDK/ros2_workplace/install/uav_detect_result/include/uav_detect_result/uav_detect_result/msg/detail
[2.862s] -- Up-to-date: /home/dji/DJI_workshop/LZP_PSDK/ros2_workplace/install/uav_detect_result/include/uav_detect_result/uav_detect_result/msg/detail/uav_detect_result__struct.hpp
[2.863s] -- Up-to-date: /home/dji/DJI_workshop/LZP_PSDK/ros2_workplace/install/uav_detect_result/include/uav_detect_result/uav_detect_result/msg/detail/uav_detect_result__traits.hpp
[2.863s] -- Up-to-date: /home/dji/DJI_workshop/LZP_PSDK/ros2_workplace/install/uav_detect_result/include/uav_detect_result/uav_detect_result/msg/detail/uav_detect_result__builder.hpp
[2.863s] -- Up-to-date: /home/dji/DJI_workshop/LZP_PSDK/ros2_workplace/install/uav_detect_result/include/uav_detect_result/uav_detect_result/msg/uav_detect_result.hpp
[2.863s] -- Up-to-date: /home/dji/DJI_workshop/LZP_PSDK/ros2_workplace/install/uav_detect_result/include/uav_detect_result/uav_detect_result
[2.863s] -- Up-to-date: /home/dji/DJI_workshop/LZP_PSDK/ros2_workplace/install/uav_detect_result/include/uav_detect_result/uav_detect_result/msg
[2.863s] -- Up-to-date: /home/dji/DJI_workshop/LZP_PSDK/ros2_workplace/install/uav_detect_result/include/uav_detect_result/uav_detect_result/msg/rosidl_typesupport_fastrtps_cpp__visibility_control.h
[2.863s] -- Up-to-date: /home/dji/DJI_workshop/LZP_PSDK/ros2_workplace/install/uav_detect_result/include/uav_detect_result/uav_detect_result/msg/detail
[2.864s] -- Up-to-date: /home/dji/DJI_workshop/LZP_PSDK/ros2_workplace/install/uav_detect_result/include/uav_detect_result/uav_detect_result/msg/detail/uav_detect_result__rosidl_typesupport_fastrtps_cpp.hpp
[2.864s] -- Up-to-date: /home/dji/DJI_workshop/LZP_PSDK/ros2_workplace/install/uav_detect_result/include/uav_detect_result/uav_detect_result/msg/detail/dds_fastrtps
[2.864s] -- Installing: /home/dji/DJI_workshop/LZP_PSDK/ros2_workplace/install/uav_detect_result/lib/libuav_detect_result__rosidl_typesupport_fastrtps_cpp.so
[2.864s] -- Up-to-date: /home/dji/DJI_workshop/LZP_PSDK/ros2_workplace/install/uav_detect_result/include/uav_detect_result/uav_detect_result
[2.864s] -- Up-to-date: /home/dji/DJI_workshop/LZP_PSDK/ros2_workplace/install/uav_detect_result/include/uav_detect_result/uav_detect_result/msg
[2.864s] -- Up-to-date: /home/dji/DJI_workshop/LZP_PSDK/ros2_workplace/install/uav_detect_result/include/uav_detect_result/uav_detect_result/msg/detail
[2.864s] -- Up-to-date: /home/dji/DJI_workshop/LZP_PSDK/ros2_workplace/install/uav_detect_result/include/uav_detect_result/uav_detect_result/msg/detail/uav_detect_result__rosidl_typesupport_introspection_cpp.hpp
[2.864s] -- Up-to-date: /home/dji/DJI_workshop/LZP_PSDK/ros2_workplace/install/uav_detect_result/include/uav_detect_result/uav_detect_result/msg/detail/uav_detect_result__type_support.cpp
[2.865s] -- Installing: /home/dji/DJI_workshop/LZP_PSDK/ros2_workplace/install/uav_detect_result/lib/libuav_detect_result__rosidl_typesupport_introspection_cpp.so
[2.865s] -- Installing: /home/dji/DJI_workshop/LZP_PSDK/ros2_workplace/install/uav_detect_result/lib/libuav_detect_result__rosidl_typesupport_cpp.so
[2.865s] -- Up-to-date: /home/dji/DJI_workshop/LZP_PSDK/ros2_workplace/install/uav_detect_result/share/uav_detect_result/environment/pythonpath.sh
[2.865s] -- Up-to-date: /home/dji/DJI_workshop/LZP_PSDK/ros2_workplace/install/uav_detect_result/share/uav_detect_result/environment/pythonpath.dsv
[2.865s] -- Up-to-date: /home/dji/DJI_workshop/LZP_PSDK/ros2_workplace/install/uav_detect_result/lib/python3.10/site-packages/uav_detect_result-0.0.0-py3.10.egg-info
[2.865s] -- Installing: /home/dji/DJI_workshop/LZP_PSDK/ros2_workplace/install/uav_detect_result/lib/python3.10/site-packages/uav_detect_result-0.0.0-py3.10.egg-info/top_level.txt
[2.865s] -- Installing: /home/dji/DJI_workshop/LZP_PSDK/ros2_workplace/install/uav_detect_result/lib/python3.10/site-packages/uav_detect_result-0.0.0-py3.10.egg-info/SOURCES.txt
[2.865s] -- Installing: /home/dji/DJI_workshop/LZP_PSDK/ros2_workplace/install/uav_detect_result/lib/python3.10/site-packages/uav_detect_result-0.0.0-py3.10.egg-info/dependency_links.txt
[2.866s] -- Installing: /home/dji/DJI_workshop/LZP_PSDK/ros2_workplace/install/uav_detect_result/lib/python3.10/site-packages/uav_detect_result-0.0.0-py3.10.egg-info/PKG-INFO
[2.866s] -- Up-to-date: /home/dji/DJI_workshop/LZP_PSDK/ros2_workplace/install/uav_detect_result/lib/python3.10/site-packages/uav_detect_result
[2.866s] -- Up-to-date: /home/dji/DJI_workshop/LZP_PSDK/ros2_workplace/install/uav_detect_result/lib/python3.10/site-packages/uav_detect_result/__init__.py
[2.866s] -- Up-to-date: /home/dji/DJI_workshop/LZP_PSDK/ros2_workplace/install/uav_detect_result/lib/python3.10/site-packages/uav_detect_result/_uav_detect_result_s.ep.rosidl_typesupport_introspection_c.c
[2.866s] -- Up-to-date: /home/dji/DJI_workshop/LZP_PSDK/ros2_workplace/install/uav_detect_result/lib/python3.10/site-packages/uav_detect_result/msg
[2.866s] -- Up-to-date: /home/dji/DJI_workshop/LZP_PSDK/ros2_workplace/install/uav_detect_result/lib/python3.10/site-packages/uav_detect_result/msg/_uav_detect_result.py
[2.870s] -- Up-to-date: /home/dji/DJI_workshop/LZP_PSDK/ros2_workplace/install/uav_detect_result/lib/python3.10/site-packages/uav_detect_result/msg/__init__.py
[2.870s] -- Up-to-date: /home/dji/DJI_workshop/LZP_PSDK/ros2_workplace/install/uav_detect_result/lib/python3.10/site-packages/uav_detect_result/msg/_uav_detect_result_s.c
[2.871s] -- Up-to-date: /home/dji/DJI_workshop/LZP_PSDK/ros2_workplace/install/uav_detect_result/lib/python3.10/site-packages/uav_detect_result/uav_detect_result_s__rosidl_typesupport_c.cpython-310-aarch64-linux-gnu.so
[2.871s] -- Up-to-date: /home/dji/DJI_workshop/LZP_PSDK/ros2_workplace/install/uav_detect_result/lib/python3.10/site-packages/uav_detect_result/uav_detect_result_s__rosidl_typesupport_introspection_c.cpython-310-aarch64-linux-gnu.so
[2.871s] -- Up-to-date: /home/dji/DJI_workshop/LZP_PSDK/ros2_workplace/install/uav_detect_result/lib/python3.10/site-packages/uav_detect_result/libuav_detect_result__rosidl_generator_py.so
[2.871s] -- Up-to-date: /home/dji/DJI_workshop/LZP_PSDK/ros2_workplace/install/uav_detect_result/lib/python3.10/site-packages/uav_detect_result/_uav_detect_result_s.ep.rosidl_typesupport_fastrtps_c.c
[2.871s] -- Up-to-date: /home/dji/DJI_workshop/LZP_PSDK/ros2_workplace/install/uav_detect_result/lib/python3.10/site-packages/uav_detect_result/_uav_detect_result_s.ep.rosidl_typesupport_c.c
[2.871s] -- Up-to-date: /home/dji/DJI_workshop/LZP_PSDK/ros2_workplace/install/uav_detect_result/lib/python3.10/site-packages/uav_detect_result/uav_detect_result_s__rosidl_typesupport_fastrtps_c.cpython-310-aarch64-linux-gnu.so
[2.920s] Listing 'lib/python3.10/site-packages/uav_detect_result'...
[2.920s] Can't list 'lib/python3.10/site-packages/uav_detect_result'
[2.931s] -- Installing: /home/dji/DJI_workshop/LZP_PSDK/ros2_workplace/install/uav_detect_result/lib/python3.10/site-packages/uav_detect_result/uav_detect_result_s__rosidl_typesupport_fastrtps_c.cpython-310-aarch64-linux-gnu.so
[2.932s] -- Set runtime path of "/home/dji/DJI_workshop/LZP_PSDK/ros2_workplace/install/uav_detect_result/lib/python3.10/site-packages/uav_detect_result/uav_detect_result_s__rosidl_typesupport_fastrtps_c.cpython-310-aarch64-linux-gnu.so" to ""
[2.933s] -- Installing: /home/dji/DJI_workshop/LZP_PSDK/ros2_workplace/install/uav_detect_result/lib/python3.10/site-packages/uav_detect_result/uav_detect_result_s__rosidl_typesupport_introspection_c.cpython-310-aarch64-linux-gnu.so
[2.933s] -- Set runtime path of "/home/dji/DJI_workshop/LZP_PSDK/ros2_workplace/install/uav_detect_result/lib/python3.10/site-packages/uav_detect_result/uav_detect_result_s__rosidl_typesupport_introspection_c.cpython-310-aarch64-linux-gnu.so" to ""
[2.934s] -- Installing: /home/dji/DJI_workshop/LZP_PSDK/ros2_workplace/install/uav_detect_result/lib/python3.10/site-packages/uav_detect_result/uav_detect_result_s__rosidl_typesupport_c.cpython-310-aarch64-linux-gnu.so
[2.935s] -- Set runtime path of "/home/dji/DJI_workshop/LZP_PSDK/ros2_workplace/install/uav_detect_result/lib/python3.10/site-packages/uav_detect_result/uav_detect_result_s__rosidl_typesupport_c.cpython-310-aarch64-linux-gnu.so" to ""
[2.935s] -- Installing: /home/dji/DJI_workshop/LZP_PSDK/ros2_workplace/install/uav_detect_result/lib/libuav_detect_result__rosidl_generator_py.so
[2.936s] -- Set runtime path of "/home/dji/DJI_workshop/LZP_PSDK/ros2_workplace/install/uav_detect_result/lib/libuav_detect_result__rosidl_generator_py.so" to ""
[2.936s] -- Up-to-date: /home/dji/DJI_workshop/LZP_PSDK/ros2_workplace/install/uav_detect_result/share/uav_detect_result/msg/UavDetectResult.idl
[2.936s] -- Up-to-date: /home/dji/DJI_workshop/LZP_PSDK/ros2_workplace/install/uav_detect_result/share/uav_detect_result/msg/UavDetectResult.msg
[2.937s] -- Up-to-date: /home/dji/DJI_workshop/LZP_PSDK/ros2_workplace/install/uav_detect_result/share/ament_index/resource_index/package_run_dependencies/uav_detect_result
[2.937s] -- Up-to-date: /home/dji/DJI_workshop/LZP_PSDK/ros2_workplace/install/uav_detect_result/share/ament_index/resource_index/parent_prefix_path/uav_detect_result
[2.937s] -- Up-to-date: /home/dji/DJI_workshop/LZP_PSDK/ros2_workplace/install/uav_detect_result/share/uav_detect_result/environment/ament_prefix_path.sh
[2.937s] -- Up-to-date: /home/dji/DJI_workshop/LZP_PSDK/ros2_workplace/install/uav_detect_result/share/uav_detect_result/environment/ament_prefix_path.dsv
[2.937s] -- Up-to-date: /home/dji/DJI_workshop/LZP_PSDK/ros2_workplace/install/uav_detect_result/share/uav_detect_result/environment/path.sh
[2.937s] -- Up-to-date: /home/dji/DJI_workshop/LZP_PSDK/ros2_workplace/install/uav_detect_result/share/uav_detect_result/environment/path.dsv
[2.938s] -- Up-to-date: /home/dji/DJI_workshop/LZP_PSDK/ros2_workplace/install/uav_detect_result/share/uav_detect_result/local_setup.bash
[2.938s] -- Up-to-date: /home/dji/DJI_workshop/LZP_PSDK/ros2_workplace/install/uav_detect_result/share/uav_detect_result/local_setup.sh
[2.938s] -- Up-to-date: /home/dji/DJI_workshop/LZP_PSDK/ros2_workplace/install/uav_detect_result/share/uav_detect_result/local_setup.zsh
[2.938s] -- Up-to-date: /home/dji/DJI_workshop/LZP_PSDK/ros2_workplace/install/uav_detect_result/share/uav_detect_result/local_setup.dsv
[2.938s] -- Installing: /home/dji/DJI_workshop/LZP_PSDK/ros2_workplace/install/uav_detect_result/share/uav_detect_result/package.dsv
[2.938s] -- Up-to-date: /home/dji/DJI_workshop/LZP_PSDK/ros2_workplace/install/uav_detect_result/share/ament_index/resource_index/packages/uav_detect_result
[2.939s] -- Up-to-date: /home/dji/DJI_workshop/LZP_PSDK/ros2_workplace/install/uav_detect_result/share/uav_detect_result/cmake/export_uav_detect_result__rosidl_generator_cExport.cmake
[2.939s] -- Up-to-date: /home/dji/DJI_workshop/LZP_PSDK/ros2_workplace/install/uav_detect_result/share/uav_detect_result/cmake/export_uav_detect_result__rosidl_generator_cExport-noconfig.cmake
[2.939s] -- Up-to-date: /home/dji/DJI_workshop/LZP_PSDK/ros2_workplace/install/uav_detect_result/share/uav_detect_result/cmake/export_uav_detect_result__rosidl_typesupport_fastrtps_cExport.cmake
[2.940s] -- Up-to-date: /home/dji/DJI_workshop/LZP_PSDK/ros2_workplace/install/uav_detect_result/share/uav_detect_result/cmake/export_uav_detect_result__rosidl_typesupport_fastrtps_cExport-noconfig.cmake
[2.940s] -- Up-to-date: /home/dji/DJI_workshop/LZP_PSDK/ros2_workplace/install/uav_detect_result/share/uav_detect_result/cmake/uav_detect_result__rosidl_typesupport_introspection_cExport.cmake
[2.940s] -- Up-to-date: /home/dji/DJI_workshop/LZP_PSDK/ros2_workplace/install/uav_detect_result/share/uav_detect_result/cmake/uav_detect_result__rosidl_typesupport_introspection_cExport-noconfig.cmake
[2.940s] -- Up-to-date: /home/dji/DJI_workshop/LZP_PSDK/ros2_workplace/install/uav_detect_result/share/uav_detect_result/cmake/uav_detect_result__rosidl_typesupport_cExport.cmake
[2.940s] -- Up-to-date: /home/dji/DJI_workshop/LZP_PSDK/ros2_workplace/install/uav_detect_result/share/uav_detect_result/cmake/uav_detect_result__rosidl_typesupport_cExport-noconfig.cmake
[2.941s] -- Up-to-date: /home/dji/DJI_workshop/LZP_PSDK/ros2_workplace/install/uav_detect_result/share/uav_detect_result/cmake/export_uav_detect_result__rosidl_generator_cppExport.cmake
[2.941s] -- Up-to-date: /home/dji/DJI_workshop/LZP_PSDK/ros2_workplace/install/uav_detect_result/share/uav_detect_result/cmake/export_uav_detect_result__rosidl_typesupport_fastrtps_cppExport.cmake
[2.941s] -- Up-to-date: /home/dji/DJI_workshop/LZP_PSDK/ros2_workplace/install/uav_detect_result/share/uav_detect_result/cmake/export_uav_detect_result__rosidl_typesupport_fastrtps_cppExport-noconfig.cmake
[2.941s] -- Up-to-date: /home/dji/DJI_workshop/LZP_PSDK/ros2_workplace/install/uav_detect_result/share/uav_detect_result/cmake/uav_detect_result__rosidl_typesupport_introspection_cppExport.cmake
[2.942s] -- Up-to-date: /home/dji/DJI_workshop/LZP_PSDK/ros2_workplace/install/uav_detect_result/share/uav_detect_result/cmake/uav_detect_result__rosidl_typesupport_introspection_cppExport-noconfig.cmake
[2.942s] -- Up-to-date: /home/dji/DJI_workshop/LZP_PSDK/ros2_workplace/install/uav_detect_result/share/uav_detect_result/cmake/uav_detect_result__rosidl_typesupport_cppExport.cmake
[2.942s] -- Up-to-date: /home/dji/DJI_workshop/LZP_PSDK/ros2_workplace/install/uav_detect_result/share/uav_detect_result/cmake/uav_detect_result__rosidl_typesupport_cppExport-noconfig.cmake
[2.942s] -- Up-to-date: /home/dji/DJI_workshop/LZP_PSDK/ros2_workplace/install/uav_detect_result/share/uav_detect_result/cmake/export_uav_detect_result__rosidl_generator_pyExport.cmake
[2.942s] -- Up-to-date: /home/dji/DJI_workshop/LZP_PSDK/ros2_workplace/install/uav_detect_result/share/uav_detect_result/cmake/export_uav_detect_result__rosidl_generator_pyExport-noconfig.cmake
[2.943s] -- Up-to-date: /home/dji/DJI_workshop/LZP_PSDK/ros2_workplace/install/uav_detect_result/share/uav_detect_result/cmake/rosidl_cmake-extras.cmake
[2.943s] -- Up-to-date: /home/dji/DJI_workshop/LZP_PSDK/ros2_workplace/install/uav_detect_result/share/uav_detect_result/cmake/ament_cmake_export_include_directories-extras.cmake
[2.943s] -- Up-to-date: /home/dji/DJI_workshop/LZP_PSDK/ros2_workplace/install/uav_detect_result/share/uav_detect_result/cmake/ament_cmake_export_libraries-extras.cmake
[2.943s] -- Up-to-date: /home/dji/DJI_workshop/LZP_PSDK/ros2_workplace/install/uav_detect_result/share/uav_detect_result/cmake/ament_cmake_export_targets-extras.cmake
[2.943s] -- Up-to-date: /home/dji/DJI_workshop/LZP_PSDK/ros2_workplace/install/uav_detect_result/share/uav_detect_result/cmake/rosidl_cmake_export_typesupport_targets-extras.cmake
[2.943s] -- Up-to-date: /home/dji/DJI_workshop/LZP_PSDK/ros2_workplace/install/uav_detect_result/share/uav_detect_result/cmake/ament_cmake_export_dependencies-extras.cmake
[2.944s] -- Up-to-date: /home/dji/DJI_workshop/LZP_PSDK/ros2_workplace/install/uav_detect_result/share/uav_detect_result/cmake/rosidl_cmake_export_typesupport_libraries-extras.cmake
[2.944s] -- Up-to-date: /home/dji/DJI_workshop/LZP_PSDK/ros2_workplace/install/uav_detect_result/share/uav_detect_result/cmake/uav_detect_resultConfig.cmake
[2.944s] -- Up-to-date: /home/dji/DJI_workshop/LZP_PSDK/ros2_workplace/install/uav_detect_result/share/uav_detect_result/cmake/uav_detect_resultConfig-version.cmake
[2.944s] -- Up-to-date: /home/dji/DJI_workshop/LZP_PSDK/ros2_workplace/install/uav_detect_result/share/uav_detect_result/package.xml
[2.947s] Invoked command in '/home/dji/DJI_workshop/LZP_PSDK/ros2_workplace/build/uav_detect_result' returned '0': CONDA_PROMPT_MODIFIER=(ros2_humble) /open_app/miniconda3/envs/ros2_humble/bin/cmake --install /home/dji/DJI_workshop/LZP_PSDK/ros2_workplace/build/uav_detect_result
