[0.027s] Invoking command in '/home/dji/DJI_workshop/LZP_PSDK/ros2_workplace/build/uav_detect_result': CONDA_PROMPT_MODIFIER=(ros2_humble) /open_app/miniconda3/envs/ros2_humble/bin/cmake --build /home/dji/DJI_workshop/LZP_PSDK/ros2_workplace/build/uav_detect_result -- -j4 -l4
[0.097s] [  3%] Built target uav_detect_result__cpp
[0.134s] [  3%] Built target ament_cmake_python_copy_uav_detect_result
[0.163s] [ 12%] Built target uav_detect_result__rosidl_typesupport_fastrtps_cpp
[0.192s] [ 22%] Built target uav_detect_result__rosidl_typesupport_introspection_cpp
[1.330s] running egg_info
[1.471s] writing uav_detect_result.egg-info/PKG-INFO
[1.581s] writing dependency_links to uav_detect_result.egg-info/dependency_links.txt
[2.186s] writing top-level names to uav_detect_result.egg-info/top_level.txt
[2.368s] reading manifest file 'uav_detect_result.egg-info/SOURCES.txt'
[2.369s] writing manifest file 'uav_detect_result.egg-info/SOURCES.txt'
[2.474s] [ 22%] Built target ament_cmake_python_build_uav_detect_result_egg
[2.500s] [ 41%] Built target uav_detect_result__rosidl_generator_c
[2.500s] [ 41%] Built target uav_detect_result__rosidl_typesupport_cpp
[2.527s] [ 51%] Built target uav_detect_result__rosidl_typesupport_c
[2.529s] [ 64%] Built target uav_detect_result__rosidl_typesupport_fastrtps_c
[2.529s] [ 70%] Built target uav_detect_result__rosidl_typesupport_introspection_c
[2.555s] [ 70%] Built target uav_detect_result
[2.579s] [ 74%] Built target uav_detect_result__py
[2.606s] [ 80%] Built target uav_detect_result__rosidl_generator_py
[2.635s] [ 96%] Built target uav_detect_result__rosidl_typesupport_c__pyext
[2.635s] [ 96%] Built target uav_detect_result__rosidl_typesupport_fastrtps_c__pyext
[2.636s] [100%] Built target uav_detect_result__rosidl_typesupport_introspection_c__pyext
