-- Found ament_cmake: 1.3.3 (/open_app/miniconda3/envs/ros2_humble/share/ament_cmake/cmake)
-- Found rosidl_default_generators: 1.2.0 (/open_app/miniconda3/envs/ros2_humble/share/rosidl_default_generators/cmake)
-- Using all available rosidl_typesupport_c: rosidl_typesupport_fastrtps_c;rosidl_typesupport_introspection_c
-- Found rosidl_adapter: 3.1.4 (/open_app/miniconda3/envs/ros2_humble/share/rosidl_adapter/cmake)
-- Using all available rosidl_typesupport_cpp: rosidl_typesupport_fastrtps_cpp;rosidl_typesupport_introspection_cpp
-- Found ament_cmake_ros: 0.10.0 (/open_app/miniconda3/envs/ros2_humble/share/ament_cmake_ros/cmake)
-- Using all available rosidl_typesupport_c: rosidl_typesupport_fastrtps_c;rosidl_typesupport_introspection_c
-- Using all available rosidl_typesupport_cpp: rosidl_typesupport_fastrtps_cpp;rosidl_typesupport_introspection_cpp
-- Found python_cmake_module: 0.10.0 (/open_app/miniconda3/envs/ros2_humble/share/python_cmake_module/cmake)
-- Using PYTHON_EXECUTABLE: /open_app/miniconda3/envs/ros2_humble/bin/python3
-- Using PYTHON_INCLUDE_DIRS: /open_app/miniconda3/envs/ros2_humble/include/python3.10
-- Using PYTHON_LIBRARIES: /open_app/miniconda3/envs/ros2_humble/lib/libpython3.10.so
[31mCMake Error at /open_app/miniconda3/envs/ros2_humble/share/cmake-3.26/Modules/FindPackageHandleStandardArgs.cmake:230 (message):
  Could NOT find Python3 (missing: Python3_NumPy_INCLUDE_DIRS NumPy) (found
  version "3.10.13")
Call Stack (most recent call first):
  /open_app/miniconda3/envs/ros2_humble/share/cmake-3.26/Modules/FindPackageHandleStandardArgs.cmake:600 (_FPHSA_FAILURE_MESSAGE)
  /open_app/miniconda3/envs/ros2_humble/share/cmake-3.26/Modules/FindPython/Support.cmake:3766 (find_package_handle_standard_args)
  /open_app/miniconda3/envs/ros2_humble/share/cmake-3.26/Modules/FindPython3.cmake:551 (include)
  /open_app/miniconda3/envs/ros2_humble/share/rosidl_generator_py/cmake/rosidl_generator_py_generate_interfaces.cmake:24 (find_package)
  /open_app/miniconda3/envs/ros2_humble/share/ament_cmake_core/cmake/core/ament_execute_extensions.cmake:48 (include)
  /open_app/miniconda3/envs/ros2_humble/share/rosidl_cmake/cmake/rosidl_generate_interfaces.cmake:286 (ament_execute_extensions)
  CMakeLists.txt:16 (rosidl_generate_interfaces)

[0m
-- Configuring incomplete, errors occurred!
