In file included from [01m[K/home/dji/DJI_workshop/LZP_PSDK/ros2_workplace/src/dji_precision_capture/src/main.cpp:15[m[K:
[01m[K/home/dji/DJI_workshop/LZP_PSDK/ros2_workplace/src/dji_precision_capture/./include/camera_controller.h:48:63:[m[K [01;35m[Kwarning: [m[KISO C++11 requires at least one argument for the "..." in a variadic macro
   48 |         USER_LOG_INFO("--> Step 1: Init camera manager module"[01;35m[K)[m[K;
      |                                                               [01;35m[K^[m[K
[01m[K/home/dji/DJI_workshop/LZP_PSDK/ros2_workplace/src/dji_precision_capture/./include/camera_controller.h:54:64:[m[K [01;35m[Kwarning: [m[KISO C++11 requires at least one argument for the "..." in a variadic macro
   54 |         USER_LOG_INFO("--> Step 2: Get camera type and version"[01;35m[K)[m[K;
      |                                                                [01;35m[K^[m[K
[01m[K/home/dji/DJI_workshop/LZP_PSDK/ros2_workplace/src/dji_precision_capture/./include/camera_controller.h:71:63:[m[K [01;35m[Kwarning: [m[KISO C++11 requires at least one argument for the "..." in a variadic macro
   71 |         USER_LOG_INFO("--> Step 1: Init gimbal manager module"[01;35m[K)[m[K;
      |                                                               [01;35m[K^[m[K
[01m[K/home/dji/DJI_workshop/LZP_PSDK/ros2_workplace/src/dji_precision_capture/./include/camera_controller.h:77:60:[m[K [01;35m[Kwarning: [m[KISO C++11 requires at least one argument for the "..." in a variadic macro
   77 |         USER_LOG_INFO("--> Step 2: Set gimbal to free mode"[01;35m[K)[m[K;
      |                                                            [01;35m[K^[m[K
[01m[K/home/dji/DJI_workshop/LZP_PSDK/ros2_workplace/src/dji_precision_capture/./include/camera_controller.h:80:61:[m[K [01;35m[Kwarning: [m[KISO C++11 requires at least one argument for the "..." in a variadic macro
   80 |         USER_LOG_INFO("--> Step 3: Reset gimbal angles.\r\n"[01;35m[K)[m[K;
      |                                                             [01;35m[K^[m[K
[01m[K/home/dji/DJI_workshop/LZP_PSDK/ros2_workplace/src/dji_precision_capture/./include/camera_controller.h:88:67:[m[K [01;35m[Kwarning: [m[KISO C++11 requires at least one argument for the "..." in a variadic macro
   88 |         USER_LOG_INFO("--> Step 1: Init gimbal data subscribation"[01;35m[K)[m[K;
      |                                                                   [01;35m[K^[m[K
In file included from [01m[K/home/dji/DJI_workshop/LZP_PSDK/ros2_workplace/src/dji_precision_capture/../../../Payload-SDK/samples/sample_c++/platform/linux/manifold3/../my_code/gimbal_manager.h:12[m[K,
                 from [01m[K/home/dji/DJI_workshop/LZP_PSDK/ros2_workplace/src/dji_precision_capture/src/main.cpp:13[m[K:
[01m[K/home/dji/DJI_workshop/LZP_PSDK/ros2_workplace/src/dji_precision_capture/../../../Payload-SDK/samples/sample_c++/platform/linux/manifold3/../../../../../psdk_lib/include/dji_fc_subscription.h:1210:16:[m[K [01;35m[Kwarning: [m[KISO C++ prohibits anonymous structs [[01;35m[K]8;;https://gcc.gnu.org/onlinedocs/gcc-14.3.0/gcc/Warning-Options.html#index-Wno-pedantic-Wpedantic]8;;[m[K]
 1210 |         struct [01;35m[K{[m[K
      |                [01;35m[K^[m[K
[01m[K/home/dji/DJI_workshop/LZP_PSDK/ros2_workplace/src/dji_precision_capture/../../../Payload-SDK/samples/sample_c++/platform/linux/manifold3/../../../../../psdk_lib/include/dji_fc_subscription.h:1219:16:[m[K [01;35m[Kwarning: [m[KISO C++ prohibits anonymous structs [[01;35m[K]8;;https://gcc.gnu.org/onlinedocs/gcc-14.3.0/gcc/Warning-Options.html#index-Wno-pedantic-Wpedantic]8;;[m[K]
 1219 |         struct [01;35m[K{[m[K
      |                [01;35m[K^[m[K
