In file included from [01m[K/home/dji/DJI_workshop/LZP_PSDK/ros2_workplace/src/yolo_detect/src/main.cpp:18[m[K:
[01m[K/home/dji/DJI_workshop/LZP_PSDK/ros2_workplace/src/yolo_detect/./include/ai_detect.h:90:48:[m[K [01;35m[Kwarning: [m[KISO C++11 requires at least one argument for the "..." in a variadic macro
   90 |         USER_LOG_INFO("Input cammera sourece: "[01;35m[K)[m[K;
      |                                                [01;35m[K^[m[K
[01m[K/home/dji/DJI_workshop/LZP_PSDK/ros2_workplace/src/yolo_detect/./include/ai_detect.h:93:48:[m[K [01;35m[Kwarning: [m[KISO C++11 requires at least one argument for the "..." in a variadic macro
   93 |             case 0:USER_LOG_INFO("app liveview"[01;35m[K)[m[K;break;
      |                                                [01;35m[K^[m[K
[01m[K/home/dji/DJI_workshop/LZP_PSDK/ros2_workplace/src/yolo_detect/./include/ai_detect.h:94:50:[m[K [01;35m[Kwarning: [m[KISO C++11 requires at least one argument for the "..." in a variadic macro
   94 |             case 1:USER_LOG_INFO("1080P for H30T"[01;35m[K)[m[K;break;
      |                                                  [01;35m[K^[m[K
[01m[K/home/dji/DJI_workshop/LZP_PSDK/ros2_workplace/src/yolo_detect/./include/ai_detect.h:95:47:[m[K [01;35m[Kwarning: [m[KISO C++11 requires at least one argument for the "..." in a variadic macro
   95 |             case 7:USER_LOG_INFO("4k for H30T"[01;35m[K)[m[K;break;
      |                                               [01;35m[K^[m[K
[01m[K/home/dji/DJI_workshop/LZP_PSDK/ros2_workplace/src/yolo_detect/./include/ai_detect.h:136:46:[m[K [01;35m[Kwarning: [m[KISO C++11 requires at least one argument for the "..." in a variadic macro
  136 |         USER_LOG_INFO("step 1: init liveview"[01;35m[K)[m[K;
      |                                              [01;35m[K^[m[K
[01m[K/home/dji/DJI_workshop/LZP_PSDK/ros2_workplace/src/yolo_detect/./include/ai_detect.h:155:53:[m[K [01;35m[Kwarning: [m[KISO C++11 requires at least one argument for the "..." in a variadic macro
  155 |         USER_LOG_INFO("step 2: reg encoder callback"[01;35m[K)[m[K;
      |                                                     [01;35m[K^[m[K
[01m[K/home/dji/DJI_workshop/LZP_PSDK/ros2_workplace/src/yolo_detect/./include/ai_detect.h:162:48:[m[K [01;35m[Kwarning: [m[KISO C++11 requires at least one argument for the "..." in a variadic macro
  162 |         USER_LOG_INFO("step 3:start yuv stream"[01;35m[K)[m[K;
      |                                                [01;35m[K^[m[K
[01m[K/home/dji/DJI_workshop/LZP_PSDK/ros2_workplace/src/yolo_detect/./include/ai_detect.h:343:67:[m[K [01;35m[Kwarning: [m[KISO C++11 requires at least one argument for the "..." in a variadic macro
  343 |         USER_LOG_WARN("The image queue is full. Drop this strike."[01;35m[K)[m[K;
      |                                                                   [01;35m[K^[m[K
[01m[K/home/dji/DJI_workshop/LZP_PSDK/ros2_workplace/src/yolo_detect/./include/ai_detect.h:389:50:[m[K [01;35m[Kwarning: [m[KISO C++11 requires at least one argument for the "..." in a variadic macro
  389 |         USER_LOG_ERROR( "output.h264 is not open"[01;35m[K)[m[K;
      |                                                  [01;35m[K^[m[K
[01m[K/home/dji/DJI_workshop/LZP_PSDK/ros2_workplace/src/yolo_detect/./include/ai_detect.h:398:50:[m[K [01;35m[Kwarning: [m[KISO C++11 requires at least one argument for the "..." in a variadic macro
  398 |         USER_LOG_ERROR( "outyuv.h264 is not open"[01;35m[K)[m[K;
      |                                                  [01;35m[K^[m[K
In file included from [01m[K/home/dji/DJI_workshop/LZP_PSDK/ros2_workplace/src/yolo_detect/../../../Payload-SDK/samples/sample_c++/platform/linux/manifold3/../my_code/gimbal_manager.h:12[m[K,
                 from [01m[K/home/dji/DJI_workshop/LZP_PSDK/ros2_workplace/src/yolo_detect/src/main.cpp:13[m[K:
[01m[K/home/dji/DJI_workshop/LZP_PSDK/ros2_workplace/src/yolo_detect/../../../Payload-SDK/samples/sample_c++/platform/linux/manifold3/../../../../../psdk_lib/include/dji_fc_subscription.h:1210:16:[m[K [01;35m[Kwarning: [m[KISO C++ prohibits anonymous structs [[01;35m[K]8;;https://gcc.gnu.org/onlinedocs/gcc-14.3.0/gcc/Warning-Options.html#index-Wno-pedantic-Wpedantic]8;;[m[K]
 1210 |         struct [01;35m[K{[m[K
      |                [01;35m[K^[m[K
[01m[K/home/dji/DJI_workshop/LZP_PSDK/ros2_workplace/src/yolo_detect/../../../Payload-SDK/samples/sample_c++/platform/linux/manifold3/../../../../../psdk_lib/include/dji_fc_subscription.h:1219:16:[m[K [01;35m[Kwarning: [m[KISO C++ prohibits anonymous structs [[01;35m[K]8;;https://gcc.gnu.org/onlinedocs/gcc-14.3.0/gcc/Warning-Options.html#index-Wno-pedantic-Wpedantic]8;;[m[K]
 1219 |         struct [01;35m[K{[m[K
      |                [01;35m[K^[m[K
make[2]: *** [CMakeFiles/yolo_detect.dir/build.make:76: CMakeFiles/yolo_detect.dir/src/main.cpp.o] Interrupt
make[1]: *** [CMakeFiles/Makefile2:85: CMakeFiles/yolo_detect.dir/all] Interrupt
make: *** [Makefile:146: all] Interrupt
