[0.053s] Invoking command in '/home/dji/DJI_workshop/LZP_PSDK/ros2_workplace/build/yolo_detect': CONDA_PROMPT_MODIFIER=(ros2_humble) /open_app/miniconda3/envs/ros2_humble/bin/cmake --build /home/dji/DJI_workshop/LZP_PSDK/ros2_workplace/build/yolo_detect -- -j4 -l4
[0.480s] [  1%] [32mBuilding CXX object CMakeFiles/yolo_detect.dir/src/main.cpp.o[0m
[1.688s] In file included from [01m[K/home/dji/DJI_workshop/LZP_PSDK/ros2_workplace/src/yolo_detect/src/main.cpp:18[m[K:
[1.688s] [01m[K/home/dji/DJI_workshop/LZP_PSDK/ros2_workplace/src/yolo_detect/./include/ai_detect.h:90:48:[m[K [01;35m[Kwarning: [m[KISO C++11 requires at least one argument for the "..." in a variadic macro
[1.689s]    90 |         USER_LOG_INFO("Input cammera sourece: "[01;35m[K)[m[K;
[1.690s]       |                                                [01;35m[K^[m[K
[1.690s] [01m[K/home/dji/DJI_workshop/LZP_PSDK/ros2_workplace/src/yolo_detect/./include/ai_detect.h:93:48:[m[K [01;35m[Kwarning: [m[KISO C++11 requires at least one argument for the "..." in a variadic macro
[1.690s]    93 |             case 0:USER_LOG_INFO("app liveview"[01;35m[K)[m[K;break;
[1.691s]       |                                                [01;35m[K^[m[K
[1.691s] [01m[K/home/dji/DJI_workshop/LZP_PSDK/ros2_workplace/src/yolo_detect/./include/ai_detect.h:94:50:[m[K [01;35m[Kwarning: [m[KISO C++11 requires at least one argument for the "..." in a variadic macro
[1.691s]    94 |             case 1:USER_LOG_INFO("1080P for H30T"[01;35m[K)[m[K;break;
[1.691s]       |                                                  [01;35m[K^[m[K
[1.691s] [01m[K/home/dji/DJI_workshop/LZP_PSDK/ros2_workplace/src/yolo_detect/./include/ai_detect.h:95:47:[m[K [01;35m[Kwarning: [m[KISO C++11 requires at least one argument for the "..." in a variadic macro
[1.691s]    95 |             case 7:USER_LOG_INFO("4k for H30T"[01;35m[K)[m[K;break;
[1.692s]       |                                               [01;35m[K^[m[K
[1.692s] [01m[K/home/dji/DJI_workshop/LZP_PSDK/ros2_workplace/src/yolo_detect/./include/ai_detect.h:136:46:[m[K [01;35m[Kwarning: [m[KISO C++11 requires at least one argument for the "..." in a variadic macro
[1.692s]   136 |         USER_LOG_INFO("step 1: init liveview"[01;35m[K)[m[K;
[1.692s]       |                                              [01;35m[K^[m[K
[1.698s] [01m[K/home/dji/DJI_workshop/LZP_PSDK/ros2_workplace/src/yolo_detect/./include/ai_detect.h:155:53:[m[K [01;35m[Kwarning: [m[KISO C++11 requires at least one argument for the "..." in a variadic macro
[1.699s]   155 |         USER_LOG_INFO("step 2: reg encoder callback"[01;35m[K)[m[K;
[1.699s]       |                                                     [01;35m[K^[m[K
[1.699s] [01m[K/home/dji/DJI_workshop/LZP_PSDK/ros2_workplace/src/yolo_detect/./include/ai_detect.h:162:48:[m[K [01;35m[Kwarning: [m[KISO C++11 requires at least one argument for the "..." in a variadic macro
[1.699s]   162 |         USER_LOG_INFO("step 3:start yuv stream"[01;35m[K)[m[K;
[1.699s]       |                                                [01;35m[K^[m[K
[1.700s] [01m[K/home/dji/DJI_workshop/LZP_PSDK/ros2_workplace/src/yolo_detect/./include/ai_detect.h:343:67:[m[K [01;35m[Kwarning: [m[KISO C++11 requires at least one argument for the "..." in a variadic macro
[1.700s]   343 |         USER_LOG_WARN("The image queue is full. Drop this strike."[01;35m[K)[m[K;
[1.700s]       |                                                                   [01;35m[K^[m[K
[1.700s] [01m[K/home/dji/DJI_workshop/LZP_PSDK/ros2_workplace/src/yolo_detect/./include/ai_detect.h:389:50:[m[K [01;35m[Kwarning: [m[KISO C++11 requires at least one argument for the "..." in a variadic macro
[1.700s]   389 |         USER_LOG_ERROR( "output.h264 is not open"[01;35m[K)[m[K;
[1.700s]       |                                                  [01;35m[K^[m[K
[1.706s] [01m[K/home/dji/DJI_workshop/LZP_PSDK/ros2_workplace/src/yolo_detect/./include/ai_detect.h:398:50:[m[K [01;35m[Kwarning: [m[KISO C++11 requires at least one argument for the "..." in a variadic macro
[1.706s]   398 |         USER_LOG_ERROR( "outyuv.h264 is not open"[01;35m[K)[m[K;
[1.706s]       |                                                  [01;35m[K^[m[K
[2.298s] In file included from [01m[K/home/dji/DJI_workshop/LZP_PSDK/ros2_workplace/src/yolo_detect/../../../Payload-SDK/samples/sample_c++/platform/linux/manifold3/../my_code/gimbal_manager.h:12[m[K,
[2.298s]                  from [01m[K/home/dji/DJI_workshop/LZP_PSDK/ros2_workplace/src/yolo_detect/src/main.cpp:13[m[K:
[2.298s] [01m[K/home/dji/DJI_workshop/LZP_PSDK/ros2_workplace/src/yolo_detect/../../../Payload-SDK/samples/sample_c++/platform/linux/manifold3/../../../../../psdk_lib/include/dji_fc_subscription.h:1210:16:[m[K [01;35m[Kwarning: [m[KISO C++ prohibits anonymous structs [[01;35m[K]8;;https://gcc.gnu.org/onlinedocs/gcc-14.3.0/gcc/Warning-Options.html#index-Wno-pedantic-Wpedantic]8;;[m[K]
[2.298s]  1210 |         struct [01;35m[K{[m[K
[2.299s]       |                [01;35m[K^[m[K
[2.300s] [01m[K/home/dji/DJI_workshop/LZP_PSDK/ros2_workplace/src/yolo_detect/../../../Payload-SDK/samples/sample_c++/platform/linux/manifold3/../../../../../psdk_lib/include/dji_fc_subscription.h:1219:16:[m[K [01;35m[Kwarning: [m[KISO C++ prohibits anonymous structs [[01;35m[K]8;;https://gcc.gnu.org/onlinedocs/gcc-14.3.0/gcc/Warning-Options.html#index-Wno-pedantic-Wpedantic]8;;[m[K]
[2.300s]  1219 |         struct [01;35m[K{[m[K
[2.301s]       |                [01;35m[K^[m[K
[7.530s] make[2]: *** [CMakeFiles/yolo_detect.dir/build.make:76: CMakeFiles/yolo_detect.dir/src/main.cpp.o] Interrupt
[7.531s] make[1]: *** [CMakeFiles/Makefile2:85: CMakeFiles/yolo_detect.dir/all] Interrupt
[7.531s] make: *** [Makefile:146: all] Interrupt
[7.568s] Invoked command in '/home/dji/DJI_workshop/LZP_PSDK/ros2_workplace/build/yolo_detect' returned '-2': CONDA_PROMPT_MODIFIER=(ros2_humble) /open_app/miniconda3/envs/ros2_humble/bin/cmake --build /home/dji/DJI_workshop/LZP_PSDK/ros2_workplace/build/yolo_detect -- -j4 -l4
