[0.025s] Invoking command in '/home/dji/DJI_workshop/LZP_PSDK/ros2_workplace/build/dji_precision_capture': CONDA_PROMPT_MODIFIER=(ros2_humble) /open_app/miniconda3/envs/ros2_humble/bin/cmake --build /home/dji/DJI_workshop/LZP_PSDK/ros2_workplace/build/dji_precision_capture -- -j4 -l4
[0.172s] [  1%] [32mBuilding CXX object CMakeFiles/dji_precision_capture.dir/src/main.cpp.o[0m
[0.734s] In file included from [01m[K/home/dji/DJI_workshop/LZP_PSDK/ros2_workplace/src/dji_precision_capture/src/main.cpp:15[m[K:
[0.734s] [01m[K/home/dji/DJI_workshop/LZP_PSDK/ros2_workplace/src/dji_precision_capture/./include/camera_controller.h:48:63:[m[K [01;35m[Kwarning: [m[KISO C++11 requires at least one argument for the "..." in a variadic macro
[0.734s]    48 |         USER_LOG_INFO("--> Step 1: Init camera manager module"[01;35m[K)[m[K;
[0.734s]       |                                                               [01;35m[K^[m[K
[0.735s] [01m[K/home/dji/DJI_workshop/LZP_PSDK/ros2_workplace/src/dji_precision_capture/./include/camera_controller.h:54:64:[m[K [01;35m[Kwarning: [m[KISO C++11 requires at least one argument for the "..." in a variadic macro
[0.735s]    54 |         USER_LOG_INFO("--> Step 2: Get camera type and version"[01;35m[K)[m[K;
[0.735s]       |                                                                [01;35m[K^[m[K
[0.735s] [01m[K/home/dji/DJI_workshop/LZP_PSDK/ros2_workplace/src/dji_precision_capture/./include/camera_controller.h:71:63:[m[K [01;35m[Kwarning: [m[KISO C++11 requires at least one argument for the "..." in a variadic macro
[0.735s]    71 |         USER_LOG_INFO("--> Step 1: Init gimbal manager module"[01;35m[K)[m[K;
[0.735s]       |                                                               [01;35m[K^[m[K
[0.735s] [01m[K/home/dji/DJI_workshop/LZP_PSDK/ros2_workplace/src/dji_precision_capture/./include/camera_controller.h:77:60:[m[K [01;35m[Kwarning: [m[KISO C++11 requires at least one argument for the "..." in a variadic macro
[0.736s]    77 |         USER_LOG_INFO("--> Step 2: Set gimbal to free mode"[01;35m[K)[m[K;
[0.736s]       |                                                            [01;35m[K^[m[K
[0.736s] [01m[K/home/dji/DJI_workshop/LZP_PSDK/ros2_workplace/src/dji_precision_capture/./include/camera_controller.h:80:61:[m[K [01;35m[Kwarning: [m[KISO C++11 requires at least one argument for the "..." in a variadic macro
[0.736s]    80 |         USER_LOG_INFO("--> Step 3: Reset gimbal angles.\r\n"[01;35m[K)[m[K;
[0.736s]       |                                                             [01;35m[K^[m[K
[1.246s] In file included from [01m[K/home/dji/DJI_workshop/LZP_PSDK/ros2_workplace/src/dji_precision_capture/../../../Payload-SDK/samples/sample_c++/platform/linux/manifold3/../my_code/gimbal_manager.h:12[m[K,
[1.247s]                  from [01m[K/home/dji/DJI_workshop/LZP_PSDK/ros2_workplace/src/dji_precision_capture/src/main.cpp:13[m[K:
[1.247s] [01m[K/home/dji/DJI_workshop/LZP_PSDK/ros2_workplace/src/dji_precision_capture/../../../Payload-SDK/samples/sample_c++/platform/linux/manifold3/../../../../../psdk_lib/include/dji_fc_subscription.h:1210:16:[m[K [01;35m[Kwarning: [m[KISO C++ prohibits anonymous structs [[01;35m[K]8;;https://gcc.gnu.org/onlinedocs/gcc-14.3.0/gcc/Warning-Options.html#index-Wno-pedantic-Wpedantic]8;;[m[K]
[1.247s]  1210 |         struct [01;35m[K{[m[K
[1.247s]       |                [01;35m[K^[m[K
[1.247s] [01m[K/home/dji/DJI_workshop/LZP_PSDK/ros2_workplace/src/dji_precision_capture/../../../Payload-SDK/samples/sample_c++/platform/linux/manifold3/../../../../../psdk_lib/include/dji_fc_subscription.h:1219:16:[m[K [01;35m[Kwarning: [m[KISO C++ prohibits anonymous structs [[01;35m[K]8;;https://gcc.gnu.org/onlinedocs/gcc-14.3.0/gcc/Warning-Options.html#index-Wno-pedantic-Wpedantic]8;;[m[K]
[1.247s]  1219 |         struct [01;35m[K{[m[K
[1.247s]       |                [01;35m[K^[m[K
[6.388s] [  3%] [32m[1mLinking CXX executable bin/dji_precision_capture[0m
[7.607s] [100%] Built target dji_precision_capture
[7.624s] Invoked command in '/home/dji/DJI_workshop/LZP_PSDK/ros2_workplace/build/dji_precision_capture' returned '0': CONDA_PROMPT_MODIFIER=(ros2_humble) /open_app/miniconda3/envs/ros2_humble/bin/cmake --build /home/dji/DJI_workshop/LZP_PSDK/ros2_workplace/build/dji_precision_capture -- -j4 -l4
[7.638s] Invoking command in '/home/dji/DJI_workshop/LZP_PSDK/ros2_workplace/build/dji_precision_capture': CONDA_PROMPT_MODIFIER=(ros2_humble) /open_app/miniconda3/envs/ros2_humble/bin/cmake --install /home/dji/DJI_workshop/LZP_PSDK/ros2_workplace/build/dji_precision_capture
[7.646s] -- Install configuration: ""
[7.647s] -- Installing: /home/dji/DJI_workshop/LZP_PSDK/ros2_workplace/install/dji_precision_capture/lib/dji_precision_capture/dji_precision_capture
[7.652s] -- Set runtime path of "/home/dji/DJI_workshop/LZP_PSDK/ros2_workplace/install/dji_precision_capture/lib/dji_precision_capture/dji_precision_capture" to ""
[7.652s] -- Up-to-date: /home/dji/DJI_workshop/LZP_PSDK/ros2_workplace/install/dji_precision_capture/share/ament_index/resource_index/package_run_dependencies/dji_precision_capture
[7.653s] -- Up-to-date: /home/dji/DJI_workshop/LZP_PSDK/ros2_workplace/install/dji_precision_capture/share/ament_index/resource_index/parent_prefix_path/dji_precision_capture
[7.653s] -- Up-to-date: /home/dji/DJI_workshop/LZP_PSDK/ros2_workplace/install/dji_precision_capture/share/dji_precision_capture/environment/ament_prefix_path.sh
[7.653s] -- Up-to-date: /home/dji/DJI_workshop/LZP_PSDK/ros2_workplace/install/dji_precision_capture/share/dji_precision_capture/environment/ament_prefix_path.dsv
[7.653s] -- Up-to-date: /home/dji/DJI_workshop/LZP_PSDK/ros2_workplace/install/dji_precision_capture/share/dji_precision_capture/environment/path.sh
[7.653s] -- Up-to-date: /home/dji/DJI_workshop/LZP_PSDK/ros2_workplace/install/dji_precision_capture/share/dji_precision_capture/environment/path.dsv
[7.653s] -- Up-to-date: /home/dji/DJI_workshop/LZP_PSDK/ros2_workplace/install/dji_precision_capture/share/dji_precision_capture/local_setup.bash
[7.654s] -- Up-to-date: /home/dji/DJI_workshop/LZP_PSDK/ros2_workplace/install/dji_precision_capture/share/dji_precision_capture/local_setup.sh
[7.654s] -- Up-to-date: /home/dji/DJI_workshop/LZP_PSDK/ros2_workplace/install/dji_precision_capture/share/dji_precision_capture/local_setup.zsh
[7.654s] -- Up-to-date: /home/dji/DJI_workshop/LZP_PSDK/ros2_workplace/install/dji_precision_capture/share/dji_precision_capture/local_setup.dsv
[7.654s] -- Installing: /home/dji/DJI_workshop/LZP_PSDK/ros2_workplace/install/dji_precision_capture/share/dji_precision_capture/package.dsv
[7.654s] -- Up-to-date: /home/dji/DJI_workshop/LZP_PSDK/ros2_workplace/install/dji_precision_capture/share/ament_index/resource_index/packages/dji_precision_capture
[7.654s] -- Up-to-date: /home/dji/DJI_workshop/LZP_PSDK/ros2_workplace/install/dji_precision_capture/share/dji_precision_capture/cmake/dji_precision_captureConfig.cmake
[7.655s] -- Up-to-date: /home/dji/DJI_workshop/LZP_PSDK/ros2_workplace/install/dji_precision_capture/share/dji_precision_capture/cmake/dji_precision_captureConfig-version.cmake
[7.655s] -- Up-to-date: /home/dji/DJI_workshop/LZP_PSDK/ros2_workplace/install/dji_precision_capture/share/dji_precision_capture/package.xml
[7.658s] Invoked command in '/home/dji/DJI_workshop/LZP_PSDK/ros2_workplace/build/dji_precision_capture' returned '0': CONDA_PROMPT_MODIFIER=(ros2_humble) /open_app/miniconda3/envs/ros2_humble/bin/cmake --install /home/dji/DJI_workshop/LZP_PSDK/ros2_workplace/build/dji_precision_capture
