[0.028s] Invoking command in '/home/dji/DJI_workshop/LZP_PSDK/ros2_workplace/build/uav_detect_result': CONDA_PROMPT_MODIFIER=(ros2_humble) /open_app/miniconda3/envs/ros2_humble/bin/cmake /home/dji/DJI_workshop/LZP_PSDK/ros2_workplace/src/uav_detect_result -DCMAKE_INSTALL_PREFIX=/home/dji/DJI_workshop/LZP_PSDK/ros2_workplace/install/uav_detect_result
[0.044s] -- Found ament_cmake: 1.3.3 (/open_app/miniconda3/envs/ros2_humble/share/ament_cmake/cmake)
[0.251s] -- Found rosidl_default_generators: 1.2.0 (/open_app/miniconda3/envs/ros2_humble/share/rosidl_default_generators/cmake)
[0.254s] -- Using all available rosidl_typesupport_c: rosidl_typesupport_fastrtps_c;rosidl_typesupport_introspection_c
[0.259s] -- Found rosidl_adapter: 3.1.4 (/open_app/miniconda3/envs/ros2_humble/share/rosidl_adapter/cmake)
[0.306s] -- Using all available rosidl_typesupport_cpp: rosidl_typesupport_fastrtps_cpp;rosidl_typesupport_introspection_cpp
[0.702s] -- Found ament_cmake_ros: 0.10.0 (/open_app/miniconda3/envs/ros2_humble/share/ament_cmake_ros/cmake)
[0.839s] -- Using all available rosidl_typesupport_c: rosidl_typesupport_fastrtps_c;rosidl_typesupport_introspection_c
[0.995s] -- Using all available rosidl_typesupport_cpp: rosidl_typesupport_fastrtps_cpp;rosidl_typesupport_introspection_cpp
[1.025s] -- Found PythonInterp: /open_app/miniconda3/envs/ros2_humble/bin/python3 (found suitable version "3.10.13", minimum required is "3.6") 
[1.032s] -- Found python_cmake_module: 0.10.0 (/open_app/miniconda3/envs/ros2_humble/share/python_cmake_module/cmake)
[1.066s] -- Found PythonLibs: /open_app/miniconda3/envs/ros2_humble/lib/libpython3.10.so (found suitable version "3.10.13", minimum required is "3.5") 
[1.066s] -- Using PYTHON_EXECUTABLE: /open_app/miniconda3/envs/ros2_humble/bin/python3
[1.066s] -- Using PYTHON_INCLUDE_DIRS: /open_app/miniconda3/envs/ros2_humble/include/python3.10
[1.066s] -- Using PYTHON_LIBRARIES: /open_app/miniconda3/envs/ros2_humble/lib/libpython3.10.so
[1.093s] -- Found PythonExtra: .so  
[2.942s] [31mCMake Error at /open_app/miniconda3/envs/ros2_humble/share/cmake-3.26/Modules/FindPackageHandleStandardArgs.cmake:230 (message):
[2.942s]   Could NOT find Python3 (missing: Python3_NumPy_INCLUDE_DIRS NumPy) (found
[2.942s]   version "3.10.13")
[2.942s] Call Stack (most recent call first):
[2.942s]   /open_app/miniconda3/envs/ros2_humble/share/cmake-3.26/Modules/FindPackageHandleStandardArgs.cmake:600 (_FPHSA_FAILURE_MESSAGE)
[2.943s]   /open_app/miniconda3/envs/ros2_humble/share/cmake-3.26/Modules/FindPython/Support.cmake:3766 (find_package_handle_standard_args)
[2.943s]   /open_app/miniconda3/envs/ros2_humble/share/cmake-3.26/Modules/FindPython3.cmake:551 (include)
[2.943s]   /open_app/miniconda3/envs/ros2_humble/share/rosidl_generator_py/cmake/rosidl_generator_py_generate_interfaces.cmake:24 (find_package)
[2.944s]   /open_app/miniconda3/envs/ros2_humble/share/ament_cmake_core/cmake/core/ament_execute_extensions.cmake:48 (include)
[2.944s]   /open_app/miniconda3/envs/ros2_humble/share/rosidl_cmake/cmake/rosidl_generate_interfaces.cmake:286 (ament_execute_extensions)
[2.944s]   CMakeLists.txt:16 (rosidl_generate_interfaces)
[2.945s] 
[2.945s] [0m
[2.945s] -- Configuring incomplete, errors occurred!
[2.962s] Invoked command in '/home/dji/DJI_workshop/LZP_PSDK/ros2_workplace/build/uav_detect_result' returned '1': CONDA_PROMPT_MODIFIER=(ros2_humble) /open_app/miniconda3/envs/ros2_humble/bin/cmake /home/dji/DJI_workshop/LZP_PSDK/ros2_workplace/src/uav_detect_result -DCMAKE_INSTALL_PREFIX=/home/dji/DJI_workshop/LZP_PSDK/ros2_workplace/install/uav_detect_result
