[0.023s] Invoking command in '/home/dji/DJI_workshop/LZP_PSDK/ros2_workplace/build/yolo_detect': CONDA_PROMPT_MODIFIER=(ros2_humble) /open_app/miniconda3/envs/ros2_humble/bin/cmake --build /home/dji/DJI_workshop/LZP_PSDK/ros2_workplace/build/yolo_detect -- -j4 -l4
[0.170s] [  1%] [32mBuilding CXX object CMakeFiles/yolo_detect.dir/src/main.cpp.o[0m
[1.265s] In file included from [01m[K/home/dji/DJI_workshop/LZP_PSDK/ros2_workplace/src/yolo_detect/../../../Payload-SDK/samples/sample_c++/platform/linux/manifold3/../my_code/gimbal_manager.h:12[m[K,
[1.265s]                  from [01m[K/home/dji/DJI_workshop/LZP_PSDK/ros2_workplace/src/yolo_detect/src/main.cpp:13[m[K:
[1.265s] [01m[K/home/dji/DJI_workshop/LZP_PSDK/ros2_workplace/src/yolo_detect/../../../Payload-SDK/samples/sample_c++/platform/linux/manifold3/../../../../../psdk_lib/include/dji_fc_subscription.h:1210:16:[m[K [01;35m[Kwarning: [m[KISO C++ prohibits anonymous structs [[01;35m[K]8;;https://gcc.gnu.org/onlinedocs/gcc-14.3.0/gcc/Warning-Options.html#index-Wno-pedantic-Wpedantic]8;;[m[K]
[1.266s]  1210 |         struct [01;35m[K{[m[K
[1.266s]       |                [01;35m[K^[m[K
[1.266s] [01m[K/home/dji/DJI_workshop/LZP_PSDK/ros2_workplace/src/yolo_detect/../../../Payload-SDK/samples/sample_c++/platform/linux/manifold3/../../../../../psdk_lib/include/dji_fc_subscription.h:1219:16:[m[K [01;35m[Kwarning: [m[KISO C++ prohibits anonymous structs [[01;35m[K]8;;https://gcc.gnu.org/onlinedocs/gcc-14.3.0/gcc/Warning-Options.html#index-Wno-pedantic-Wpedantic]8;;[m[K]
[1.266s]  1219 |         struct [01;35m[K{[m[K
[1.266s]       |                [01;35m[K^[m[K
[4.571s] [01m[K/home/dji/DJI_workshop/LZP_PSDK/ros2_workplace/src/yolo_detect/src/main.cpp:[m[K In function '[01m[Kint[01;32m[K main[m[K(int, char**)[m[K':
[4.571s] [01m[K/home/dji/DJI_workshop/LZP_PSDK/ros2_workplace/src/yolo_detect/src/main.cpp:26:44:[m[K [01;31m[Kerror: [m[K'[01m[Kai_detect[m[K' was not declared in this scope; did you mean '[01m[Kai_detect_node[m[K'?
[4.571s]    26 |     auto ai_detect_node = std::make_shared<[01;31m[Kai_detect[m[K>( ,argv);
[4.572s]       |                                            [01;31m[K^~~~~~~~~[m[K
[4.572s]       |                                            [32m[Kai_detect_node[m[K
[4.572s] [01m[K/home/dji/DJI_workshop/LZP_PSDK/ros2_workplace/src/yolo_detect/src/main.cpp:26:56:[m[K [01;31m[Kerror: [m[Kexpected primary-expression before '[01m[K,[m[K' token
[4.572s]    26 |     auto ai_detect_node = std::make_shared<ai_detect>( [01;31m[K,[m[Kargv);
[4.572s]       |                                                        [01;31m[K^[m[K
[5.546s] make[2]: *** [CMakeFiles/yolo_detect.dir/build.make:76: CMakeFiles/yolo_detect.dir/src/main.cpp.o] Error 1
[5.546s] make[1]: *** [CMakeFiles/Makefile2:85: CMakeFiles/yolo_detect.dir/all] Error 2
[5.547s] make: *** [Makefile:146: all] Error 2
[5.552s] Invoked command in '/home/dji/DJI_workshop/LZP_PSDK/ros2_workplace/build/yolo_detect' returned '2': CONDA_PROMPT_MODIFIER=(ros2_humble) /open_app/miniconda3/envs/ros2_humble/bin/cmake --build /home/dji/DJI_workshop/LZP_PSDK/ros2_workplace/build/yolo_detect -- -j4 -l4
