[0.032s] Invoking command in '/home/dji/DJI_workshop/LZP_PSDK/ros2_workplace/build/uav_detect_result': CONDA_PROMPT_MODIFIER=(ros2_humble) /open_app/miniconda3/envs/ros2_humble/bin/cmake --build /home/dji/DJI_workshop/LZP_PSDK/ros2_workplace/build/uav_detect_result -- -j4 -l4
[0.091s] [ 12%] Built target uav_detect_result__rosidl_generator_c
[0.092s] [ 12%] Built target uav_detect_result__cpp
[0.128s] [ 22%] Built target uav_detect_result__rosidl_typesupport_introspection_c
[0.129s] [ 32%] Built target uav_detect_result__rosidl_typesupport_fastrtps_c
[0.159s] [ 48%] Built target uav_detect_result__rosidl_typesupport_c
[0.160s] [ 51%] Built target uav_detect_result__rosidl_typesupport_fastrtps_cpp
[0.175s] [ 61%] Built target uav_detect_result__rosidl_typesupport_introspection_cpp
[0.189s] [ 70%] Built target uav_detect_result__rosidl_typesupport_cpp
[0.202s] [ 70%] Built target ament_cmake_python_copy_uav_detect_result
[0.225s] [ 70%] Built target uav_detect_result
[0.254s] [ 74%] Built target uav_detect_result__py
[1.449s] running egg_info
[1.583s] writing uav_detect_result.egg-info/PKG-INFO
[1.687s] writing dependency_links to uav_detect_result.egg-info/dependency_links.txt
[2.305s] writing top-level names to uav_detect_result.egg-info/top_level.txt
[2.491s] reading manifest file 'uav_detect_result.egg-info/SOURCES.txt'
[2.492s] writing manifest file 'uav_detect_result.egg-info/SOURCES.txt'
[2.594s] [ 74%] Built target ament_cmake_python_build_uav_detect_result_egg
[2.623s] [ 80%] Built target uav_detect_result__rosidl_generator_py
[2.651s] [ 93%] Built target uav_detect_result__rosidl_typesupport_c__pyext
[2.652s] [ 93%] Built target uav_detect_result__rosidl_typesupport_introspection_c__pyext
[2.664s] [100%] Built target uav_detect_result__rosidl_typesupport_fastrtps_c__pyext
[2.680s] Invoked command in '/home/dji/DJI_workshop/LZP_PSDK/ros2_workplace/build/uav_detect_result' returned '0': CONDA_PROMPT_MODIFIER=(ros2_humble) /open_app/miniconda3/envs/ros2_humble/bin/cmake --build /home/dji/DJI_workshop/LZP_PSDK/ros2_workplace/build/uav_detect_result -- -j4 -l4
[2.695s] Invoking command in '/home/dji/DJI_workshop/LZP_PSDK/ros2_workplace/build/uav_detect_result': CONDA_PROMPT_MODIFIER=(ros2_humble) /open_app/miniconda3/envs/ros2_humble/bin/cmake --install /home/dji/DJI_workshop/LZP_PSDK/ros2_workplace/build/uav_detect_result
[2.704s] -- Install configuration: ""
[2.704s] -- Up-to-date: /home/dji/DJI_workshop/LZP_PSDK/ros2_workplace/install/uav_detect_result/share/ament_index/resource_index/rosidl_interfaces/uav_detect_result
[2.706s] -- Up-to-date: /home/dji/DJI_workshop/LZP_PSDK/ros2_workplace/install/uav_detect_result/include/uav_detect_result/uav_detect_result
[2.707s] -- Up-to-date: /home/dji/DJI_workshop/LZP_PSDK/ros2_workplace/install/uav_detect_result/include/uav_detect_result/uav_detect_result/msg
[2.707s] -- Up-to-date: /home/dji/DJI_workshop/LZP_PSDK/ros2_workplace/install/uav_detect_result/include/uav_detect_result/uav_detect_result/msg/rosidl_generator_c__visibility_control.h
[2.707s] -- Up-to-date: /home/dji/DJI_workshop/LZP_PSDK/ros2_workplace/install/uav_detect_result/include/uav_detect_result/uav_detect_result/msg/detail
[2.707s] -- Up-to-date: /home/dji/DJI_workshop/LZP_PSDK/ros2_workplace/install/uav_detect_result/include/uav_detect_result/uav_detect_result/msg/detail/uav_detect_result__type_support.h
[2.707s] -- Up-to-date: /home/dji/DJI_workshop/LZP_PSDK/ros2_workplace/install/uav_detect_result/include/uav_detect_result/uav_detect_result/msg/detail/uav_detect_result__functions.h
[2.707s] -- Up-to-date: /home/dji/DJI_workshop/LZP_PSDK/ros2_workplace/install/uav_detect_result/include/uav_detect_result/uav_detect_result/msg/detail/uav_detect_result__struct.h
[2.708s] -- Up-to-date: /home/dji/DJI_workshop/LZP_PSDK/ros2_workplace/install/uav_detect_result/include/uav_detect_result/uav_detect_result/msg/detail/uav_detect_result__functions.c
[2.708s] -- Up-to-date: /home/dji/DJI_workshop/LZP_PSDK/ros2_workplace/install/uav_detect_result/include/uav_detect_result/uav_detect_result/msg/uav_detect_result.h
[2.708s] -- Installing: /home/dji/DJI_workshop/LZP_PSDK/ros2_workplace/install/uav_detect_result/lib/libuav_detect_result__rosidl_generator_c.so
[2.708s] -- Up-to-date: /home/dji/DJI_workshop/LZP_PSDK/ros2_workplace/install/uav_detect_result/include/uav_detect_result/uav_detect_result
[2.708s] -- Up-to-date: /home/dji/DJI_workshop/LZP_PSDK/ros2_workplace/install/uav_detect_result/include/uav_detect_result/uav_detect_result/msg
[2.710s] -- Up-to-date: /home/dji/DJI_workshop/LZP_PSDK/ros2_workplace/install/uav_detect_result/include/uav_detect_result/uav_detect_result/msg/rosidl_typesupport_fastrtps_c__visibility_control.h
[2.710s] -- Up-to-date: /home/dji/DJI_workshop/LZP_PSDK/ros2_workplace/install/uav_detect_result/include/uav_detect_result/uav_detect_result/msg/detail
[2.711s] -- Up-to-date: /home/dji/DJI_workshop/LZP_PSDK/ros2_workplace/install/uav_detect_result/include/uav_detect_result/uav_detect_result/msg/detail/uav_detect_result__rosidl_typesupport_fastrtps_c.h
[2.711s] -- Installing: /home/dji/DJI_workshop/LZP_PSDK/ros2_workplace/install/uav_detect_result/lib/libuav_detect_result__rosidl_typesupport_fastrtps_c.so
[2.711s] -- Set runtime path of "/home/dji/DJI_workshop/LZP_PSDK/ros2_workplace/install/uav_detect_result/lib/libuav_detect_result__rosidl_typesupport_fastrtps_c.so" to ""
[2.711s] -- Up-to-date: /home/dji/DJI_workshop/LZP_PSDK/ros2_workplace/install/uav_detect_result/include/uav_detect_result/uav_detect_result
[2.711s] -- Up-to-date: /home/dji/DJI_workshop/LZP_PSDK/ros2_workplace/install/uav_detect_result/include/uav_detect_result/uav_detect_result/msg
[2.712s] -- Up-to-date: /home/dji/DJI_workshop/LZP_PSDK/ros2_workplace/install/uav_detect_result/include/uav_detect_result/uav_detect_result/msg/detail
[2.712s] -- Up-to-date: /home/dji/DJI_workshop/LZP_PSDK/ros2_workplace/install/uav_detect_result/include/uav_detect_result/uav_detect_result/msg/detail/uav_detect_result__type_support.c
[2.712s] -- Up-to-date: /home/dji/DJI_workshop/LZP_PSDK/ros2_workplace/install/uav_detect_result/include/uav_detect_result/uav_detect_result/msg/detail/uav_detect_result__rosidl_typesupport_introspection_c.h
[2.712s] -- Up-to-date: /home/dji/DJI_workshop/LZP_PSDK/ros2_workplace/install/uav_detect_result/include/uav_detect_result/uav_detect_result/msg/rosidl_typesupport_introspection_c__visibility_control.h
[2.712s] -- Installing: /home/dji/DJI_workshop/LZP_PSDK/ros2_workplace/install/uav_detect_result/lib/libuav_detect_result__rosidl_typesupport_introspection_c.so
[2.713s] -- Set runtime path of "/home/dji/DJI_workshop/LZP_PSDK/ros2_workplace/install/uav_detect_result/lib/libuav_detect_result__rosidl_typesupport_introspection_c.so" to ""
[2.713s] -- Installing: /home/dji/DJI_workshop/LZP_PSDK/ros2_workplace/install/uav_detect_result/lib/libuav_detect_result__rosidl_typesupport_c.so
[2.713s] -- Set runtime path of "/home/dji/DJI_workshop/LZP_PSDK/ros2_workplace/install/uav_detect_result/lib/libuav_detect_result__rosidl_typesupport_c.so" to ""
[2.713s] -- Up-to-date: /home/dji/DJI_workshop/LZP_PSDK/ros2_workplace/install/uav_detect_result/include/uav_detect_result/uav_detect_result
[2.713s] -- Up-to-date: /home/dji/DJI_workshop/LZP_PSDK/ros2_workplace/install/uav_detect_result/include/uav_detect_result/uav_detect_result/msg
[2.714s] -- Up-to-date: /home/dji/DJI_workshop/LZP_PSDK/ros2_workplace/install/uav_detect_result/include/uav_detect_result/uav_detect_result/msg/detail
[2.714s] -- Up-to-date: /home/dji/DJI_workshop/LZP_PSDK/ros2_workplace/install/uav_detect_result/include/uav_detect_result/uav_detect_result/msg/detail/uav_detect_result__struct.hpp
[2.714s] -- Up-to-date: /home/dji/DJI_workshop/LZP_PSDK/ros2_workplace/install/uav_detect_result/include/uav_detect_result/uav_detect_result/msg/detail/uav_detect_result__traits.hpp
[2.714s] -- Up-to-date: /home/dji/DJI_workshop/LZP_PSDK/ros2_workplace/install/uav_detect_result/include/uav_detect_result/uav_detect_result/msg/detail/uav_detect_result__builder.hpp
[2.714s] -- Up-to-date: /home/dji/DJI_workshop/LZP_PSDK/ros2_workplace/install/uav_detect_result/include/uav_detect_result/uav_detect_result/msg/uav_detect_result.hpp
[2.714s] -- Up-to-date: /home/dji/DJI_workshop/LZP_PSDK/ros2_workplace/install/uav_detect_result/include/uav_detect_result/uav_detect_result
[2.714s] -- Up-to-date: /home/dji/DJI_workshop/LZP_PSDK/ros2_workplace/install/uav_detect_result/include/uav_detect_result/uav_detect_result/msg
[2.715s] -- Up-to-date: /home/dji/DJI_workshop/LZP_PSDK/ros2_workplace/install/uav_detect_result/include/uav_detect_result/uav_detect_result/msg/rosidl_typesupport_fastrtps_cpp__visibility_control.h
[2.715s] -- Up-to-date: /home/dji/DJI_workshop/LZP_PSDK/ros2_workplace/install/uav_detect_result/include/uav_detect_result/uav_detect_result/msg/detail
[2.715s] -- Up-to-date: /home/dji/DJI_workshop/LZP_PSDK/ros2_workplace/install/uav_detect_result/include/uav_detect_result/uav_detect_result/msg/detail/uav_detect_result__rosidl_typesupport_fastrtps_cpp.hpp
[2.715s] -- Up-to-date: /home/dji/DJI_workshop/LZP_PSDK/ros2_workplace/install/uav_detect_result/include/uav_detect_result/uav_detect_result/msg/detail/dds_fastrtps
[2.715s] -- Installing: /home/dji/DJI_workshop/LZP_PSDK/ros2_workplace/install/uav_detect_result/lib/libuav_detect_result__rosidl_typesupport_fastrtps_cpp.so
[2.720s] -- Up-to-date: /home/dji/DJI_workshop/LZP_PSDK/ros2_workplace/install/uav_detect_result/include/uav_detect_result/uav_detect_result
[2.721s] -- Up-to-date: /home/dji/DJI_workshop/LZP_PSDK/ros2_workplace/install/uav_detect_result/include/uav_detect_result/uav_detect_result/msg
[2.721s] -- Up-to-date: /home/dji/DJI_workshop/LZP_PSDK/ros2_workplace/install/uav_detect_result/include/uav_detect_result/uav_detect_result/msg/detail
[2.721s] -- Up-to-date: /home/dji/DJI_workshop/LZP_PSDK/ros2_workplace/install/uav_detect_result/include/uav_detect_result/uav_detect_result/msg/detail/uav_detect_result__rosidl_typesupport_introspection_cpp.hpp
[2.721s] -- Up-to-date: /home/dji/DJI_workshop/LZP_PSDK/ros2_workplace/install/uav_detect_result/include/uav_detect_result/uav_detect_result/msg/detail/uav_detect_result__type_support.cpp
[2.721s] -- Installing: /home/dji/DJI_workshop/LZP_PSDK/ros2_workplace/install/uav_detect_result/lib/libuav_detect_result__rosidl_typesupport_introspection_cpp.so
[2.722s] -- Installing: /home/dji/DJI_workshop/LZP_PSDK/ros2_workplace/install/uav_detect_result/lib/libuav_detect_result__rosidl_typesupport_cpp.so
[2.722s] -- Up-to-date: /home/dji/DJI_workshop/LZP_PSDK/ros2_workplace/install/uav_detect_result/share/uav_detect_result/environment/pythonpath.sh
[2.722s] -- Up-to-date: /home/dji/DJI_workshop/LZP_PSDK/ros2_workplace/install/uav_detect_result/share/uav_detect_result/environment/pythonpath.dsv
[2.722s] -- Up-to-date: /home/dji/DJI_workshop/LZP_PSDK/ros2_workplace/install/uav_detect_result/lib/python3.10/site-packages/uav_detect_result-0.0.0-py3.10.egg-info
[2.722s] -- Installing: /home/dji/DJI_workshop/LZP_PSDK/ros2_workplace/install/uav_detect_result/lib/python3.10/site-packages/uav_detect_result-0.0.0-py3.10.egg-info/top_level.txt
[2.722s] -- Installing: /home/dji/DJI_workshop/LZP_PSDK/ros2_workplace/install/uav_detect_result/lib/python3.10/site-packages/uav_detect_result-0.0.0-py3.10.egg-info/SOURCES.txt
[2.722s] -- Installing: /home/dji/DJI_workshop/LZP_PSDK/ros2_workplace/install/uav_detect_result/lib/python3.10/site-packages/uav_detect_result-0.0.0-py3.10.egg-info/dependency_links.txt
[2.723s] -- Installing: /home/dji/DJI_workshop/LZP_PSDK/ros2_workplace/install/uav_detect_result/lib/python3.10/site-packages/uav_detect_result-0.0.0-py3.10.egg-info/PKG-INFO
[2.723s] -- Up-to-date: /home/dji/DJI_workshop/LZP_PSDK/ros2_workplace/install/uav_detect_result/lib/python3.10/site-packages/uav_detect_result
[2.723s] -- Up-to-date: /home/dji/DJI_workshop/LZP_PSDK/ros2_workplace/install/uav_detect_result/lib/python3.10/site-packages/uav_detect_result/__init__.py
[2.723s] -- Up-to-date: /home/dji/DJI_workshop/LZP_PSDK/ros2_workplace/install/uav_detect_result/lib/python3.10/site-packages/uav_detect_result/_uav_detect_result_s.ep.rosidl_typesupport_introspection_c.c
[2.723s] -- Up-to-date: /home/dji/DJI_workshop/LZP_PSDK/ros2_workplace/install/uav_detect_result/lib/python3.10/site-packages/uav_detect_result/msg
[2.723s] -- Up-to-date: /home/dji/DJI_workshop/LZP_PSDK/ros2_workplace/install/uav_detect_result/lib/python3.10/site-packages/uav_detect_result/msg/_uav_detect_result.py
[2.723s] -- Up-to-date: /home/dji/DJI_workshop/LZP_PSDK/ros2_workplace/install/uav_detect_result/lib/python3.10/site-packages/uav_detect_result/msg/__init__.py
[2.724s] -- Up-to-date: /home/dji/DJI_workshop/LZP_PSDK/ros2_workplace/install/uav_detect_result/lib/python3.10/site-packages/uav_detect_result/msg/_uav_detect_result_s.c
[2.724s] -- Up-to-date: /home/dji/DJI_workshop/LZP_PSDK/ros2_workplace/install/uav_detect_result/lib/python3.10/site-packages/uav_detect_result/uav_detect_result_s__rosidl_typesupport_c.cpython-310-aarch64-linux-gnu.so
[2.724s] -- Up-to-date: /home/dji/DJI_workshop/LZP_PSDK/ros2_workplace/install/uav_detect_result/lib/python3.10/site-packages/uav_detect_result/uav_detect_result_s__rosidl_typesupport_introspection_c.cpython-310-aarch64-linux-gnu.so
[2.724s] -- Up-to-date: /home/dji/DJI_workshop/LZP_PSDK/ros2_workplace/install/uav_detect_result/lib/python3.10/site-packages/uav_detect_result/libuav_detect_result__rosidl_generator_py.so
[2.724s] -- Up-to-date: /home/dji/DJI_workshop/LZP_PSDK/ros2_workplace/install/uav_detect_result/lib/python3.10/site-packages/uav_detect_result/_uav_detect_result_s.ep.rosidl_typesupport_fastrtps_c.c
[2.724s] -- Up-to-date: /home/dji/DJI_workshop/LZP_PSDK/ros2_workplace/install/uav_detect_result/lib/python3.10/site-packages/uav_detect_result/_uav_detect_result_s.ep.rosidl_typesupport_c.c
[2.724s] -- Up-to-date: /home/dji/DJI_workshop/LZP_PSDK/ros2_workplace/install/uav_detect_result/lib/python3.10/site-packages/uav_detect_result/uav_detect_result_s__rosidl_typesupport_fastrtps_c.cpython-310-aarch64-linux-gnu.so
[2.776s] Listing 'lib/python3.10/site-packages/uav_detect_result'...
[2.776s] Can't list 'lib/python3.10/site-packages/uav_detect_result'
[2.787s] -- Installing: /home/dji/DJI_workshop/LZP_PSDK/ros2_workplace/install/uav_detect_result/lib/python3.10/site-packages/uav_detect_result/uav_detect_result_s__rosidl_typesupport_fastrtps_c.cpython-310-aarch64-linux-gnu.so
[2.787s] -- Set runtime path of "/home/dji/DJI_workshop/LZP_PSDK/ros2_workplace/install/uav_detect_result/lib/python3.10/site-packages/uav_detect_result/uav_detect_result_s__rosidl_typesupport_fastrtps_c.cpython-310-aarch64-linux-gnu.so" to ""
[2.788s] -- Installing: /home/dji/DJI_workshop/LZP_PSDK/ros2_workplace/install/uav_detect_result/lib/python3.10/site-packages/uav_detect_result/uav_detect_result_s__rosidl_typesupport_introspection_c.cpython-310-aarch64-linux-gnu.so
[2.788s] -- Set runtime path of "/home/dji/DJI_workshop/LZP_PSDK/ros2_workplace/install/uav_detect_result/lib/python3.10/site-packages/uav_detect_result/uav_detect_result_s__rosidl_typesupport_introspection_c.cpython-310-aarch64-linux-gnu.so" to ""
[2.789s] -- Installing: /home/dji/DJI_workshop/LZP_PSDK/ros2_workplace/install/uav_detect_result/lib/python3.10/site-packages/uav_detect_result/uav_detect_result_s__rosidl_typesupport_c.cpython-310-aarch64-linux-gnu.so
[2.790s] -- Set runtime path of "/home/dji/DJI_workshop/LZP_PSDK/ros2_workplace/install/uav_detect_result/lib/python3.10/site-packages/uav_detect_result/uav_detect_result_s__rosidl_typesupport_c.cpython-310-aarch64-linux-gnu.so" to ""
[2.790s] -- Installing: /home/dji/DJI_workshop/LZP_PSDK/ros2_workplace/install/uav_detect_result/lib/libuav_detect_result__rosidl_generator_py.so
[2.790s] -- Set runtime path of "/home/dji/DJI_workshop/LZP_PSDK/ros2_workplace/install/uav_detect_result/lib/libuav_detect_result__rosidl_generator_py.so" to ""
[2.791s] -- Up-to-date: /home/dji/DJI_workshop/LZP_PSDK/ros2_workplace/install/uav_detect_result/share/uav_detect_result/msg/UavDetectResult.idl
[2.791s] -- Up-to-date: /home/dji/DJI_workshop/LZP_PSDK/ros2_workplace/install/uav_detect_result/share/uav_detect_result/msg/UavDetectResult.msg
[2.791s] -- Up-to-date: /home/dji/DJI_workshop/LZP_PSDK/ros2_workplace/install/uav_detect_result/share/ament_index/resource_index/package_run_dependencies/uav_detect_result
[2.792s] -- Up-to-date: /home/dji/DJI_workshop/LZP_PSDK/ros2_workplace/install/uav_detect_result/share/ament_index/resource_index/parent_prefix_path/uav_detect_result
[2.792s] -- Up-to-date: /home/dji/DJI_workshop/LZP_PSDK/ros2_workplace/install/uav_detect_result/share/uav_detect_result/environment/ament_prefix_path.sh
[2.792s] -- Up-to-date: /home/dji/DJI_workshop/LZP_PSDK/ros2_workplace/install/uav_detect_result/share/uav_detect_result/environment/ament_prefix_path.dsv
[2.792s] -- Up-to-date: /home/dji/DJI_workshop/LZP_PSDK/ros2_workplace/install/uav_detect_result/share/uav_detect_result/environment/path.sh
[2.792s] -- Up-to-date: /home/dji/DJI_workshop/LZP_PSDK/ros2_workplace/install/uav_detect_result/share/uav_detect_result/environment/path.dsv
[2.792s] -- Up-to-date: /home/dji/DJI_workshop/LZP_PSDK/ros2_workplace/install/uav_detect_result/share/uav_detect_result/local_setup.bash
[2.793s] -- Up-to-date: /home/dji/DJI_workshop/LZP_PSDK/ros2_workplace/install/uav_detect_result/share/uav_detect_result/local_setup.sh
[2.793s] -- Up-to-date: /home/dji/DJI_workshop/LZP_PSDK/ros2_workplace/install/uav_detect_result/share/uav_detect_result/local_setup.zsh
[2.793s] -- Up-to-date: /home/dji/DJI_workshop/LZP_PSDK/ros2_workplace/install/uav_detect_result/share/uav_detect_result/local_setup.dsv
[2.793s] -- Installing: /home/dji/DJI_workshop/LZP_PSDK/ros2_workplace/install/uav_detect_result/share/uav_detect_result/package.dsv
[2.794s] -- Up-to-date: /home/dji/DJI_workshop/LZP_PSDK/ros2_workplace/install/uav_detect_result/share/ament_index/resource_index/packages/uav_detect_result
[2.794s] -- Up-to-date: /home/dji/DJI_workshop/LZP_PSDK/ros2_workplace/install/uav_detect_result/share/uav_detect_result/cmake/export_uav_detect_result__rosidl_generator_cExport.cmake
[2.794s] -- Up-to-date: /home/dji/DJI_workshop/LZP_PSDK/ros2_workplace/install/uav_detect_result/share/uav_detect_result/cmake/export_uav_detect_result__rosidl_generator_cExport-noconfig.cmake
[2.794s] -- Up-to-date: /home/dji/DJI_workshop/LZP_PSDK/ros2_workplace/install/uav_detect_result/share/uav_detect_result/cmake/export_uav_detect_result__rosidl_typesupport_fastrtps_cExport.cmake
[2.795s] -- Up-to-date: /home/dji/DJI_workshop/LZP_PSDK/ros2_workplace/install/uav_detect_result/share/uav_detect_result/cmake/export_uav_detect_result__rosidl_typesupport_fastrtps_cExport-noconfig.cmake
[2.795s] -- Up-to-date: /home/dji/DJI_workshop/LZP_PSDK/ros2_workplace/install/uav_detect_result/share/uav_detect_result/cmake/uav_detect_result__rosidl_typesupport_introspection_cExport.cmake
[2.795s] -- Up-to-date: /home/dji/DJI_workshop/LZP_PSDK/ros2_workplace/install/uav_detect_result/share/uav_detect_result/cmake/uav_detect_result__rosidl_typesupport_introspection_cExport-noconfig.cmake
[2.795s] -- Up-to-date: /home/dji/DJI_workshop/LZP_PSDK/ros2_workplace/install/uav_detect_result/share/uav_detect_result/cmake/uav_detect_result__rosidl_typesupport_cExport.cmake
[2.796s] -- Up-to-date: /home/dji/DJI_workshop/LZP_PSDK/ros2_workplace/install/uav_detect_result/share/uav_detect_result/cmake/uav_detect_result__rosidl_typesupport_cExport-noconfig.cmake
[2.796s] -- Up-to-date: /home/dji/DJI_workshop/LZP_PSDK/ros2_workplace/install/uav_detect_result/share/uav_detect_result/cmake/export_uav_detect_result__rosidl_generator_cppExport.cmake
[2.796s] -- Up-to-date: /home/dji/DJI_workshop/LZP_PSDK/ros2_workplace/install/uav_detect_result/share/uav_detect_result/cmake/export_uav_detect_result__rosidl_typesupport_fastrtps_cppExport.cmake
[2.796s] -- Up-to-date: /home/dji/DJI_workshop/LZP_PSDK/ros2_workplace/install/uav_detect_result/share/uav_detect_result/cmake/export_uav_detect_result__rosidl_typesupport_fastrtps_cppExport-noconfig.cmake
[2.797s] -- Up-to-date: /home/dji/DJI_workshop/LZP_PSDK/ros2_workplace/install/uav_detect_result/share/uav_detect_result/cmake/uav_detect_result__rosidl_typesupport_introspection_cppExport.cmake
[2.797s] -- Up-to-date: /home/dji/DJI_workshop/LZP_PSDK/ros2_workplace/install/uav_detect_result/share/uav_detect_result/cmake/uav_detect_result__rosidl_typesupport_introspection_cppExport-noconfig.cmake
[2.797s] -- Up-to-date: /home/dji/DJI_workshop/LZP_PSDK/ros2_workplace/install/uav_detect_result/share/uav_detect_result/cmake/uav_detect_result__rosidl_typesupport_cppExport.cmake
[2.797s] -- Up-to-date: /home/dji/DJI_workshop/LZP_PSDK/ros2_workplace/install/uav_detect_result/share/uav_detect_result/cmake/uav_detect_result__rosidl_typesupport_cppExport-noconfig.cmake
[2.797s] -- Up-to-date: /home/dji/DJI_workshop/LZP_PSDK/ros2_workplace/install/uav_detect_result/share/uav_detect_result/cmake/export_uav_detect_result__rosidl_generator_pyExport.cmake
[2.798s] -- Up-to-date: /home/dji/DJI_workshop/LZP_PSDK/ros2_workplace/install/uav_detect_result/share/uav_detect_result/cmake/export_uav_detect_result__rosidl_generator_pyExport-noconfig.cmake
[2.798s] -- Up-to-date: /home/dji/DJI_workshop/LZP_PSDK/ros2_workplace/install/uav_detect_result/share/uav_detect_result/cmake/rosidl_cmake-extras.cmake
[2.798s] -- Up-to-date: /home/dji/DJI_workshop/LZP_PSDK/ros2_workplace/install/uav_detect_result/share/uav_detect_result/cmake/ament_cmake_export_include_directories-extras.cmake
[2.798s] -- Up-to-date: /home/dji/DJI_workshop/LZP_PSDK/ros2_workplace/install/uav_detect_result/share/uav_detect_result/cmake/ament_cmake_export_libraries-extras.cmake
[2.798s] -- Up-to-date: /home/dji/DJI_workshop/LZP_PSDK/ros2_workplace/install/uav_detect_result/share/uav_detect_result/cmake/ament_cmake_export_targets-extras.cmake
[2.799s] -- Up-to-date: /home/dji/DJI_workshop/LZP_PSDK/ros2_workplace/install/uav_detect_result/share/uav_detect_result/cmake/rosidl_cmake_export_typesupport_targets-extras.cmake
[2.799s] -- Up-to-date: /home/dji/DJI_workshop/LZP_PSDK/ros2_workplace/install/uav_detect_result/share/uav_detect_result/cmake/ament_cmake_export_dependencies-extras.cmake
[2.799s] -- Up-to-date: /home/dji/DJI_workshop/LZP_PSDK/ros2_workplace/install/uav_detect_result/share/uav_detect_result/cmake/rosidl_cmake_export_typesupport_libraries-extras.cmake
[2.817s] -- Up-to-date: /home/dji/DJI_workshop/LZP_PSDK/ros2_workplace/install/uav_detect_result/share/uav_detect_result/cmake/uav_detect_resultConfig.cmake
[2.817s] -- Up-to-date: /home/dji/DJI_workshop/LZP_PSDK/ros2_workplace/install/uav_detect_result/share/uav_detect_result/cmake/uav_detect_resultConfig-version.cmake
[2.817s] -- Up-to-date: /home/dji/DJI_workshop/LZP_PSDK/ros2_workplace/install/uav_detect_result/share/uav_detect_result/package.xml
[2.818s] Invoked command in '/home/dji/DJI_workshop/LZP_PSDK/ros2_workplace/build/uav_detect_result' returned '0': CONDA_PROMPT_MODIFIER=(ros2_humble) /open_app/miniconda3/envs/ros2_humble/bin/cmake --install /home/dji/DJI_workshop/LZP_PSDK/ros2_workplace/build/uav_detect_result
