[0.025s] Invoking command in '/home/dji/DJI_workshop/LZP_PSDK/ros2_workplace/build/uav_detect_result': CONDA_PROMPT_MODIFIER=(ros2_humble) /open_app/miniconda3/envs/ros2_humble/bin/cmake --build /home/dji/DJI_workshop/LZP_PSDK/ros2_workplace/build/uav_detect_result -- -j4 -l4
[0.082s] [  3%] Built target uav_detect_result__cpp
[0.087s] [ 12%] Built target uav_detect_result__rosidl_generator_c
[0.113s] [ 22%] Built target uav_detect_result__rosidl_typesupport_cpp
[0.122s] [ 29%] Built target ament_cmake_python_copy_uav_detect_result
[0.122s] [ 32%] Built target uav_detect_result__rosidl_typesupport_introspection_cpp
[0.153s] [ 51%] Built target uav_detect_result__rosidl_typesupport_fastrtps_cpp
[0.153s] [ 51%] Built target uav_detect_result__rosidl_typesupport_introspection_c
[0.167s] [ 61%] Built target uav_detect_result__rosidl_typesupport_fastrtps_c
[0.180s] [ 70%] Built target uav_detect_result__rosidl_typesupport_c
[0.207s] [ 70%] Built target uav_detect_result
[0.238s] [ 74%] Built target uav_detect_result__py
[0.270s] [ 80%] Built target uav_detect_result__rosidl_generator_py
[1.293s] running egg_info
[1.430s] writing uav_detect_result.egg-info/PKG-INFO
[1.537s] writing dependency_links to uav_detect_result.egg-info/dependency_links.txt
[2.145s] writing top-level names to uav_detect_result.egg-info/top_level.txt
[2.328s] reading manifest file 'uav_detect_result.egg-info/SOURCES.txt'
[2.330s] writing manifest file 'uav_detect_result.egg-info/SOURCES.txt'
[2.439s] [ 80%] Built target ament_cmake_python_build_uav_detect_result_egg
[2.469s] [ 90%] Built target uav_detect_result__rosidl_typesupport_introspection_c__pyext
[2.470s] [ 96%] Built target uav_detect_result__rosidl_typesupport_fastrtps_c__pyext
[2.471s] [100%] Built target uav_detect_result__rosidl_typesupport_c__pyext
[2.488s] Invoked command in '/home/dji/DJI_workshop/LZP_PSDK/ros2_workplace/build/uav_detect_result' returned '0': CONDA_PROMPT_MODIFIER=(ros2_humble) /open_app/miniconda3/envs/ros2_humble/bin/cmake --build /home/dji/DJI_workshop/LZP_PSDK/ros2_workplace/build/uav_detect_result -- -j4 -l4
[2.502s] Invoking command in '/home/dji/DJI_workshop/LZP_PSDK/ros2_workplace/build/uav_detect_result': CONDA_PROMPT_MODIFIER=(ros2_humble) /open_app/miniconda3/envs/ros2_humble/bin/cmake --install /home/dji/DJI_workshop/LZP_PSDK/ros2_workplace/build/uav_detect_result
[2.513s] -- Install configuration: ""
[2.513s] -- Up-to-date: /home/dji/DJI_workshop/LZP_PSDK/ros2_workplace/install/uav_detect_result/share/ament_index/resource_index/rosidl_interfaces/uav_detect_result
[2.513s] -- Up-to-date: /home/dji/DJI_workshop/LZP_PSDK/ros2_workplace/install/uav_detect_result/include/uav_detect_result/uav_detect_result
[2.516s] -- Up-to-date: /home/dji/DJI_workshop/LZP_PSDK/ros2_workplace/install/uav_detect_result/include/uav_detect_result/uav_detect_result/msg
[2.517s] -- Up-to-date: /home/dji/DJI_workshop/LZP_PSDK/ros2_workplace/install/uav_detect_result/include/uav_detect_result/uav_detect_result/msg/rosidl_generator_c__visibility_control.h
[2.519s] -- Up-to-date: /home/dji/DJI_workshop/LZP_PSDK/ros2_workplace/install/uav_detect_result/include/uav_detect_result/uav_detect_result/msg/detail
[2.519s] -- Up-to-date: /home/dji/DJI_workshop/LZP_PSDK/ros2_workplace/install/uav_detect_result/include/uav_detect_result/uav_detect_result/msg/detail/uav_detect_result__type_support.h
[2.519s] -- Up-to-date: /home/dji/DJI_workshop/LZP_PSDK/ros2_workplace/install/uav_detect_result/include/uav_detect_result/uav_detect_result/msg/detail/uav_detect_result__functions.h
[2.519s] -- Up-to-date: /home/dji/DJI_workshop/LZP_PSDK/ros2_workplace/install/uav_detect_result/include/uav_detect_result/uav_detect_result/msg/detail/uav_detect_result__struct.h
[2.520s] -- Up-to-date: /home/dji/DJI_workshop/LZP_PSDK/ros2_workplace/install/uav_detect_result/include/uav_detect_result/uav_detect_result/msg/detail/uav_detect_result__functions.c
[2.520s] -- Up-to-date: /home/dji/DJI_workshop/LZP_PSDK/ros2_workplace/install/uav_detect_result/include/uav_detect_result/uav_detect_result/msg/uav_detect_result.h
[2.520s] -- Installing: /home/dji/DJI_workshop/LZP_PSDK/ros2_workplace/install/uav_detect_result/lib/libuav_detect_result__rosidl_generator_c.so
[2.520s] -- Up-to-date: /home/dji/DJI_workshop/LZP_PSDK/ros2_workplace/install/uav_detect_result/include/uav_detect_result/uav_detect_result
[2.520s] -- Up-to-date: /home/dji/DJI_workshop/LZP_PSDK/ros2_workplace/install/uav_detect_result/include/uav_detect_result/uav_detect_result/msg
[2.520s] -- Up-to-date: /home/dji/DJI_workshop/LZP_PSDK/ros2_workplace/install/uav_detect_result/include/uav_detect_result/uav_detect_result/msg/rosidl_typesupport_fastrtps_c__visibility_control.h
[2.520s] -- Up-to-date: /home/dji/DJI_workshop/LZP_PSDK/ros2_workplace/install/uav_detect_result/include/uav_detect_result/uav_detect_result/msg/detail
[2.521s] -- Up-to-date: /home/dji/DJI_workshop/LZP_PSDK/ros2_workplace/install/uav_detect_result/include/uav_detect_result/uav_detect_result/msg/detail/uav_detect_result__rosidl_typesupport_fastrtps_c.h
[2.521s] -- Installing: /home/dji/DJI_workshop/LZP_PSDK/ros2_workplace/install/uav_detect_result/lib/libuav_detect_result__rosidl_typesupport_fastrtps_c.so
[2.527s] -- Set runtime path of "/home/dji/DJI_workshop/LZP_PSDK/ros2_workplace/install/uav_detect_result/lib/libuav_detect_result__rosidl_typesupport_fastrtps_c.so" to ""
[2.527s] -- Up-to-date: /home/dji/DJI_workshop/LZP_PSDK/ros2_workplace/install/uav_detect_result/include/uav_detect_result/uav_detect_result
[2.527s] -- Up-to-date: /home/dji/DJI_workshop/LZP_PSDK/ros2_workplace/install/uav_detect_result/include/uav_detect_result/uav_detect_result/msg
[2.527s] -- Up-to-date: /home/dji/DJI_workshop/LZP_PSDK/ros2_workplace/install/uav_detect_result/include/uav_detect_result/uav_detect_result/msg/detail
[2.527s] -- Up-to-date: /home/dji/DJI_workshop/LZP_PSDK/ros2_workplace/install/uav_detect_result/include/uav_detect_result/uav_detect_result/msg/detail/uav_detect_result__type_support.c
[2.527s] -- Up-to-date: /home/dji/DJI_workshop/LZP_PSDK/ros2_workplace/install/uav_detect_result/include/uav_detect_result/uav_detect_result/msg/detail/uav_detect_result__rosidl_typesupport_introspection_c.h
[2.527s] -- Up-to-date: /home/dji/DJI_workshop/LZP_PSDK/ros2_workplace/install/uav_detect_result/include/uav_detect_result/uav_detect_result/msg/rosidl_typesupport_introspection_c__visibility_control.h
[2.528s] -- Installing: /home/dji/DJI_workshop/LZP_PSDK/ros2_workplace/install/uav_detect_result/lib/libuav_detect_result__rosidl_typesupport_introspection_c.so
[2.528s] -- Set runtime path of "/home/dji/DJI_workshop/LZP_PSDK/ros2_workplace/install/uav_detect_result/lib/libuav_detect_result__rosidl_typesupport_introspection_c.so" to ""
[2.528s] -- Installing: /home/dji/DJI_workshop/LZP_PSDK/ros2_workplace/install/uav_detect_result/lib/libuav_detect_result__rosidl_typesupport_c.so
[2.528s] -- Set runtime path of "/home/dji/DJI_workshop/LZP_PSDK/ros2_workplace/install/uav_detect_result/lib/libuav_detect_result__rosidl_typesupport_c.so" to ""
[2.528s] -- Up-to-date: /home/dji/DJI_workshop/LZP_PSDK/ros2_workplace/install/uav_detect_result/include/uav_detect_result/uav_detect_result
[2.528s] -- Up-to-date: /home/dji/DJI_workshop/LZP_PSDK/ros2_workplace/install/uav_detect_result/include/uav_detect_result/uav_detect_result/msg
[2.529s] -- Up-to-date: /home/dji/DJI_workshop/LZP_PSDK/ros2_workplace/install/uav_detect_result/include/uav_detect_result/uav_detect_result/msg/detail
[2.529s] -- Up-to-date: /home/dji/DJI_workshop/LZP_PSDK/ros2_workplace/install/uav_detect_result/include/uav_detect_result/uav_detect_result/msg/detail/uav_detect_result__struct.hpp
[2.529s] -- Up-to-date: /home/dji/DJI_workshop/LZP_PSDK/ros2_workplace/install/uav_detect_result/include/uav_detect_result/uav_detect_result/msg/detail/uav_detect_result__traits.hpp
[2.529s] -- Up-to-date: /home/dji/DJI_workshop/LZP_PSDK/ros2_workplace/install/uav_detect_result/include/uav_detect_result/uav_detect_result/msg/detail/uav_detect_result__builder.hpp
[2.529s] -- Up-to-date: /home/dji/DJI_workshop/LZP_PSDK/ros2_workplace/install/uav_detect_result/include/uav_detect_result/uav_detect_result/msg/uav_detect_result.hpp
[2.529s] -- Up-to-date: /home/dji/DJI_workshop/LZP_PSDK/ros2_workplace/install/uav_detect_result/include/uav_detect_result/uav_detect_result
[2.529s] -- Up-to-date: /home/dji/DJI_workshop/LZP_PSDK/ros2_workplace/install/uav_detect_result/include/uav_detect_result/uav_detect_result/msg
[2.530s] -- Up-to-date: /home/dji/DJI_workshop/LZP_PSDK/ros2_workplace/install/uav_detect_result/include/uav_detect_result/uav_detect_result/msg/rosidl_typesupport_fastrtps_cpp__visibility_control.h
[2.530s] -- Up-to-date: /home/dji/DJI_workshop/LZP_PSDK/ros2_workplace/install/uav_detect_result/include/uav_detect_result/uav_detect_result/msg/detail
[2.530s] -- Up-to-date: /home/dji/DJI_workshop/LZP_PSDK/ros2_workplace/install/uav_detect_result/include/uav_detect_result/uav_detect_result/msg/detail/uav_detect_result__rosidl_typesupport_fastrtps_cpp.hpp
[2.530s] -- Up-to-date: /home/dji/DJI_workshop/LZP_PSDK/ros2_workplace/install/uav_detect_result/include/uav_detect_result/uav_detect_result/msg/detail/dds_fastrtps
[2.530s] -- Installing: /home/dji/DJI_workshop/LZP_PSDK/ros2_workplace/install/uav_detect_result/lib/libuav_detect_result__rosidl_typesupport_fastrtps_cpp.so
[2.530s] -- Up-to-date: /home/dji/DJI_workshop/LZP_PSDK/ros2_workplace/install/uav_detect_result/include/uav_detect_result/uav_detect_result
[2.530s] -- Up-to-date: /home/dji/DJI_workshop/LZP_PSDK/ros2_workplace/install/uav_detect_result/include/uav_detect_result/uav_detect_result/msg
[2.531s] -- Up-to-date: /home/dji/DJI_workshop/LZP_PSDK/ros2_workplace/install/uav_detect_result/include/uav_detect_result/uav_detect_result/msg/detail
[2.531s] -- Up-to-date: /home/dji/DJI_workshop/LZP_PSDK/ros2_workplace/install/uav_detect_result/include/uav_detect_result/uav_detect_result/msg/detail/uav_detect_result__rosidl_typesupport_introspection_cpp.hpp
[2.531s] -- Up-to-date: /home/dji/DJI_workshop/LZP_PSDK/ros2_workplace/install/uav_detect_result/include/uav_detect_result/uav_detect_result/msg/detail/uav_detect_result__type_support.cpp
[2.531s] -- Installing: /home/dji/DJI_workshop/LZP_PSDK/ros2_workplace/install/uav_detect_result/lib/libuav_detect_result__rosidl_typesupport_introspection_cpp.so
[2.531s] -- Installing: /home/dji/DJI_workshop/LZP_PSDK/ros2_workplace/install/uav_detect_result/lib/libuav_detect_result__rosidl_typesupport_cpp.so
[2.531s] -- Up-to-date: /home/dji/DJI_workshop/LZP_PSDK/ros2_workplace/install/uav_detect_result/share/uav_detect_result/environment/pythonpath.sh
[2.531s] -- Up-to-date: /home/dji/DJI_workshop/LZP_PSDK/ros2_workplace/install/uav_detect_result/share/uav_detect_result/environment/pythonpath.dsv
[2.531s] -- Up-to-date: /home/dji/DJI_workshop/LZP_PSDK/ros2_workplace/install/uav_detect_result/lib/python3.10/site-packages/uav_detect_result-0.0.0-py3.10.egg-info
[2.532s] -- Installing: /home/dji/DJI_workshop/LZP_PSDK/ros2_workplace/install/uav_detect_result/lib/python3.10/site-packages/uav_detect_result-0.0.0-py3.10.egg-info/top_level.txt
[2.532s] -- Installing: /home/dji/DJI_workshop/LZP_PSDK/ros2_workplace/install/uav_detect_result/lib/python3.10/site-packages/uav_detect_result-0.0.0-py3.10.egg-info/SOURCES.txt
[2.532s] -- Installing: /home/dji/DJI_workshop/LZP_PSDK/ros2_workplace/install/uav_detect_result/lib/python3.10/site-packages/uav_detect_result-0.0.0-py3.10.egg-info/dependency_links.txt
[2.532s] -- Installing: /home/dji/DJI_workshop/LZP_PSDK/ros2_workplace/install/uav_detect_result/lib/python3.10/site-packages/uav_detect_result-0.0.0-py3.10.egg-info/PKG-INFO
[2.532s] -- Up-to-date: /home/dji/DJI_workshop/LZP_PSDK/ros2_workplace/install/uav_detect_result/lib/python3.10/site-packages/uav_detect_result
[2.532s] -- Up-to-date: /home/dji/DJI_workshop/LZP_PSDK/ros2_workplace/install/uav_detect_result/lib/python3.10/site-packages/uav_detect_result/__init__.py
[2.532s] -- Up-to-date: /home/dji/DJI_workshop/LZP_PSDK/ros2_workplace/install/uav_detect_result/lib/python3.10/site-packages/uav_detect_result/_uav_detect_result_s.ep.rosidl_typesupport_introspection_c.c
[2.532s] -- Up-to-date: /home/dji/DJI_workshop/LZP_PSDK/ros2_workplace/install/uav_detect_result/lib/python3.10/site-packages/uav_detect_result/msg
[2.533s] -- Up-to-date: /home/dji/DJI_workshop/LZP_PSDK/ros2_workplace/install/uav_detect_result/lib/python3.10/site-packages/uav_detect_result/msg/_uav_detect_result.py
[2.533s] -- Up-to-date: /home/dji/DJI_workshop/LZP_PSDK/ros2_workplace/install/uav_detect_result/lib/python3.10/site-packages/uav_detect_result/msg/__init__.py
[2.533s] -- Up-to-date: /home/dji/DJI_workshop/LZP_PSDK/ros2_workplace/install/uav_detect_result/lib/python3.10/site-packages/uav_detect_result/msg/_uav_detect_result_s.c
[2.533s] -- Up-to-date: /home/dji/DJI_workshop/LZP_PSDK/ros2_workplace/install/uav_detect_result/lib/python3.10/site-packages/uav_detect_result/uav_detect_result_s__rosidl_typesupport_c.cpython-310-aarch64-linux-gnu.so
[2.533s] -- Up-to-date: /home/dji/DJI_workshop/LZP_PSDK/ros2_workplace/install/uav_detect_result/lib/python3.10/site-packages/uav_detect_result/uav_detect_result_s__rosidl_typesupport_introspection_c.cpython-310-aarch64-linux-gnu.so
[2.533s] -- Up-to-date: /home/dji/DJI_workshop/LZP_PSDK/ros2_workplace/install/uav_detect_result/lib/python3.10/site-packages/uav_detect_result/libuav_detect_result__rosidl_generator_py.so
[2.533s] -- Up-to-date: /home/dji/DJI_workshop/LZP_PSDK/ros2_workplace/install/uav_detect_result/lib/python3.10/site-packages/uav_detect_result/_uav_detect_result_s.ep.rosidl_typesupport_fastrtps_c.c
[2.534s] -- Up-to-date: /home/dji/DJI_workshop/LZP_PSDK/ros2_workplace/install/uav_detect_result/lib/python3.10/site-packages/uav_detect_result/_uav_detect_result_s.ep.rosidl_typesupport_c.c
[2.534s] -- Up-to-date: /home/dji/DJI_workshop/LZP_PSDK/ros2_workplace/install/uav_detect_result/lib/python3.10/site-packages/uav_detect_result/uav_detect_result_s__rosidl_typesupport_fastrtps_c.cpython-310-aarch64-linux-gnu.so
[2.589s] Listing 'lib/python3.10/site-packages/uav_detect_result'...
[2.589s] Can't list 'lib/python3.10/site-packages/uav_detect_result'
[2.601s] -- Installing: /home/dji/DJI_workshop/LZP_PSDK/ros2_workplace/install/uav_detect_result/lib/python3.10/site-packages/uav_detect_result/uav_detect_result_s__rosidl_typesupport_fastrtps_c.cpython-310-aarch64-linux-gnu.so
[2.602s] -- Set runtime path of "/home/dji/DJI_workshop/LZP_PSDK/ros2_workplace/install/uav_detect_result/lib/python3.10/site-packages/uav_detect_result/uav_detect_result_s__rosidl_typesupport_fastrtps_c.cpython-310-aarch64-linux-gnu.so" to ""
[2.602s] -- Installing: /home/dji/DJI_workshop/LZP_PSDK/ros2_workplace/install/uav_detect_result/lib/python3.10/site-packages/uav_detect_result/uav_detect_result_s__rosidl_typesupport_introspection_c.cpython-310-aarch64-linux-gnu.so
[2.603s] -- Set runtime path of "/home/dji/DJI_workshop/LZP_PSDK/ros2_workplace/install/uav_detect_result/lib/python3.10/site-packages/uav_detect_result/uav_detect_result_s__rosidl_typesupport_introspection_c.cpython-310-aarch64-linux-gnu.so" to ""
[2.603s] -- Installing: /home/dji/DJI_workshop/LZP_PSDK/ros2_workplace/install/uav_detect_result/lib/python3.10/site-packages/uav_detect_result/uav_detect_result_s__rosidl_typesupport_c.cpython-310-aarch64-linux-gnu.so
[2.604s] -- Set runtime path of "/home/dji/DJI_workshop/LZP_PSDK/ros2_workplace/install/uav_detect_result/lib/python3.10/site-packages/uav_detect_result/uav_detect_result_s__rosidl_typesupport_c.cpython-310-aarch64-linux-gnu.so" to ""
[2.604s] -- Installing: /home/dji/DJI_workshop/LZP_PSDK/ros2_workplace/install/uav_detect_result/lib/libuav_detect_result__rosidl_generator_py.so
[2.605s] -- Set runtime path of "/home/dji/DJI_workshop/LZP_PSDK/ros2_workplace/install/uav_detect_result/lib/libuav_detect_result__rosidl_generator_py.so" to ""
[2.605s] -- Up-to-date: /home/dji/DJI_workshop/LZP_PSDK/ros2_workplace/install/uav_detect_result/share/uav_detect_result/msg/UavDetectResult.idl
[2.605s] -- Up-to-date: /home/dji/DJI_workshop/LZP_PSDK/ros2_workplace/install/uav_detect_result/share/uav_detect_result/msg/UavDetectResult.msg
[2.606s] -- Up-to-date: /home/dji/DJI_workshop/LZP_PSDK/ros2_workplace/install/uav_detect_result/share/ament_index/resource_index/package_run_dependencies/uav_detect_result
[2.606s] -- Up-to-date: /home/dji/DJI_workshop/LZP_PSDK/ros2_workplace/install/uav_detect_result/share/ament_index/resource_index/parent_prefix_path/uav_detect_result
[2.606s] -- Up-to-date: /home/dji/DJI_workshop/LZP_PSDK/ros2_workplace/install/uav_detect_result/share/uav_detect_result/environment/ament_prefix_path.sh
[2.606s] -- Up-to-date: /home/dji/DJI_workshop/LZP_PSDK/ros2_workplace/install/uav_detect_result/share/uav_detect_result/environment/ament_prefix_path.dsv
[2.606s] -- Up-to-date: /home/dji/DJI_workshop/LZP_PSDK/ros2_workplace/install/uav_detect_result/share/uav_detect_result/environment/path.sh
[2.607s] -- Up-to-date: /home/dji/DJI_workshop/LZP_PSDK/ros2_workplace/install/uav_detect_result/share/uav_detect_result/environment/path.dsv
[2.607s] -- Up-to-date: /home/dji/DJI_workshop/LZP_PSDK/ros2_workplace/install/uav_detect_result/share/uav_detect_result/local_setup.bash
[2.607s] -- Up-to-date: /home/dji/DJI_workshop/LZP_PSDK/ros2_workplace/install/uav_detect_result/share/uav_detect_result/local_setup.sh
[2.607s] -- Up-to-date: /home/dji/DJI_workshop/LZP_PSDK/ros2_workplace/install/uav_detect_result/share/uav_detect_result/local_setup.zsh
[2.607s] -- Up-to-date: /home/dji/DJI_workshop/LZP_PSDK/ros2_workplace/install/uav_detect_result/share/uav_detect_result/local_setup.dsv
[2.608s] -- Installing: /home/dji/DJI_workshop/LZP_PSDK/ros2_workplace/install/uav_detect_result/share/uav_detect_result/package.dsv
[2.608s] -- Up-to-date: /home/dji/DJI_workshop/LZP_PSDK/ros2_workplace/install/uav_detect_result/share/ament_index/resource_index/packages/uav_detect_result
[2.608s] -- Up-to-date: /home/dji/DJI_workshop/LZP_PSDK/ros2_workplace/install/uav_detect_result/share/uav_detect_result/cmake/export_uav_detect_result__rosidl_generator_cExport.cmake
[2.608s] -- Up-to-date: /home/dji/DJI_workshop/LZP_PSDK/ros2_workplace/install/uav_detect_result/share/uav_detect_result/cmake/export_uav_detect_result__rosidl_generator_cExport-noconfig.cmake
[2.609s] -- Up-to-date: /home/dji/DJI_workshop/LZP_PSDK/ros2_workplace/install/uav_detect_result/share/uav_detect_result/cmake/export_uav_detect_result__rosidl_typesupport_fastrtps_cExport.cmake
[2.609s] -- Up-to-date: /home/dji/DJI_workshop/LZP_PSDK/ros2_workplace/install/uav_detect_result/share/uav_detect_result/cmake/export_uav_detect_result__rosidl_typesupport_fastrtps_cExport-noconfig.cmake
[2.609s] -- Up-to-date: /home/dji/DJI_workshop/LZP_PSDK/ros2_workplace/install/uav_detect_result/share/uav_detect_result/cmake/uav_detect_result__rosidl_typesupport_introspection_cExport.cmake
[2.609s] -- Up-to-date: /home/dji/DJI_workshop/LZP_PSDK/ros2_workplace/install/uav_detect_result/share/uav_detect_result/cmake/uav_detect_result__rosidl_typesupport_introspection_cExport-noconfig.cmake
[2.610s] -- Up-to-date: /home/dji/DJI_workshop/LZP_PSDK/ros2_workplace/install/uav_detect_result/share/uav_detect_result/cmake/uav_detect_result__rosidl_typesupport_cExport.cmake
[2.610s] -- Up-to-date: /home/dji/DJI_workshop/LZP_PSDK/ros2_workplace/install/uav_detect_result/share/uav_detect_result/cmake/uav_detect_result__rosidl_typesupport_cExport-noconfig.cmake
[2.610s] -- Up-to-date: /home/dji/DJI_workshop/LZP_PSDK/ros2_workplace/install/uav_detect_result/share/uav_detect_result/cmake/export_uav_detect_result__rosidl_generator_cppExport.cmake
[2.610s] -- Up-to-date: /home/dji/DJI_workshop/LZP_PSDK/ros2_workplace/install/uav_detect_result/share/uav_detect_result/cmake/export_uav_detect_result__rosidl_typesupport_fastrtps_cppExport.cmake
[2.611s] -- Up-to-date: /home/dji/DJI_workshop/LZP_PSDK/ros2_workplace/install/uav_detect_result/share/uav_detect_result/cmake/export_uav_detect_result__rosidl_typesupport_fastrtps_cppExport-noconfig.cmake
[2.611s] -- Up-to-date: /home/dji/DJI_workshop/LZP_PSDK/ros2_workplace/install/uav_detect_result/share/uav_detect_result/cmake/uav_detect_result__rosidl_typesupport_introspection_cppExport.cmake
[2.611s] -- Up-to-date: /home/dji/DJI_workshop/LZP_PSDK/ros2_workplace/install/uav_detect_result/share/uav_detect_result/cmake/uav_detect_result__rosidl_typesupport_introspection_cppExport-noconfig.cmake
[2.611s] -- Up-to-date: /home/dji/DJI_workshop/LZP_PSDK/ros2_workplace/install/uav_detect_result/share/uav_detect_result/cmake/uav_detect_result__rosidl_typesupport_cppExport.cmake
[2.611s] -- Up-to-date: /home/dji/DJI_workshop/LZP_PSDK/ros2_workplace/install/uav_detect_result/share/uav_detect_result/cmake/uav_detect_result__rosidl_typesupport_cppExport-noconfig.cmake
[2.612s] -- Up-to-date: /home/dji/DJI_workshop/LZP_PSDK/ros2_workplace/install/uav_detect_result/share/uav_detect_result/cmake/export_uav_detect_result__rosidl_generator_pyExport.cmake
[2.612s] -- Up-to-date: /home/dji/DJI_workshop/LZP_PSDK/ros2_workplace/install/uav_detect_result/share/uav_detect_result/cmake/export_uav_detect_result__rosidl_generator_pyExport-noconfig.cmake
[2.612s] -- Up-to-date: /home/dji/DJI_workshop/LZP_PSDK/ros2_workplace/install/uav_detect_result/share/uav_detect_result/cmake/rosidl_cmake-extras.cmake
[2.612s] -- Up-to-date: /home/dji/DJI_workshop/LZP_PSDK/ros2_workplace/install/uav_detect_result/share/uav_detect_result/cmake/ament_cmake_export_include_directories-extras.cmake
[2.612s] -- Up-to-date: /home/dji/DJI_workshop/LZP_PSDK/ros2_workplace/install/uav_detect_result/share/uav_detect_result/cmake/ament_cmake_export_libraries-extras.cmake
[2.612s] -- Up-to-date: /home/dji/DJI_workshop/LZP_PSDK/ros2_workplace/install/uav_detect_result/share/uav_detect_result/cmake/ament_cmake_export_targets-extras.cmake
[2.612s] -- Up-to-date: /home/dji/DJI_workshop/LZP_PSDK/ros2_workplace/install/uav_detect_result/share/uav_detect_result/cmake/rosidl_cmake_export_typesupport_targets-extras.cmake
[2.612s] -- Up-to-date: /home/dji/DJI_workshop/LZP_PSDK/ros2_workplace/install/uav_detect_result/share/uav_detect_result/cmake/ament_cmake_export_dependencies-extras.cmake
[2.613s] -- Up-to-date: /home/dji/DJI_workshop/LZP_PSDK/ros2_workplace/install/uav_detect_result/share/uav_detect_result/cmake/rosidl_cmake_export_typesupport_libraries-extras.cmake
[2.613s] -- Up-to-date: /home/dji/DJI_workshop/LZP_PSDK/ros2_workplace/install/uav_detect_result/share/uav_detect_result/cmake/uav_detect_resultConfig.cmake
[2.613s] -- Up-to-date: /home/dji/DJI_workshop/LZP_PSDK/ros2_workplace/install/uav_detect_result/share/uav_detect_result/cmake/uav_detect_resultConfig-version.cmake
[2.613s] -- Up-to-date: /home/dji/DJI_workshop/LZP_PSDK/ros2_workplace/install/uav_detect_result/share/uav_detect_result/package.xml
[2.627s] Invoked command in '/home/dji/DJI_workshop/LZP_PSDK/ros2_workplace/build/uav_detect_result' returned '0': CONDA_PROMPT_MODIFIER=(ros2_humble) /open_app/miniconda3/envs/ros2_humble/bin/cmake --install /home/dji/DJI_workshop/LZP_PSDK/ros2_workplace/build/uav_detect_result
