[0.021s] Invoking command in '/home/dji/DJI_workshop/LZP_PSDK/ros2_workplace/build/dji_precision_capture': CONDA_PROMPT_MODIFIER=(ros2_humble) /open_app/miniconda3/envs/ros2_humble/bin/cmake /home/dji/DJI_workshop/LZP_PSDK/ros2_workplace/src/dji_precision_capture -DCMAKE_INSTALL_PREFIX=/home/dji/DJI_workshop/LZP_PSDK/ros2_workplace/install/dji_precision_capture
[0.231s] -- The C compiler identification is unknown
[0.431s] -- The CXX compiler identification is unknown
[0.434s] [31mCMake Error at CMakeLists.txt:2 (project):
[0.435s]   The CMAKE_C_COMPILER:
[0.435s] 
[0.435s]     /usr/bin/gcc-11
[0.435s] 
[0.435s]   is not a full path to an existing compiler tool.
[0.435s] 
[0.436s]   Tell CMake where to find the compiler by setting either the environment
[0.436s]   variable "CC" or the CMake cache entry CMAKE_C_COMPILER to the full path to
[0.436s]   the compiler, or to the compiler name if it is in the PATH.
[0.436s] 
[0.436s] [0m
[0.436s] [31mCMake Error at CMakeLists.txt:2 (project):
[0.436s]   The CMAKE_CXX_COMPILER:
[0.437s] 
[0.437s]     /usr/bin/g++-11
[0.437s] 
[0.437s]   is not a full path to an existing compiler tool.
[0.437s] 
[0.437s]   Tell CMake where to find the compiler by setting either the environment
[0.437s]   variable "CXX" or the CMake cache entry CMAKE_CXX_COMPILER to the full path
[0.438s]   to the compiler, or to the compiler name if it is in the PATH.
[0.438s] 
[0.438s] [0m
[0.438s] -- Configuring incomplete, errors occurred!
[0.465s] Invoked command in '/home/dji/DJI_workshop/LZP_PSDK/ros2_workplace/build/dji_precision_capture' returned '1': CONDA_PROMPT_MODIFIER=(ros2_humble) /open_app/miniconda3/envs/ros2_humble/bin/cmake /home/dji/DJI_workshop/LZP_PSDK/ros2_workplace/src/dji_precision_capture -DCMAKE_INSTALL_PREFIX=/home/dji/DJI_workshop/LZP_PSDK/ros2_workplace/install/dji_precision_capture
