[33mCMake Warning:
  Ignoring empty string ("") provided on the command line.

[0m
[33mCMake Warning:
  Ignoring empty string ("") provided on the command line.

[0m
[0m
dji_precision_capture...[0m
[0mYou have changed variables that require your cache to be deleted.
Configure will be re-run and you may have to reset some variables.
The following variables have changed:
CMAKE_C_COMPILER= /usr/bin/gcc-11
CMAKE_CXX_COMPILER= /usr/bin/g++-11
[0m
[31mCMake Error at CMakeLists.txt:2 (project):
  The CMAKE_C_COMPILER:

    /usr/bin/gcc-11

  is not a full path to an existing compiler tool.

  Tell CMake where to find the compiler by setting either the environment
  variable "CC" or the CMake cache entry CMAKE_C_COMPILER to the full path to
  the compiler, or to the compiler name if it is in the PATH.

[0m
[31mCMake Error at CMakeLists.txt:2 (project):
  The CMAKE_CXX_COMPILER:

    /usr/bin/g++-11

  is not a full path to an existing compiler tool.

  Tell CMake where to find the compiler by setting either the environment
  variable "CXX" or the CMake cache entry CMAKE_CXX_COMPILER to the full path
  to the compiler, or to the compiler name if it is in the PATH.

[0m
