[0.023s] Invoking command in '/home/dji/DJI_workshop/LZP_PSDK/ros2_workplace/build/dji_precision_capture': CONDA_PROMPT_MODIFIER=(ros2_humble) /open_app/miniconda3/envs/ros2_humble/bin/cmake /home/dji/DJI_workshop/LZP_PSDK/ros2_workplace/src/dji_precision_capture  -DCMAKE_C_COMPILER=/usr/bin/gcc-11  -DCMAKE_CXX_COMPILER=/usr/bin/g++-11 -DCMAKE_INSTALL_PREFIX=/home/dji/DJI_workshop/LZP_PSDK/ros2_workplace/install/dji_precision_capture
[0.029s] [33mCMake Warning:
[0.030s]   Ignoring empty string ("") provided on the command line.
[0.030s] 
[0.030s] [0m
[0.030s] [33mCMake Warning:
[0.030s]   Ignoring empty string ("") provided on the command line.
[0.030s] 
[0.030s] [0m
[0.059s] [0m
[0.060s] dji_precision_capture...[0m
[0.060s] -- Found OpenCV installed in the system, will use it to display image in AdvancedSensing APIs
[0.060s] --  - Includes: /open_app/miniconda3/envs/ros2_humble/include/opencv4
[0.060s] --  - Libraries: opencv_calib3d;opencv_core;opencv_dnn;opencv_features2d;opencv_flann;opencv_gapi;opencv_highgui;opencv_imgcodecs;opencv_imgproc;opencv_ml;opencv_objdetect;opencv_photo;opencv_stitching;opencv_video;opencv_videoio;opencv_alphamat;opencv_aruco;opencv_barcode;opencv_bgsegm;opencv_bioinspired;opencv_ccalib;opencv_cvv;opencv_datasets;opencv_dnn_objdetect;opencv_dnn_superres;opencv_dpm;opencv_face;opencv_freetype;opencv_fuzzy;opencv_hdf;opencv_hfs;opencv_img_hash;opencv_intensity_transform;opencv_line_descriptor;opencv_mcc;opencv_optflow;opencv_phase_unwrapping;opencv_plot;opencv_quality;opencv_rapid;opencv_reg;opencv_rgbd;opencv_saliency;opencv_shape;opencv_stereo;opencv_structured_light;opencv_superres;opencv_surface_matching;opencv_text;opencv_tracking;opencv_videostab;opencv_wechat_qrcode;opencv_xfeatures2d;opencv_ximgproc;opencv_xobjdetect;opencv_xphoto
[0.084s] -- Cannot Find FFMPEG
[0.085s] -- Found ament_cmake: 1.3.3 (/open_app/miniconda3/envs/ros2_humble/share/ament_cmake/cmake)
[0.276s] -- Found rclcpp: 16.0.3 (/open_app/miniconda3/envs/ros2_humble/share/rclcpp/cmake)
[0.328s] -- Found rosidl_generator_c: 3.1.4 (/open_app/miniconda3/envs/ros2_humble/share/rosidl_generator_c/cmake)
[0.332s] -- Found rosidl_adapter: 3.1.4 (/open_app/miniconda3/envs/ros2_humble/share/rosidl_adapter/cmake)
[0.342s] -- Found rosidl_generator_cpp: 3.1.4 (/open_app/miniconda3/envs/ros2_humble/share/rosidl_generator_cpp/cmake)
[0.360s] -- Using all available rosidl_typesupport_c: rosidl_typesupport_fastrtps_c;rosidl_typesupport_introspection_c
[0.386s] -- Using all available rosidl_typesupport_cpp: rosidl_typesupport_fastrtps_cpp;rosidl_typesupport_introspection_cpp
[0.517s] -- Found rmw_implementation_cmake: 6.1.1 (/open_app/miniconda3/envs/ros2_humble/share/rmw_implementation_cmake/cmake)
[0.519s] -- Found rmw_fastrtps_cpp: 6.2.2 (/open_app/miniconda3/envs/ros2_humble/share/rmw_fastrtps_cpp/cmake)
[0.738s] -- Using RMW implementation 'rmw_fastrtps_cpp' as default
[0.919s] -- Found std_msgs: 4.2.3 (/open_app/miniconda3/envs/ros2_humble/share/std_msgs/cmake)
[0.972s] -- Found ament_lint_auto: 0.12.5 (/open_app/miniconda3/envs/ros2_humble/share/ament_lint_auto/cmake)
[1.138s] -- Added test 'cppcheck' to perform static code analysis on C / C++ code
[1.139s] -- Configured cppcheck include dirs: /home/dji/DJI_workshop/LZP_PSDK/ros2_workplace/src/dji_precision_capture/../../../Payload-SDK/samples/sample_c++/platform/linux/manifold3/../my_code;/home/dji/DJI_workshop/LZP_PSDK/ros2_workplace/src/dji_precision_capture/../../../Payload-SDK/samples/sample_c++/platform/linux/manifold3/../../../module_sample;/home/dji/DJI_workshop/LZP_PSDK/ros2_workplace/src/dji_precision_capture/../../../Payload-SDK/samples/sample_c++/platform/linux/manifold3/../../../../sample_c/module_sample;/home/dji/DJI_workshop/LZP_PSDK/ros2_workplace/src/dji_precision_capture/../../../Payload-SDK/samples/sample_c++/platform/linux/manifold3/../common;/home/dji/DJI_workshop/LZP_PSDK/ros2_workplace/src/dji_precision_capture/../../../Payload-SDK/samples/sample_c++/platform/linux/manifold3/../manifold3/application;/home/dji/DJI_workshop/LZP_PSDK/ros2_workplace/src/dji_precision_capture/include_directories;/home/dji/DJI_workshop/LZP_PSDK/ros2_workplace/src/dji_precision_capture/(;/home/dji/DJI_workshop/LZP_PSDK/ros2_workplace/src/dji_precision_capture/../../../Payload-SDK/samples/sample_c++/platform/linux/manifold3/../../../../../psdk_lib/include;/home/dji/DJI_workshop/LZP_PSDK/ros2_workplace/src/dji_precision_capture/);/home/dji/DJI_workshop/LZP_PSDK/ros2_workplace/src/dji_precision_capture/./include
[1.140s] -- Configured cppcheck exclude dirs and/or files: 
[1.140s] -- Added test 'lint_cmake' to check CMake code style
[1.142s] -- Added test 'uncrustify' to check C / C++ code style
[1.142s] -- Configured uncrustify additional arguments: 
[1.143s] -- Added test 'xmllint' to check XML markup files
[1.144s] -- Configuring done (1.1s)
[1.161s] [0mYou have changed variables that require your cache to be deleted.
[1.162s] Configure will be re-run and you may have to reset some variables.
[1.162s] The following variables have changed:
[1.162s] CMAKE_C_COMPILER= /usr/bin/gcc-11
[1.162s] CMAKE_CXX_COMPILER= /usr/bin/g++-11
[1.162s] [0m
[1.366s] -- The C compiler identification is unknown
[1.553s] -- The CXX compiler identification is unknown
[1.566s] [31mCMake Error at CMakeLists.txt:2 (project):
[1.566s]   The CMAKE_C_COMPILER:
[1.566s] 
[1.566s]     /usr/bin/gcc-11
[1.567s] 
[1.567s]   is not a full path to an existing compiler tool.
[1.567s] 
[1.567s]   Tell CMake where to find the compiler by setting either the environment
[1.567s]   variable "CC" or the CMake cache entry CMAKE_C_COMPILER to the full path to
[1.567s]   the compiler, or to the compiler name if it is in the PATH.
[1.568s] 
[1.568s] [0m
[1.568s] [31mCMake Error at CMakeLists.txt:2 (project):
[1.568s]   The CMAKE_CXX_COMPILER:
[1.568s] 
[1.568s]     /usr/bin/g++-11
[1.568s] 
[1.568s]   is not a full path to an existing compiler tool.
[1.569s] 
[1.569s]   Tell CMake where to find the compiler by setting either the environment
[1.569s]   variable "CXX" or the CMake cache entry CMAKE_CXX_COMPILER to the full path
[1.569s]   to the compiler, or to the compiler name if it is in the PATH.
[1.569s] 
[1.569s] [0m
[1.570s] -- Configuring incomplete, errors occurred!
[1.599s] Invoked command in '/home/dji/DJI_workshop/LZP_PSDK/ros2_workplace/build/dji_precision_capture' returned '1': CONDA_PROMPT_MODIFIER=(ros2_humble) /open_app/miniconda3/envs/ros2_humble/bin/cmake /home/dji/DJI_workshop/LZP_PSDK/ros2_workplace/src/dji_precision_capture  -DCMAKE_C_COMPILER=/usr/bin/gcc-11  -DCMAKE_CXX_COMPILER=/usr/bin/g++-11 -DCMAKE_INSTALL_PREFIX=/home/dji/DJI_workshop/LZP_PSDK/ros2_workplace/install/dji_precision_capture
