[0.019s] Invoking command in '/home/dji/DJI_workshop/LZP_PSDK/ros2_workplace/build/yolo_detect': CONDA_PROMPT_MODIFIER=(ros2_humble) /open_app/miniconda3/envs/ros2_humble/bin/cmake --build /home/dji/DJI_workshop/LZP_PSDK/ros2_workplace/build/yolo_detect -- -j4 -l4
[0.411s] [  1%] [32mBuilding CXX object CMakeFiles/yolo_detect.dir/src/main.cpp.o[0m
[1.604s] In file included from [01m[K/home/dji/DJI_workshop/LZP_PSDK/ros2_workplace/src/yolo_detect/../../../Payload-SDK/samples/sample_c++/platform/linux/manifold3/../my_code/gimbal_manager.h:12[m[K,
[1.604s]                  from [01m[K/home/dji/DJI_workshop/LZP_PSDK/ros2_workplace/src/yolo_detect/src/main.cpp:13[m[K:
[1.605s] [01m[K/home/dji/DJI_workshop/LZP_PSDK/ros2_workplace/src/yolo_detect/../../../Payload-SDK/samples/sample_c++/platform/linux/manifold3/../../../../../psdk_lib/include/dji_fc_subscription.h:1216:9:[m[K [01;35m[Kwarning: [m[KISO C++ prohibits anonymous structs [[01;35m[K-Wpedantic[m[K]
[1.605s]  1216 |         [01;35m[K}[m[K;
[1.605s]       |         [01;35m[K^[m[K
[1.605s] [01m[K/home/dji/DJI_workshop/LZP_PSDK/ros2_workplace/src/yolo_detect/../../../Payload-SDK/samples/sample_c++/platform/linux/manifold3/../../../../../psdk_lib/include/dji_fc_subscription.h:1222:9:[m[K [01;35m[Kwarning: [m[KISO C++ prohibits anonymous structs [[01;35m[K-Wpedantic[m[K]
[1.605s]  1222 |         [01;35m[K}[m[K;
[1.605s]       |         [01;35m[K^[m[K
[8.247s] In file included from [01m[K/home/dji/DJI_workshop/LZP_PSDK/ros2_workplace/src/yolo_detect/src/main.cpp:18[m[K:
[8.247s] [01m[K/home/dji/DJI_workshop/LZP_PSDK/ros2_workplace/src/yolo_detect/./include/ai_detect.h:[m[K In constructor ‘[01m[Kai_detect::ai_detect(int, char**)[m[K’:
[8.248s] [01m[K/home/dji/DJI_workshop/LZP_PSDK/ros2_workplace/src/yolo_detect/./include/ai_detect.h:237:5:[m[K [01;31m[Kerror: [m[Kexpected ‘[01m[K,[m[K’ or ‘[01m[K;[m[K’ before ‘[01m[K}[m[K’ token
[8.248s]   237 |     [01;31m[K}[m[K
[8.248s]       |     [01;31m[K^[m[K
[8.248s] [01m[K/home/dji/DJI_workshop/LZP_PSDK/ros2_workplace/src/yolo_detect/./include/ai_detect.h:147:19:[m[K [01;35m[Kwarning: [m[Kunused parameter ‘[01m[Kargc[m[K’ [[01;35m[K-Wunused-parameter[m[K]
[8.248s]   147 |     ai_detect([01;35m[Kint argc[m[K,char ** argv):rclcpp::Node("ai_detect")
[8.248s]       |               [01;35m[K~~~~^~~~[m[K
[8.248s] [01m[K/home/dji/DJI_workshop/LZP_PSDK/ros2_workplace/src/yolo_detect/./include/ai_detect.h:147:32:[m[K [01;35m[Kwarning: [m[Kunused parameter ‘[01m[Kargv[m[K’ [[01;35m[K-Wunused-parameter[m[K]
[8.249s]   147 |     ai_detect(int argc,[01;35m[Kchar ** argv[m[K):rclcpp::Node("ai_detect")
[8.249s]       |                        [01;35m[K~~~~~~~~^~~~[m[K
[8.260s] [01m[K/home/dji/DJI_workshop/LZP_PSDK/ros2_workplace/src/yolo_detect/./include/ai_detect.h:[m[K In function ‘[01m[Kvoid* DjiLiveview_ObjectDetectionThread(void*)[m[K’:
[8.261s] [01m[K/home/dji/DJI_workshop/LZP_PSDK/ros2_workplace/src/yolo_detect/./include/ai_detect.h:281:27:[m[K [01;35m[Kwarning: [m[Kcomparison of integer expressions of different signedness: ‘[01m[Kint[m[K’ and ‘[01m[Kstd::vector<T_DjiLiveViewBoundingBox>::size_type[m[K’ {aka ‘[01m[Klong unsigned int[m[K’} [[01;35m[K-Wsign-compare[m[K]
[8.261s]   281 |         for (int i = 0; [01;35m[Ki < bounding_boxes.size()[m[K; i++) {
[8.261s]       |                         [01;35m[K~~^~~~~~~~~~~~~~~~~~~~~~~[m[K
[8.261s] [01m[K/home/dji/DJI_workshop/LZP_PSDK/ros2_workplace/src/yolo_detect/./include/ai_detect.h:246:21:[m[K [01;35m[Kwarning: [m[Kunused variable ‘[01m[KDjiStat[m[K’ [[01;35m[K-Wunused-variable[m[K]
[8.262s]   246 |     T_DjiReturnCode [01;35m[KDjiStat[m[K;
[8.262s]       |                     [01;35m[K^~~~~~~[m[K
[8.262s] [01m[K/home/dji/DJI_workshop/LZP_PSDK/ros2_workplace/src/yolo_detect/./include/ai_detect.h:244:48:[m[K [01;35m[Kwarning: [m[Kunused parameter ‘[01m[Karg[m[K’ [[01;35m[K-Wunused-parameter[m[K]
[8.262s]   244 | void* DjiLiveview_ObjectDetectionThread([01;35m[Kvoid * arg[m[K) {
[8.262s]       |                                         [01;35m[K~~~~~~~^~~[m[K
[8.263s] [01m[K/home/dji/DJI_workshop/LZP_PSDK/ros2_workplace/src/yolo_detect/./include/ai_detect.h:[m[K In function ‘[01m[Kvoid DjiLiveview_RcvImageCallback(E_DjiLiveViewCameraPosition, const uint8_t*, uint32_t, T_DjiLiveviewImageInfo)[m[K’:
[8.264s] [01m[K/home/dji/DJI_workshop/LZP_PSDK/ros2_workplace/src/yolo_detect/./include/ai_detect.h:332:21:[m[K [01;35m[Kwarning: [m[Kunused variable ‘[01m[KDjiStat[m[K’ [[01;35m[K-Wunused-variable[m[K]
[8.264s]   332 |     T_DjiReturnCode [01;35m[KDjiStat[m[K;
[8.264s]       |                     [01;35m[K^~~~~~~[m[K
[8.264s] [01m[K/home/dji/DJI_workshop/LZP_PSDK/ros2_workplace/src/yolo_detect/./include/ai_detect.h:334:14:[m[K [01;35m[Kwarning: [m[Kunused variable ‘[01m[KOutPutLen[m[K’ [[01;35m[K-Wunused-variable[m[K]
[8.264s]   334 |     uint32_t [01;35m[KOutPutLen[m[K;
[8.264s]       |              [01;35m[K^~~~~~~~~[m[K
[8.264s] [01m[K/home/dji/DJI_workshop/LZP_PSDK/ros2_workplace/src/yolo_detect/./include/ai_detect.h:330:63:[m[K [01;35m[Kwarning: [m[Kunused parameter ‘[01m[Kposition[m[K’ [[01;35m[K-Wunused-parameter[m[K]
[8.265s]   330 | void DjiLiveview_RcvImageCallback([01;35m[KE_DjiLiveViewCameraPosition position[m[K, const uint8_t *buf, uint32_t len, T_DjiLiveviewImageInfo imageInfo){
[8.265s]       |                                   [01;35m[K~~~~~~~~~~~~~~~~~~~~~~~~~~~~^~~~~~~~[m[K
[8.273s] [01m[K/home/dji/DJI_workshop/LZP_PSDK/ros2_workplace/src/yolo_detect/src/main.cpp:[m[K In lambda function:
[8.273s] [01m[K/home/dji/DJI_workshop/LZP_PSDK/ros2_workplace/src/yolo_detect/src/main.cpp:30:27:[m[K [01;35m[Kwarning: [m[Kunused parameter ‘[01m[KsignalNum[m[K’ [[01;35m[K-Wunused-parameter[m[K]
[8.273s]    30 |     signal(SIGINT, []([01;35m[Kint signalNum[m[K) -> void { exit(0); });
[8.274s]       |                       [01;35m[K~~~~^~~~~~~~~[m[K
[10.240s] In file included from [01m[K/home/dji/DJI_workshop/LZP_PSDK/ros2_workplace/src/yolo_detect/src/main.cpp:18[m[K:
[10.240s] [01m[K/home/dji/DJI_workshop/LZP_PSDK/ros2_workplace/src/yolo_detect/./include/ai_detect.h:[m[K At global scope:
[10.240s] [01m[K/home/dji/DJI_workshop/LZP_PSDK/ros2_workplace/src/yolo_detect/./include/ai_detect.h:64:20:[m[K [01;35m[Kwarning: [m[K‘[01m[Ks_invalidLables[m[K’ defined but not used [[01;35m[K-Wunused-variable[m[K]
[10.240s]    64 | static const char* [01;35m[Ks_invalidLables[m[K[] = {
[10.240s]       |                    [01;35m[K^~~~~~~~~~~~~~~[m[K
[10.308s] make[2]: *** [CMakeFiles/yolo_detect.dir/build.make:510: CMakeFiles/yolo_detect.dir/src/main.cpp.o] Error 1
[10.308s] make[1]: *** [CMakeFiles/Makefile2:85: CMakeFiles/yolo_detect.dir/all] Error 2
[10.309s] make: *** [Makefile:146: all] Error 2
[10.314s] Invoked command in '/home/dji/DJI_workshop/LZP_PSDK/ros2_workplace/build/yolo_detect' returned '2': CONDA_PROMPT_MODIFIER=(ros2_humble) /open_app/miniconda3/envs/ros2_humble/bin/cmake --build /home/dji/DJI_workshop/LZP_PSDK/ros2_workplace/build/yolo_detect -- -j4 -l4
