make: Warning: File 'Makefile' has modification time 442768 s in the future
[0m
-- Found OpenCV installed in the system, will use it to display image in AdvancedSensing APIs
--  - Includes: /open_app/miniconda3/envs/ros2_humble/include/opencv4
--  - Libraries: opencv_calib3d;opencv_core;opencv_dnn;opencv_features2d;opencv_flann;opencv_gapi;opencv_highgui;opencv_imgcodecs;opencv_imgproc;opencv_ml;opencv_objdetect;opencv_photo;opencv_stitching;opencv_video;opencv_videoio;opencv_alphamat;opencv_aruco;opencv_barcode;opencv_bgsegm;opencv_bioinspired;opencv_ccalib;opencv_cvv;opencv_datasets;opencv_dnn_objdetect;opencv_dnn_superres;opencv_dpm;opencv_face;opencv_freetype;opencv_fuzzy;opencv_hdf;opencv_hfs;opencv_img_hash;opencv_intensity_transform;opencv_line_descriptor;opencv_mcc;opencv_optflow;opencv_phase_unwrapping;opencv_plot;opencv_quality;opencv_rapid;opencv_reg;opencv_rgbd;opencv_saliency;opencv_shape;opencv_stereo;opencv_structured_light;opencv_superres;opencv_surface_matching;opencv_text;opencv_tracking;opencv_videostab;opencv_wechat_qrcode;opencv_xfeatures2d;opencv_ximgproc;opencv_xobjdetect;opencv_xphoto
yolo_detect...[0m
-- Cannot Find FFMPEG
-- Found ament_cmake: 1.3.3 (/open_app/miniconda3/envs/ros2_humble/share/ament_cmake/cmake)
-- Found rclcpp: 16.0.3 (/open_app/miniconda3/envs/ros2_humble/share/rclcpp/cmake)
-- Found rosidl_generator_c: 3.1.4 (/open_app/miniconda3/envs/ros2_humble/share/rosidl_generator_c/cmake)
-- Found rosidl_adapter: 3.1.4 (/open_app/miniconda3/envs/ros2_humble/share/rosidl_adapter/cmake)
-- Found rosidl_generator_cpp: 3.1.4 (/open_app/miniconda3/envs/ros2_humble/share/rosidl_generator_cpp/cmake)
-- Using all available rosidl_typesupport_c: rosidl_typesupport_fastrtps_c;rosidl_typesupport_introspection_c
-- Using all available rosidl_typesupport_cpp: rosidl_typesupport_fastrtps_cpp;rosidl_typesupport_introspection_cpp
-- Found rmw_implementation_cmake: 6.1.1 (/open_app/miniconda3/envs/ros2_humble/share/rmw_implementation_cmake/cmake)
-- Found rmw_fastrtps_cpp: 6.2.2 (/open_app/miniconda3/envs/ros2_humble/share/rmw_fastrtps_cpp/cmake)
-- Using RMW implementation 'rmw_fastrtps_cpp' as default
-- Found std_msgs: 4.2.3 (/open_app/miniconda3/envs/ros2_humble/share/std_msgs/cmake)
-- Found ament_lint_auto: 0.12.5 (/open_app/miniconda3/envs/ros2_humble/share/ament_lint_auto/cmake)
-- Added test 'cppcheck' to perform static code analysis on C / C++ code
-- Configured cppcheck include dirs: /home/dji/DJI_workshop/LZP_PSDK/ros2_workplace/src/yolo_detect/../../../Payload-SDK/samples/sample_c++/platform/linux/manifold3/../my_code;/home/dji/DJI_workshop/LZP_PSDK/ros2_workplace/src/yolo_detect/../../../Payload-SDK/samples/sample_c++/platform/linux/manifold3/../../../module_sample;/home/dji/DJI_workshop/LZP_PSDK/ros2_workplace/src/yolo_detect/../../../Payload-SDK/samples/sample_c++/platform/linux/manifold3/../../../../sample_c/module_sample;/home/dji/DJI_workshop/LZP_PSDK/ros2_workplace/src/yolo_detect/../../../Payload-SDK/samples/sample_c++/platform/linux/manifold3/../../../../sample_c/module_sample/liveview;/home/dji/DJI_workshop/LZP_PSDK/ros2_workplace/src/yolo_detect/../../../Payload-SDK/samples/sample_c++/platform/linux/manifold3/../common;/home/dji/DJI_workshop/LZP_PSDK/ros2_workplace/src/yolo_detect/../../../Payload-SDK/samples/sample_c++/platform/linux/manifold3/../manifold3/application;/home/dji/DJI_workshop/LZP_PSDK/ros2_workplace/src/yolo_detect/include_directories;/home/dji/DJI_workshop/LZP_PSDK/ros2_workplace/src/yolo_detect/(;/home/dji/DJI_workshop/LZP_PSDK/ros2_workplace/src/yolo_detect/../../../Payload-SDK/samples/sample_c++/platform/linux/manifold3/../../../../../psdk_lib/include;/home/dji/DJI_workshop/LZP_PSDK/ros2_workplace/src/yolo_detect/);/home/dji/DJI_workshop/LZP_PSDK/ros2_workplace/src/yolo_detect/./include;/home/dji/DJI_workshop/LZP_PSDK/ros2_workplace/src/yolo_detect/./yolo;/home/dji/DJI_workshop/LZP_PSDK/ros2_workplace/src/yolo_detect/./yolo/include
-- Configured cppcheck exclude dirs and/or files: 
-- Added test 'lint_cmake' to check CMake code style
-- Added test 'uncrustify' to check C / C++ code style
-- Configured uncrustify additional arguments: 
-- Added test 'xmllint' to check XML markup files
-- Configuring done (1.7s)
-- Generating done (0.1s)
-- Build files have been written to: /home/dji/DJI_workshop/LZP_PSDK/ros2_workplace/build/yolo_detect
make[2]: Warning: File 'CMakeFiles/yolo_detect.dir/flags.make' has modification time 442766 s in the future
[  1%] [34m[1mBuilding NVCC (Device) object CMakeFiles/yolo_detect.dir/yolo/yolo_detect_generated_preprocess.cu.o[0m
/open_app/miniconda3/envs/ros2_humble/aarch64-conda-linux-gnu/include/c++/9.4.0/bits/stl_pair.h(442): error: argument list for class template "std::pair" is missing

/open_app/miniconda3/envs/ros2_humble/aarch64-conda-linux-gnu/include/c++/9.4.0/bits/stl_pair.h(442): error: expected a ")"

/open_app/miniconda3/envs/ros2_humble/aarch64-conda-linux-gnu/include/c++/9.4.0/bits/stl_pair.h(442): error: template parameter "_T1" may not be redeclared in this scope

/open_app/miniconda3/envs/ros2_humble/aarch64-conda-linux-gnu/include/c++/9.4.0/bits/stl_pair.h(442): error: expected a ";"

/open_app/miniconda3/envs/ros2_humble/aarch64-conda-linux-gnu/include/c++/9.4.0/bits/basic_string.h(5992): error: argument list for class template "std::__cxx11::basic_string" is missing

/open_app/miniconda3/envs/ros2_humble/aarch64-conda-linux-gnu/include/c++/9.4.0/bits/basic_string.h(5992): error: expected a ")"

/open_app/miniconda3/envs/ros2_humble/aarch64-conda-linux-gnu/include/c++/9.4.0/bits/basic_string.h(5992): error: template parameter "_InputIterator" may not be redeclared in this scope

/open_app/miniconda3/envs/ros2_humble/aarch64-conda-linux-gnu/include/c++/9.4.0/bits/basic_string.h(5993): error: expected a ";"

/open_app/miniconda3/envs/ros2_humble/aarch64-conda-linux-gnu/include/c++/9.4.0/bits/basic_string.h(6000): error: argument list for class template "std::__cxx11::basic_string" is missing

/open_app/miniconda3/envs/ros2_humble/aarch64-conda-linux-gnu/include/c++/9.4.0/bits/basic_string.h(6000): error: expected a ")"

/open_app/miniconda3/envs/ros2_humble/aarch64-conda-linux-gnu/include/c++/9.4.0/bits/basic_string.h(6000): error: "basic_string_view" is not a function or static data member

/open_app/miniconda3/envs/ros2_humble/aarch64-conda-linux-gnu/include/c++/9.4.0/bits/basic_string.h(6006): error: argument list for class template "std::__cxx11::basic_string" is missing

/open_app/miniconda3/envs/ros2_humble/aarch64-conda-linux-gnu/include/c++/9.4.0/bits/basic_string.h(6006): error: expected a ")"

/open_app/miniconda3/envs/ros2_humble/aarch64-conda-linux-gnu/include/c++/9.4.0/bits/basic_string.h(6006): error: "basic_string_view" is not a function or static data member

/open_app/miniconda3/envs/ros2_humble/aarch64-conda-linux-gnu/include/c++/9.4.0/array(244): error: argument list for class template "std::array" is missing

/open_app/miniconda3/envs/ros2_humble/aarch64-conda-linux-gnu/include/c++/9.4.0/array(244): error: expected a ")"

/open_app/miniconda3/envs/ros2_humble/aarch64-conda-linux-gnu/include/c++/9.4.0/array(244): error: template parameter "_Tp" may not be redeclared in this scope

/open_app/miniconda3/envs/ros2_humble/aarch64-conda-linux-gnu/include/c++/9.4.0/array(245): error: expected a ";"

/open_app/miniconda3/envs/ros2_humble/aarch64-conda-linux-gnu/include/c++/9.4.0/tuple(863): error: argument list for class template "std::tuple" is missing

/open_app/miniconda3/envs/ros2_humble/aarch64-conda-linux-gnu/include/c++/9.4.0/tuple(863): error: expected a ")"

/open_app/miniconda3/envs/ros2_humble/aarch64-conda-linux-gnu/include/c++/9.4.0/tuple(863): error: template parameter "_UTypes" may not be redeclared in this scope

/open_app/miniconda3/envs/ros2_humble/aarch64-conda-linux-gnu/include/c++/9.4.0/tuple(863): error: expected a ";"

/open_app/miniconda3/envs/ros2_humble/aarch64-conda-linux-gnu/include/c++/9.4.0/tuple(865): error: argument list for class template "std::tuple" is missing

/open_app/miniconda3/envs/ros2_humble/aarch64-conda-linux-gnu/include/c++/9.4.0/tuple(865): error: "pair" is not a function or static data member

/open_app/miniconda3/envs/ros2_humble/aarch64-conda-linux-gnu/include/c++/9.4.0/tuple(867): error: argument list for class template "std::tuple" is missing

/open_app/miniconda3/envs/ros2_humble/aarch64-conda-linux-gnu/include/c++/9.4.0/tuple(867): error: expected a ")"

/open_app/miniconda3/envs/ros2_humble/aarch64-conda-linux-gnu/include/c++/9.4.0/tuple(867): error: expected a ";"

/open_app/miniconda3/envs/ros2_humble/aarch64-conda-linux-gnu/include/c++/9.4.0/tuple(869): error: argument list for class template "std::tuple" is missing

/open_app/miniconda3/envs/ros2_humble/aarch64-conda-linux-gnu/include/c++/9.4.0/tuple(869): error: expected a ")"

/open_app/miniconda3/envs/ros2_humble/aarch64-conda-linux-gnu/include/c++/9.4.0/tuple(868): error: declaration is incompatible with template parameter "_UTypes"
(866): here

/open_app/miniconda3/envs/ros2_humble/aarch64-conda-linux-gnu/include/c++/9.4.0/tuple(868): error: too many template parameters -- does not match previous declaration (declared 
(866): here)

/open_app/miniconda3/envs/ros2_humble/aarch64-conda-linux-gnu/include/c++/9.4.0/tuple(869): error: expected a ";"

/open_app/miniconda3/envs/ros2_humble/aarch64-conda-linux-gnu/include/c++/9.4.0/tuple(871): error: argument list for class template "std::tuple" is missing

/open_app/miniconda3/envs/ros2_humble/aarch64-conda-linux-gnu/include/c++/9.4.0/tuple(871): error: expected a ")"

/open_app/miniconda3/envs/ros2_humble/aarch64-conda-linux-gnu/include/c++/9.4.0/tuple(870): error: declaration is incompatible with template parameter "_T1"
(868): here

/open_app/miniconda3/envs/ros2_humble/aarch64-conda-linux-gnu/include/c++/9.4.0/tuple(870): error: too few template parameters -- does not match previous declaration (declared 
(868): here)

/open_app/miniconda3/envs/ros2_humble/aarch64-conda-linux-gnu/include/c++/9.4.0/tuple(871): error: expected a ";"

/open_app/miniconda3/envs/ros2_humble/aarch64-conda-linux-gnu/include/c++/9.4.0/tuple(885): error: argument list for variable template "std::allocator_arg_t" is missing

/open_app/miniconda3/envs/ros2_humble/aarch64-conda-linux-gnu/include/c++/9.4.0/tuple(887): error: argument list for variable template "std::allocator_arg_t" is missing

/open_app/miniconda3/envs/ros2_humble/aarch64-conda-linux-gnu/include/c++/9.4.0/tuple(966): error: argument list for variable template "std::allocator_arg_t" is missing

/open_app/miniconda3/envs/ros2_humble/aarch64-conda-linux-gnu/include/c++/9.4.0/tuple(976): error: argument list for variable template "std::allocator_arg_t" is missing

/open_app/miniconda3/envs/ros2_humble/aarch64-conda-linux-gnu/include/c++/9.4.0/tuple(1062): error: argument list for variable template "std::allocator_arg_t" is missing

/open_app/miniconda3/envs/ros2_humble/aarch64-conda-linux-gnu/include/c++/9.4.0/tuple(1073): error: argument list for variable template "std::allocator_arg_t" is missing

/open_app/miniconda3/envs/ros2_humble/aarch64-conda-linux-gnu/include/c++/9.4.0/tuple(1085): error: argument list for variable template "std::allocator_arg_t" is missing

/open_app/miniconda3/envs/ros2_humble/aarch64-conda-linux-gnu/include/c++/9.4.0/tuple(1095): error: argument list for variable template "std::allocator_arg_t" is missing

/open_app/miniconda3/envs/ros2_humble/aarch64-conda-linux-gnu/include/c++/9.4.0/tuple(1105): error: argument list for variable template "std::allocator_arg_t" is missing

/open_app/miniconda3/envs/ros2_humble/aarch64-conda-linux-gnu/include/c++/9.4.0/tuple(1111): error: argument list for variable template "std::allocator_arg_t" is missing

/open_app/miniconda3/envs/ros2_humble/aarch64-conda-linux-gnu/include/c++/9.4.0/tuple(1115): error: argument list for variable template "std::allocator_arg_t" is missing

/open_app/miniconda3/envs/ros2_humble/aarch64-conda-linux-gnu/include/c++/9.4.0/tuple(1124): error: argument list for variable template "std::allocator_arg_t" is missing

/open_app/miniconda3/envs/ros2_humble/aarch64-conda-linux-gnu/include/c++/9.4.0/tuple(1136): error: argument list for variable template "std::allocator_arg_t" is missing

/open_app/miniconda3/envs/ros2_humble/aarch64-conda-linux-gnu/include/c++/9.4.0/tuple(1148): error: argument list for variable template "std::allocator_arg_t" is missing

/open_app/miniconda3/envs/ros2_humble/aarch64-conda-linux-gnu/include/c++/9.4.0/tuple(1158): error: argument list for variable template "std::allocator_arg_t" is missing

/open_app/miniconda3/envs/ros2_humble/aarch64-conda-linux-gnu/include/c++/9.4.0/tuple(1169): error: argument list for variable template "std::allocator_arg_t" is missing

/open_app/miniconda3/envs/ros2_humble/aarch64-conda-linux-gnu/include/c++/9.4.0/tuple(1179): error: argument list for variable template "std::allocator_arg_t" is missing

/open_app/miniconda3/envs/ros2_humble/aarch64-conda-linux-gnu/include/c++/9.4.0/tuple(1189): error: argument list for variable template "std::allocator_arg_t" is missing

/open_app/miniconda3/envs/ros2_humble/aarch64-conda-linux-gnu/include/c++/9.4.0/tuple(1199): error: argument list for variable template "std::allocator_arg_t" is missing

/open_app/miniconda3/envs/ros2_humble/aarch64-conda-linux-gnu/include/c++/9.4.0/bits/refwrap.h(102): error: class template "std::_Mem_fn_traits" has already been defined

/open_app/miniconda3/envs/ros2_humble/aarch64-conda-linux-gnu/include/c++/9.4.0/bits/refwrap.h(102): error: class template "std::_Mem_fn_traits" has already been defined

/open_app/miniconda3/envs/ros2_humble/aarch64-conda-linux-gnu/include/c++/9.4.0/bits/refwrap.h(102): error: class template "std::_Mem_fn_traits" has already been defined

/open_app/miniconda3/envs/ros2_humble/aarch64-conda-linux-gnu/include/c++/9.4.0/bits/refwrap.h(102): error: class template "std::_Mem_fn_traits" has already been defined

/open_app/miniconda3/envs/ros2_humble/aarch64-conda-linux-gnu/include/c++/9.4.0/bits/refwrap.h(102): error: class template "std::_Mem_fn_traits" has already been defined

/open_app/miniconda3/envs/ros2_humble/aarch64-conda-linux-gnu/include/c++/9.4.0/bits/refwrap.h(102): error: class template "std::_Mem_fn_traits" has already been defined

/open_app/miniconda3/envs/ros2_humble/aarch64-conda-linux-gnu/include/c++/9.4.0/bits/refwrap.h(102): error: class template "std::_Mem_fn_traits" has already been defined

/open_app/miniconda3/envs/ros2_humble/aarch64-conda-linux-gnu/include/c++/9.4.0/bits/refwrap.h(102): error: class template "std::_Mem_fn_traits" has already been defined

/open_app/miniconda3/envs/ros2_humble/aarch64-conda-linux-gnu/include/c++/9.4.0/bits/refwrap.h(103): error: class template "std::_Mem_fn_traits" has already been defined

/open_app/miniconda3/envs/ros2_humble/aarch64-conda-linux-gnu/include/c++/9.4.0/bits/refwrap.h(103): error: class template "std::_Mem_fn_traits" has already been defined

/open_app/miniconda3/envs/ros2_humble/aarch64-conda-linux-gnu/include/c++/9.4.0/bits/refwrap.h(103): error: class template "std::_Mem_fn_traits" has already been defined

/open_app/miniconda3/envs/ros2_humble/aarch64-conda-linux-gnu/include/c++/9.4.0/bits/refwrap.h(103): error: class template "std::_Mem_fn_traits" has already been defined

/open_app/miniconda3/envs/ros2_humble/aarch64-conda-linux-gnu/include/c++/9.4.0/bits/refwrap.h(103): error: class template "std::_Mem_fn_traits" has already been defined

/open_app/miniconda3/envs/ros2_humble/aarch64-conda-linux-gnu/include/c++/9.4.0/bits/refwrap.h(103): error: class template "std::_Mem_fn_traits" has already been defined

/open_app/miniconda3/envs/ros2_humble/aarch64-conda-linux-gnu/include/c++/9.4.0/bits/refwrap.h(103): error: class template "std::_Mem_fn_traits" has already been defined

/open_app/miniconda3/envs/ros2_humble/aarch64-conda-linux-gnu/include/c++/9.4.0/bits/refwrap.h(103): error: class template "std::_Mem_fn_traits" has already been defined

/open_app/miniconda3/envs/ros2_humble/aarch64-conda-linux-gnu/include/c++/9.4.0/bits/refwrap.h(104): error: class template "std::_Mem_fn_traits" has already been defined

/open_app/miniconda3/envs/ros2_humble/aarch64-conda-linux-gnu/include/c++/9.4.0/bits/refwrap.h(104): error: class template "std::_Mem_fn_traits" has already been defined

/open_app/miniconda3/envs/ros2_humble/aarch64-conda-linux-gnu/include/c++/9.4.0/bits/refwrap.h(104): error: class template "std::_Mem_fn_traits" has already been defined

/open_app/miniconda3/envs/ros2_humble/aarch64-conda-linux-gnu/include/c++/9.4.0/bits/refwrap.h(104): error: class template "std::_Mem_fn_traits" has already been defined

/open_app/miniconda3/envs/ros2_humble/aarch64-conda-linux-gnu/include/c++/9.4.0/bits/refwrap.h(104): error: class template "std::_Mem_fn_traits" has already been defined

/open_app/miniconda3/envs/ros2_humble/aarch64-conda-linux-gnu/include/c++/9.4.0/bits/refwrap.h(104): error: class template "std::_Mem_fn_traits" has already been defined

/open_app/miniconda3/envs/ros2_humble/aarch64-conda-linux-gnu/include/c++/9.4.0/bits/refwrap.h(104): error: class template "std::_Mem_fn_traits" has already been defined

/open_app/miniconda3/envs/ros2_humble/aarch64-conda-linux-gnu/include/c++/9.4.0/bits/refwrap.h(104): error: class template "std::_Mem_fn_traits" has already been defined

/open_app/miniconda3/envs/ros2_humble/aarch64-conda-linux-gnu/include/c++/9.4.0/bits/refwrap.h(346): error: argument list for class template "std::reference_wrapper" is missing

/open_app/miniconda3/envs/ros2_humble/aarch64-conda-linux-gnu/include/c++/9.4.0/bits/refwrap.h(346): error: expected a ")"

/open_app/miniconda3/envs/ros2_humble/aarch64-conda-linux-gnu/include/c++/9.4.0/bits/refwrap.h(345): error: too few template parameters -- does not match previous declaration (declared 
/open_app/miniconda3/envs/ros2_humble/aarch64-conda-linux-gnu/include/c++/9.4.0/array(243): here)

/open_app/miniconda3/envs/ros2_humble/aarch64-conda-linux-gnu/include/c++/9.4.0/bits/refwrap.h(346): error: expected a ";"

/open_app/miniconda3/envs/ros2_humble/aarch64-conda-linux-gnu/include/c++/9.4.0/bits/std_function.h(644): error: argument list for class template "std::function" is missing

/open_app/miniconda3/envs/ros2_humble/aarch64-conda-linux-gnu/include/c++/9.4.0/bits/std_function.h(644): error: expected a type specifier

/open_app/miniconda3/envs/ros2_humble/aarch64-conda-linux-gnu/include/c++/9.4.0/bits/std_function.h(644): error: function returning function is not allowed

/open_app/miniconda3/envs/ros2_humble/aarch64-conda-linux-gnu/include/c++/9.4.0/bits/std_function.h(644): error: template parameter "_Res" may not be redeclared in this scope

/open_app/miniconda3/envs/ros2_humble/aarch64-conda-linux-gnu/include/c++/9.4.0/bits/std_function.h(644): error: expected a ";"

/open_app/miniconda3/envs/ros2_humble/aarch64-conda-linux-gnu/include/c++/9.4.0/bits/std_function.h(648): error: argument list for class template "std::function" is missing

/open_app/miniconda3/envs/ros2_humble/aarch64-conda-linux-gnu/include/c++/9.4.0/bits/std_function.h(648): error: template parameter "_Functor" may not be redeclared in this scope

/open_app/miniconda3/envs/ros2_humble/aarch64-conda-linux-gnu/include/c++/9.4.0/bits/std_function.h(648): error: expected a ";"

/open_app/miniconda3/envs/ros2_humble/aarch64-conda-linux-gnu/include/c++/9.4.0/optional(1230): error: argument list for class template "std::optional" is missing

/open_app/miniconda3/envs/ros2_humble/aarch64-conda-linux-gnu/include/c++/9.4.0/optional(1230): error: too few template parameters -- does not match previous declaration (declared 
/open_app/miniconda3/envs/ros2_humble/aarch64-conda-linux-gnu/include/c++/9.4.0/array(243): here)

/open_app/miniconda3/envs/ros2_humble/aarch64-conda-linux-gnu/include/c++/9.4.0/optional(1230): error: expected a ";"

/open_app/miniconda3/envs/ros2_humble/aarch64-conda-linux-gnu/include/c++/9.4.0/bits/unordered_map.h(1152): error: argument list for class template "std::unordered_map" is missing

/open_app/miniconda3/envs/ros2_humble/aarch64-conda-linux-gnu/include/c++/9.4.0/bits/unordered_map.h(1152): error: expected a ")"

/open_app/miniconda3/envs/ros2_humble/aarch64-conda-linux-gnu/include/c++/9.4.0/bits/unordered_map.h(1152): error: template parameter "_InputIterator" may not be redeclared in this scope

/open_app/miniconda3/envs/ros2_humble/aarch64-conda-linux-gnu/include/c++/9.4.0/bits/unordered_map.h(1153): error: expected a ";"

/open_app/miniconda3/envs/ros2_humble/aarch64-conda-linux-gnu/include/c++/9.4.0/bits/unordered_map.h(1165): error: argument list for class template "std::unordered_map" is missing

Error limit reached.
100 errors detected in the compilation of "/home/dji/DJI_workshop/LZP_PSDK/ros2_workplace/src/yolo_detect/./yolo/preprocess.cu".
Compilation terminated.
[31mCMake Error at yolo_detect_generated_preprocess.cu.o.cmake:280 (message):
  Error generating file
  /home/dji/DJI_workshop/LZP_PSDK/ros2_workplace/build/yolo_detect/CMakeFiles/yolo_detect.dir/./yolo/./yolo_detect_generated_preprocess.cu.o

[0m
make[2]: *** [CMakeFiles/yolo_detect.dir/build.make:524: CMakeFiles/yolo_detect.dir/yolo/yolo_detect_generated_preprocess.cu.o] Error 1
make[1]: *** [CMakeFiles/Makefile2:84: CMakeFiles/yolo_detect.dir/all] Error 2
make: *** [Makefile:146: all] Error 2
