-- The C compiler identification is GNU 9.4.0
-- The CXX compiler identification is GNU 9.4.0
-- Detecting C compiler ABI info
-- Detecting C compiler ABI info - done
-- Check for working C compiler: /usr/bin/gcc - skipped
-- Detecting C compile features
-- Detecting C compile features - done
-- Detecting CXX compiler ABI info
-- Detecting CXX compiler ABI info - done
-- Check for working CXX compiler: /usr/bin/g++ - skipped
-- Detecting CXX compile features
-- Detecting CXX compile features - done
-- Found CUDA: /usr/local/cuda (found version "11.4") 
-- Found OpenCV installed in the system, will use it to display image in AdvancedSensing APIs
--  - Includes: /usr/local/include/opencv4
--  - Libraries: opencv_calib3d;opencv_core;opencv_dnn;opencv_features2d;opencv_flann;opencv_gapi;opencv_highgui;opencv_imgcodecs;opencv_imgproc;opencv_ml;opencv_objdetect;opencv_photo;opencv_stitching;opencv_video;opencv_videoio;opencv_alphamat;opencv_aruco;opencv_barcode;opencv_bgsegm;opencv_bioinspired;opencv_ccalib;opencv_cudaarithm;opencv_cudabgsegm;opencv_cudacodec;opencv_cudafeatures2d;opencv_cudafilters;opencv_cudaimgproc;opencv_cudalegacy;opencv_cudaobjdetect;opencv_cudaoptflow;opencv_cudastereo;opencv_cudawarping;opencv_cudev;opencv_datasets;opencv_dnn_objdetect;opencv_dnn_superres;opencv_dpm;opencv_face;opencv_fuzzy;opencv_hdf;opencv_hfs;opencv_img_hash;opencv_intensity_transform;opencv_line_descriptor;opencv_mcc;opencv_optflow;opencv_phase_unwrapping;opencv_plot;opencv_quality;opencv_rapid;opencv_reg;opencv_rgbd;opencv_saliency;opencv_sfm;opencv_shape;opencv_stereo;opencv_structured_light;opencv_superres;opencv_surface_matching;opencv_text;opencv_tracking;opencv_videostab;opencv_viz;opencv_wechat_qrcode;opencv_xfeatures2d;opencv_ximgproc;opencv_xobjdetect;opencv_xphoto
-- Found PkgConfig: /open_app/miniconda3/envs/ros2_humble/bin/pkg-config (found version "0.29.2") 
-- Cannot Find FFMPEG
-- Found ament_cmake: 1.3.3 (/open_app/miniconda3/envs/ros2_humble/share/ament_cmake/cmake)
-- Found Python3: /open_app/miniconda3/envs/ros2_humble/bin/python3.10 (found version "3.10.13") found components: Interpreter 
-- Found rclcpp: 16.0.3 (/open_app/miniconda3/envs/ros2_humble/share/rclcpp/cmake)
-- Found rosidl_generator_c: 3.1.4 (/open_app/miniconda3/envs/ros2_humble/share/rosidl_generator_c/cmake)
-- Found rosidl_adapter: 3.1.4 (/open_app/miniconda3/envs/ros2_humble/share/rosidl_adapter/cmake)
-- Found rosidl_generator_cpp: 3.1.4 (/open_app/miniconda3/envs/ros2_humble/share/rosidl_generator_cpp/cmake)
-- Using all available rosidl_typesupport_c: rosidl_typesupport_fastrtps_c;rosidl_typesupport_introspection_c
-- Using all available rosidl_typesupport_cpp: rosidl_typesupport_fastrtps_cpp;rosidl_typesupport_introspection_cpp
-- Checking for module 'yaml-0.1'
--   Found yaml-0.1, version 0.2.5
-- Found rmw_implementation_cmake: 6.1.1 (/open_app/miniconda3/envs/ros2_humble/share/rmw_implementation_cmake/cmake)
-- Found rmw_fastrtps_cpp: 6.2.2 (/open_app/miniconda3/envs/ros2_humble/share/rmw_fastrtps_cpp/cmake)
-- Found OpenSSL: /usr/lib/aarch64-linux-gnu/libcrypto.so (found version "3.1.8")  
-- Found FastRTPS: /open_app/miniconda3/envs/ros2_humble/include  
-- Using RMW implementation 'rmw_fastrtps_cpp' as default
-- Performing Test CMAKE_HAVE_LIBC_PTHREAD
-- Performing Test CMAKE_HAVE_LIBC_PTHREAD - Success
-- Found Threads: TRUE  
-- Found std_msgs: 4.2.3 (/open_app/miniconda3/envs/ros2_humble/share/std_msgs/cmake)
-- Found ament_lint_auto: 0.12.5 (/open_app/miniconda3/envs/ros2_humble/share/ament_lint_auto/cmake)
-- Added test 'cppcheck' to perform static code analysis on C / C++ code
-- Configured cppcheck include dirs: /home/dji/DJI_workshop/LZP_PSDK/ros2_workplace/src/yolo_detect/../../../Payload-SDK/samples/sample_c++/platform/linux/manifold3/../my_code;/home/dji/DJI_workshop/LZP_PSDK/ros2_workplace/src/yolo_detect/../../../Payload-SDK/samples/sample_c++/platform/linux/manifold3/../../../module_sample;/home/dji/DJI_workshop/LZP_PSDK/ros2_workplace/src/yolo_detect/../../../Payload-SDK/samples/sample_c++/platform/linux/manifold3/../../../../sample_c/module_sample;/home/dji/DJI_workshop/LZP_PSDK/ros2_workplace/src/yolo_detect/../../../Payload-SDK/samples/sample_c++/platform/linux/manifold3/../../../../sample_c/module_sample/liveview;/home/dji/DJI_workshop/LZP_PSDK/ros2_workplace/src/yolo_detect/../../../Payload-SDK/samples/sample_c++/platform/linux/manifold3/../common;/home/dji/DJI_workshop/LZP_PSDK/ros2_workplace/src/yolo_detect/../../../Payload-SDK/samples/sample_c++/platform/linux/manifold3/../manifold3/application;/home/dji/DJI_workshop/LZP_PSDK/ros2_workplace/src/yolo_detect/include_directories;/home/dji/DJI_workshop/LZP_PSDK/ros2_workplace/src/yolo_detect/(;/home/dji/DJI_workshop/LZP_PSDK/ros2_workplace/src/yolo_detect/../../../Payload-SDK/samples/sample_c++/platform/linux/manifold3/../../../../../psdk_lib/include;/home/dji/DJI_workshop/LZP_PSDK/ros2_workplace/src/yolo_detect/);/home/dji/DJI_workshop/LZP_PSDK/ros2_workplace/src/yolo_detect/./include;/home/dji/DJI_workshop/LZP_PSDK/ros2_workplace/src/yolo_detect/./yolo;/home/dji/DJI_workshop/LZP_PSDK/ros2_workplace/src/yolo_detect/./yolo/include
-- Configured cppcheck exclude dirs and/or files: 
-- Added test 'lint_cmake' to check CMake code style
-- Added test 'uncrustify' to check C / C++ code style
-- Configured uncrustify additional arguments: 
-- Added test 'xmllint' to check XML markup files
-- Configuring done (6.7s)
-- Generating done (0.1s)
-- Build files have been written to: /home/dji/DJI_workshop/LZP_PSDK/ros2_workplace/build/yolo_detect
[  1%] [34m[1mBuilding NVCC (Device) object CMakeFiles/yolo_detect.dir/yolo/yolo_detect_generated_preprocess.cu.o[0m
[  2%] [32mBuilding CXX object CMakeFiles/yolo_detect.dir/home/dji/DJI_workshop/LZP_PSDK/Payload-SDK/samples/sample_c++/platform/linux/my_code/camera_manager.cpp.o[0m
[  4%] [32mBuilding CXX object CMakeFiles/yolo_detect.dir/home/dji/DJI_workshop/LZP_PSDK/Payload-SDK/samples/sample_c++/platform/linux/my_code/gimbale_manager.cpp.o[0m
[  5%] [32mBuilding CXX object CMakeFiles/yolo_detect.dir/home/dji/DJI_workshop/LZP_PSDK/Payload-SDK/samples/sample_c++/platform/linux/manifold3/application/application.cpp.o[0m
[  7%] [32mBuilding CXX object CMakeFiles/yolo_detect.dir/src/main.cpp.o[0m
[  8%] [32mBuilding C object CMakeFiles/yolo_detect.dir/home/dji/DJI_workshop/LZP_PSDK/Payload-SDK/samples/sample_c/module_sample/camera_emu/dji_media_file_manage/dji_media_file_core.c.o[0m
[ 10%] [32mBuilding C object CMakeFiles/yolo_detect.dir/home/dji/DJI_workshop/LZP_PSDK/Payload-SDK/samples/sample_c/module_sample/camera_emu/dji_media_file_manage/dji_media_file_mp4.c.o[0m
[ 11%] [32mBuilding C object CMakeFiles/yolo_detect.dir/home/dji/DJI_workshop/LZP_PSDK/Payload-SDK/samples/sample_c/module_sample/camera_emu/dji_media_file_manage/dji_media_file_jpg.c.o[0m
[ 13%] [32mBuilding C object CMakeFiles/yolo_detect.dir/home/dji/DJI_workshop/LZP_PSDK/Payload-SDK/samples/sample_c/module_sample/camera_emu/test_payload_cam_emu_base.c.o[0m
[ 16%] [32mBuilding C object CMakeFiles/yolo_detect.dir/home/dji/DJI_workshop/LZP_PSDK/Payload-SDK/samples/sample_c/module_sample/cloud_api/test_cloud_api_by_web_socket.c.o[0m
[ 16%] [32mBuilding C object CMakeFiles/yolo_detect.dir/home/dji/DJI_workshop/LZP_PSDK/Payload-SDK/samples/sample_c/module_sample/camera_emu/test_payload_cam_emu_media.c.o[0m
[ 17%] [32mBuilding C object CMakeFiles/yolo_detect.dir/home/dji/DJI_workshop/LZP_PSDK/Payload-SDK/samples/sample_c/module_sample/camera_manager/test_camera_manager.c.o[0m
[ 20%] [32mBuilding C object CMakeFiles/yolo_detect.dir/home/dji/DJI_workshop/LZP_PSDK/Payload-SDK/samples/sample_c/module_sample/fc_subscription/test_fc_subscription.c.o[0m
[ 20%] [32mBuilding C object CMakeFiles/yolo_detect.dir/home/dji/DJI_workshop/LZP_PSDK/Payload-SDK/samples/sample_c/module_sample/data_transmission/test_data_transmission.c.o[0m
[ 22%] [32mBuilding C object CMakeFiles/yolo_detect.dir/home/dji/DJI_workshop/LZP_PSDK/Payload-SDK/samples/sample_c/module_sample/gimbal_emu/test_payload_gimbal_emu.c.o[0m
[ 23%] [32mBuilding C object CMakeFiles/yolo_detect.dir/home/dji/DJI_workshop/LZP_PSDK/Payload-SDK/samples/sample_c/module_sample/gimbal_manager/test_gimbal_manager.c.o[0m
[ 25%] [32mBuilding C object CMakeFiles/yolo_detect.dir/home/dji/DJI_workshop/LZP_PSDK/Payload-SDK/samples/sample_c/module_sample/hms/test_hms.c.o[0m
[ 27%] [32mBuilding C object CMakeFiles/yolo_detect.dir/home/dji/DJI_workshop/LZP_PSDK/Payload-SDK/samples/sample_c/module_sample/liveview/test_liveview.c.o[0m
[ 27%] [32mBuilding C object CMakeFiles/yolo_detect.dir/home/dji/DJI_workshop/LZP_PSDK/Payload-SDK/samples/sample_c/module_sample/interest_point/test_interest_point.c.o[0m
[ 29%] [32mBuilding C object CMakeFiles/yolo_detect.dir/home/dji/DJI_workshop/LZP_PSDK/Payload-SDK/samples/sample_c/module_sample/flight_control/test_flight_control.c.o[0m
[ 30%] [32mBuilding C object CMakeFiles/yolo_detect.dir/home/dji/DJI_workshop/LZP_PSDK/Payload-SDK/samples/sample_c/module_sample/payload_collaboration/test_payload_collaboration.c.o[0m
