[  4%] [32mBuilding C object CMakeFiles/yolo_detect.dir/home/dji/DJI_workshop/LZP_PSDK/Payload-SDK/samples/sample_c/module_sample/camera_manager/test_camera_manager.c.o[0m
[  4%] [32mBuilding C object CMakeFiles/yolo_detect.dir/home/dji/DJI_workshop/LZP_PSDK/Payload-SDK/samples/sample_c/module_sample/cloud_api/test_cloud_api_by_web_socket.c.o[0m
[  4%] [32mBuilding CXX object CMakeFiles/yolo_detect.dir/src/main.cpp.o[0m
[  6%] [32mBuilding C object CMakeFiles/yolo_detect.dir/home/dji/DJI_workshop/LZP_PSDK/Payload-SDK/samples/sample_c/module_sample/data_transmission/test_data_transmission.c.o[0m
[  7%] [32mBuilding C object CMakeFiles/yolo_detect.dir/home/dji/DJI_workshop/LZP_PSDK/Payload-SDK/samples/sample_c/module_sample/flight_control/test_flight_control.c.o[0m
[  9%] [32mBuilding C object CMakeFiles/yolo_detect.dir/home/dji/DJI_workshop/LZP_PSDK/Payload-SDK/samples/sample_c/module_sample/fc_subscription/test_fc_subscription.c.o[0m
[ 13%] [32mBuilding C object CMakeFiles/yolo_detect.dir/home/dji/DJI_workshop/LZP_PSDK/Payload-SDK/samples/sample_c/module_sample/gimbal_emu/test_payload_gimbal_emu.c.o[0m
[ 13%] [32mBuilding C object CMakeFiles/yolo_detect.dir/home/dji/DJI_workshop/LZP_PSDK/Payload-SDK/samples/sample_c/module_sample/hms/test_hms.c.o[0m
[ 13%] [32mBuilding C object CMakeFiles/yolo_detect.dir/home/dji/DJI_workshop/LZP_PSDK/Payload-SDK/samples/sample_c/module_sample/gimbal_manager/test_gimbal_manager.c.o[0m
[ 18%] [32mBuilding C object CMakeFiles/yolo_detect.dir/home/dji/DJI_workshop/LZP_PSDK/Payload-SDK/samples/sample_c/module_sample/liveview/test_liveview.c.o[0m
[ 18%] [32mBuilding C object CMakeFiles/yolo_detect.dir/home/dji/DJI_workshop/LZP_PSDK/Payload-SDK/samples/sample_c/module_sample/interest_point/test_interest_point.c.o[0m
[ 18%] [32mBuilding C object CMakeFiles/yolo_detect.dir/home/dji/DJI_workshop/LZP_PSDK/Payload-SDK/samples/sample_c/module_sample/mop_channel/test_mop_channel.c.o[0m
[ 19%] [32mBuilding C object CMakeFiles/yolo_detect.dir/home/dji/DJI_workshop/LZP_PSDK/Payload-SDK/samples/sample_c/module_sample/perception/test_perception.c.o[0m
[ 22%] [32mBuilding C object CMakeFiles/yolo_detect.dir/home/dji/DJI_workshop/LZP_PSDK/Payload-SDK/samples/sample_c/module_sample/power_management/test_power_management.c.o[0m
[ 22%] [32mBuilding C object CMakeFiles/yolo_detect.dir/home/dji/DJI_workshop/LZP_PSDK/Payload-SDK/samples/sample_c/module_sample/positioning/test_positioning.c.o[0m
[ 24%] [32mBuilding C object CMakeFiles/yolo_detect.dir/home/dji/DJI_workshop/LZP_PSDK/Payload-SDK/samples/sample_c/module_sample/payload_collaboration/test_payload_collaboration.c.o[0m
[ 25%] [32mBuilding C object CMakeFiles/yolo_detect.dir/home/dji/DJI_workshop/LZP_PSDK/Payload-SDK/samples/sample_c/module_sample/time_sync/test_time_sync.c.o[0m
[ 27%] [32mBuilding C object CMakeFiles/yolo_detect.dir/home/dji/DJI_workshop/LZP_PSDK/Payload-SDK/samples/sample_c/module_sample/upgrade/test_upgrade.c.o[0m
[ 28%] [32mBuilding C object CMakeFiles/yolo_detect.dir/home/dji/DJI_workshop/LZP_PSDK/Payload-SDK/samples/sample_c/module_sample/tethered_battery/test_tethered_battery.c.o[0m
[ 31%] [32mBuilding C object CMakeFiles/yolo_detect.dir/home/dji/DJI_workshop/LZP_PSDK/Payload-SDK/samples/sample_c/module_sample/utils/cJSON.c.o[0m
[ 31%] [32mBuilding C object CMakeFiles/yolo_detect.dir/home/dji/DJI_workshop/LZP_PSDK/Payload-SDK/samples/sample_c/module_sample/upgrade/test_upgrade_platform_opt.c.o[0m
