-- The C compiler identification is GNU 14.3.0
-- The CXX compiler identification is GNU 14.3.0
-- Detecting C compiler ABI info
-- Detecting C compiler ABI info - done
-- Check for working C compiler: /open_app/miniconda3/envs/ros2_humble/bin/aarch64-conda-linux-gnu-cc - skipped
-- Detecting C compile features
-- Detecting C compile features - done
-- Detecting CXX compiler ABI info
-- Detecting CXX compiler ABI info - done
-- Check for working CXX compiler: /open_app/miniconda3/envs/ros2_humble/bin/aarch64-conda-linux-gnu-c++ - skipped
-- Detecting CXX compile features
-- Detecting CXX compile features - done
-- Found ament_cmake: 1.3.3 (/open_app/miniconda3/envs/ros2_humble/share/ament_cmake/cmake)
-- Found Python3: /open_app/miniconda3/envs/ros2_humble/bin/python3.10 (found version "3.10.13") found components: Interpreter 
-- Found rosidl_default_generators: 1.2.0 (/open_app/miniconda3/envs/ros2_humble/share/rosidl_default_generators/cmake)
-- Using all available rosidl_typesupport_c: rosidl_typesupport_fastrtps_c;rosidl_typesupport_introspection_c
-- Found rosidl_adapter: 3.1.4 (/open_app/miniconda3/envs/ros2_humble/share/rosidl_adapter/cmake)
-- Using all available rosidl_typesupport_cpp: rosidl_typesupport_fastrtps_cpp;rosidl_typesupport_introspection_cpp
[31mCMake Error at /open_app/miniconda3/envs/ros2_humble/share/rosidl_adapter/cmake/rosidl_adapt_interfaces.cmake:59 (message):
  execute_process(/open_app/miniconda3/envs/ros2_humble/bin/python3.10 -m
  rosidl_adapter --package-name uav_detect_result --arguments-file
  /home/dji/DJI_workshop/LZP_PSDK/ros2_workplace/build/uav_detect_result/rosidl_adapter__arguments__uav_detect_result.json
  --output-dir
  /home/dji/DJI_workshop/LZP_PSDK/ros2_workplace/build/uav_detect_result/rosidl_adapter/uav_detect_result
  --output-file
  /home/dji/DJI_workshop/LZP_PSDK/ros2_workplace/build/uav_detect_result/rosidl_adapter/uav_detect_result.idls)
  returned error code 1:

  Traceback (most recent call last):

    File "/open_app/miniconda3/envs/ros2_humble/lib/python3.10/runpy.py", line 196, in _run_module_as_main
      return _run_code(code, main_globals, None,
    File "/open_app/miniconda3/envs/ros2_humble/lib/python3.10/runpy.py", line 86, in _run_code
      exec(code, run_globals)
    File "/open_app/miniconda3/envs/ros2_humble/lib/python3.10/site-packages/rosidl_adapter/__main__.py", line 19, in <module>
      sys.exit(main())
    File "/open_app/miniconda3/envs/ros2_humble/lib/python3.10/site-packages/rosidl_adapter/main.py", line 53, in main
      abs_idl_file = convert_to_idl(
    File "/open_app/miniconda3/envs/ros2_humble/lib/python3.10/site-packages/rosidl_adapter/__init__.py", line 19, in convert_to_idl
      return convert_msg_to_idl(
    File "/open_app/miniconda3/envs/ros2_humble/lib/python3.10/site-packages/rosidl_adapter/msg/__init__.py", line 28, in convert_msg_to_idl
      msg = parse_message_string(package_name, input_file.stem, content)
    File "/open_app/miniconda3/envs/ros2_humble/lib/python3.10/site-packages/rosidl_adapter/parser.py", line 544, in parse_message_string
      msg = MessageSpecification(pkg_name, msg_name, fields, constants)
    File "/open_app/miniconda3/envs/ros2_humble/lib/python3.10/site-packages/rosidl_adapter/parser.py", line 388, in __init__
      self.base_type = BaseType(
    File "/open_app/miniconda3/envs/ros2_humble/lib/python3.10/site-packages/rosidl_adapter/parser.py", line 205, in __init__
      raise InvalidResourceName(

  rosidl_adapter.parser.InvalidResourceName: 'uav_detect_result' is an
  invalid message name.  It should have the pattern '^[A-Z][A-Za-z0-9]*$'

Call Stack (most recent call first):
  /open_app/miniconda3/envs/ros2_humble/share/rosidl_cmake/cmake/rosidl_generate_interfaces.cmake:130 (rosidl_adapt_interfaces)
  CMakeLists.txt:16 (rosidl_generate_interfaces)

[0m
-- Configuring incomplete, errors occurred!
