[0.026s] Invoking command in '/home/dji/DJI_workshop/LZP_PSDK/ros2_workplace/build/uav_detect_result': CONDA_PROMPT_MODIFIER=(ros2_humble) /open_app/miniconda3/envs/ros2_humble/bin/cmake /home/dji/DJI_workshop/LZP_PSDK/ros2_workplace/src/uav_detect_result -DCMAKE_INSTALL_PREFIX=/home/dji/DJI_workshop/LZP_PSDK/ros2_workplace/install/uav_detect_result
[0.229s] -- The C compiler identification is GNU 14.3.0
[0.401s] -- The CXX compiler identification is GNU 14.3.0
[0.422s] -- Detecting C compiler ABI info
[0.540s] -- Detecting C compiler ABI info - done
[0.558s] -- Check for working C compiler: /open_app/miniconda3/envs/ros2_humble/bin/aarch64-conda-linux-gnu-cc - skipped
[0.558s] -- Detecting C compile features
[0.560s] -- Detecting C compile features - done
[0.565s] -- Detecting CXX compiler ABI info
[0.692s] -- Detecting CXX compiler ABI info - done
[0.712s] -- Check for working CXX compiler: /open_app/miniconda3/envs/ros2_humble/bin/aarch64-conda-linux-gnu-c++ - skipped
[0.712s] -- Detecting CXX compile features
[0.712s] -- Detecting CXX compile features - done
[0.722s] -- Found ament_cmake: 1.3.3 (/open_app/miniconda3/envs/ros2_humble/share/ament_cmake/cmake)
[3.048s] -- Found Python3: /open_app/miniconda3/envs/ros2_humble/bin/python3.10 (found version "3.10.13") found components: Interpreter 
[3.281s] -- Found rosidl_default_generators: 1.2.0 (/open_app/miniconda3/envs/ros2_humble/share/rosidl_default_generators/cmake)
[3.290s] -- Using all available rosidl_typesupport_c: rosidl_typesupport_fastrtps_c;rosidl_typesupport_introspection_c
[3.310s] -- Found rosidl_adapter: 3.1.4 (/open_app/miniconda3/envs/ros2_humble/share/rosidl_adapter/cmake)
[3.410s] -- Using all available rosidl_typesupport_cpp: rosidl_typesupport_fastrtps_cpp;rosidl_typesupport_introspection_cpp
[3.637s] [31mCMake Error at /open_app/miniconda3/envs/ros2_humble/share/rosidl_adapter/cmake/rosidl_adapt_interfaces.cmake:59 (message):
[3.637s]   execute_process(/open_app/miniconda3/envs/ros2_humble/bin/python3.10 -m
[3.637s]   rosidl_adapter --package-name uav_detect_result --arguments-file
[3.637s]   /home/dji/DJI_workshop/LZP_PSDK/ros2_workplace/build/uav_detect_result/rosidl_adapter__arguments__uav_detect_result.json
[3.637s]   --output-dir
[3.637s]   /home/dji/DJI_workshop/LZP_PSDK/ros2_workplace/build/uav_detect_result/rosidl_adapter/uav_detect_result
[3.638s]   --output-file
[3.638s]   /home/dji/DJI_workshop/LZP_PSDK/ros2_workplace/build/uav_detect_result/rosidl_adapter/uav_detect_result.idls)
[3.638s]   returned error code 1:
[3.638s] 
[3.638s]   Traceback (most recent call last):
[3.638s] 
[3.639s]     File "/open_app/miniconda3/envs/ros2_humble/lib/python3.10/runpy.py", line 196, in _run_module_as_main
[3.639s]       return _run_code(code, main_globals, None,
[3.639s]     File "/open_app/miniconda3/envs/ros2_humble/lib/python3.10/runpy.py", line 86, in _run_code
[3.639s]       exec(code, run_globals)
[3.639s]     File "/open_app/miniconda3/envs/ros2_humble/lib/python3.10/site-packages/rosidl_adapter/__main__.py", line 19, in <module>
[3.639s]       sys.exit(main())
[3.639s]     File "/open_app/miniconda3/envs/ros2_humble/lib/python3.10/site-packages/rosidl_adapter/main.py", line 53, in main
[3.640s]       abs_idl_file = convert_to_idl(
[3.640s]     File "/open_app/miniconda3/envs/ros2_humble/lib/python3.10/site-packages/rosidl_adapter/__init__.py", line 19, in convert_to_idl
[3.640s]       return convert_msg_to_idl(
[3.640s]     File "/open_app/miniconda3/envs/ros2_humble/lib/python3.10/site-packages/rosidl_adapter/msg/__init__.py", line 28, in convert_msg_to_idl
[3.640s]       msg = parse_message_string(package_name, input_file.stem, content)
[3.640s]     File "/open_app/miniconda3/envs/ros2_humble/lib/python3.10/site-packages/rosidl_adapter/parser.py", line 544, in parse_message_string
[3.640s]       msg = MessageSpecification(pkg_name, msg_name, fields, constants)
[3.640s]     File "/open_app/miniconda3/envs/ros2_humble/lib/python3.10/site-packages/rosidl_adapter/parser.py", line 388, in __init__
[3.641s]       self.base_type = BaseType(
[3.641s]     File "/open_app/miniconda3/envs/ros2_humble/lib/python3.10/site-packages/rosidl_adapter/parser.py", line 205, in __init__
[3.641s]       raise InvalidResourceName(
[3.641s] 
[3.641s]   rosidl_adapter.parser.InvalidResourceName: 'uav_detect_result' is an
[3.641s]   invalid message name.  It should have the pattern '^[A-Z][A-Za-z0-9]*$'
[3.641s] 
[3.642s] Call Stack (most recent call first):
[3.642s]   /open_app/miniconda3/envs/ros2_humble/share/rosidl_cmake/cmake/rosidl_generate_interfaces.cmake:130 (rosidl_adapt_interfaces)
[3.642s]   CMakeLists.txt:16 (rosidl_generate_interfaces)
[3.642s] 
[3.642s] [0m
[3.642s] -- Configuring incomplete, errors occurred!
[3.653s] Invoked command in '/home/dji/DJI_workshop/LZP_PSDK/ros2_workplace/build/uav_detect_result' returned '1': CONDA_PROMPT_MODIFIER=(ros2_humble) /open_app/miniconda3/envs/ros2_humble/bin/cmake /home/dji/DJI_workshop/LZP_PSDK/ros2_workplace/src/uav_detect_result -DCMAKE_INSTALL_PREFIX=/home/dji/DJI_workshop/LZP_PSDK/ros2_workplace/install/uav_detect_result
