[0.451s] [34mcolcon[0m [1;30mDEBUG[0m [32mCommand line arguments: ['/open_app/miniconda3/envs/ros2_humble/bin/colcon', 'build'][0m
[0.451s] [34mcolcon[0m [1;30mDEBUG[0m [32mParsed command line arguments: Namespace(log_base=None, log_level=None, verb_name='build', build_base='build', install_base='install', merge_install=False, symlink_install=False, test_result_base=None, continue_on_error=False, executor='parallel', parallel_workers=4, event_handlers=None, ignore_user_meta=False, metas=['./colcon.meta'], base_paths=['.'], packages_ignore=None, packages_ignore_regex=None, paths=None, packages_up_to=None, packages_up_to_regex=None, packages_above=None, packages_above_and_dependencies=None, packages_above_depth=None, packages_select_by_dep=None, packages_skip_by_dep=None, packages_skip_up_to=None, packages_select_build_failed=False, packages_skip_build_finished=False, packages_select_test_failures=False, packages_skip_test_passed=False, packages_select=None, packages_skip=None, packages_select_regex=None, packages_skip_regex=None, packages_start=None, packages_end=None, cmake_args=None, cmake_target=None, cmake_target_skip_unavailable=False, cmake_clean_cache=False, cmake_clean_first=False, cmake_force_configure=False, ament_cmake_args=None, catkin_cmake_args=None, catkin_skip_building_tests=False, verb_parser=<colcon_defaults.argument_parser.defaults.DefaultArgumentsDecorator object at 0xffff7e44c220>, verb_extension=<colcon_core.verb.build.BuildVerb object at 0xffff7e591750>, main=<bound method BuildVerb.main of <colcon_core.verb.build.BuildVerb object at 0xffff7e591750>>)[0m
[0.808s] [34mcolcon.colcon_core.package_discovery[0m [1;30mLevel 1[0m discover_packages(colcon_meta) check parameters
[0.809s] [34mcolcon.colcon_core.package_discovery[0m [1;30mLevel 1[0m discover_packages(recursive) check parameters
[0.809s] [34mcolcon.colcon_core.package_discovery[0m [1;30mLevel 1[0m discover_packages(ignore) check parameters
[0.809s] [34mcolcon.colcon_core.package_discovery[0m [1;30mLevel 1[0m discover_packages(path) check parameters
[0.809s] [34mcolcon.colcon_core.package_discovery[0m [1;30mLevel 1[0m discover_packages(colcon_meta) discover
[0.809s] [34mcolcon.colcon_core.package_discovery[0m [1;30mLevel 1[0m discover_packages(recursive) discover
[0.809s] [34mcolcon.colcon_core.package_discovery[0m [1;30mINFO[0m Crawling recursively for packages in '/home/dji/DJI_workshop/LZP_PSDK/ros2_workplace'
[0.810s] [34mcolcon.colcon_core.package_identification[0m [1;30mLevel 1[0m _identify(.) by extensions ['ignore', 'ignore_ament_install']
[0.810s] [34mcolcon.colcon_core.package_identification[0m [1;30mLevel 1[0m _identify(.) by extension 'ignore'
[0.810s] [34mcolcon.colcon_core.package_identification[0m [1;30mLevel 1[0m _identify(.) by extension 'ignore_ament_install'
[0.810s] [34mcolcon.colcon_core.package_identification[0m [1;30mLevel 1[0m _identify(.) by extensions ['colcon_pkg']
[0.810s] [34mcolcon.colcon_core.package_identification[0m [1;30mLevel 1[0m _identify(.) by extension 'colcon_pkg'
[0.810s] [34mcolcon.colcon_core.package_identification[0m [1;30mLevel 1[0m _identify(.) by extensions ['colcon_meta']
[0.810s] [34mcolcon.colcon_core.package_identification[0m [1;30mLevel 1[0m _identify(.) by extension 'colcon_meta'
[0.811s] [34mcolcon.colcon_core.package_identification[0m [1;30mLevel 1[0m _identify(.) by extensions ['ros']
[0.811s] [34mcolcon.colcon_core.package_identification[0m [1;30mLevel 1[0m _identify(.) by extension 'ros'
[0.901s] [34mcolcon.colcon_core.package_identification[0m [1;30mLevel 1[0m _identify(.) by extensions ['cmake', 'python']
[0.901s] [34mcolcon.colcon_core.package_identification[0m [1;30mLevel 1[0m _identify(.) by extension 'cmake'
[0.901s] [34mcolcon.colcon_core.package_identification[0m [1;30mLevel 1[0m _identify(.) by extension 'python'
[0.901s] [34mcolcon.colcon_core.package_identification[0m [1;30mLevel 1[0m _identify(.) by extensions ['python_setup_py']
[0.901s] [34mcolcon.colcon_core.package_identification[0m [1;30mLevel 1[0m _identify(.) by extension 'python_setup_py'
[0.902s] [34mcolcon.colcon_core.package_identification[0m [1;30mLevel 1[0m _identify(build) by extensions ['ignore', 'ignore_ament_install']
[0.902s] [34mcolcon.colcon_core.package_identification[0m [1;30mLevel 1[0m _identify(build) by extension 'ignore'
[0.902s] [34mcolcon.colcon_core.package_identification[0m [1;30mLevel 1[0m _identify(build) ignored
[0.902s] [34mcolcon.colcon_core.package_identification[0m [1;30mLevel 1[0m _identify(data) by extensions ['ignore', 'ignore_ament_install']
[0.903s] [34mcolcon.colcon_core.package_identification[0m [1;30mLevel 1[0m _identify(data) by extension 'ignore'
[0.903s] [34mcolcon.colcon_core.package_identification[0m [1;30mLevel 1[0m _identify(data) by extension 'ignore_ament_install'
[0.903s] [34mcolcon.colcon_core.package_identification[0m [1;30mLevel 1[0m _identify(data) by extensions ['colcon_pkg']
[0.903s] [34mcolcon.colcon_core.package_identification[0m [1;30mLevel 1[0m _identify(data) by extension 'colcon_pkg'
[0.903s] [34mcolcon.colcon_core.package_identification[0m [1;30mLevel 1[0m _identify(data) by extensions ['colcon_meta']
[0.903s] [34mcolcon.colcon_core.package_identification[0m [1;30mLevel 1[0m _identify(data) by extension 'colcon_meta'
[0.903s] [34mcolcon.colcon_core.package_identification[0m [1;30mLevel 1[0m _identify(data) by extensions ['ros']
[0.904s] [34mcolcon.colcon_core.package_identification[0m [1;30mLevel 1[0m _identify(data) by extension 'ros'
[0.904s] [34mcolcon.colcon_core.package_identification[0m [1;30mLevel 1[0m _identify(data) by extensions ['cmake', 'python']
[0.904s] [34mcolcon.colcon_core.package_identification[0m [1;30mLevel 1[0m _identify(data) by extension 'cmake'
[0.904s] [34mcolcon.colcon_core.package_identification[0m [1;30mLevel 1[0m _identify(data) by extension 'python'
[0.904s] [34mcolcon.colcon_core.package_identification[0m [1;30mLevel 1[0m _identify(data) by extensions ['python_setup_py']
[0.904s] [34mcolcon.colcon_core.package_identification[0m [1;30mLevel 1[0m _identify(data) by extension 'python_setup_py'
[0.904s] [34mcolcon.colcon_core.package_identification[0m [1;30mLevel 1[0m _identify(data/logs) by extensions ['ignore', 'ignore_ament_install']
[0.905s] [34mcolcon.colcon_core.package_identification[0m [1;30mLevel 1[0m _identify(data/logs) by extension 'ignore'
[0.905s] [34mcolcon.colcon_core.package_identification[0m [1;30mLevel 1[0m _identify(data/logs) by extension 'ignore_ament_install'
[0.905s] [34mcolcon.colcon_core.package_identification[0m [1;30mLevel 1[0m _identify(data/logs) by extensions ['colcon_pkg']
[0.905s] [34mcolcon.colcon_core.package_identification[0m [1;30mLevel 1[0m _identify(data/logs) by extension 'colcon_pkg'
[0.905s] [34mcolcon.colcon_core.package_identification[0m [1;30mLevel 1[0m _identify(data/logs) by extensions ['colcon_meta']
[0.905s] [34mcolcon.colcon_core.package_identification[0m [1;30mLevel 1[0m _identify(data/logs) by extension 'colcon_meta'
[0.905s] [34mcolcon.colcon_core.package_identification[0m [1;30mLevel 1[0m _identify(data/logs) by extensions ['ros']
[0.905s] [34mcolcon.colcon_core.package_identification[0m [1;30mLevel 1[0m _identify(data/logs) by extension 'ros'
[0.906s] [34mcolcon.colcon_core.package_identification[0m [1;30mLevel 1[0m _identify(data/logs) by extensions ['cmake', 'python']
[0.906s] [34mcolcon.colcon_core.package_identification[0m [1;30mLevel 1[0m _identify(data/logs) by extension 'cmake'
[0.906s] [34mcolcon.colcon_core.package_identification[0m [1;30mLevel 1[0m _identify(data/logs) by extension 'python'
[0.906s] [34mcolcon.colcon_core.package_identification[0m [1;30mLevel 1[0m _identify(data/logs) by extensions ['python_setup_py']
[0.906s] [34mcolcon.colcon_core.package_identification[0m [1;30mLevel 1[0m _identify(data/logs) by extension 'python_setup_py'
[0.906s] [34mcolcon.colcon_core.package_identification[0m [1;30mLevel 1[0m _identify(install) by extensions ['ignore', 'ignore_ament_install']
[0.907s] [34mcolcon.colcon_core.package_identification[0m [1;30mLevel 1[0m _identify(install) by extension 'ignore'
[0.907s] [34mcolcon.colcon_core.package_identification[0m [1;30mLevel 1[0m _identify(install) ignored
[0.907s] [34mcolcon.colcon_core.package_identification[0m [1;30mLevel 1[0m _identify(log) by extensions ['ignore', 'ignore_ament_install']
[0.907s] [34mcolcon.colcon_core.package_identification[0m [1;30mLevel 1[0m _identify(log) by extension 'ignore'
[0.907s] [34mcolcon.colcon_core.package_identification[0m [1;30mLevel 1[0m _identify(log) ignored
[0.908s] [34mcolcon.colcon_core.package_identification[0m [1;30mLevel 1[0m _identify(src) by extensions ['ignore', 'ignore_ament_install']
[0.908s] [34mcolcon.colcon_core.package_identification[0m [1;30mLevel 1[0m _identify(src) by extension 'ignore'
[0.908s] [34mcolcon.colcon_core.package_identification[0m [1;30mLevel 1[0m _identify(src) by extension 'ignore_ament_install'
[0.908s] [34mcolcon.colcon_core.package_identification[0m [1;30mLevel 1[0m _identify(src) by extensions ['colcon_pkg']
[0.908s] [34mcolcon.colcon_core.package_identification[0m [1;30mLevel 1[0m _identify(src) by extension 'colcon_pkg'
[0.908s] [34mcolcon.colcon_core.package_identification[0m [1;30mLevel 1[0m _identify(src) by extensions ['colcon_meta']
[0.908s] [34mcolcon.colcon_core.package_identification[0m [1;30mLevel 1[0m _identify(src) by extension 'colcon_meta'
[0.908s] [34mcolcon.colcon_core.package_identification[0m [1;30mLevel 1[0m _identify(src) by extensions ['ros']
[0.908s] [34mcolcon.colcon_core.package_identification[0m [1;30mLevel 1[0m _identify(src) by extension 'ros'
[0.909s] [34mcolcon.colcon_core.package_identification[0m [1;30mLevel 1[0m _identify(src) by extensions ['cmake', 'python']
[0.909s] [34mcolcon.colcon_core.package_identification[0m [1;30mLevel 1[0m _identify(src) by extension 'cmake'
[0.909s] [34mcolcon.colcon_core.package_identification[0m [1;30mLevel 1[0m _identify(src) by extension 'python'
[0.909s] [34mcolcon.colcon_core.package_identification[0m [1;30mLevel 1[0m _identify(src) by extensions ['python_setup_py']
[0.909s] [34mcolcon.colcon_core.package_identification[0m [1;30mLevel 1[0m _identify(src) by extension 'python_setup_py'
[0.910s] [34mcolcon.colcon_core.package_identification[0m [1;30mLevel 1[0m _identify(src/dji_precision_capture) by extensions ['ignore', 'ignore_ament_install']
[0.910s] [34mcolcon.colcon_core.package_identification[0m [1;30mLevel 1[0m _identify(src/dji_precision_capture) by extension 'ignore'
[0.910s] [34mcolcon.colcon_core.package_identification[0m [1;30mLevel 1[0m _identify(src/dji_precision_capture) by extension 'ignore_ament_install'
[0.910s] [34mcolcon.colcon_core.package_identification[0m [1;30mLevel 1[0m _identify(src/dji_precision_capture) by extensions ['colcon_pkg']
[0.910s] [34mcolcon.colcon_core.package_identification[0m [1;30mLevel 1[0m _identify(src/dji_precision_capture) by extension 'colcon_pkg'
[0.910s] [34mcolcon.colcon_core.package_identification[0m [1;30mLevel 1[0m _identify(src/dji_precision_capture) by extensions ['colcon_meta']
[0.910s] [34mcolcon.colcon_core.package_identification[0m [1;30mLevel 1[0m _identify(src/dji_precision_capture) by extension 'colcon_meta'
[0.911s] [34mcolcon.colcon_core.package_identification[0m [1;30mLevel 1[0m _identify(src/dji_precision_capture) by extensions ['ros']
[0.911s] [34mcolcon.colcon_core.package_identification[0m [1;30mLevel 1[0m _identify(src/dji_precision_capture) by extension 'ros'
[0.918s] [34mcolcon.colcon_core.package_identification[0m [1;30mDEBUG[0m [32mPackage 'src/dji_precision_capture' with type 'ros.ament_cmake' and name 'dji_precision_capture'[0m
[0.919s] [34mcolcon.colcon_core.package_identification[0m [1;30mLevel 1[0m _identify(src/uav_detect_result) by extensions ['ignore', 'ignore_ament_install']
[0.919s] [34mcolcon.colcon_core.package_identification[0m [1;30mLevel 1[0m _identify(src/uav_detect_result) by extension 'ignore'
[0.919s] [34mcolcon.colcon_core.package_identification[0m [1;30mLevel 1[0m _identify(src/uav_detect_result) by extension 'ignore_ament_install'
[0.920s] [34mcolcon.colcon_core.package_identification[0m [1;30mLevel 1[0m _identify(src/uav_detect_result) by extensions ['colcon_pkg']
[0.920s] [34mcolcon.colcon_core.package_identification[0m [1;30mLevel 1[0m _identify(src/uav_detect_result) by extension 'colcon_pkg'
[0.920s] [34mcolcon.colcon_core.package_identification[0m [1;30mLevel 1[0m _identify(src/uav_detect_result) by extensions ['colcon_meta']
[0.920s] [34mcolcon.colcon_core.package_identification[0m [1;30mLevel 1[0m _identify(src/uav_detect_result) by extension 'colcon_meta'
[0.920s] [34mcolcon.colcon_core.package_identification[0m [1;30mLevel 1[0m _identify(src/uav_detect_result) by extensions ['ros']
[0.920s] [34mcolcon.colcon_core.package_identification[0m [1;30mLevel 1[0m _identify(src/uav_detect_result) by extension 'ros'
[0.921s] [34mcolcon.colcon_core.package_identification[0m [1;30mDEBUG[0m [32mPackage 'src/uav_detect_result' with type 'ros.ament_cmake' and name 'uav_detect_result'[0m
[0.922s] [34mcolcon.colcon_core.package_identification[0m [1;30mLevel 1[0m _identify(src/yolo_detect) by extensions ['ignore', 'ignore_ament_install']
[0.922s] [34mcolcon.colcon_core.package_identification[0m [1;30mLevel 1[0m _identify(src/yolo_detect) by extension 'ignore'
[0.922s] [34mcolcon.colcon_core.package_identification[0m [1;30mLevel 1[0m _identify(src/yolo_detect) by extension 'ignore_ament_install'
[0.922s] [34mcolcon.colcon_core.package_identification[0m [1;30mLevel 1[0m _identify(src/yolo_detect) by extensions ['colcon_pkg']
[0.922s] [34mcolcon.colcon_core.package_identification[0m [1;30mLevel 1[0m _identify(src/yolo_detect) by extension 'colcon_pkg'
[0.923s] [34mcolcon.colcon_core.package_identification[0m [1;30mLevel 1[0m _identify(src/yolo_detect) by extensions ['colcon_meta']
[0.923s] [34mcolcon.colcon_core.package_identification[0m [1;30mLevel 1[0m _identify(src/yolo_detect) by extension 'colcon_meta'
[0.923s] [34mcolcon.colcon_core.package_identification[0m [1;30mLevel 1[0m _identify(src/yolo_detect) by extensions ['ros']
[0.923s] [34mcolcon.colcon_core.package_identification[0m [1;30mLevel 1[0m _identify(src/yolo_detect) by extension 'ros'
[0.924s] [34mcolcon.colcon_core.package_identification[0m [1;30mDEBUG[0m [32mPackage 'src/yolo_detect' with type 'ros.ament_cmake' and name 'yolo_detect'[0m
[0.924s] [34mcolcon.colcon_core.package_discovery[0m [1;30mLevel 1[0m discover_packages(recursive) using defaults
[0.924s] [34mcolcon.colcon_core.package_discovery[0m [1;30mLevel 1[0m discover_packages(ignore) discover
[0.924s] [34mcolcon.colcon_core.package_discovery[0m [1;30mLevel 1[0m discover_packages(ignore) using defaults
[0.924s] [34mcolcon.colcon_core.package_discovery[0m [1;30mLevel 1[0m discover_packages(path) discover
[0.925s] [34mcolcon.colcon_core.package_discovery[0m [1;30mLevel 1[0m discover_packages(path) using defaults
[0.968s] [34mcolcon.colcon_core.verb[0m [1;30mLevel 5[0m set package 'dji_precision_capture' build argument 'cmake_args' from command line to 'None'
[0.969s] [34mcolcon.colcon_core.verb[0m [1;30mLevel 5[0m set package 'dji_precision_capture' build argument 'cmake_target' from command line to 'None'
[0.969s] [34mcolcon.colcon_core.verb[0m [1;30mLevel 5[0m set package 'dji_precision_capture' build argument 'cmake_target_skip_unavailable' from command line to 'False'
[0.969s] [34mcolcon.colcon_core.verb[0m [1;30mLevel 5[0m set package 'dji_precision_capture' build argument 'cmake_clean_cache' from command line to 'False'
[0.969s] [34mcolcon.colcon_core.verb[0m [1;30mLevel 5[0m set package 'dji_precision_capture' build argument 'cmake_clean_first' from command line to 'False'
[0.969s] [34mcolcon.colcon_core.verb[0m [1;30mLevel 5[0m set package 'dji_precision_capture' build argument 'cmake_force_configure' from command line to 'False'
[0.969s] [34mcolcon.colcon_core.verb[0m [1;30mLevel 5[0m set package 'dji_precision_capture' build argument 'ament_cmake_args' from command line to 'None'
[0.969s] [34mcolcon.colcon_core.verb[0m [1;30mLevel 5[0m set package 'dji_precision_capture' build argument 'catkin_cmake_args' from command line to 'None'
[0.969s] [34mcolcon.colcon_core.verb[0m [1;30mLevel 5[0m set package 'dji_precision_capture' build argument 'catkin_skip_building_tests' from command line to 'False'
[0.970s] [34mcolcon.colcon_core.verb[0m [1;30mDEBUG[0m [32mBuilding package 'dji_precision_capture' with the following arguments: {'ament_cmake_args': None, 'build_base': '/home/dji/DJI_workshop/LZP_PSDK/ros2_workplace/build/dji_precision_capture', 'catkin_cmake_args': None, 'catkin_skip_building_tests': False, 'cmake_args': None, 'cmake_clean_cache': False, 'cmake_clean_first': False, 'cmake_force_configure': False, 'cmake_target': None, 'cmake_target_skip_unavailable': False, 'install_base': '/home/dji/DJI_workshop/LZP_PSDK/ros2_workplace/install/dji_precision_capture', 'merge_install': False, 'path': '/home/dji/DJI_workshop/LZP_PSDK/ros2_workplace/src/dji_precision_capture', 'symlink_install': False, 'test_result_base': None}[0m
[0.970s] [34mcolcon.colcon_core.verb[0m [1;30mLevel 5[0m set package 'uav_detect_result' build argument 'cmake_args' from command line to 'None'
[0.971s] [34mcolcon.colcon_core.verb[0m [1;30mLevel 5[0m set package 'uav_detect_result' build argument 'cmake_target' from command line to 'None'
[0.971s] [34mcolcon.colcon_core.verb[0m [1;30mLevel 5[0m set package 'uav_detect_result' build argument 'cmake_target_skip_unavailable' from command line to 'False'
[0.972s] [34mcolcon.colcon_core.verb[0m [1;30mLevel 5[0m set package 'uav_detect_result' build argument 'cmake_clean_cache' from command line to 'False'
[0.972s] [34mcolcon.colcon_core.verb[0m [1;30mLevel 5[0m set package 'uav_detect_result' build argument 'cmake_clean_first' from command line to 'False'
[0.972s] [34mcolcon.colcon_core.verb[0m [1;30mLevel 5[0m set package 'uav_detect_result' build argument 'cmake_force_configure' from command line to 'False'
[0.972s] [34mcolcon.colcon_core.verb[0m [1;30mLevel 5[0m set package 'uav_detect_result' build argument 'ament_cmake_args' from command line to 'None'
[0.972s] [34mcolcon.colcon_core.verb[0m [1;30mLevel 5[0m set package 'uav_detect_result' build argument 'catkin_cmake_args' from command line to 'None'
[0.972s] [34mcolcon.colcon_core.verb[0m [1;30mLevel 5[0m set package 'uav_detect_result' build argument 'catkin_skip_building_tests' from command line to 'False'
[0.972s] [34mcolcon.colcon_core.verb[0m [1;30mDEBUG[0m [32mBuilding package 'uav_detect_result' with the following arguments: {'ament_cmake_args': None, 'build_base': '/home/dji/DJI_workshop/LZP_PSDK/ros2_workplace/build/uav_detect_result', 'catkin_cmake_args': None, 'catkin_skip_building_tests': False, 'cmake_args': None, 'cmake_clean_cache': False, 'cmake_clean_first': False, 'cmake_force_configure': False, 'cmake_target': None, 'cmake_target_skip_unavailable': False, 'install_base': '/home/dji/DJI_workshop/LZP_PSDK/ros2_workplace/install/uav_detect_result', 'merge_install': False, 'path': '/home/dji/DJI_workshop/LZP_PSDK/ros2_workplace/src/uav_detect_result', 'symlink_install': False, 'test_result_base': None}[0m
[0.973s] [34mcolcon.colcon_core.verb[0m [1;30mLevel 5[0m set package 'yolo_detect' build argument 'cmake_args' from command line to 'None'
[0.973s] [34mcolcon.colcon_core.verb[0m [1;30mLevel 5[0m set package 'yolo_detect' build argument 'cmake_target' from command line to 'None'
[0.973s] [34mcolcon.colcon_core.verb[0m [1;30mLevel 5[0m set package 'yolo_detect' build argument 'cmake_target_skip_unavailable' from command line to 'False'
[0.973s] [34mcolcon.colcon_core.verb[0m [1;30mLevel 5[0m set package 'yolo_detect' build argument 'cmake_clean_cache' from command line to 'False'
[0.973s] [34mcolcon.colcon_core.verb[0m [1;30mLevel 5[0m set package 'yolo_detect' build argument 'cmake_clean_first' from command line to 'False'
[0.973s] [34mcolcon.colcon_core.verb[0m [1;30mLevel 5[0m set package 'yolo_detect' build argument 'cmake_force_configure' from command line to 'False'
[0.973s] [34mcolcon.colcon_core.verb[0m [1;30mLevel 5[0m set package 'yolo_detect' build argument 'ament_cmake_args' from command line to 'None'
[0.974s] [34mcolcon.colcon_core.verb[0m [1;30mLevel 5[0m set package 'yolo_detect' build argument 'catkin_cmake_args' from command line to 'None'
[0.974s] [34mcolcon.colcon_core.verb[0m [1;30mLevel 5[0m set package 'yolo_detect' build argument 'catkin_skip_building_tests' from command line to 'False'
[0.974s] [34mcolcon.colcon_core.verb[0m [1;30mDEBUG[0m [32mBuilding package 'yolo_detect' with the following arguments: {'ament_cmake_args': None, 'build_base': '/home/dji/DJI_workshop/LZP_PSDK/ros2_workplace/build/yolo_detect', 'catkin_cmake_args': None, 'catkin_skip_building_tests': False, 'cmake_args': None, 'cmake_clean_cache': False, 'cmake_clean_first': False, 'cmake_force_configure': False, 'cmake_target': None, 'cmake_target_skip_unavailable': False, 'install_base': '/home/dji/DJI_workshop/LZP_PSDK/ros2_workplace/install/yolo_detect', 'merge_install': False, 'path': '/home/dji/DJI_workshop/LZP_PSDK/ros2_workplace/src/yolo_detect', 'symlink_install': False, 'test_result_base': None}[0m
[0.974s] [34mcolcon.colcon_core.executor[0m [1;30mINFO[0m Executing jobs using 'parallel' executor
[0.977s] [34mcolcon.colcon_parallel_executor.executor.parallel[0m [1;30mDEBUG[0m [32mrun_until_complete[0m
[0.977s] [34mcolcon.colcon_ros.task.ament_cmake.build[0m [1;30mINFO[0m Building ROS package in '/home/dji/DJI_workshop/LZP_PSDK/ros2_workplace/src/dji_precision_capture' with build type 'ament_cmake'
[0.978s] [34mcolcon.colcon_cmake.task.cmake.build[0m [1;30mINFO[0m Building CMake package in '/home/dji/DJI_workshop/LZP_PSDK/ros2_workplace/src/dji_precision_capture'
[0.985s] [34mcolcon.colcon_core.plugin_system[0m [1;30mINFO[0m Skipping extension 'colcon_core.shell.bat': Not used on non-Windows systems
[0.985s] [34mcolcon.colcon_core.shell[0m [1;30mINFO[0m Skip shell extension 'powershell' for command environment: Not usable outside of PowerShell
[0.986s] [34mcolcon.colcon_core.shell[0m [1;30mDEBUG[0m [32mSkip shell extension 'dsv' for command environment[0m
[0.998s] [34mcolcon.colcon_ros.task.ament_cmake.build[0m [1;30mINFO[0m Building ROS package in '/home/dji/DJI_workshop/LZP_PSDK/ros2_workplace/src/uav_detect_result' with build type 'ament_cmake'
[0.999s] [34mcolcon.colcon_cmake.task.cmake.build[0m [1;30mINFO[0m Building CMake package in '/home/dji/DJI_workshop/LZP_PSDK/ros2_workplace/src/uav_detect_result'
[1.000s] [34mcolcon.colcon_core.shell[0m [1;30mINFO[0m Skip shell extension 'powershell' for command environment: Not usable outside of PowerShell
[1.000s] [34mcolcon.colcon_core.shell[0m [1;30mDEBUG[0m [32mSkip shell extension 'dsv' for command environment[0m
[1.005s] [34mcolcon.colcon_ros.task.ament_cmake.build[0m [1;30mINFO[0m Building ROS package in '/home/dji/DJI_workshop/LZP_PSDK/ros2_workplace/src/yolo_detect' with build type 'ament_cmake'
[1.006s] [34mcolcon.colcon_cmake.task.cmake.build[0m [1;30mINFO[0m Building CMake package in '/home/dji/DJI_workshop/LZP_PSDK/ros2_workplace/src/yolo_detect'
[1.006s] [34mcolcon.colcon_core.shell[0m [1;30mINFO[0m Skip shell extension 'powershell' for command environment: Not usable outside of PowerShell
[1.006s] [34mcolcon.colcon_core.shell[0m [1;30mDEBUG[0m [32mSkip shell extension 'dsv' for command environment[0m
[1.022s] [34mcolcon.colcon_core.event_handler.log_command[0m [1;30mDEBUG[0m [32mInvoking command in '/home/dji/DJI_workshop/LZP_PSDK/ros2_workplace/build/dji_precision_capture': CONDA_PROMPT_MODIFIER=(ros2_humble) /open_app/miniconda3/envs/ros2_humble/bin/cmake --build /home/dji/DJI_workshop/LZP_PSDK/ros2_workplace/build/dji_precision_capture -- -j4 -l4[0m
[1.037s] [34mcolcon.colcon_core.event_handler.log_command[0m [1;30mDEBUG[0m [32mInvoking command in '/home/dji/DJI_workshop/LZP_PSDK/ros2_workplace/build/uav_detect_result': CONDA_PROMPT_MODIFIER=(ros2_humble) /open_app/miniconda3/envs/ros2_humble/bin/cmake --build /home/dji/DJI_workshop/LZP_PSDK/ros2_workplace/build/uav_detect_result -- -j4 -l4[0m
[1.055s] [34mcolcon.colcon_core.event_handler.log_command[0m [1;30mDEBUG[0m [32mInvoking command in '/home/dji/DJI_workshop/LZP_PSDK/ros2_workplace/build/yolo_detect': CONDA_PROMPT_MODIFIER=(ros2_humble) /open_app/miniconda3/envs/ros2_humble/bin/cmake --build /home/dji/DJI_workshop/LZP_PSDK/ros2_workplace/build/yolo_detect -- -j4 -l4[0m
[6.843s] [34mcolcon.colcon_core.event_handler.log_command[0m [1;30mDEBUG[0m [32mInvoked command in '/home/dji/DJI_workshop/LZP_PSDK/ros2_workplace/build/uav_detect_result' returned '0': CONDA_PROMPT_MODIFIER=(ros2_humble) /open_app/miniconda3/envs/ros2_humble/bin/cmake --build /home/dji/DJI_workshop/LZP_PSDK/ros2_workplace/build/uav_detect_result -- -j4 -l4[0m
[6.862s] [34mcolcon.colcon_core.event_handler.log_command[0m [1;30mDEBUG[0m [32mInvoking command in '/home/dji/DJI_workshop/LZP_PSDK/ros2_workplace/build/uav_detect_result': CONDA_PROMPT_MODIFIER=(ros2_humble) /open_app/miniconda3/envs/ros2_humble/bin/cmake --install /home/dji/DJI_workshop/LZP_PSDK/ros2_workplace/build/uav_detect_result[0m
[7.124s] [34mcolcon.colcon_core.environment[0m [1;30mLevel 1[0m create_environment_scripts_only(uav_detect_result)
[7.126s] [34mcolcon.colcon_core.event_handler.log_command[0m [1;30mDEBUG[0m [32mInvoked command in '/home/dji/DJI_workshop/LZP_PSDK/ros2_workplace/build/uav_detect_result' returned '0': CONDA_PROMPT_MODIFIER=(ros2_humble) /open_app/miniconda3/envs/ros2_humble/bin/cmake --install /home/dji/DJI_workshop/LZP_PSDK/ros2_workplace/build/uav_detect_result[0m
[7.135s] [34mcolcon.colcon_core.environment[0m [1;30mLevel 1[0m checking '/home/dji/DJI_workshop/LZP_PSDK/ros2_workplace/install/uav_detect_result' for CMake module files
[7.136s] [34mcolcon.colcon_core.environment[0m [1;30mLevel 1[0m checking '/home/dji/DJI_workshop/LZP_PSDK/ros2_workplace/install/uav_detect_result' for CMake config files
[7.138s] [34mcolcon.colcon_core.shell[0m [1;30mLevel 1[0m create_environment_hook('uav_detect_result', 'cmake_prefix_path')
[7.139s] [34mcolcon.colcon_core.shell[0m [1;30mINFO[0m Creating environment hook '/home/dji/DJI_workshop/LZP_PSDK/ros2_workplace/install/uav_detect_result/share/uav_detect_result/hook/cmake_prefix_path.ps1'
[7.148s] [34mcolcon.colcon_core.shell[0m [1;30mINFO[0m Creating environment descriptor '/home/dji/DJI_workshop/LZP_PSDK/ros2_workplace/install/uav_detect_result/share/uav_detect_result/hook/cmake_prefix_path.dsv'
[7.153s] [34mcolcon.colcon_core.shell[0m [1;30mINFO[0m Creating environment hook '/home/dji/DJI_workshop/LZP_PSDK/ros2_workplace/install/uav_detect_result/share/uav_detect_result/hook/cmake_prefix_path.sh'
[7.165s] [34mcolcon.colcon_core.environment[0m [1;30mLevel 1[0m checking '/home/dji/DJI_workshop/LZP_PSDK/ros2_workplace/install/uav_detect_result/lib'
[7.166s] [34mcolcon.colcon_core.shell[0m [1;30mLevel 1[0m create_environment_hook('uav_detect_result', 'ld_library_path_lib')
[7.166s] [34mcolcon.colcon_core.shell[0m [1;30mINFO[0m Creating environment hook '/home/dji/DJI_workshop/LZP_PSDK/ros2_workplace/install/uav_detect_result/share/uav_detect_result/hook/ld_library_path_lib.ps1'
[7.167s] [34mcolcon.colcon_core.shell[0m [1;30mINFO[0m Creating environment descriptor '/home/dji/DJI_workshop/LZP_PSDK/ros2_workplace/install/uav_detect_result/share/uav_detect_result/hook/ld_library_path_lib.dsv'
[7.170s] [34mcolcon.colcon_core.shell[0m [1;30mINFO[0m Creating environment hook '/home/dji/DJI_workshop/LZP_PSDK/ros2_workplace/install/uav_detect_result/share/uav_detect_result/hook/ld_library_path_lib.sh'
[7.171s] [34mcolcon.colcon_core.environment[0m [1;30mLevel 1[0m checking '/home/dji/DJI_workshop/LZP_PSDK/ros2_workplace/install/uav_detect_result/bin'
[7.172s] [34mcolcon.colcon_core.environment[0m [1;30mLevel 1[0m checking '/home/dji/DJI_workshop/LZP_PSDK/ros2_workplace/install/uav_detect_result/lib/pkgconfig/uav_detect_result.pc'
[7.183s] [34mcolcon.colcon_core.environment[0m [1;30mLevel 1[0m checking '/home/dji/DJI_workshop/LZP_PSDK/ros2_workplace/install/uav_detect_result/lib/python3.10/site-packages'
[7.183s] [34mcolcon.colcon_core.shell[0m [1;30mLevel 1[0m create_environment_hook('uav_detect_result', 'pythonpath')
[7.184s] [34mcolcon.colcon_core.shell[0m [1;30mINFO[0m Creating environment hook '/home/dji/DJI_workshop/LZP_PSDK/ros2_workplace/install/uav_detect_result/share/uav_detect_result/hook/pythonpath.ps1'
[7.186s] [34mcolcon.colcon_core.shell[0m [1;30mINFO[0m Creating environment descriptor '/home/dji/DJI_workshop/LZP_PSDK/ros2_workplace/install/uav_detect_result/share/uav_detect_result/hook/pythonpath.dsv'
[7.187s] [34mcolcon.colcon_core.shell[0m [1;30mINFO[0m Creating environment hook '/home/dji/DJI_workshop/LZP_PSDK/ros2_workplace/install/uav_detect_result/share/uav_detect_result/hook/pythonpath.sh'
[7.190s] [34mcolcon.colcon_core.environment[0m [1;30mLevel 1[0m checking '/home/dji/DJI_workshop/LZP_PSDK/ros2_workplace/install/uav_detect_result/bin'
[7.191s] [34mcolcon.colcon_core.shell[0m [1;30mINFO[0m Creating package script '/home/dji/DJI_workshop/LZP_PSDK/ros2_workplace/install/uav_detect_result/share/uav_detect_result/package.ps1'
[7.196s] [34mcolcon.colcon_core.shell[0m [1;30mINFO[0m Creating package descriptor '/home/dji/DJI_workshop/LZP_PSDK/ros2_workplace/install/uav_detect_result/share/uav_detect_result/package.dsv'
[7.204s] [34mcolcon.colcon_core.shell[0m [1;30mINFO[0m Creating package script '/home/dji/DJI_workshop/LZP_PSDK/ros2_workplace/install/uav_detect_result/share/uav_detect_result/package.sh'
[7.208s] [34mcolcon.colcon_core.shell[0m [1;30mINFO[0m Creating package script '/home/dji/DJI_workshop/LZP_PSDK/ros2_workplace/install/uav_detect_result/share/uav_detect_result/package.bash'
[7.211s] [34mcolcon.colcon_core.shell[0m [1;30mINFO[0m Creating package script '/home/dji/DJI_workshop/LZP_PSDK/ros2_workplace/install/uav_detect_result/share/uav_detect_result/package.zsh'
[7.216s] [34mcolcon.colcon_core.environment[0m [1;30mLevel 1[0m create_file_with_runtime_dependencies(/home/dji/DJI_workshop/LZP_PSDK/ros2_workplace/install/uav_detect_result/share/colcon-core/packages/uav_detect_result)
[7.218s] [34mcolcon.colcon_core.environment[0m [1;30mLevel 1[0m create_environment_scripts_only(uav_detect_result)
[7.220s] [34mcolcon.colcon_core.environment[0m [1;30mLevel 1[0m checking '/home/dji/DJI_workshop/LZP_PSDK/ros2_workplace/install/uav_detect_result' for CMake module files
[7.222s] [34mcolcon.colcon_core.environment[0m [1;30mLevel 1[0m checking '/home/dji/DJI_workshop/LZP_PSDK/ros2_workplace/install/uav_detect_result' for CMake config files
[7.223s] [34mcolcon.colcon_core.shell[0m [1;30mLevel 1[0m create_environment_hook('uav_detect_result', 'cmake_prefix_path')
[7.224s] [34mcolcon.colcon_core.shell[0m [1;30mINFO[0m Creating environment hook '/home/dji/DJI_workshop/LZP_PSDK/ros2_workplace/install/uav_detect_result/share/uav_detect_result/hook/cmake_prefix_path.ps1'
[7.226s] [34mcolcon.colcon_core.shell[0m [1;30mINFO[0m Creating environment descriptor '/home/dji/DJI_workshop/LZP_PSDK/ros2_workplace/install/uav_detect_result/share/uav_detect_result/hook/cmake_prefix_path.dsv'
[7.227s] [34mcolcon.colcon_core.shell[0m [1;30mINFO[0m Creating environment hook '/home/dji/DJI_workshop/LZP_PSDK/ros2_workplace/install/uav_detect_result/share/uav_detect_result/hook/cmake_prefix_path.sh'
[7.230s] [34mcolcon.colcon_core.environment[0m [1;30mLevel 1[0m checking '/home/dji/DJI_workshop/LZP_PSDK/ros2_workplace/install/uav_detect_result/lib'
[7.230s] [34mcolcon.colcon_core.shell[0m [1;30mLevel 1[0m create_environment_hook('uav_detect_result', 'ld_library_path_lib')
[7.231s] [34mcolcon.colcon_core.shell[0m [1;30mINFO[0m Creating environment hook '/home/dji/DJI_workshop/LZP_PSDK/ros2_workplace/install/uav_detect_result/share/uav_detect_result/hook/ld_library_path_lib.ps1'
[7.232s] [34mcolcon.colcon_core.shell[0m [1;30mINFO[0m Creating environment descriptor '/home/dji/DJI_workshop/LZP_PSDK/ros2_workplace/install/uav_detect_result/share/uav_detect_result/hook/ld_library_path_lib.dsv'
[7.233s] [34mcolcon.colcon_core.shell[0m [1;30mINFO[0m Creating environment hook '/home/dji/DJI_workshop/LZP_PSDK/ros2_workplace/install/uav_detect_result/share/uav_detect_result/hook/ld_library_path_lib.sh'
[7.234s] [34mcolcon.colcon_core.environment[0m [1;30mLevel 1[0m checking '/home/dji/DJI_workshop/LZP_PSDK/ros2_workplace/install/uav_detect_result/bin'
[7.234s] [34mcolcon.colcon_core.environment[0m [1;30mLevel 1[0m checking '/home/dji/DJI_workshop/LZP_PSDK/ros2_workplace/install/uav_detect_result/lib/pkgconfig/uav_detect_result.pc'
[7.234s] [34mcolcon.colcon_core.environment[0m [1;30mLevel 1[0m checking '/home/dji/DJI_workshop/LZP_PSDK/ros2_workplace/install/uav_detect_result/lib/python3.10/site-packages'
[7.235s] [34mcolcon.colcon_core.shell[0m [1;30mLevel 1[0m create_environment_hook('uav_detect_result', 'pythonpath')
[7.235s] [34mcolcon.colcon_core.shell[0m [1;30mINFO[0m Creating environment hook '/home/dji/DJI_workshop/LZP_PSDK/ros2_workplace/install/uav_detect_result/share/uav_detect_result/hook/pythonpath.ps1'
[7.236s] [34mcolcon.colcon_core.shell[0m [1;30mINFO[0m Creating environment descriptor '/home/dji/DJI_workshop/LZP_PSDK/ros2_workplace/install/uav_detect_result/share/uav_detect_result/hook/pythonpath.dsv'
[7.237s] [34mcolcon.colcon_core.shell[0m [1;30mINFO[0m Creating environment hook '/home/dji/DJI_workshop/LZP_PSDK/ros2_workplace/install/uav_detect_result/share/uav_detect_result/hook/pythonpath.sh'
[7.239s] [34mcolcon.colcon_core.environment[0m [1;30mLevel 1[0m checking '/home/dji/DJI_workshop/LZP_PSDK/ros2_workplace/install/uav_detect_result/bin'
[7.241s] [34mcolcon.colcon_core.shell[0m [1;30mINFO[0m Creating package script '/home/dji/DJI_workshop/LZP_PSDK/ros2_workplace/install/uav_detect_result/share/uav_detect_result/package.ps1'
[7.243s] [34mcolcon.colcon_core.shell[0m [1;30mINFO[0m Creating package descriptor '/home/dji/DJI_workshop/LZP_PSDK/ros2_workplace/install/uav_detect_result/share/uav_detect_result/package.dsv'
[7.244s] [34mcolcon.colcon_core.shell[0m [1;30mINFO[0m Creating package script '/home/dji/DJI_workshop/LZP_PSDK/ros2_workplace/install/uav_detect_result/share/uav_detect_result/package.sh'
[7.245s] [34mcolcon.colcon_core.shell[0m [1;30mINFO[0m Creating package script '/home/dji/DJI_workshop/LZP_PSDK/ros2_workplace/install/uav_detect_result/share/uav_detect_result/package.bash'
[7.247s] [34mcolcon.colcon_core.shell[0m [1;30mINFO[0m Creating package script '/home/dji/DJI_workshop/LZP_PSDK/ros2_workplace/install/uav_detect_result/share/uav_detect_result/package.zsh'
[7.248s] [34mcolcon.colcon_core.environment[0m [1;30mLevel 1[0m create_file_with_runtime_dependencies(/home/dji/DJI_workshop/LZP_PSDK/ros2_workplace/install/uav_detect_result/share/colcon-core/packages/uav_detect_result)
[8.129s] [34mcolcon.colcon_core.event_handler.log_command[0m [1;30mDEBUG[0m [32mInvoked command in '/home/dji/DJI_workshop/LZP_PSDK/ros2_workplace/build/yolo_detect' returned '2': CONDA_PROMPT_MODIFIER=(ros2_humble) /open_app/miniconda3/envs/ros2_humble/bin/cmake --build /home/dji/DJI_workshop/LZP_PSDK/ros2_workplace/build/yolo_detect -- -j4 -l4[0m
[8.131s] [34mcolcon.colcon_core.environment[0m [1;30mLevel 1[0m create_environment_scripts_only(yolo_detect)
[8.131s] [34mcolcon.colcon_core.environment[0m [1;30mLevel 1[0m checking '/home/dji/DJI_workshop/LZP_PSDK/ros2_workplace/install/yolo_detect' for CMake module files
[8.132s] [34mcolcon.colcon_core.environment[0m [1;30mLevel 1[0m checking '/home/dji/DJI_workshop/LZP_PSDK/ros2_workplace/install/yolo_detect' for CMake config files
[8.133s] [34mcolcon.colcon_core.shell[0m [1;30mLevel 1[0m create_environment_hook('yolo_detect', 'cmake_prefix_path')
[8.133s] [34mcolcon.colcon_core.shell[0m [1;30mINFO[0m Creating environment hook '/home/dji/DJI_workshop/LZP_PSDK/ros2_workplace/install/yolo_detect/share/yolo_detect/hook/cmake_prefix_path.ps1'
[8.135s] [34mcolcon.colcon_core.shell[0m [1;30mINFO[0m Creating environment descriptor '/home/dji/DJI_workshop/LZP_PSDK/ros2_workplace/install/yolo_detect/share/yolo_detect/hook/cmake_prefix_path.dsv'
[8.136s] [34mcolcon.colcon_core.shell[0m [1;30mINFO[0m Creating environment hook '/home/dji/DJI_workshop/LZP_PSDK/ros2_workplace/install/yolo_detect/share/yolo_detect/hook/cmake_prefix_path.sh'
[8.137s] [34mcolcon.colcon_core.environment[0m [1;30mLevel 1[0m checking '/home/dji/DJI_workshop/LZP_PSDK/ros2_workplace/install/yolo_detect/bin'
[8.137s] [34mcolcon.colcon_core.environment[0m [1;30mLevel 1[0m checking '/home/dji/DJI_workshop/LZP_PSDK/ros2_workplace/install/yolo_detect/lib/pkgconfig/yolo_detect.pc'
[8.138s] [34mcolcon.colcon_core.environment[0m [1;30mLevel 1[0m checking '/home/dji/DJI_workshop/LZP_PSDK/ros2_workplace/install/yolo_detect/lib/python3.10/site-packages'
[8.139s] [34mcolcon.colcon_core.environment[0m [1;30mLevel 1[0m checking '/home/dji/DJI_workshop/LZP_PSDK/ros2_workplace/install/yolo_detect/bin'
[8.139s] [34mcolcon.colcon_core.shell[0m [1;30mINFO[0m Creating package script '/home/dji/DJI_workshop/LZP_PSDK/ros2_workplace/install/yolo_detect/share/yolo_detect/package.ps1'
[8.141s] [34mcolcon.colcon_core.shell[0m [1;30mINFO[0m Creating package descriptor '/home/dji/DJI_workshop/LZP_PSDK/ros2_workplace/install/yolo_detect/share/yolo_detect/package.dsv'
[8.143s] [34mcolcon.colcon_core.shell[0m [1;30mINFO[0m Creating package script '/home/dji/DJI_workshop/LZP_PSDK/ros2_workplace/install/yolo_detect/share/yolo_detect/package.sh'
[8.144s] [34mcolcon.colcon_core.shell[0m [1;30mINFO[0m Creating package script '/home/dji/DJI_workshop/LZP_PSDK/ros2_workplace/install/yolo_detect/share/yolo_detect/package.bash'
[8.146s] [34mcolcon.colcon_core.shell[0m [1;30mINFO[0m Creating package script '/home/dji/DJI_workshop/LZP_PSDK/ros2_workplace/install/yolo_detect/share/yolo_detect/package.zsh'
[8.147s] [34mcolcon.colcon_core.environment[0m [1;30mLevel 1[0m create_file_with_runtime_dependencies(/home/dji/DJI_workshop/LZP_PSDK/ros2_workplace/install/yolo_detect/share/colcon-core/packages/yolo_detect)
[10.353s] [34mcolcon.colcon_parallel_executor.executor.parallel[0m [1;30mDEBUG[0m [32mclosing loop[0m
[10.354s] [34mcolcon.colcon_parallel_executor.executor.parallel[0m [1;30mDEBUG[0m [32mloop closed[0m
[10.355s] [34mcolcon.colcon_parallel_executor.executor.parallel[0m [1;30mDEBUG[0m [32mrun_until_complete finished with '2'[0m
[10.355s] [34mcolcon.colcon_core.event_reactor[0m [1;30mDEBUG[0m [32mjoining thread[0m
[10.356s] [34mcolcon.colcon_core.event_reactor[0m [1;30mDEBUG[0m [32mjoined thread[0m
[10.357s] [34mcolcon.colcon_core.shell[0m [1;30mINFO[0m Creating prefix script '/home/dji/DJI_workshop/LZP_PSDK/ros2_workplace/install/local_setup.ps1'
[10.359s] [34mcolcon.colcon_core.shell[0m [1;30mINFO[0m Creating prefix util module '/home/dji/DJI_workshop/LZP_PSDK/ros2_workplace/install/_local_setup_util_ps1.py'
[10.364s] [34mcolcon.colcon_core.shell[0m [1;30mINFO[0m Creating prefix chain script '/home/dji/DJI_workshop/LZP_PSDK/ros2_workplace/install/setup.ps1'
[10.370s] [34mcolcon.colcon_core.shell[0m [1;30mINFO[0m Creating prefix script '/home/dji/DJI_workshop/LZP_PSDK/ros2_workplace/install/local_setup.sh'
[10.376s] [34mcolcon.colcon_core.shell[0m [1;30mINFO[0m Creating prefix util module '/home/dji/DJI_workshop/LZP_PSDK/ros2_workplace/install/_local_setup_util_sh.py'
[10.378s] [34mcolcon.colcon_core.shell[0m [1;30mINFO[0m Creating prefix chain script '/home/dji/DJI_workshop/LZP_PSDK/ros2_workplace/install/setup.sh'
[10.388s] [34mcolcon.colcon_core.shell[0m [1;30mINFO[0m Creating prefix script '/home/dji/DJI_workshop/LZP_PSDK/ros2_workplace/install/local_setup.bash'
[10.390s] [34mcolcon.colcon_core.shell[0m [1;30mINFO[0m Creating prefix chain script '/home/dji/DJI_workshop/LZP_PSDK/ros2_workplace/install/setup.bash'
[10.401s] [34mcolcon.colcon_core.shell[0m [1;30mINFO[0m Creating prefix script '/home/dji/DJI_workshop/LZP_PSDK/ros2_workplace/install/local_setup.zsh'
[10.402s] [34mcolcon.colcon_core.shell[0m [1;30mINFO[0m Creating prefix chain script '/home/dji/DJI_workshop/LZP_PSDK/ros2_workplace/install/setup.zsh'
