[  1%] [32m[1mLinking CXX executable bin/yolo_detect[0m
/open_app/miniconda3/envs/ros2_humble/bin/../libexec/gcc/aarch64-conda-linux-gnu/14.3.0/ld: CMakeFiles/yolo_detect.dir/src/main.cpp.o: in function `ai_detect::outH264Tofile(unsigned char const*, int)':
main.cpp:(.text+0x0): undefined reference to `ai_detect::outFileH264'
/open_app/miniconda3/envs/ros2_humble/bin/../libexec/gcc/aarch64-conda-linux-gnu/14.3.0/ld: main.cpp:(.text+0x4): undefined reference to `ai_detect::outFileH264'
/open_app/miniconda3/envs/ros2_humble/bin/../libexec/gcc/aarch64-conda-linux-gnu/14.3.0/ld: CMakeFiles/yolo_detect.dir/src/main.cpp.o: in function `ai_detect::EncoderCallback_Entry(unsigned char const*, unsigned int)':
main.cpp:(.text+0xc0): undefined reference to `ai_detect::s_instance'
/open_app/miniconda3/envs/ros2_humble/bin/../libexec/gcc/aarch64-conda-linux-gnu/14.3.0/ld: main.cpp:(.text+0xc4): undefined reference to `ai_detect::s_instance'
/open_app/miniconda3/envs/ros2_humble/bin/../libexec/gcc/aarch64-conda-linux-gnu/14.3.0/ld: CMakeFiles/yolo_detect.dir/src/main.cpp.o: in function `ai_detect::outYUVTofile(unsigned char const*, int)':
main.cpp:(.text+0xec): undefined reference to `ai_detect::outFileYUV'
/open_app/miniconda3/envs/ros2_humble/bin/../libexec/gcc/aarch64-conda-linux-gnu/14.3.0/ld: main.cpp:(.text+0xf0): undefined reference to `ai_detect::outFileYUV'
/open_app/miniconda3/envs/ros2_humble/bin/../libexec/gcc/aarch64-conda-linux-gnu/14.3.0/ld: CMakeFiles/yolo_detect.dir/src/main.cpp.o: in function `ai_detect::DjiLiveview_ObjectDetectionThread()':
main.cpp:(.text+0x184): undefined reference to `ai_detect::s_imageQueue'
/open_app/miniconda3/envs/ros2_humble/bin/../libexec/gcc/aarch64-conda-linux-gnu/14.3.0/ld: main.cpp:(.text+0x188): undefined reference to `ai_detect::s_imageQueue'
/open_app/miniconda3/envs/ros2_humble/bin/../libexec/gcc/aarch64-conda-linux-gnu/14.3.0/ld: main.cpp:(.text+0x37c): undefined reference to `ai_detect::s_metaQueue'
/open_app/miniconda3/envs/ros2_humble/bin/../libexec/gcc/aarch64-conda-linux-gnu/14.3.0/ld: main.cpp:(.text+0x380): undefined reference to `ai_detect::s_metaQueue'
/open_app/miniconda3/envs/ros2_humble/bin/../libexec/gcc/aarch64-conda-linux-gnu/14.3.0/ld: CMakeFiles/yolo_detect.dir/src/main.cpp.o: in function `ai_detect::DjiLiveview_RcvImageCallback(E_DjiLiveViewCameraPosition, unsigned char const*, unsigned int, T_DjiLiveviewImageInfo)':
main.cpp:(.text+0xcfc): undefined reference to `ai_detect::s_imageQueue'
/open_app/miniconda3/envs/ros2_humble/bin/../libexec/gcc/aarch64-conda-linux-gnu/14.3.0/ld: main.cpp:(.text+0xd00): undefined reference to `ai_detect::s_imageQueue'
/open_app/miniconda3/envs/ros2_humble/bin/../libexec/gcc/aarch64-conda-linux-gnu/14.3.0/ld: main.cpp:(.text+0xe68): undefined reference to `ai_detect::s_metaQueue'
/open_app/miniconda3/envs/ros2_humble/bin/../libexec/gcc/aarch64-conda-linux-gnu/14.3.0/ld: main.cpp:(.text+0xe6c): undefined reference to `ai_detect::s_metaQueue'
/open_app/miniconda3/envs/ros2_humble/bin/../libexec/gcc/aarch64-conda-linux-gnu/14.3.0/ld: main.cpp:(.text+0xf2c): undefined reference to `ai_detect::s_imageQueue'
/open_app/miniconda3/envs/ros2_humble/bin/../libexec/gcc/aarch64-conda-linux-gnu/14.3.0/ld: main.cpp:(.text+0xf30): undefined reference to `ai_detect::s_imageQueue'
/open_app/miniconda3/envs/ros2_humble/bin/../libexec/gcc/aarch64-conda-linux-gnu/14.3.0/ld: CMakeFiles/yolo_detect.dir/src/main.cpp.o: in function `ai_detect::ImageCallback_Entry(E_DjiLiveViewCameraPosition, unsigned char const*, unsigned int, T_DjiLiveviewImageInfo)':
main.cpp:(.text+0xfe0): undefined reference to `ai_detect::s_instance'
/open_app/miniconda3/envs/ros2_humble/bin/../libexec/gcc/aarch64-conda-linux-gnu/14.3.0/ld: main.cpp:(.text+0xfe4): undefined reference to `ai_detect::s_instance'
/open_app/miniconda3/envs/ros2_humble/bin/../libexec/gcc/aarch64-conda-linux-gnu/14.3.0/ld: CMakeFiles/yolo_detect.dir/src/main.cpp.o: in function `ai_detect::ai_detect(int, char**)':
main.cpp:(.text._ZN9ai_detectC2EiPPc[_ZN9ai_detectC5EiPPc]+0x3dc): undefined reference to `ai_detect::s_instance'
/open_app/miniconda3/envs/ros2_humble/bin/../libexec/gcc/aarch64-conda-linux-gnu/14.3.0/ld: main.cpp:(.text._ZN9ai_detectC2EiPPc[_ZN9ai_detectC5EiPPc]+0x3e0): undefined reference to `ai_detect::s_instance'
/open_app/miniconda3/envs/ros2_humble/bin/../libexec/gcc/aarch64-conda-linux-gnu/14.3.0/ld: main.cpp:(.text._ZN9ai_detectC2EiPPc[_ZN9ai_detectC5EiPPc]+0x688): undefined reference to `ai_detect::outFileH264'
/open_app/miniconda3/envs/ros2_humble/bin/../libexec/gcc/aarch64-conda-linux-gnu/14.3.0/ld: main.cpp:(.text._ZN9ai_detectC2EiPPc[_ZN9ai_detectC5EiPPc]+0x68c): undefined reference to `ai_detect::outFileH264'
collect2: error: ld returned 1 exit status
make[2]: *** [CMakeFiles/yolo_detect.dir/build.make:1239: bin/yolo_detect] Error 1
make[1]: *** [CMakeFiles/Makefile2:85: CMakeFiles/yolo_detect.dir/all] Error 2
make: *** [Makefile:146: all] Error 2
