[0.035s] Invoking command in '/home/dji/DJI_workshop/LZP_PSDK/ros2_workplace/build/dji_precision_capture': CONDA_PROMPT_MODIFIER=(ros2_humble) /open_app/miniconda3/envs/ros2_humble/bin/cmake --build /home/dji/DJI_workshop/LZP_PSDK/ros2_workplace/build/dji_precision_capture -- -j4 -l4
[0.200s] [  1%] [32mBuilding CXX object CMakeFiles/dji_precision_capture.dir/src/main.cpp.o[0m
[1.497s] In file included from [01m[K/home/dji/DJI_workshop/LZP_PSDK/ros2_workplace/src/dji_precision_capture/../../../Payload-SDK/samples/sample_c++/platform/linux/manifold3/../my_code/gimbal_manager.h:12[m[K,
[1.497s]                  from [01m[K/home/dji/DJI_workshop/LZP_PSDK/ros2_workplace/src/dji_precision_capture/src/main.cpp:13[m[K:
[1.497s] [01m[K/home/dji/DJI_workshop/LZP_PSDK/ros2_workplace/src/dji_precision_capture/../../../Payload-SDK/samples/sample_c++/platform/linux/manifold3/../../../../../psdk_lib/include/dji_fc_subscription.h:1210:16:[m[K [01;35m[Kwarning: [m[KISO C++ prohibits anonymous structs [[01;35m[K]8;;https://gcc.gnu.org/onlinedocs/gcc-14.3.0/gcc/Warning-Options.html#index-Wno-pedantic-Wpedantic]8;;[m[K]
[1.498s]  1210 |         struct [01;35m[K{[m[K
[1.498s]       |                [01;35m[K^[m[K
[1.498s] [01m[K/home/dji/DJI_workshop/LZP_PSDK/ros2_workplace/src/dji_precision_capture/../../../Payload-SDK/samples/sample_c++/platform/linux/manifold3/../../../../../psdk_lib/include/dji_fc_subscription.h:1219:16:[m[K [01;35m[Kwarning: [m[KISO C++ prohibits anonymous structs [[01;35m[K]8;;https://gcc.gnu.org/onlinedocs/gcc-14.3.0/gcc/Warning-Options.html#index-Wno-pedantic-Wpedantic]8;;[m[K]
[1.498s]  1219 |         struct [01;35m[K{[m[K
[1.498s]       |                [01;35m[K^[m[K
[5.184s] [01m[K/home/dji/DJI_workshop/LZP_PSDK/ros2_workplace/src/dji_precision_capture/src/main.cpp:[m[K In function '[01m[Kint[01;32m[K main[m[K(int, char**)[m[K':
[5.184s] [01m[K/home/dji/DJI_workshop/LZP_PSDK/ros2_workplace/src/dji_precision_capture/src/main.cpp:27:52:[m[K [01;31m[Kerror: [m[K'[01m[Kcamera_controller[m[K' was not declared in this scope; did you mean '[01m[Kcamera_controller_node[m[K'?
[5.184s]    27 |     auto camera_controller_node = std::make_shared<[01;31m[Kcamera_controller[m[K>();
[5.184s]       |                                                    [01;31m[K^~~~~~~~~~~~~~~~~[m[K
[5.185s]       |                                                    [32m[Kcamera_controller_node[m[K
[5.185s] [01m[K/home/dji/DJI_workshop/LZP_PSDK/ros2_workplace/src/dji_precision_capture/src/main.cpp:27:70:[m[K [01;31m[Kerror: [m[Kno matching function for call to '[01m[Kmake_shared<<expression error> >()[m[K'
[5.185s]    27 |     auto camera_controller_node = [01;31m[Kstd::make_shared<camera_controller>()[m[K;
[5.185s]       |                                   [01;31m[K~~~~~~~~~~~~~~~~~~~~~~~~~~~~~~~~~~~^~[m[K
[5.185s] In file included from [01m[K/open_app/miniconda3/envs/ros2_humble/lib/gcc/aarch64-conda-linux-gnu/14.3.0/include/c++/memory:80[m[K,
[5.185s]                  from [01m[K/open_app/miniconda3/envs/ros2_humble/include/rclcpp/rclcpp/rclcpp.hpp:153[m[K,
[5.185s]                  from [01m[K/home/dji/DJI_workshop/LZP_PSDK/ros2_workplace/src/dji_precision_capture/src/main.cpp:17[m[K:
[5.186s] [01m[K/open_app/miniconda3/envs/ros2_humble/lib/gcc/aarch64-conda-linux-gnu/14.3.0/include/c++/bits/shared_ptr.h:1003:5:[m[K [01;36m[Knote: [m[Kcandidate: '[01m[Ktemplate<class _Tp, class ... _Args> std::shared_ptr<typename std::enable_if<(! std::is_array<_Tp>::value), _Tp>::type> std::[01;32m[Kmake_shared[m[K(_Args&& ...)[m[K'
[5.186s]  1003 |     [01;36m[Kmake_shared[m[K(_Args&&... __args)
[5.186s]       |     [01;36m[K^~~~~~~~~~~[m[K
[5.186s] [01m[K/open_app/miniconda3/envs/ros2_humble/lib/gcc/aarch64-conda-linux-gnu/14.3.0/include/c++/bits/shared_ptr.h:1003:5:[m[K [01;36m[Knote: [m[K  template argument deduction/substitution failed:
[5.186s] [01m[K/home/dji/DJI_workshop/LZP_PSDK/ros2_workplace/src/dji_precision_capture/src/main.cpp:27:70:[m[K [01;31m[Kerror: [m[Ktemplate argument 1 is invalid
[5.186s]    27 |     auto camera_controller_node = [01;31m[Kstd::make_shared<camera_controller>()[m[K;
[5.186s]       |                                   [01;31m[K~~~~~~~~~~~~~~~~~~~~~~~~~~~~~~~~~~~^~[m[K
[6.228s] make[2]: *** [CMakeFiles/dji_precision_capture.dir/build.make:76: CMakeFiles/dji_precision_capture.dir/src/main.cpp.o] Error 1
[6.229s] make[1]: *** [CMakeFiles/Makefile2:85: CMakeFiles/dji_precision_capture.dir/all] Error 2
[6.229s] make: *** [Makefile:146: all] Error 2
[6.233s] Invoked command in '/home/dji/DJI_workshop/LZP_PSDK/ros2_workplace/build/dji_precision_capture' returned '2': CONDA_PROMPT_MODIFIER=(ros2_humble) /open_app/miniconda3/envs/ros2_humble/bin/cmake --build /home/dji/DJI_workshop/LZP_PSDK/ros2_workplace/build/dji_precision_capture -- -j4 -l4
