-- The C compiler identification is GNU 14.3.0
-- The CXX compiler identification is GNU 14.3.0
-- Detecting C compiler ABI info
-- Detecting C compiler ABI info - done
-- Check for working C compiler: /open_app/miniconda3/envs/ros2_humble/bin/aarch64-conda-linux-gnu-cc - skipped
-- Detecting C compile features
-- Detecting C compile features - done
-- Detecting CXX compiler ABI info
-- Detecting CXX compiler ABI info - done
-- Check for working CXX compiler: /open_app/miniconda3/envs/ros2_humble/bin/aarch64-conda-linux-gnu-c++ - skipped
-- Detecting CXX compile features
-- Detecting CXX compile features - done
-- Found ament_cmake: 1.3.3 (/open_app/miniconda3/envs/ros2_humble/share/ament_cmake/cmake)
-- Found Python3: /open_app/miniconda3/envs/ros2_humble/bin/python3.10 (found version "3.10.13") found components: Interpreter 
-- Found ament_lint_auto: 0.12.5 (/open_app/miniconda3/envs/ros2_humble/share/ament_lint_auto/cmake)
-- Added test 'lint_cmake' to check CMake code style
-- Added test 'xmllint' to check XML markup files
-- Configuring done (7.5s)
-- Generating done (0.0s)
-- Build files have been written to: /home/dji/DJI_workshop/LZP_PSDK/ros2_workplace/build/yolo_detect
-- Install configuration: ""
-- Installing: /home/dji/DJI_workshop/LZP_PSDK/ros2_workplace/install/yolo_detect/share/ament_index/resource_index/package_run_dependencies/yolo_detect
-- Installing: /home/dji/DJI_workshop/LZP_PSDK/ros2_workplace/install/yolo_detect/share/ament_index/resource_index/parent_prefix_path/yolo_detect
-- Installing: /home/dji/DJI_workshop/LZP_PSDK/ros2_workplace/install/yolo_detect/share/yolo_detect/environment/ament_prefix_path.sh
-- Installing: /home/dji/DJI_workshop/LZP_PSDK/ros2_workplace/install/yolo_detect/share/yolo_detect/environment/ament_prefix_path.dsv
-- Installing: /home/dji/DJI_workshop/LZP_PSDK/ros2_workplace/install/yolo_detect/share/yolo_detect/environment/path.sh
-- Installing: /home/dji/DJI_workshop/LZP_PSDK/ros2_workplace/install/yolo_detect/share/yolo_detect/environment/path.dsv
-- Installing: /home/dji/DJI_workshop/LZP_PSDK/ros2_workplace/install/yolo_detect/share/yolo_detect/local_setup.bash
-- Installing: /home/dji/DJI_workshop/LZP_PSDK/ros2_workplace/install/yolo_detect/share/yolo_detect/local_setup.sh
-- Installing: /home/dji/DJI_workshop/LZP_PSDK/ros2_workplace/install/yolo_detect/share/yolo_detect/local_setup.zsh
-- Installing: /home/dji/DJI_workshop/LZP_PSDK/ros2_workplace/install/yolo_detect/share/yolo_detect/local_setup.dsv
-- Installing: /home/dji/DJI_workshop/LZP_PSDK/ros2_workplace/install/yolo_detect/share/yolo_detect/package.dsv
-- Installing: /home/dji/DJI_workshop/LZP_PSDK/ros2_workplace/install/yolo_detect/share/ament_index/resource_index/packages/yolo_detect
-- Installing: /home/dji/DJI_workshop/LZP_PSDK/ros2_workplace/install/yolo_detect/share/yolo_detect/cmake/yolo_detectConfig.cmake
-- Installing: /home/dji/DJI_workshop/LZP_PSDK/ros2_workplace/install/yolo_detect/share/yolo_detect/cmake/yolo_detectConfig-version.cmake
-- Installing: /home/dji/DJI_workshop/LZP_PSDK/ros2_workplace/install/yolo_detect/share/yolo_detect/package.xml
