[0.025s] Invoking command in '/home/dji/DJI_workshop/LZP_PSDK/ros2_workplace/build/uav_detect_result': CONDA_PROMPT_MODIFIER=(ros2_humble) /open_app/miniconda3/envs/ros2_humble/bin/cmake --build /home/dji/DJI_workshop/LZP_PSDK/ros2_workplace/build/uav_detect_result -- -j4 -l4
[0.090s] [  9%] Built target uav_detect_result__rosidl_generator_c
[0.091s] [ 12%] Built target uav_detect_result__cpp
[0.103s] [ 12%] Built target ament_cmake_python_copy_uav_detect_result
[0.124s] [ 22%] Built target uav_detect_result__rosidl_typesupport_introspection_c
[0.128s] [ 32%] Built target uav_detect_result__rosidl_typesupport_c
[0.158s] [ 41%] Built target uav_detect_result__rosidl_typesupport_introspection_cpp
[0.189s] [ 51%] Built target uav_detect_result__rosidl_typesupport_fastrtps_cpp
[0.194s] [ 61%] Built target uav_detect_result__rosidl_typesupport_cpp
[0.227s] [ 70%] Built target uav_detect_result__rosidl_typesupport_fastrtps_c
[0.259s] [ 70%] Built target uav_detect_result
[1.271s] running egg_info
[1.408s] writing uav_detect_result.egg-info/PKG-INFO
[1.512s] writing dependency_links to uav_detect_result.egg-info/dependency_links.txt
[2.131s] writing top-level names to uav_detect_result.egg-info/top_level.txt
[2.318s] reading manifest file 'uav_detect_result.egg-info/SOURCES.txt'
[2.320s] writing manifest file 'uav_detect_result.egg-info/SOURCES.txt'
[2.428s] [ 70%] Built target ament_cmake_python_build_uav_detect_result_egg
[2.457s] [ 74%] Built target uav_detect_result__py
[2.485s] [ 80%] Built target uav_detect_result__rosidl_generator_py
[2.516s] [ 87%] Built target uav_detect_result__rosidl_typesupport_fastrtps_c__pyext
[2.521s] [100%] Built target uav_detect_result__rosidl_typesupport_c__pyext
[2.521s] [100%] Built target uav_detect_result__rosidl_typesupport_introspection_c__pyext
[2.538s] Invoked command in '/home/dji/DJI_workshop/LZP_PSDK/ros2_workplace/build/uav_detect_result' returned '0': CONDA_PROMPT_MODIFIER=(ros2_humble) /open_app/miniconda3/envs/ros2_humble/bin/cmake --build /home/dji/DJI_workshop/LZP_PSDK/ros2_workplace/build/uav_detect_result -- -j4 -l4
[2.553s] Invoking command in '/home/dji/DJI_workshop/LZP_PSDK/ros2_workplace/build/uav_detect_result': CONDA_PROMPT_MODIFIER=(ros2_humble) /open_app/miniconda3/envs/ros2_humble/bin/cmake --install /home/dji/DJI_workshop/LZP_PSDK/ros2_workplace/build/uav_detect_result
[2.563s] -- Install configuration: ""
[2.563s] -- Up-to-date: /home/dji/DJI_workshop/LZP_PSDK/ros2_workplace/install/uav_detect_result/share/ament_index/resource_index/rosidl_interfaces/uav_detect_result
[2.563s] -- Up-to-date: /home/dji/DJI_workshop/LZP_PSDK/ros2_workplace/install/uav_detect_result/include/uav_detect_result/uav_detect_result
[2.563s] -- Up-to-date: /home/dji/DJI_workshop/LZP_PSDK/ros2_workplace/install/uav_detect_result/include/uav_detect_result/uav_detect_result/msg
[2.563s] -- Up-to-date: /home/dji/DJI_workshop/LZP_PSDK/ros2_workplace/install/uav_detect_result/include/uav_detect_result/uav_detect_result/msg/rosidl_generator_c__visibility_control.h
[2.563s] -- Up-to-date: /home/dji/DJI_workshop/LZP_PSDK/ros2_workplace/install/uav_detect_result/include/uav_detect_result/uav_detect_result/msg/detail
[2.564s] -- Up-to-date: /home/dji/DJI_workshop/LZP_PSDK/ros2_workplace/install/uav_detect_result/include/uav_detect_result/uav_detect_result/msg/detail/uav_detect_result__type_support.h
[2.564s] -- Up-to-date: /home/dji/DJI_workshop/LZP_PSDK/ros2_workplace/install/uav_detect_result/include/uav_detect_result/uav_detect_result/msg/detail/uav_detect_result__functions.h
[2.564s] -- Up-to-date: /home/dji/DJI_workshop/LZP_PSDK/ros2_workplace/install/uav_detect_result/include/uav_detect_result/uav_detect_result/msg/detail/uav_detect_result__struct.h
[2.564s] -- Up-to-date: /home/dji/DJI_workshop/LZP_PSDK/ros2_workplace/install/uav_detect_result/include/uav_detect_result/uav_detect_result/msg/detail/uav_detect_result__functions.c
[2.564s] -- Up-to-date: /home/dji/DJI_workshop/LZP_PSDK/ros2_workplace/install/uav_detect_result/include/uav_detect_result/uav_detect_result/msg/uav_detect_result.h
[2.566s] -- Installing: /home/dji/DJI_workshop/LZP_PSDK/ros2_workplace/install/uav_detect_result/lib/libuav_detect_result__rosidl_generator_c.so
[2.566s] -- Up-to-date: /home/dji/DJI_workshop/LZP_PSDK/ros2_workplace/install/uav_detect_result/include/uav_detect_result/uav_detect_result
[2.566s] -- Up-to-date: /home/dji/DJI_workshop/LZP_PSDK/ros2_workplace/install/uav_detect_result/include/uav_detect_result/uav_detect_result/msg
[2.567s] -- Up-to-date: /home/dji/DJI_workshop/LZP_PSDK/ros2_workplace/install/uav_detect_result/include/uav_detect_result/uav_detect_result/msg/rosidl_typesupport_fastrtps_c__visibility_control.h
[2.567s] -- Up-to-date: /home/dji/DJI_workshop/LZP_PSDK/ros2_workplace/install/uav_detect_result/include/uav_detect_result/uav_detect_result/msg/detail
[2.567s] -- Up-to-date: /home/dji/DJI_workshop/LZP_PSDK/ros2_workplace/install/uav_detect_result/include/uav_detect_result/uav_detect_result/msg/detail/uav_detect_result__rosidl_typesupport_fastrtps_c.h
[2.567s] -- Installing: /home/dji/DJI_workshop/LZP_PSDK/ros2_workplace/install/uav_detect_result/lib/libuav_detect_result__rosidl_typesupport_fastrtps_c.so
[2.567s] -- Set runtime path of "/home/dji/DJI_workshop/LZP_PSDK/ros2_workplace/install/uav_detect_result/lib/libuav_detect_result__rosidl_typesupport_fastrtps_c.so" to ""
[2.567s] -- Up-to-date: /home/dji/DJI_workshop/LZP_PSDK/ros2_workplace/install/uav_detect_result/include/uav_detect_result/uav_detect_result
[2.567s] -- Up-to-date: /home/dji/DJI_workshop/LZP_PSDK/ros2_workplace/install/uav_detect_result/include/uav_detect_result/uav_detect_result/msg
[2.568s] -- Up-to-date: /home/dji/DJI_workshop/LZP_PSDK/ros2_workplace/install/uav_detect_result/include/uav_detect_result/uav_detect_result/msg/detail
[2.568s] -- Up-to-date: /home/dji/DJI_workshop/LZP_PSDK/ros2_workplace/install/uav_detect_result/include/uav_detect_result/uav_detect_result/msg/detail/uav_detect_result__type_support.c
[2.568s] -- Up-to-date: /home/dji/DJI_workshop/LZP_PSDK/ros2_workplace/install/uav_detect_result/include/uav_detect_result/uav_detect_result/msg/detail/uav_detect_result__rosidl_typesupport_introspection_c.h
[2.568s] -- Up-to-date: /home/dji/DJI_workshop/LZP_PSDK/ros2_workplace/install/uav_detect_result/include/uav_detect_result/uav_detect_result/msg/rosidl_typesupport_introspection_c__visibility_control.h
[2.568s] -- Installing: /home/dji/DJI_workshop/LZP_PSDK/ros2_workplace/install/uav_detect_result/lib/libuav_detect_result__rosidl_typesupport_introspection_c.so
[2.569s] -- Set runtime path of "/home/dji/DJI_workshop/LZP_PSDK/ros2_workplace/install/uav_detect_result/lib/libuav_detect_result__rosidl_typesupport_introspection_c.so" to ""
[2.569s] -- Installing: /home/dji/DJI_workshop/LZP_PSDK/ros2_workplace/install/uav_detect_result/lib/libuav_detect_result__rosidl_typesupport_c.so
[2.569s] -- Set runtime path of "/home/dji/DJI_workshop/LZP_PSDK/ros2_workplace/install/uav_detect_result/lib/libuav_detect_result__rosidl_typesupport_c.so" to ""
[2.570s] -- Up-to-date: /home/dji/DJI_workshop/LZP_PSDK/ros2_workplace/install/uav_detect_result/include/uav_detect_result/uav_detect_result
[2.570s] -- Up-to-date: /home/dji/DJI_workshop/LZP_PSDK/ros2_workplace/install/uav_detect_result/include/uav_detect_result/uav_detect_result/msg
[2.570s] -- Up-to-date: /home/dji/DJI_workshop/LZP_PSDK/ros2_workplace/install/uav_detect_result/include/uav_detect_result/uav_detect_result/msg/detail
[2.570s] -- Up-to-date: /home/dji/DJI_workshop/LZP_PSDK/ros2_workplace/install/uav_detect_result/include/uav_detect_result/uav_detect_result/msg/detail/uav_detect_result__struct.hpp
[2.570s] -- Up-to-date: /home/dji/DJI_workshop/LZP_PSDK/ros2_workplace/install/uav_detect_result/include/uav_detect_result/uav_detect_result/msg/detail/uav_detect_result__traits.hpp
[2.570s] -- Up-to-date: /home/dji/DJI_workshop/LZP_PSDK/ros2_workplace/install/uav_detect_result/include/uav_detect_result/uav_detect_result/msg/detail/uav_detect_result__builder.hpp
[2.571s] -- Up-to-date: /home/dji/DJI_workshop/LZP_PSDK/ros2_workplace/install/uav_detect_result/include/uav_detect_result/uav_detect_result/msg/uav_detect_result.hpp
[2.576s] -- Up-to-date: /home/dji/DJI_workshop/LZP_PSDK/ros2_workplace/install/uav_detect_result/include/uav_detect_result/uav_detect_result
[2.576s] -- Up-to-date: /home/dji/DJI_workshop/LZP_PSDK/ros2_workplace/install/uav_detect_result/include/uav_detect_result/uav_detect_result/msg
[2.576s] -- Up-to-date: /home/dji/DJI_workshop/LZP_PSDK/ros2_workplace/install/uav_detect_result/include/uav_detect_result/uav_detect_result/msg/rosidl_typesupport_fastrtps_cpp__visibility_control.h
[2.577s] -- Up-to-date: /home/dji/DJI_workshop/LZP_PSDK/ros2_workplace/install/uav_detect_result/include/uav_detect_result/uav_detect_result/msg/detail
[2.577s] -- Up-to-date: /home/dji/DJI_workshop/LZP_PSDK/ros2_workplace/install/uav_detect_result/include/uav_detect_result/uav_detect_result/msg/detail/uav_detect_result__rosidl_typesupport_fastrtps_cpp.hpp
[2.577s] -- Up-to-date: /home/dji/DJI_workshop/LZP_PSDK/ros2_workplace/install/uav_detect_result/include/uav_detect_result/uav_detect_result/msg/detail/dds_fastrtps
[2.577s] -- Installing: /home/dji/DJI_workshop/LZP_PSDK/ros2_workplace/install/uav_detect_result/lib/libuav_detect_result__rosidl_typesupport_fastrtps_cpp.so
[2.577s] -- Up-to-date: /home/dji/DJI_workshop/LZP_PSDK/ros2_workplace/install/uav_detect_result/include/uav_detect_result/uav_detect_result
[2.577s] -- Up-to-date: /home/dji/DJI_workshop/LZP_PSDK/ros2_workplace/install/uav_detect_result/include/uav_detect_result/uav_detect_result/msg
[2.577s] -- Up-to-date: /home/dji/DJI_workshop/LZP_PSDK/ros2_workplace/install/uav_detect_result/include/uav_detect_result/uav_detect_result/msg/detail
[2.578s] -- Up-to-date: /home/dji/DJI_workshop/LZP_PSDK/ros2_workplace/install/uav_detect_result/include/uav_detect_result/uav_detect_result/msg/detail/uav_detect_result__rosidl_typesupport_introspection_cpp.hpp
[2.578s] -- Up-to-date: /home/dji/DJI_workshop/LZP_PSDK/ros2_workplace/install/uav_detect_result/include/uav_detect_result/uav_detect_result/msg/detail/uav_detect_result__type_support.cpp
[2.578s] -- Installing: /home/dji/DJI_workshop/LZP_PSDK/ros2_workplace/install/uav_detect_result/lib/libuav_detect_result__rosidl_typesupport_introspection_cpp.so
[2.578s] -- Installing: /home/dji/DJI_workshop/LZP_PSDK/ros2_workplace/install/uav_detect_result/lib/libuav_detect_result__rosidl_typesupport_cpp.so
[2.578s] -- Up-to-date: /home/dji/DJI_workshop/LZP_PSDK/ros2_workplace/install/uav_detect_result/share/uav_detect_result/environment/pythonpath.sh
[2.578s] -- Up-to-date: /home/dji/DJI_workshop/LZP_PSDK/ros2_workplace/install/uav_detect_result/share/uav_detect_result/environment/pythonpath.dsv
[2.578s] -- Up-to-date: /home/dji/DJI_workshop/LZP_PSDK/ros2_workplace/install/uav_detect_result/lib/python3.10/site-packages/uav_detect_result-0.0.0-py3.10.egg-info
[2.578s] -- Installing: /home/dji/DJI_workshop/LZP_PSDK/ros2_workplace/install/uav_detect_result/lib/python3.10/site-packages/uav_detect_result-0.0.0-py3.10.egg-info/top_level.txt
[2.579s] -- Installing: /home/dji/DJI_workshop/LZP_PSDK/ros2_workplace/install/uav_detect_result/lib/python3.10/site-packages/uav_detect_result-0.0.0-py3.10.egg-info/SOURCES.txt
[2.579s] -- Installing: /home/dji/DJI_workshop/LZP_PSDK/ros2_workplace/install/uav_detect_result/lib/python3.10/site-packages/uav_detect_result-0.0.0-py3.10.egg-info/dependency_links.txt
[2.579s] -- Installing: /home/dji/DJI_workshop/LZP_PSDK/ros2_workplace/install/uav_detect_result/lib/python3.10/site-packages/uav_detect_result-0.0.0-py3.10.egg-info/PKG-INFO
[2.580s] -- Up-to-date: /home/dji/DJI_workshop/LZP_PSDK/ros2_workplace/install/uav_detect_result/lib/python3.10/site-packages/uav_detect_result
[2.580s] -- Up-to-date: /home/dji/DJI_workshop/LZP_PSDK/ros2_workplace/install/uav_detect_result/lib/python3.10/site-packages/uav_detect_result/__init__.py
[2.580s] -- Up-to-date: /home/dji/DJI_workshop/LZP_PSDK/ros2_workplace/install/uav_detect_result/lib/python3.10/site-packages/uav_detect_result/_uav_detect_result_s.ep.rosidl_typesupport_introspection_c.c
[2.580s] -- Up-to-date: /home/dji/DJI_workshop/LZP_PSDK/ros2_workplace/install/uav_detect_result/lib/python3.10/site-packages/uav_detect_result/msg
[2.580s] -- Up-to-date: /home/dji/DJI_workshop/LZP_PSDK/ros2_workplace/install/uav_detect_result/lib/python3.10/site-packages/uav_detect_result/msg/_uav_detect_result.py
[2.580s] -- Up-to-date: /home/dji/DJI_workshop/LZP_PSDK/ros2_workplace/install/uav_detect_result/lib/python3.10/site-packages/uav_detect_result/msg/__init__.py
[2.581s] -- Up-to-date: /home/dji/DJI_workshop/LZP_PSDK/ros2_workplace/install/uav_detect_result/lib/python3.10/site-packages/uav_detect_result/msg/_uav_detect_result_s.c
[2.581s] -- Up-to-date: /home/dji/DJI_workshop/LZP_PSDK/ros2_workplace/install/uav_detect_result/lib/python3.10/site-packages/uav_detect_result/uav_detect_result_s__rosidl_typesupport_c.cpython-310-aarch64-linux-gnu.so
[2.581s] -- Up-to-date: /home/dji/DJI_workshop/LZP_PSDK/ros2_workplace/install/uav_detect_result/lib/python3.10/site-packages/uav_detect_result/uav_detect_result_s__rosidl_typesupport_introspection_c.cpython-310-aarch64-linux-gnu.so
[2.581s] -- Up-to-date: /home/dji/DJI_workshop/LZP_PSDK/ros2_workplace/install/uav_detect_result/lib/python3.10/site-packages/uav_detect_result/libuav_detect_result__rosidl_generator_py.so
[2.581s] -- Up-to-date: /home/dji/DJI_workshop/LZP_PSDK/ros2_workplace/install/uav_detect_result/lib/python3.10/site-packages/uav_detect_result/_uav_detect_result_s.ep.rosidl_typesupport_fastrtps_c.c
[2.581s] -- Up-to-date: /home/dji/DJI_workshop/LZP_PSDK/ros2_workplace/install/uav_detect_result/lib/python3.10/site-packages/uav_detect_result/_uav_detect_result_s.ep.rosidl_typesupport_c.c
[2.581s] -- Up-to-date: /home/dji/DJI_workshop/LZP_PSDK/ros2_workplace/install/uav_detect_result/lib/python3.10/site-packages/uav_detect_result/uav_detect_result_s__rosidl_typesupport_fastrtps_c.cpython-310-aarch64-linux-gnu.so
[2.641s] Listing 'lib/python3.10/site-packages/uav_detect_result'...
[2.642s] Can't list 'lib/python3.10/site-packages/uav_detect_result'
[2.654s] -- Installing: /home/dji/DJI_workshop/LZP_PSDK/ros2_workplace/install/uav_detect_result/lib/python3.10/site-packages/uav_detect_result/uav_detect_result_s__rosidl_typesupport_fastrtps_c.cpython-310-aarch64-linux-gnu.so
[2.655s] -- Set runtime path of "/home/dji/DJI_workshop/LZP_PSDK/ros2_workplace/install/uav_detect_result/lib/python3.10/site-packages/uav_detect_result/uav_detect_result_s__rosidl_typesupport_fastrtps_c.cpython-310-aarch64-linux-gnu.so" to ""
[2.655s] -- Installing: /home/dji/DJI_workshop/LZP_PSDK/ros2_workplace/install/uav_detect_result/lib/python3.10/site-packages/uav_detect_result/uav_detect_result_s__rosidl_typesupport_introspection_c.cpython-310-aarch64-linux-gnu.so
[2.656s] -- Set runtime path of "/home/dji/DJI_workshop/LZP_PSDK/ros2_workplace/install/uav_detect_result/lib/python3.10/site-packages/uav_detect_result/uav_detect_result_s__rosidl_typesupport_introspection_c.cpython-310-aarch64-linux-gnu.so" to ""
[2.656s] -- Installing: /home/dji/DJI_workshop/LZP_PSDK/ros2_workplace/install/uav_detect_result/lib/python3.10/site-packages/uav_detect_result/uav_detect_result_s__rosidl_typesupport_c.cpython-310-aarch64-linux-gnu.so
[2.657s] -- Set runtime path of "/home/dji/DJI_workshop/LZP_PSDK/ros2_workplace/install/uav_detect_result/lib/python3.10/site-packages/uav_detect_result/uav_detect_result_s__rosidl_typesupport_c.cpython-310-aarch64-linux-gnu.so" to ""
[2.658s] -- Installing: /home/dji/DJI_workshop/LZP_PSDK/ros2_workplace/install/uav_detect_result/lib/libuav_detect_result__rosidl_generator_py.so
[2.659s] -- Set runtime path of "/home/dji/DJI_workshop/LZP_PSDK/ros2_workplace/install/uav_detect_result/lib/libuav_detect_result__rosidl_generator_py.so" to ""
[2.659s] -- Up-to-date: /home/dji/DJI_workshop/LZP_PSDK/ros2_workplace/install/uav_detect_result/share/uav_detect_result/msg/UavDetectResult.idl
[2.660s] -- Up-to-date: /home/dji/DJI_workshop/LZP_PSDK/ros2_workplace/install/uav_detect_result/share/uav_detect_result/msg/UavDetectResult.msg
[2.660s] -- Up-to-date: /home/dji/DJI_workshop/LZP_PSDK/ros2_workplace/install/uav_detect_result/share/ament_index/resource_index/package_run_dependencies/uav_detect_result
[2.660s] -- Up-to-date: /home/dji/DJI_workshop/LZP_PSDK/ros2_workplace/install/uav_detect_result/share/ament_index/resource_index/parent_prefix_path/uav_detect_result
[2.660s] -- Up-to-date: /home/dji/DJI_workshop/LZP_PSDK/ros2_workplace/install/uav_detect_result/share/uav_detect_result/environment/ament_prefix_path.sh
[2.660s] -- Up-to-date: /home/dji/DJI_workshop/LZP_PSDK/ros2_workplace/install/uav_detect_result/share/uav_detect_result/environment/ament_prefix_path.dsv
[2.661s] -- Up-to-date: /home/dji/DJI_workshop/LZP_PSDK/ros2_workplace/install/uav_detect_result/share/uav_detect_result/environment/path.sh
[2.661s] -- Up-to-date: /home/dji/DJI_workshop/LZP_PSDK/ros2_workplace/install/uav_detect_result/share/uav_detect_result/environment/path.dsv
[2.661s] -- Up-to-date: /home/dji/DJI_workshop/LZP_PSDK/ros2_workplace/install/uav_detect_result/share/uav_detect_result/local_setup.bash
[2.661s] -- Up-to-date: /home/dji/DJI_workshop/LZP_PSDK/ros2_workplace/install/uav_detect_result/share/uav_detect_result/local_setup.sh
[2.661s] -- Up-to-date: /home/dji/DJI_workshop/LZP_PSDK/ros2_workplace/install/uav_detect_result/share/uav_detect_result/local_setup.zsh
[2.662s] -- Up-to-date: /home/dji/DJI_workshop/LZP_PSDK/ros2_workplace/install/uav_detect_result/share/uav_detect_result/local_setup.dsv
[2.662s] -- Installing: /home/dji/DJI_workshop/LZP_PSDK/ros2_workplace/install/uav_detect_result/share/uav_detect_result/package.dsv
[2.662s] -- Up-to-date: /home/dji/DJI_workshop/LZP_PSDK/ros2_workplace/install/uav_detect_result/share/ament_index/resource_index/packages/uav_detect_result
[2.662s] -- Up-to-date: /home/dji/DJI_workshop/LZP_PSDK/ros2_workplace/install/uav_detect_result/share/uav_detect_result/cmake/export_uav_detect_result__rosidl_generator_cExport.cmake
[2.663s] -- Up-to-date: /home/dji/DJI_workshop/LZP_PSDK/ros2_workplace/install/uav_detect_result/share/uav_detect_result/cmake/export_uav_detect_result__rosidl_generator_cExport-noconfig.cmake
[2.663s] -- Up-to-date: /home/dji/DJI_workshop/LZP_PSDK/ros2_workplace/install/uav_detect_result/share/uav_detect_result/cmake/export_uav_detect_result__rosidl_typesupport_fastrtps_cExport.cmake
[2.663s] -- Up-to-date: /home/dji/DJI_workshop/LZP_PSDK/ros2_workplace/install/uav_detect_result/share/uav_detect_result/cmake/export_uav_detect_result__rosidl_typesupport_fastrtps_cExport-noconfig.cmake
[2.663s] -- Up-to-date: /home/dji/DJI_workshop/LZP_PSDK/ros2_workplace/install/uav_detect_result/share/uav_detect_result/cmake/uav_detect_result__rosidl_typesupport_introspection_cExport.cmake
[2.663s] -- Up-to-date: /home/dji/DJI_workshop/LZP_PSDK/ros2_workplace/install/uav_detect_result/share/uav_detect_result/cmake/uav_detect_result__rosidl_typesupport_introspection_cExport-noconfig.cmake
[2.664s] -- Up-to-date: /home/dji/DJI_workshop/LZP_PSDK/ros2_workplace/install/uav_detect_result/share/uav_detect_result/cmake/uav_detect_result__rosidl_typesupport_cExport.cmake
[2.664s] -- Up-to-date: /home/dji/DJI_workshop/LZP_PSDK/ros2_workplace/install/uav_detect_result/share/uav_detect_result/cmake/uav_detect_result__rosidl_typesupport_cExport-noconfig.cmake
[2.665s] -- Up-to-date: /home/dji/DJI_workshop/LZP_PSDK/ros2_workplace/install/uav_detect_result/share/uav_detect_result/cmake/export_uav_detect_result__rosidl_generator_cppExport.cmake
[2.665s] -- Up-to-date: /home/dji/DJI_workshop/LZP_PSDK/ros2_workplace/install/uav_detect_result/share/uav_detect_result/cmake/export_uav_detect_result__rosidl_typesupport_fastrtps_cppExport.cmake
[2.665s] -- Up-to-date: /home/dji/DJI_workshop/LZP_PSDK/ros2_workplace/install/uav_detect_result/share/uav_detect_result/cmake/export_uav_detect_result__rosidl_typesupport_fastrtps_cppExport-noconfig.cmake
[2.665s] -- Up-to-date: /home/dji/DJI_workshop/LZP_PSDK/ros2_workplace/install/uav_detect_result/share/uav_detect_result/cmake/uav_detect_result__rosidl_typesupport_introspection_cppExport.cmake
[2.665s] -- Up-to-date: /home/dji/DJI_workshop/LZP_PSDK/ros2_workplace/install/uav_detect_result/share/uav_detect_result/cmake/uav_detect_result__rosidl_typesupport_introspection_cppExport-noconfig.cmake
[2.665s] -- Up-to-date: /home/dji/DJI_workshop/LZP_PSDK/ros2_workplace/install/uav_detect_result/share/uav_detect_result/cmake/uav_detect_result__rosidl_typesupport_cppExport.cmake
[2.665s] -- Up-to-date: /home/dji/DJI_workshop/LZP_PSDK/ros2_workplace/install/uav_detect_result/share/uav_detect_result/cmake/uav_detect_result__rosidl_typesupport_cppExport-noconfig.cmake
[2.666s] -- Up-to-date: /home/dji/DJI_workshop/LZP_PSDK/ros2_workplace/install/uav_detect_result/share/uav_detect_result/cmake/export_uav_detect_result__rosidl_generator_pyExport.cmake
[2.666s] -- Up-to-date: /home/dji/DJI_workshop/LZP_PSDK/ros2_workplace/install/uav_detect_result/share/uav_detect_result/cmake/export_uav_detect_result__rosidl_generator_pyExport-noconfig.cmake
[2.666s] -- Up-to-date: /home/dji/DJI_workshop/LZP_PSDK/ros2_workplace/install/uav_detect_result/share/uav_detect_result/cmake/rosidl_cmake-extras.cmake
[2.666s] -- Up-to-date: /home/dji/DJI_workshop/LZP_PSDK/ros2_workplace/install/uav_detect_result/share/uav_detect_result/cmake/ament_cmake_export_include_directories-extras.cmake
[2.666s] -- Up-to-date: /home/dji/DJI_workshop/LZP_PSDK/ros2_workplace/install/uav_detect_result/share/uav_detect_result/cmake/ament_cmake_export_libraries-extras.cmake
[2.666s] -- Up-to-date: /home/dji/DJI_workshop/LZP_PSDK/ros2_workplace/install/uav_detect_result/share/uav_detect_result/cmake/ament_cmake_export_targets-extras.cmake
[2.666s] -- Up-to-date: /home/dji/DJI_workshop/LZP_PSDK/ros2_workplace/install/uav_detect_result/share/uav_detect_result/cmake/rosidl_cmake_export_typesupport_targets-extras.cmake
[2.667s] -- Up-to-date: /home/dji/DJI_workshop/LZP_PSDK/ros2_workplace/install/uav_detect_result/share/uav_detect_result/cmake/ament_cmake_export_dependencies-extras.cmake
[2.667s] -- Up-to-date: /home/dji/DJI_workshop/LZP_PSDK/ros2_workplace/install/uav_detect_result/share/uav_detect_result/cmake/rosidl_cmake_export_typesupport_libraries-extras.cmake
[2.667s] -- Up-to-date: /home/dji/DJI_workshop/LZP_PSDK/ros2_workplace/install/uav_detect_result/share/uav_detect_result/cmake/uav_detect_resultConfig.cmake
[2.668s] -- Up-to-date: /home/dji/DJI_workshop/LZP_PSDK/ros2_workplace/install/uav_detect_result/share/uav_detect_result/cmake/uav_detect_resultConfig-version.cmake
[2.669s] -- Up-to-date: /home/dji/DJI_workshop/LZP_PSDK/ros2_workplace/install/uav_detect_result/share/uav_detect_result/package.xml
[2.670s] Invoked command in '/home/dji/DJI_workshop/LZP_PSDK/ros2_workplace/build/uav_detect_result' returned '0': CONDA_PROMPT_MODIFIER=(ros2_humble) /open_app/miniconda3/envs/ros2_humble/bin/cmake --install /home/dji/DJI_workshop/LZP_PSDK/ros2_workplace/build/uav_detect_result
