-- Found OpenCV installed in the system, will use it to display image in AdvancedSensing APIs
--  - Includes: /open_app/miniconda3/envs/ros2_humble/include/opencv4
--  - Libraries: opencv_calib3d;opencv_core;opencv_dnn;opencv_features2d;opencv_flann;opencv_gapi;opencv_highgui;opencv_imgcodecs;opencv_imgproc;opencv_ml;opencv_objdetect;opencv_photo;opencv_stitching;opencv_video;opencv_videoio;opencv_alphamat;opencv_aruco;opencv_barcode;opencv_bgsegm;opencv_bioinspired;opencv_ccalib;opencv_cvv;opencv_datasets;opencv_dnn_objdetect;opencv_dnn_superres;opencv_dpm;opencv_face;opencv_freetype;opencv_fuzzy;opencv_hdf;opencv_hfs;opencv_img_hash;opencv_intensity_transform;opencv_line_descriptor;opencv_mcc;opencv_optflow;opencv_phase_unwrapping;opencv_plot;opencv_quality;opencv_rapid;opencv_reg;opencv_rgbd;opencv_saliency;opencv_shape;opencv_stereo;opencv_structured_light;opencv_superres;opencv_surface_matching;opencv_text;opencv_tracking;opencv_videostab;opencv_wechat_qrcode;opencv_xfeatures2d;opencv_ximgproc;opencv_xobjdetect;opencv_xphoto
-- Cannot Find FFMPEG
-- Found ament_cmake: 1.3.3 (/open_app/miniconda3/envs/ros2_humble/share/ament_cmake/cmake)
-- Found rclcpp: 16.0.3 (/open_app/miniconda3/envs/ros2_humble/share/rclcpp/cmake)
-- Found rosidl_generator_c: 3.1.4 (/open_app/miniconda3/envs/ros2_humble/share/rosidl_generator_c/cmake)
-- Found rosidl_adapter: 3.1.4 (/open_app/miniconda3/envs/ros2_humble/share/rosidl_adapter/cmake)
-- Found rosidl_generator_cpp: 3.1.4 (/open_app/miniconda3/envs/ros2_humble/share/rosidl_generator_cpp/cmake)
-- Using all available rosidl_typesupport_c: rosidl_typesupport_fastrtps_c;rosidl_typesupport_introspection_c
-- Using all available rosidl_typesupport_cpp: rosidl_typesupport_fastrtps_cpp;rosidl_typesupport_introspection_cpp
-- Found rmw_implementation_cmake: 6.1.1 (/open_app/miniconda3/envs/ros2_humble/share/rmw_implementation_cmake/cmake)
-- Found rmw_fastrtps_cpp: 6.2.2 (/open_app/miniconda3/envs/ros2_humble/share/rmw_fastrtps_cpp/cmake)
-- Using RMW implementation 'rmw_fastrtps_cpp' as default
-- Found std_msgs: 4.2.3 (/open_app/miniconda3/envs/ros2_humble/share/std_msgs/cmake)
-- Found ament_lint_auto: 0.12.5 (/open_app/miniconda3/envs/ros2_humble/share/ament_lint_auto/cmake)
-- Added test 'cppcheck' to perform static code analysis on C / C++ code
-- Configured cppcheck include dirs: /home/dji/DJI_workshop/LZP_PSDK/ros2_workplace/src/dji_precision_capture/../../../Payload-SDK/samples/sample_c++/platform/linux/manifold3/../my_code;/home/dji/DJI_workshop/LZP_PSDK/ros2_workplace/src/dji_precision_capture/../../../Payload-SDK/samples/sample_c++/platform/linux/manifold3/../../../module_sample;/home/dji/DJI_workshop/LZP_PSDK/ros2_workplace/src/dji_precision_capture/../../../Payload-SDK/samples/sample_c++/platform/linux/manifold3/../../../../sample_c/module_sample;/home/dji/DJI_workshop/LZP_PSDK/ros2_workplace/src/dji_precision_capture/../../../Payload-SDK/samples/sample_c++/platform/linux/manifold3/../common;/home/dji/DJI_workshop/LZP_PSDK/ros2_workplace/src/dji_precision_capture/../../../Payload-SDK/samples/sample_c++/platform/linux/manifold3/../manifold3/application;/home/dji/DJI_workshop/LZP_PSDK/ros2_workplace/src/dji_precision_capture/include_directories;/home/dji/DJI_workshop/LZP_PSDK/ros2_workplace/src/dji_precision_capture/(;/home/dji/DJI_workshop/LZP_PSDK/ros2_workplace/src/dji_precision_capture/../../../Payload-SDK/samples/sample_c++/platform/linux/manifold3/../../../../../psdk_lib/include;/home/dji/DJI_workshop/LZP_PSDK/ros2_workplace/src/dji_precision_capture/);/home/dji/DJI_workshop/LZP_PSDK/ros2_workplace/src/dji_precision_capture/./include
-- Configured cppcheck exclude dirs and/or files: 
-- Added test 'lint_cmake' to check CMake code style
-- Added test 'uncrustify' to check C / C++ code style
-- Configured uncrustify additional arguments: 
-- Added test 'xmllint' to check XML markup files
-- Configuring done (1.1s)
-- Generating done (0.0s)
-- Build files have been written to: /home/dji/DJI_workshop/LZP_PSDK/ros2_workplace/build/dji_precision_capture
[  3%] [32mBuilding CXX object CMakeFiles/dji_precision_capture.dir/home/dji/DJI_workshop/LZP_PSDK/Payload-SDK/samples/sample_c++/platform/linux/my_code/gimbale_manager.cpp.o[0m
[  3%] [32mBuilding CXX object CMakeFiles/dji_precision_capture.dir/src/main.cpp.o[0m
[  4%] [32mBuilding CXX object CMakeFiles/dji_precision_capture.dir/home/dji/DJI_workshop/LZP_PSDK/Payload-SDK/samples/sample_c++/platform/linux/my_code/camera_manager.cpp.o[0m
[  6%] [32mBuilding CXX object CMakeFiles/dji_precision_capture.dir/home/dji/DJI_workshop/LZP_PSDK/Payload-SDK/samples/sample_c++/platform/linux/manifold3/application/application.cpp.o[0m
[  7%] [32mBuilding C object CMakeFiles/dji_precision_capture.dir/home/dji/DJI_workshop/LZP_PSDK/Payload-SDK/samples/sample_c/module_sample/camera_emu/dji_media_file_manage/dji_media_file_core.c.o[0m
[ 10%] [32mBuilding C object CMakeFiles/dji_precision_capture.dir/home/dji/DJI_workshop/LZP_PSDK/Payload-SDK/samples/sample_c/module_sample/camera_emu/dji_media_file_manage/dji_media_file_mp4.c.o[0m
[ 10%] [32mBuilding C object CMakeFiles/dji_precision_capture.dir/home/dji/DJI_workshop/LZP_PSDK/Payload-SDK/samples/sample_c/module_sample/camera_emu/dji_media_file_manage/dji_media_file_jpg.c.o[0m
[ 12%] [32mBuilding C object CMakeFiles/dji_precision_capture.dir/home/dji/DJI_workshop/LZP_PSDK/Payload-SDK/samples/sample_c/module_sample/camera_emu/test_payload_cam_emu_base.c.o[0m
[ 13%] [32mBuilding C object CMakeFiles/dji_precision_capture.dir/home/dji/DJI_workshop/LZP_PSDK/Payload-SDK/samples/sample_c/module_sample/camera_manager/test_camera_manager.c.o[0m
[ 15%] [32mBuilding C object CMakeFiles/dji_precision_capture.dir/home/dji/DJI_workshop/LZP_PSDK/Payload-SDK/samples/sample_c/module_sample/camera_emu/test_payload_cam_emu_media.c.o[0m
[ 16%] [32mBuilding C object CMakeFiles/dji_precision_capture.dir/home/dji/DJI_workshop/LZP_PSDK/Payload-SDK/samples/sample_c/module_sample/cloud_api/test_cloud_api_by_web_socket.c.o[0m
[ 19%] [32mBuilding C object CMakeFiles/dji_precision_capture.dir/home/dji/DJI_workshop/LZP_PSDK/Payload-SDK/samples/sample_c/module_sample/data_transmission/test_data_transmission.c.o[0m
[ 19%] [32mBuilding C object CMakeFiles/dji_precision_capture.dir/home/dji/DJI_workshop/LZP_PSDK/Payload-SDK/samples/sample_c/module_sample/fc_subscription/test_fc_subscription.c.o[0m
[ 22%] [32mBuilding C object CMakeFiles/dji_precision_capture.dir/home/dji/DJI_workshop/LZP_PSDK/Payload-SDK/samples/sample_c/module_sample/gimbal_manager/test_gimbal_manager.c.o[0m
[ 22%] [32mBuilding C object CMakeFiles/dji_precision_capture.dir/home/dji/DJI_workshop/LZP_PSDK/Payload-SDK/samples/sample_c/module_sample/gimbal_emu/test_payload_gimbal_emu.c.o[0m
[ 27%] [32mBuilding C object CMakeFiles/dji_precision_capture.dir/home/dji/DJI_workshop/LZP_PSDK/Payload-SDK/samples/sample_c/module_sample/interest_point/test_interest_point.c.o[0m
[ 27%] [32mBuilding C object CMakeFiles/dji_precision_capture.dir/home/dji/DJI_workshop/LZP_PSDK/Payload-SDK/samples/sample_c/module_sample/flight_control/test_flight_control.c.o[0m
[ 27%] [32mBuilding C object CMakeFiles/dji_precision_capture.dir/home/dji/DJI_workshop/LZP_PSDK/Payload-SDK/samples/sample_c/module_sample/hms/test_hms.c.o[0m
[ 28%] [32mBuilding C object CMakeFiles/dji_precision_capture.dir/home/dji/DJI_workshop/LZP_PSDK/Payload-SDK/samples/sample_c/module_sample/mop_channel/test_mop_channel.c.o[0m
[ 31%] [32mBuilding C object CMakeFiles/dji_precision_capture.dir/home/dji/DJI_workshop/LZP_PSDK/Payload-SDK/samples/sample_c/module_sample/perception/test_perception.c.o[0m
[ 31%] [32mBuilding C object CMakeFiles/dji_precision_capture.dir/home/dji/DJI_workshop/LZP_PSDK/Payload-SDK/samples/sample_c/module_sample/payload_collaboration/test_payload_collaboration.c.o[0m
[ 34%] [32mBuilding C object CMakeFiles/dji_precision_capture.dir/home/dji/DJI_workshop/LZP_PSDK/Payload-SDK/samples/sample_c/module_sample/positioning/test_positioning.c.o[0m
[ 34%] [32mBuilding C object CMakeFiles/dji_precision_capture.dir/home/dji/DJI_workshop/LZP_PSDK/Payload-SDK/samples/sample_c/module_sample/power_management/test_power_management.c.o[0m
[ 37%] [32mBuilding C object CMakeFiles/dji_precision_capture.dir/home/dji/DJI_workshop/LZP_PSDK/Payload-SDK/samples/sample_c/module_sample/tethered_battery/test_tethered_battery.c.o[0m
[ 37%] [32mBuilding C object CMakeFiles/dji_precision_capture.dir/home/dji/DJI_workshop/LZP_PSDK/Payload-SDK/samples/sample_c/module_sample/time_sync/test_time_sync.c.o[0m
[ 40%] [32mBuilding C object CMakeFiles/dji_precision_capture.dir/home/dji/DJI_workshop/LZP_PSDK/Payload-SDK/samples/sample_c/module_sample/upgrade/test_upgrade_common_file_transfer.c.o[0m
[ 40%] [32mBuilding C object CMakeFiles/dji_precision_capture.dir/home/dji/DJI_workshop/LZP_PSDK/Payload-SDK/samples/sample_c/module_sample/upgrade/test_upgrade.c.o[0m
[ 42%] [32mBuilding C object CMakeFiles/dji_precision_capture.dir/home/dji/DJI_workshop/LZP_PSDK/Payload-SDK/samples/sample_c/module_sample/upgrade/test_upgrade_platform_opt.c.o[0m
[ 43%] [32mBuilding C object CMakeFiles/dji_precision_capture.dir/home/dji/DJI_workshop/LZP_PSDK/Payload-SDK/samples/sample_c/module_sample/utils/cJSON.c.o[0m
[ 46%] [32mBuilding C object CMakeFiles/dji_precision_capture.dir/home/dji/DJI_workshop/LZP_PSDK/Payload-SDK/samples/sample_c/module_sample/utils/dji_config_manager.c.o[0m
[ 46%] [32mBuilding C object CMakeFiles/dji_precision_capture.dir/home/dji/DJI_workshop/LZP_PSDK/Payload-SDK/samples/sample_c/module_sample/utils/util_buffer.c.o[0m
[ 48%] [32mBuilding C object CMakeFiles/dji_precision_capture.dir/home/dji/DJI_workshop/LZP_PSDK/Payload-SDK/samples/sample_c/module_sample/utils/util_file.c.o[0m
[ 51%] [32mBuilding C object CMakeFiles/dji_precision_capture.dir/home/dji/DJI_workshop/LZP_PSDK/Payload-SDK/samples/sample_c/module_sample/utils/util_md5.c.o[0m
[ 51%] [32mBuilding C object CMakeFiles/dji_precision_capture.dir/home/dji/DJI_workshop/LZP_PSDK/Payload-SDK/samples/sample_c/module_sample/utils/util_link_list.c.o[0m
[ 54%] [32mBuilding C object CMakeFiles/dji_precision_capture.dir/home/dji/DJI_workshop/LZP_PSDK/Payload-SDK/samples/sample_c/module_sample/utils/util_misc.c.o[0m
[ 54%] [32mBuilding C object CMakeFiles/dji_precision_capture.dir/home/dji/DJI_workshop/LZP_PSDK/Payload-SDK/samples/sample_c/module_sample/utils/util_time.c.o[0m
[ 56%] [32mBuilding C object CMakeFiles/dji_precision_capture.dir/home/dji/DJI_workshop/LZP_PSDK/Payload-SDK/samples/sample_c/module_sample/waypoint_v3/test_waypoint_v3.c.o[0m
[ 57%] [32mBuilding C object CMakeFiles/dji_precision_capture.dir/home/dji/DJI_workshop/LZP_PSDK/Payload-SDK/samples/sample_c/module_sample/waypoint_v2/test_waypoint_v2.c.o[0m
[ 60%] [32mBuilding C object CMakeFiles/dji_precision_capture.dir/home/dji/DJI_workshop/LZP_PSDK/Payload-SDK/samples/sample_c/module_sample/widget/test_widget.c.o[0m
[ 60%] [32mBuilding C object CMakeFiles/dji_precision_capture.dir/home/dji/DJI_workshop/LZP_PSDK/Payload-SDK/samples/sample_c/module_sample/widget/file_binary_array_list_en.c.o[0m
[ 63%] [32mBuilding C object CMakeFiles/dji_precision_capture.dir/home/dji/DJI_workshop/LZP_PSDK/Payload-SDK/samples/sample_c/module_sample/widget/test_widget_speaker.c.o[0m
[ 63%] [32mBuilding C object CMakeFiles/dji_precision_capture.dir/home/dji/DJI_workshop/LZP_PSDK/Payload-SDK/samples/sample_c/module_sample/widget_interaction_test/file_binary_array_list_en.c.o[0m
[ 66%] [32mBuilding C object CMakeFiles/dji_precision_capture.dir/home/dji/DJI_workshop/LZP_PSDK/Payload-SDK/samples/sample_c/module_sample/widget_interaction_test/test_widget_interaction.c.o[0m
[ 66%] [32mBuilding C object CMakeFiles/dji_precision_capture.dir/home/dji/DJI_workshop/LZP_PSDK/Payload-SDK/samples/sample_c/module_sample/xport/test_payload_xport.c.o[0m
[ 69%] [32mBuilding CXX object CMakeFiles/dji_precision_capture.dir/home/dji/DJI_workshop/LZP_PSDK/Payload-SDK/samples/sample_c++/module_sample/camera_manager/test_camera_manager_entry.cpp.o[0m
[ 69%] [32mBuilding CXX object CMakeFiles/dji_precision_capture.dir/home/dji/DJI_workshop/LZP_PSDK/Payload-SDK/samples/sample_c++/module_sample/flight_controller/test_flight_controller_command_flying.cpp.o[0m
[ 72%] [32mBuilding CXX object CMakeFiles/dji_precision_capture.dir/home/dji/DJI_workshop/LZP_PSDK/Payload-SDK/samples/sample_c++/module_sample/flight_controller/test_flight_controller_entry.cpp.o[0m
[ 72%] [32mBuilding CXX object CMakeFiles/dji_precision_capture.dir/home/dji/DJI_workshop/LZP_PSDK/Payload-SDK/samples/sample_c++/module_sample/gimbal/test_gimbal_entry.cpp.o[0m
[ 74%] [32mBuilding CXX object CMakeFiles/dji_precision_capture.dir/home/dji/DJI_workshop/LZP_PSDK/Payload-SDK/samples/sample_c++/module_sample/hms_manager/hms_manager_entry.cpp.o[0m
[ 75%] [32mBuilding C object CMakeFiles/dji_precision_capture.dir/home/dji/DJI_workshop/LZP_PSDK/Payload-SDK/samples/sample_c/module_sample/liveview/test_liveview.c.o[0m
[ 77%] [32mBuilding CXX object CMakeFiles/dji_precision_capture.dir/home/dji/DJI_workshop/LZP_PSDK/Payload-SDK/samples/sample_c++/module_sample/liveview/dji_camera_image_handler.cpp.o[0m
[ 80%] [32mBuilding CXX object CMakeFiles/dji_precision_capture.dir/home/dji/DJI_workshop/LZP_PSDK/Payload-SDK/samples/sample_c++/module_sample/liveview/dji_liveview_object_detection.cpp.o[0m
[ 80%] [32mBuilding CXX object CMakeFiles/dji_precision_capture.dir/home/dji/DJI_workshop/LZP_PSDK/Payload-SDK/samples/sample_c++/module_sample/liveview/dji_camera_stream_decoder.cpp.o[0m
[ 81%] [32mBuilding CXX object CMakeFiles/dji_precision_capture.dir/home/dji/DJI_workshop/LZP_PSDK/Payload-SDK/samples/sample_c++/module_sample/liveview/image_processor_yolovfastest.cpp.o[0m
[ 83%] [32mBuilding CXX object CMakeFiles/dji_precision_capture.dir/home/dji/DJI_workshop/LZP_PSDK/Payload-SDK/samples/sample_c++/module_sample/liveview/test_liveview.cpp.o[0m
[ 84%] [32mBuilding CXX object CMakeFiles/dji_precision_capture.dir/home/dji/DJI_workshop/LZP_PSDK/Payload-SDK/samples/sample_c++/module_sample/liveview/test_liveview_entry.cpp.o[0m
[ 86%] [32mBuilding CXX object CMakeFiles/dji_precision_capture.dir/home/dji/DJI_workshop/LZP_PSDK/Payload-SDK/samples/sample_c++/module_sample/perception/test_lidar_entry.cpp.o[0m
[ 87%] [32mBuilding CXX object CMakeFiles/dji_precision_capture.dir/home/dji/DJI_workshop/LZP_PSDK/Payload-SDK/samples/sample_c++/module_sample/perception/test_perception.cpp.o[0m
[ 89%] [32mBuilding CXX object CMakeFiles/dji_precision_capture.dir/home/dji/DJI_workshop/LZP_PSDK/Payload-SDK/samples/sample_c++/module_sample/perception/test_perception_entry.cpp.o[0m
[ 90%] [32mBuilding CXX object CMakeFiles/dji_precision_capture.dir/home/dji/DJI_workshop/LZP_PSDK/Payload-SDK/samples/sample_c++/module_sample/perception/test_radar_entry.cpp.o[0m
[ 93%] [32mBuilding C object CMakeFiles/dji_precision_capture.dir/home/dji/DJI_workshop/LZP_PSDK/Payload-SDK/samples/sample_c++/platform/linux/common/osal/osal.c.o[0m
[ 93%] [32mBuilding CXX object CMakeFiles/dji_precision_capture.dir/home/dji/DJI_workshop/LZP_PSDK/Payload-SDK/samples/sample_c++/module_sample/widget_manager/test_widget_manager.cpp.o[0m
[ 98%] [32mBuilding C object CMakeFiles/dji_precision_capture.dir/home/dji/DJI_workshop/LZP_PSDK/Payload-SDK/samples/sample_c++/platform/linux/manifold3/hal/hal_usb_bulk.c.o[0m
[ 98%] [32mBuilding C object CMakeFiles/dji_precision_capture.dir/home/dji/DJI_workshop/LZP_PSDK/Payload-SDK/samples/sample_c++/platform/linux/common/osal/osal_socket.c.o[0m
[ 98%] [32mBuilding C object CMakeFiles/dji_precision_capture.dir/home/dji/DJI_workshop/LZP_PSDK/Payload-SDK/samples/sample_c++/platform/linux/common/osal/osal_fs.c.o[0m
[100%] [32m[1mLinking CXX executable bin/dji_precision_capture[0m
[100%] Built target dji_precision_capture
-- Install configuration: ""
-- Installing: /home/dji/DJI_workshop/LZP_PSDK/ros2_workplace/install/dji_precision_capture/lib/dji_precision_capture/dji_precision_capture
-- Set runtime path of "/home/dji/DJI_workshop/LZP_PSDK/ros2_workplace/install/dji_precision_capture/lib/dji_precision_capture/dji_precision_capture" to ""
-- Up-to-date: /home/dji/DJI_workshop/LZP_PSDK/ros2_workplace/install/dji_precision_capture/share/ament_index/resource_index/package_run_dependencies/dji_precision_capture
-- Up-to-date: /home/dji/DJI_workshop/LZP_PSDK/ros2_workplace/install/dji_precision_capture/share/ament_index/resource_index/parent_prefix_path/dji_precision_capture
-- Up-to-date: /home/dji/DJI_workshop/LZP_PSDK/ros2_workplace/install/dji_precision_capture/share/dji_precision_capture/environment/ament_prefix_path.sh
-- Installing: /home/dji/DJI_workshop/LZP_PSDK/ros2_workplace/install/dji_precision_capture/share/dji_precision_capture/environment/ament_prefix_path.dsv
-- Up-to-date: /home/dji/DJI_workshop/LZP_PSDK/ros2_workplace/install/dji_precision_capture/share/dji_precision_capture/environment/path.sh
-- Installing: /home/dji/DJI_workshop/LZP_PSDK/ros2_workplace/install/dji_precision_capture/share/dji_precision_capture/environment/path.dsv
-- Up-to-date: /home/dji/DJI_workshop/LZP_PSDK/ros2_workplace/install/dji_precision_capture/share/dji_precision_capture/local_setup.bash
-- Up-to-date: /home/dji/DJI_workshop/LZP_PSDK/ros2_workplace/install/dji_precision_capture/share/dji_precision_capture/local_setup.sh
-- Up-to-date: /home/dji/DJI_workshop/LZP_PSDK/ros2_workplace/install/dji_precision_capture/share/dji_precision_capture/local_setup.zsh
-- Installing: /home/dji/DJI_workshop/LZP_PSDK/ros2_workplace/install/dji_precision_capture/share/dji_precision_capture/local_setup.dsv
-- Installing: /home/dji/DJI_workshop/LZP_PSDK/ros2_workplace/install/dji_precision_capture/share/dji_precision_capture/package.dsv
-- Up-to-date: /home/dji/DJI_workshop/LZP_PSDK/ros2_workplace/install/dji_precision_capture/share/ament_index/resource_index/packages/dji_precision_capture
-- Up-to-date: /home/dji/DJI_workshop/LZP_PSDK/ros2_workplace/install/dji_precision_capture/share/dji_precision_capture/cmake/dji_precision_captureConfig.cmake
-- Up-to-date: /home/dji/DJI_workshop/LZP_PSDK/ros2_workplace/install/dji_precision_capture/share/dji_precision_capture/cmake/dji_precision_captureConfig-version.cmake
-- Up-to-date: /home/dji/DJI_workshop/LZP_PSDK/ros2_workplace/install/dji_precision_capture/share/dji_precision_capture/package.xml
