[0.026s] Invoking command in '/home/dji/DJI_workshop/LZP_PSDK/ros2_workplace/build/uav_detect_result': CONDA_PROMPT_MODIFIER=(ros2_humble) /open_app/miniconda3/envs/ros2_humble/bin/cmake --build /home/dji/DJI_workshop/LZP_PSDK/ros2_workplace/build/uav_detect_result -- -j4 -l4
[0.085s] [  9%] Built target uav_detect_result__rosidl_generator_c
[0.091s] [ 12%] Built target uav_detect_result__cpp
[0.118s] [ 12%] Built target ament_cmake_python_copy_uav_detect_result
[0.120s] [ 22%] Built target uav_detect_result__rosidl_typesupport_introspection_c
[0.128s] [ 32%] Built target uav_detect_result__rosidl_typesupport_fastrtps_c
[0.158s] [ 51%] Built target uav_detect_result__rosidl_typesupport_fastrtps_cpp
[0.158s] [ 51%] Built target uav_detect_result__rosidl_typesupport_introspection_cpp
[0.184s] [ 61%] Built target uav_detect_result__rosidl_typesupport_cpp
[0.186s] [ 70%] Built target uav_detect_result__rosidl_typesupport_c
[0.225s] [ 70%] Built target uav_detect_result
[1.299s] running egg_info
[1.435s] writing uav_detect_result.egg-info/PKG-INFO
[1.541s] writing dependency_links to uav_detect_result.egg-info/dependency_links.txt
[2.168s] writing top-level names to uav_detect_result.egg-info/top_level.txt
[2.355s] reading manifest file 'uav_detect_result.egg-info/SOURCES.txt'
[2.356s] writing manifest file 'uav_detect_result.egg-info/SOURCES.txt'
[2.459s] [ 70%] Built target ament_cmake_python_build_uav_detect_result_egg
[2.483s] [ 74%] Built target uav_detect_result__py
[2.511s] [ 80%] Built target uav_detect_result__rosidl_generator_py
[2.540s] [ 93%] Built target uav_detect_result__rosidl_typesupport_fastrtps_c__pyext
[2.540s] [ 93%] Built target uav_detect_result__rosidl_typesupport_introspection_c__pyext
[2.541s] [100%] Built target uav_detect_result__rosidl_typesupport_c__pyext
[2.556s] Invoked command in '/home/dji/DJI_workshop/LZP_PSDK/ros2_workplace/build/uav_detect_result' returned '0': CONDA_PROMPT_MODIFIER=(ros2_humble) /open_app/miniconda3/envs/ros2_humble/bin/cmake --build /home/dji/DJI_workshop/LZP_PSDK/ros2_workplace/build/uav_detect_result -- -j4 -l4
[2.570s] Invoking command in '/home/dji/DJI_workshop/LZP_PSDK/ros2_workplace/build/uav_detect_result': CONDA_PROMPT_MODIFIER=(ros2_humble) /open_app/miniconda3/envs/ros2_humble/bin/cmake --install /home/dji/DJI_workshop/LZP_PSDK/ros2_workplace/build/uav_detect_result
[2.580s] -- Install configuration: ""
[2.581s] -- Up-to-date: /home/dji/DJI_workshop/LZP_PSDK/ros2_workplace/install/uav_detect_result/share/ament_index/resource_index/rosidl_interfaces/uav_detect_result
[2.581s] -- Up-to-date: /home/dji/DJI_workshop/LZP_PSDK/ros2_workplace/install/uav_detect_result/include/uav_detect_result/uav_detect_result
[2.581s] -- Up-to-date: /home/dji/DJI_workshop/LZP_PSDK/ros2_workplace/install/uav_detect_result/include/uav_detect_result/uav_detect_result/msg
[2.581s] -- Up-to-date: /home/dji/DJI_workshop/LZP_PSDK/ros2_workplace/install/uav_detect_result/include/uav_detect_result/uav_detect_result/msg/rosidl_generator_c__visibility_control.h
[2.581s] -- Up-to-date: /home/dji/DJI_workshop/LZP_PSDK/ros2_workplace/install/uav_detect_result/include/uav_detect_result/uav_detect_result/msg/detail
[2.581s] -- Up-to-date: /home/dji/DJI_workshop/LZP_PSDK/ros2_workplace/install/uav_detect_result/include/uav_detect_result/uav_detect_result/msg/detail/uav_detect_result__type_support.h
[2.582s] -- Up-to-date: /home/dji/DJI_workshop/LZP_PSDK/ros2_workplace/install/uav_detect_result/include/uav_detect_result/uav_detect_result/msg/detail/uav_detect_result__functions.h
[2.582s] -- Up-to-date: /home/dji/DJI_workshop/LZP_PSDK/ros2_workplace/install/uav_detect_result/include/uav_detect_result/uav_detect_result/msg/detail/uav_detect_result__struct.h
[2.582s] -- Up-to-date: /home/dji/DJI_workshop/LZP_PSDK/ros2_workplace/install/uav_detect_result/include/uav_detect_result/uav_detect_result/msg/detail/uav_detect_result__functions.c
[2.582s] -- Up-to-date: /home/dji/DJI_workshop/LZP_PSDK/ros2_workplace/install/uav_detect_result/include/uav_detect_result/uav_detect_result/msg/uav_detect_result.h
[2.585s] -- Installing: /home/dji/DJI_workshop/LZP_PSDK/ros2_workplace/install/uav_detect_result/lib/libuav_detect_result__rosidl_generator_c.so
[2.586s] -- Up-to-date: /home/dji/DJI_workshop/LZP_PSDK/ros2_workplace/install/uav_detect_result/include/uav_detect_result/uav_detect_result
[2.586s] -- Up-to-date: /home/dji/DJI_workshop/LZP_PSDK/ros2_workplace/install/uav_detect_result/include/uav_detect_result/uav_detect_result/msg
[2.586s] -- Up-to-date: /home/dji/DJI_workshop/LZP_PSDK/ros2_workplace/install/uav_detect_result/include/uav_detect_result/uav_detect_result/msg/rosidl_typesupport_fastrtps_c__visibility_control.h
[2.586s] -- Up-to-date: /home/dji/DJI_workshop/LZP_PSDK/ros2_workplace/install/uav_detect_result/include/uav_detect_result/uav_detect_result/msg/detail
[2.586s] -- Up-to-date: /home/dji/DJI_workshop/LZP_PSDK/ros2_workplace/install/uav_detect_result/include/uav_detect_result/uav_detect_result/msg/detail/uav_detect_result__rosidl_typesupport_fastrtps_c.h
[2.586s] -- Installing: /home/dji/DJI_workshop/LZP_PSDK/ros2_workplace/install/uav_detect_result/lib/libuav_detect_result__rosidl_typesupport_fastrtps_c.so
[2.587s] -- Set runtime path of "/home/dji/DJI_workshop/LZP_PSDK/ros2_workplace/install/uav_detect_result/lib/libuav_detect_result__rosidl_typesupport_fastrtps_c.so" to ""
[2.587s] -- Up-to-date: /home/dji/DJI_workshop/LZP_PSDK/ros2_workplace/install/uav_detect_result/include/uav_detect_result/uav_detect_result
[2.587s] -- Up-to-date: /home/dji/DJI_workshop/LZP_PSDK/ros2_workplace/install/uav_detect_result/include/uav_detect_result/uav_detect_result/msg
[2.587s] -- Up-to-date: /home/dji/DJI_workshop/LZP_PSDK/ros2_workplace/install/uav_detect_result/include/uav_detect_result/uav_detect_result/msg/detail
[2.588s] -- Up-to-date: /home/dji/DJI_workshop/LZP_PSDK/ros2_workplace/install/uav_detect_result/include/uav_detect_result/uav_detect_result/msg/detail/uav_detect_result__type_support.c
[2.588s] -- Up-to-date: /home/dji/DJI_workshop/LZP_PSDK/ros2_workplace/install/uav_detect_result/include/uav_detect_result/uav_detect_result/msg/detail/uav_detect_result__rosidl_typesupport_introspection_c.h
[2.588s] -- Up-to-date: /home/dji/DJI_workshop/LZP_PSDK/ros2_workplace/install/uav_detect_result/include/uav_detect_result/uav_detect_result/msg/rosidl_typesupport_introspection_c__visibility_control.h
[2.588s] -- Installing: /home/dji/DJI_workshop/LZP_PSDK/ros2_workplace/install/uav_detect_result/lib/libuav_detect_result__rosidl_typesupport_introspection_c.so
[2.588s] -- Set runtime path of "/home/dji/DJI_workshop/LZP_PSDK/ros2_workplace/install/uav_detect_result/lib/libuav_detect_result__rosidl_typesupport_introspection_c.so" to ""
[2.588s] -- Installing: /home/dji/DJI_workshop/LZP_PSDK/ros2_workplace/install/uav_detect_result/lib/libuav_detect_result__rosidl_typesupport_c.so
[2.589s] -- Set runtime path of "/home/dji/DJI_workshop/LZP_PSDK/ros2_workplace/install/uav_detect_result/lib/libuav_detect_result__rosidl_typesupport_c.so" to ""
[2.589s] -- Up-to-date: /home/dji/DJI_workshop/LZP_PSDK/ros2_workplace/install/uav_detect_result/include/uav_detect_result/uav_detect_result
[2.589s] -- Up-to-date: /home/dji/DJI_workshop/LZP_PSDK/ros2_workplace/install/uav_detect_result/include/uav_detect_result/uav_detect_result/msg
[2.589s] -- Up-to-date: /home/dji/DJI_workshop/LZP_PSDK/ros2_workplace/install/uav_detect_result/include/uav_detect_result/uav_detect_result/msg/detail
[2.589s] -- Up-to-date: /home/dji/DJI_workshop/LZP_PSDK/ros2_workplace/install/uav_detect_result/include/uav_detect_result/uav_detect_result/msg/detail/uav_detect_result__struct.hpp
[2.589s] -- Up-to-date: /home/dji/DJI_workshop/LZP_PSDK/ros2_workplace/install/uav_detect_result/include/uav_detect_result/uav_detect_result/msg/detail/uav_detect_result__traits.hpp
[2.590s] -- Up-to-date: /home/dji/DJI_workshop/LZP_PSDK/ros2_workplace/install/uav_detect_result/include/uav_detect_result/uav_detect_result/msg/detail/uav_detect_result__builder.hpp
[2.590s] -- Up-to-date: /home/dji/DJI_workshop/LZP_PSDK/ros2_workplace/install/uav_detect_result/include/uav_detect_result/uav_detect_result/msg/uav_detect_result.hpp
[2.590s] -- Up-to-date: /home/dji/DJI_workshop/LZP_PSDK/ros2_workplace/install/uav_detect_result/include/uav_detect_result/uav_detect_result
[2.590s] -- Up-to-date: /home/dji/DJI_workshop/LZP_PSDK/ros2_workplace/install/uav_detect_result/include/uav_detect_result/uav_detect_result/msg
[2.590s] -- Up-to-date: /home/dji/DJI_workshop/LZP_PSDK/ros2_workplace/install/uav_detect_result/include/uav_detect_result/uav_detect_result/msg/rosidl_typesupport_fastrtps_cpp__visibility_control.h
[2.590s] -- Up-to-date: /home/dji/DJI_workshop/LZP_PSDK/ros2_workplace/install/uav_detect_result/include/uav_detect_result/uav_detect_result/msg/detail
[2.590s] -- Up-to-date: /home/dji/DJI_workshop/LZP_PSDK/ros2_workplace/install/uav_detect_result/include/uav_detect_result/uav_detect_result/msg/detail/uav_detect_result__rosidl_typesupport_fastrtps_cpp.hpp
[2.591s] -- Up-to-date: /home/dji/DJI_workshop/LZP_PSDK/ros2_workplace/install/uav_detect_result/include/uav_detect_result/uav_detect_result/msg/detail/dds_fastrtps
[2.591s] -- Installing: /home/dji/DJI_workshop/LZP_PSDK/ros2_workplace/install/uav_detect_result/lib/libuav_detect_result__rosidl_typesupport_fastrtps_cpp.so
[2.591s] -- Up-to-date: /home/dji/DJI_workshop/LZP_PSDK/ros2_workplace/install/uav_detect_result/include/uav_detect_result/uav_detect_result
[2.591s] -- Up-to-date: /home/dji/DJI_workshop/LZP_PSDK/ros2_workplace/install/uav_detect_result/include/uav_detect_result/uav_detect_result/msg
[2.592s] -- Up-to-date: /home/dji/DJI_workshop/LZP_PSDK/ros2_workplace/install/uav_detect_result/include/uav_detect_result/uav_detect_result/msg/detail
[2.592s] -- Up-to-date: /home/dji/DJI_workshop/LZP_PSDK/ros2_workplace/install/uav_detect_result/include/uav_detect_result/uav_detect_result/msg/detail/uav_detect_result__rosidl_typesupport_introspection_cpp.hpp
[2.592s] -- Up-to-date: /home/dji/DJI_workshop/LZP_PSDK/ros2_workplace/install/uav_detect_result/include/uav_detect_result/uav_detect_result/msg/detail/uav_detect_result__type_support.cpp
[2.592s] -- Installing: /home/dji/DJI_workshop/LZP_PSDK/ros2_workplace/install/uav_detect_result/lib/libuav_detect_result__rosidl_typesupport_introspection_cpp.so
[2.593s] -- Installing: /home/dji/DJI_workshop/LZP_PSDK/ros2_workplace/install/uav_detect_result/lib/libuav_detect_result__rosidl_typesupport_cpp.so
[2.593s] -- Up-to-date: /home/dji/DJI_workshop/LZP_PSDK/ros2_workplace/install/uav_detect_result/share/uav_detect_result/environment/pythonpath.sh
[2.593s] -- Up-to-date: /home/dji/DJI_workshop/LZP_PSDK/ros2_workplace/install/uav_detect_result/share/uav_detect_result/environment/pythonpath.dsv
[2.594s] -- Up-to-date: /home/dji/DJI_workshop/LZP_PSDK/ros2_workplace/install/uav_detect_result/lib/python3.10/site-packages/uav_detect_result-0.0.0-py3.10.egg-info
[2.594s] -- Installing: /home/dji/DJI_workshop/LZP_PSDK/ros2_workplace/install/uav_detect_result/lib/python3.10/site-packages/uav_detect_result-0.0.0-py3.10.egg-info/top_level.txt
[2.594s] -- Installing: /home/dji/DJI_workshop/LZP_PSDK/ros2_workplace/install/uav_detect_result/lib/python3.10/site-packages/uav_detect_result-0.0.0-py3.10.egg-info/SOURCES.txt
[2.594s] -- Installing: /home/dji/DJI_workshop/LZP_PSDK/ros2_workplace/install/uav_detect_result/lib/python3.10/site-packages/uav_detect_result-0.0.0-py3.10.egg-info/dependency_links.txt
[2.594s] -- Installing: /home/dji/DJI_workshop/LZP_PSDK/ros2_workplace/install/uav_detect_result/lib/python3.10/site-packages/uav_detect_result-0.0.0-py3.10.egg-info/PKG-INFO
[2.595s] -- Up-to-date: /home/dji/DJI_workshop/LZP_PSDK/ros2_workplace/install/uav_detect_result/lib/python3.10/site-packages/uav_detect_result
[2.595s] -- Up-to-date: /home/dji/DJI_workshop/LZP_PSDK/ros2_workplace/install/uav_detect_result/lib/python3.10/site-packages/uav_detect_result/__init__.py
[2.595s] -- Up-to-date: /home/dji/DJI_workshop/LZP_PSDK/ros2_workplace/install/uav_detect_result/lib/python3.10/site-packages/uav_detect_result/_uav_detect_result_s.ep.rosidl_typesupport_introspection_c.c
[2.595s] -- Up-to-date: /home/dji/DJI_workshop/LZP_PSDK/ros2_workplace/install/uav_detect_result/lib/python3.10/site-packages/uav_detect_result/msg
[2.595s] -- Up-to-date: /home/dji/DJI_workshop/LZP_PSDK/ros2_workplace/install/uav_detect_result/lib/python3.10/site-packages/uav_detect_result/msg/_uav_detect_result.py
[2.595s] -- Up-to-date: /home/dji/DJI_workshop/LZP_PSDK/ros2_workplace/install/uav_detect_result/lib/python3.10/site-packages/uav_detect_result/msg/__init__.py
[2.596s] -- Up-to-date: /home/dji/DJI_workshop/LZP_PSDK/ros2_workplace/install/uav_detect_result/lib/python3.10/site-packages/uav_detect_result/msg/_uav_detect_result_s.c
[2.596s] -- Up-to-date: /home/dji/DJI_workshop/LZP_PSDK/ros2_workplace/install/uav_detect_result/lib/python3.10/site-packages/uav_detect_result/uav_detect_result_s__rosidl_typesupport_c.cpython-310-aarch64-linux-gnu.so
[2.596s] -- Up-to-date: /home/dji/DJI_workshop/LZP_PSDK/ros2_workplace/install/uav_detect_result/lib/python3.10/site-packages/uav_detect_result/uav_detect_result_s__rosidl_typesupport_introspection_c.cpython-310-aarch64-linux-gnu.so
[2.596s] -- Up-to-date: /home/dji/DJI_workshop/LZP_PSDK/ros2_workplace/install/uav_detect_result/lib/python3.10/site-packages/uav_detect_result/libuav_detect_result__rosidl_generator_py.so
[2.596s] -- Up-to-date: /home/dji/DJI_workshop/LZP_PSDK/ros2_workplace/install/uav_detect_result/lib/python3.10/site-packages/uav_detect_result/_uav_detect_result_s.ep.rosidl_typesupport_fastrtps_c.c
[2.596s] -- Up-to-date: /home/dji/DJI_workshop/LZP_PSDK/ros2_workplace/install/uav_detect_result/lib/python3.10/site-packages/uav_detect_result/_uav_detect_result_s.ep.rosidl_typesupport_c.c
[2.596s] -- Up-to-date: /home/dji/DJI_workshop/LZP_PSDK/ros2_workplace/install/uav_detect_result/lib/python3.10/site-packages/uav_detect_result/uav_detect_result_s__rosidl_typesupport_fastrtps_c.cpython-310-aarch64-linux-gnu.so
[2.654s] Listing 'lib/python3.10/site-packages/uav_detect_result'...
[2.654s] Can't list 'lib/python3.10/site-packages/uav_detect_result'
[2.665s] -- Installing: /home/dji/DJI_workshop/LZP_PSDK/ros2_workplace/install/uav_detect_result/lib/python3.10/site-packages/uav_detect_result/uav_detect_result_s__rosidl_typesupport_fastrtps_c.cpython-310-aarch64-linux-gnu.so
[2.670s] -- Set runtime path of "/home/dji/DJI_workshop/LZP_PSDK/ros2_workplace/install/uav_detect_result/lib/python3.10/site-packages/uav_detect_result/uav_detect_result_s__rosidl_typesupport_fastrtps_c.cpython-310-aarch64-linux-gnu.so" to ""
[2.670s] -- Installing: /home/dji/DJI_workshop/LZP_PSDK/ros2_workplace/install/uav_detect_result/lib/python3.10/site-packages/uav_detect_result/uav_detect_result_s__rosidl_typesupport_introspection_c.cpython-310-aarch64-linux-gnu.so
[2.670s] -- Set runtime path of "/home/dji/DJI_workshop/LZP_PSDK/ros2_workplace/install/uav_detect_result/lib/python3.10/site-packages/uav_detect_result/uav_detect_result_s__rosidl_typesupport_introspection_c.cpython-310-aarch64-linux-gnu.so" to ""
[2.670s] -- Installing: /home/dji/DJI_workshop/LZP_PSDK/ros2_workplace/install/uav_detect_result/lib/python3.10/site-packages/uav_detect_result/uav_detect_result_s__rosidl_typesupport_c.cpython-310-aarch64-linux-gnu.so
[2.671s] -- Set runtime path of "/home/dji/DJI_workshop/LZP_PSDK/ros2_workplace/install/uav_detect_result/lib/python3.10/site-packages/uav_detect_result/uav_detect_result_s__rosidl_typesupport_c.cpython-310-aarch64-linux-gnu.so" to ""
[2.671s] -- Installing: /home/dji/DJI_workshop/LZP_PSDK/ros2_workplace/install/uav_detect_result/lib/libuav_detect_result__rosidl_generator_py.so
[2.671s] -- Set runtime path of "/home/dji/DJI_workshop/LZP_PSDK/ros2_workplace/install/uav_detect_result/lib/libuav_detect_result__rosidl_generator_py.so" to ""
[2.671s] -- Up-to-date: /home/dji/DJI_workshop/LZP_PSDK/ros2_workplace/install/uav_detect_result/share/uav_detect_result/msg/UavDetectResult.idl
[2.672s] -- Up-to-date: /home/dji/DJI_workshop/LZP_PSDK/ros2_workplace/install/uav_detect_result/share/uav_detect_result/msg/UavDetectResult.msg
[2.672s] -- Up-to-date: /home/dji/DJI_workshop/LZP_PSDK/ros2_workplace/install/uav_detect_result/share/ament_index/resource_index/package_run_dependencies/uav_detect_result
[2.672s] -- Up-to-date: /home/dji/DJI_workshop/LZP_PSDK/ros2_workplace/install/uav_detect_result/share/ament_index/resource_index/parent_prefix_path/uav_detect_result
[2.672s] -- Up-to-date: /home/dji/DJI_workshop/LZP_PSDK/ros2_workplace/install/uav_detect_result/share/uav_detect_result/environment/ament_prefix_path.sh
[2.673s] -- Up-to-date: /home/dji/DJI_workshop/LZP_PSDK/ros2_workplace/install/uav_detect_result/share/uav_detect_result/environment/ament_prefix_path.dsv
[2.673s] -- Up-to-date: /home/dji/DJI_workshop/LZP_PSDK/ros2_workplace/install/uav_detect_result/share/uav_detect_result/environment/path.sh
[2.673s] -- Up-to-date: /home/dji/DJI_workshop/LZP_PSDK/ros2_workplace/install/uav_detect_result/share/uav_detect_result/environment/path.dsv
[2.673s] -- Up-to-date: /home/dji/DJI_workshop/LZP_PSDK/ros2_workplace/install/uav_detect_result/share/uav_detect_result/local_setup.bash
[2.673s] -- Up-to-date: /home/dji/DJI_workshop/LZP_PSDK/ros2_workplace/install/uav_detect_result/share/uav_detect_result/local_setup.sh
[2.674s] -- Up-to-date: /home/dji/DJI_workshop/LZP_PSDK/ros2_workplace/install/uav_detect_result/share/uav_detect_result/local_setup.zsh
[2.674s] -- Up-to-date: /home/dji/DJI_workshop/LZP_PSDK/ros2_workplace/install/uav_detect_result/share/uav_detect_result/local_setup.dsv
[2.674s] -- Installing: /home/dji/DJI_workshop/LZP_PSDK/ros2_workplace/install/uav_detect_result/share/uav_detect_result/package.dsv
[2.674s] -- Up-to-date: /home/dji/DJI_workshop/LZP_PSDK/ros2_workplace/install/uav_detect_result/share/ament_index/resource_index/packages/uav_detect_result
[2.675s] -- Up-to-date: /home/dji/DJI_workshop/LZP_PSDK/ros2_workplace/install/uav_detect_result/share/uav_detect_result/cmake/export_uav_detect_result__rosidl_generator_cExport.cmake
[2.675s] -- Up-to-date: /home/dji/DJI_workshop/LZP_PSDK/ros2_workplace/install/uav_detect_result/share/uav_detect_result/cmake/export_uav_detect_result__rosidl_generator_cExport-noconfig.cmake
[2.675s] -- Up-to-date: /home/dji/DJI_workshop/LZP_PSDK/ros2_workplace/install/uav_detect_result/share/uav_detect_result/cmake/export_uav_detect_result__rosidl_typesupport_fastrtps_cExport.cmake
[2.675s] -- Up-to-date: /home/dji/DJI_workshop/LZP_PSDK/ros2_workplace/install/uav_detect_result/share/uav_detect_result/cmake/export_uav_detect_result__rosidl_typesupport_fastrtps_cExport-noconfig.cmake
[2.675s] -- Up-to-date: /home/dji/DJI_workshop/LZP_PSDK/ros2_workplace/install/uav_detect_result/share/uav_detect_result/cmake/uav_detect_result__rosidl_typesupport_introspection_cExport.cmake
[2.675s] -- Up-to-date: /home/dji/DJI_workshop/LZP_PSDK/ros2_workplace/install/uav_detect_result/share/uav_detect_result/cmake/uav_detect_result__rosidl_typesupport_introspection_cExport-noconfig.cmake
[2.676s] -- Up-to-date: /home/dji/DJI_workshop/LZP_PSDK/ros2_workplace/install/uav_detect_result/share/uav_detect_result/cmake/uav_detect_result__rosidl_typesupport_cExport.cmake
[2.676s] -- Up-to-date: /home/dji/DJI_workshop/LZP_PSDK/ros2_workplace/install/uav_detect_result/share/uav_detect_result/cmake/uav_detect_result__rosidl_typesupport_cExport-noconfig.cmake
[2.676s] -- Up-to-date: /home/dji/DJI_workshop/LZP_PSDK/ros2_workplace/install/uav_detect_result/share/uav_detect_result/cmake/export_uav_detect_result__rosidl_generator_cppExport.cmake
[2.676s] -- Up-to-date: /home/dji/DJI_workshop/LZP_PSDK/ros2_workplace/install/uav_detect_result/share/uav_detect_result/cmake/export_uav_detect_result__rosidl_typesupport_fastrtps_cppExport.cmake
[2.676s] -- Up-to-date: /home/dji/DJI_workshop/LZP_PSDK/ros2_workplace/install/uav_detect_result/share/uav_detect_result/cmake/export_uav_detect_result__rosidl_typesupport_fastrtps_cppExport-noconfig.cmake
[2.676s] -- Up-to-date: /home/dji/DJI_workshop/LZP_PSDK/ros2_workplace/install/uav_detect_result/share/uav_detect_result/cmake/uav_detect_result__rosidl_typesupport_introspection_cppExport.cmake
[2.676s] -- Up-to-date: /home/dji/DJI_workshop/LZP_PSDK/ros2_workplace/install/uav_detect_result/share/uav_detect_result/cmake/uav_detect_result__rosidl_typesupport_introspection_cppExport-noconfig.cmake
[2.677s] -- Up-to-date: /home/dji/DJI_workshop/LZP_PSDK/ros2_workplace/install/uav_detect_result/share/uav_detect_result/cmake/uav_detect_result__rosidl_typesupport_cppExport.cmake
[2.677s] -- Up-to-date: /home/dji/DJI_workshop/LZP_PSDK/ros2_workplace/install/uav_detect_result/share/uav_detect_result/cmake/uav_detect_result__rosidl_typesupport_cppExport-noconfig.cmake
[2.677s] -- Up-to-date: /home/dji/DJI_workshop/LZP_PSDK/ros2_workplace/install/uav_detect_result/share/uav_detect_result/cmake/export_uav_detect_result__rosidl_generator_pyExport.cmake
[2.678s] -- Up-to-date: /home/dji/DJI_workshop/LZP_PSDK/ros2_workplace/install/uav_detect_result/share/uav_detect_result/cmake/export_uav_detect_result__rosidl_generator_pyExport-noconfig.cmake
[2.678s] -- Up-to-date: /home/dji/DJI_workshop/LZP_PSDK/ros2_workplace/install/uav_detect_result/share/uav_detect_result/cmake/rosidl_cmake-extras.cmake
[2.679s] -- Up-to-date: /home/dji/DJI_workshop/LZP_PSDK/ros2_workplace/install/uav_detect_result/share/uav_detect_result/cmake/ament_cmake_export_include_directories-extras.cmake
[2.680s] -- Up-to-date: /home/dji/DJI_workshop/LZP_PSDK/ros2_workplace/install/uav_detect_result/share/uav_detect_result/cmake/ament_cmake_export_libraries-extras.cmake
[2.680s] -- Up-to-date: /home/dji/DJI_workshop/LZP_PSDK/ros2_workplace/install/uav_detect_result/share/uav_detect_result/cmake/ament_cmake_export_targets-extras.cmake
[2.680s] -- Up-to-date: /home/dji/DJI_workshop/LZP_PSDK/ros2_workplace/install/uav_detect_result/share/uav_detect_result/cmake/rosidl_cmake_export_typesupport_targets-extras.cmake
[2.681s] -- Up-to-date: /home/dji/DJI_workshop/LZP_PSDK/ros2_workplace/install/uav_detect_result/share/uav_detect_result/cmake/ament_cmake_export_dependencies-extras.cmake
[2.681s] -- Up-to-date: /home/dji/DJI_workshop/LZP_PSDK/ros2_workplace/install/uav_detect_result/share/uav_detect_result/cmake/rosidl_cmake_export_typesupport_libraries-extras.cmake
[2.681s] -- Up-to-date: /home/dji/DJI_workshop/LZP_PSDK/ros2_workplace/install/uav_detect_result/share/uav_detect_result/cmake/uav_detect_resultConfig.cmake
[2.682s] -- Up-to-date: /home/dji/DJI_workshop/LZP_PSDK/ros2_workplace/install/uav_detect_result/share/uav_detect_result/cmake/uav_detect_resultConfig-version.cmake
[2.682s] -- Up-to-date: /home/dji/DJI_workshop/LZP_PSDK/ros2_workplace/install/uav_detect_result/share/uav_detect_result/package.xml
[2.683s] Invoked command in '/home/dji/DJI_workshop/LZP_PSDK/ros2_workplace/build/uav_detect_result' returned '0': CONDA_PROMPT_MODIFIER=(ros2_humble) /open_app/miniconda3/envs/ros2_humble/bin/cmake --install /home/dji/DJI_workshop/LZP_PSDK/ros2_workplace/build/uav_detect_result
