[0.028s] Invoking command in '/home/dji/DJI_workshop/LZP_PSDK/ros2_workplace/build/dji_precision_capture': CONDA_PROMPT_MODIFIER=(ros2_humble) /open_app/miniconda3/envs/ros2_humble/bin/cmake /home/dji/DJI_workshop/LZP_PSDK/ros2_workplace/src/dji_precision_capture -DCMAKE_INSTALL_PREFIX=/home/dji/DJI_workshop/LZP_PSDK/ros2_workplace/install/dji_precision_capture
[0.114s] -- The C compiler identification is GNU 14.3.0
[0.268s] -- The CXX compiler identification is GNU 14.3.0
[0.285s] -- Detecting C compiler ABI info
[0.398s] -- Detecting C compiler ABI info - done
[0.423s] -- Check for working C compiler: /open_app/miniconda3/envs/ros2_humble/bin/aarch64-conda-linux-gnu-cc - skipped
[0.424s] -- Detecting C compile features
[0.424s] -- Detecting C compile features - done
[0.429s] -- Detecting CXX compiler ABI info
[0.558s] -- Detecting CXX compiler ABI info - done
[0.583s] -- Check for working CXX compiler: /open_app/miniconda3/envs/ros2_humble/bin/aarch64-conda-linux-gnu-c++ - skipped
[0.584s] -- Detecting CXX compile features
[0.584s] -- Detecting CXX compile features - done
[0.617s] [0m
[0.617s] dji_precision_capture...[0m
[0.617s] -- Found OpenCV installed in the system, will use it to display image in AdvancedSensing APIs
[0.617s] --  - Includes: /open_app/miniconda3/envs/ros2_humble/include/opencv4
[0.617s] --  - Libraries: opencv_calib3d;opencv_core;opencv_dnn;opencv_features2d;opencv_flann;opencv_gapi;opencv_highgui;opencv_imgcodecs;opencv_imgproc;opencv_ml;opencv_objdetect;opencv_photo;opencv_stitching;opencv_video;opencv_videoio;opencv_alphamat;opencv_aruco;opencv_barcode;opencv_bgsegm;opencv_bioinspired;opencv_ccalib;opencv_cvv;opencv_datasets;opencv_dnn_objdetect;opencv_dnn_superres;opencv_dpm;opencv_face;opencv_freetype;opencv_fuzzy;opencv_hdf;opencv_hfs;opencv_img_hash;opencv_intensity_transform;opencv_line_descriptor;opencv_mcc;opencv_optflow;opencv_phase_unwrapping;opencv_plot;opencv_quality;opencv_rapid;opencv_reg;opencv_rgbd;opencv_saliency;opencv_shape;opencv_stereo;opencv_structured_light;opencv_superres;opencv_surface_matching;opencv_text;opencv_tracking;opencv_videostab;opencv_wechat_qrcode;opencv_xfeatures2d;opencv_ximgproc;opencv_xobjdetect;opencv_xphoto
[0.644s] -- Found PkgConfig: /open_app/miniconda3/envs/ros2_humble/bin/pkg-config (found version "0.29.2") 
[0.644s] -- Cannot Find FFMPEG
[0.651s] -- Found ament_cmake: 1.3.3 (/open_app/miniconda3/envs/ros2_humble/share/ament_cmake/cmake)
[2.869s] -- Found Python3: /open_app/miniconda3/envs/ros2_humble/bin/python3.10 (found version "3.10.13") found components: Interpreter 
[3.080s] -- Found rclcpp: 16.0.3 (/open_app/miniconda3/envs/ros2_humble/share/rclcpp/cmake)
[3.180s] -- Found rosidl_generator_c: 3.1.4 (/open_app/miniconda3/envs/ros2_humble/share/rosidl_generator_c/cmake)
[3.193s] -- Found rosidl_adapter: 3.1.4 (/open_app/miniconda3/envs/ros2_humble/share/rosidl_adapter/cmake)
[3.212s] -- Found rosidl_generator_cpp: 3.1.4 (/open_app/miniconda3/envs/ros2_humble/share/rosidl_generator_cpp/cmake)
[3.240s] -- Using all available rosidl_typesupport_c: rosidl_typesupport_fastrtps_c;rosidl_typesupport_introspection_c
[3.282s] -- Using all available rosidl_typesupport_cpp: rosidl_typesupport_fastrtps_cpp;rosidl_typesupport_introspection_cpp
[3.436s] -- Checking for module 'yaml-0.1'
[3.554s] --   Found yaml-0.1, version 0.2.5
[3.899s] -- Found rmw_implementation_cmake: 6.1.1 (/open_app/miniconda3/envs/ros2_humble/share/rmw_implementation_cmake/cmake)
[3.906s] -- Found rmw_fastrtps_cpp: 6.2.2 (/open_app/miniconda3/envs/ros2_humble/share/rmw_fastrtps_cpp/cmake)
[4.470s] -- Found OpenSSL: /open_app/miniconda3/envs/ros2_humble/lib/libcrypto.so (found version "3.1.8")  
[4.520s] -- Found FastRTPS: /open_app/miniconda3/envs/ros2_humble/include  
[4.608s] -- Using RMW implementation 'rmw_fastrtps_cpp' as default
[4.629s] -- Performing Test CMAKE_HAVE_LIBC_PTHREAD
[4.750s] -- Performing Test CMAKE_HAVE_LIBC_PTHREAD - Success
[4.752s] -- Found Threads: TRUE  
[4.955s] -- Found std_msgs: 4.2.3 (/open_app/miniconda3/envs/ros2_humble/share/std_msgs/cmake)
[5.010s] [31mCMake Error at /open_app/miniconda3/envs/ros2_humble/share/ament_cmake_target_dependencies/cmake/ament_target_dependencies.cmake:145 (target_link_libraries):
[5.010s]   The keyword signature for target_link_libraries has already been used with
[5.010s]   the target "dji_precision_capture".  All uses of target_link_libraries with
[5.011s]   a target must be either all-keyword or all-plain.
[5.011s] 
[5.011s]   The uses of the keyword signature are here:
[5.011s] 
[5.011s]    * CMakeLists.txt:74 (target_link_libraries)
[5.011s]    * CMakeLists.txt:96 (target_link_libraries)
[5.011s] 
[5.011s] Call Stack (most recent call first):
[5.012s]   CMakeLists.txt:126 (ament_target_dependencies)
[5.012s] 
[5.012s] [0m
[5.015s] -- Found ament_lint_auto: 0.12.5 (/open_app/miniconda3/envs/ros2_humble/share/ament_lint_auto/cmake)
[5.224s] -- Added test 'lint_cmake' to check CMake code style
[5.226s] -- Added test 'xmllint' to check XML markup files
[5.229s] -- Configuring incomplete, errors occurred!
[5.250s] Invoked command in '/home/dji/DJI_workshop/LZP_PSDK/ros2_workplace/build/dji_precision_capture' returned '1': CONDA_PROMPT_MODIFIER=(ros2_humble) /open_app/miniconda3/envs/ros2_humble/bin/cmake /home/dji/DJI_workshop/LZP_PSDK/ros2_workplace/src/dji_precision_capture -DCMAKE_INSTALL_PREFIX=/home/dji/DJI_workshop/LZP_PSDK/ros2_workplace/install/dji_precision_capture
