-- The C compiler identification is GNU 14.3.0
-- The CXX compiler identification is GNU 14.3.0
-- Detecting C compiler ABI info
-- Detecting C compiler ABI info - done
-- Check for working C compiler: /open_app/miniconda3/envs/ros2_humble/bin/aarch64-conda-linux-gnu-cc - skipped
-- Detecting C compile features
-- Detecting C compile features - done
-- Detecting CXX compiler ABI info
-- Detecting CXX compiler ABI info - done
-- Check for working CXX compiler: /open_app/miniconda3/envs/ros2_humble/bin/aarch64-conda-linux-gnu-c++ - skipped
-- Detecting CXX compile features
-- Detecting CXX compile features - done
-- Found OpenCV installed in the system, will use it to display image in AdvancedSensing APIs
--  - Includes: /open_app/miniconda3/envs/ros2_humble/include/opencv4
--  - Libraries: opencv_calib3d;opencv_core;opencv_dnn;opencv_features2d;opencv_flann;opencv_gapi;opencv_highgui;opencv_imgcodecs;opencv_imgproc;opencv_ml;opencv_objdetect;opencv_photo;opencv_stitching;opencv_video;opencv_videoio;opencv_alphamat;opencv_aruco;opencv_barcode;opencv_bgsegm;opencv_bioinspired;opencv_ccalib;opencv_cvv;opencv_datasets;opencv_dnn_objdetect;opencv_dnn_superres;opencv_dpm;opencv_face;opencv_freetype;opencv_fuzzy;opencv_hdf;opencv_hfs;opencv_img_hash;opencv_intensity_transform;opencv_line_descriptor;opencv_mcc;opencv_optflow;opencv_phase_unwrapping;opencv_plot;opencv_quality;opencv_rapid;opencv_reg;opencv_rgbd;opencv_saliency;opencv_shape;opencv_stereo;opencv_structured_light;opencv_superres;opencv_surface_matching;opencv_text;opencv_tracking;opencv_videostab;opencv_wechat_qrcode;opencv_xfeatures2d;opencv_ximgproc;opencv_xobjdetect;opencv_xphoto
-- Found PkgConfig: /open_app/miniconda3/envs/ros2_humble/bin/pkg-config (found version "0.29.2") 
-- Cannot Find FFMPEG
-- Found ament_cmake: 1.3.3 (/open_app/miniconda3/envs/ros2_humble/share/ament_cmake/cmake)
-- Found Python3: /open_app/miniconda3/envs/ros2_humble/bin/python3.10 (found version "3.10.13") found components: Interpreter 
-- Found ament_lint_auto: 0.12.5 (/open_app/miniconda3/envs/ros2_humble/share/ament_lint_auto/cmake)
-- Added test 'lint_cmake' to check CMake code style
-- Added test 'xmllint' to check XML markup files
-- Configuring done (3.1s)
-- Generating done (0.0s)
-- Build files have been written to: /home/dji/DJI_workshop/LZP_PSDK/ros2_workplace/build/dji_precision_capture
[  2%] [32mBuilding CXX object CMakeFiles/dji_precision_capture.dir/home/dji/DJI_workshop/LZP_PSDK/Payload-SDK/samples/sample_c++/platform/linux/my_code/camera_manager.cpp.o[0m
[  2%] [32mBuilding CXX object CMakeFiles/dji_precision_capture.dir/home/dji/DJI_workshop/LZP_PSDK/Payload-SDK/samples/sample_c++/platform/linux/my_code/camera_controller.cpp.o[0m
[  4%] [32mBuilding CXX object CMakeFiles/dji_precision_capture.dir/home/dji/DJI_workshop/LZP_PSDK/Payload-SDK/samples/sample_c++/platform/linux/my_code/gimbale_manager.cpp.o[0m
[  5%] [32mBuilding CXX object CMakeFiles/dji_precision_capture.dir/home/dji/DJI_workshop/LZP_PSDK/Payload-SDK/samples/sample_c++/platform/linux/my_code/main.cpp.o[0m
[  7%] [32mBuilding C object CMakeFiles/dji_precision_capture.dir/home/dji/DJI_workshop/LZP_PSDK/Payload-SDK/samples/sample_c/module_sample/camera_emu/dji_media_file_manage/dji_media_file_core.c.o[0m
[  8%] [32mBuilding CXX object CMakeFiles/dji_precision_capture.dir/home/dji/DJI_workshop/LZP_PSDK/Payload-SDK/samples/sample_c++/platform/linux/manifold3/application/application.cpp.o[0m
[ 10%] [32mBuilding C object CMakeFiles/dji_precision_capture.dir/home/dji/DJI_workshop/LZP_PSDK/Payload-SDK/samples/sample_c/module_sample/camera_emu/dji_media_file_manage/dji_media_file_mp4.c.o[0m
[ 11%] [32mBuilding C object CMakeFiles/dji_precision_capture.dir/home/dji/DJI_workshop/LZP_PSDK/Payload-SDK/samples/sample_c/module_sample/camera_emu/dji_media_file_manage/dji_media_file_jpg.c.o[0m
[ 13%] [32mBuilding C object CMakeFiles/dji_precision_capture.dir/home/dji/DJI_workshop/LZP_PSDK/Payload-SDK/samples/sample_c/module_sample/camera_emu/test_payload_cam_emu_media.c.o[0m
[ 17%] [32mBuilding C object CMakeFiles/dji_precision_capture.dir/home/dji/DJI_workshop/LZP_PSDK/Payload-SDK/samples/sample_c/module_sample/cloud_api/test_cloud_api_by_web_socket.c.o[0m
[ 17%] [32mBuilding C object CMakeFiles/dji_precision_capture.dir/home/dji/DJI_workshop/LZP_PSDK/Payload-SDK/samples/sample_c/module_sample/camera_manager/test_camera_manager.c.o[0m
[ 17%] [32mBuilding C object CMakeFiles/dji_precision_capture.dir/home/dji/DJI_workshop/LZP_PSDK/Payload-SDK/samples/sample_c/module_sample/camera_emu/test_payload_cam_emu_base.c.o[0m
[ 19%] [32mBuilding C object CMakeFiles/dji_precision_capture.dir/home/dji/DJI_workshop/LZP_PSDK/Payload-SDK/samples/sample_c/module_sample/fc_subscription/test_fc_subscription.c.o[0m
[ 23%] [32mBuilding C object CMakeFiles/dji_precision_capture.dir/home/dji/DJI_workshop/LZP_PSDK/Payload-SDK/samples/sample_c/module_sample/data_transmission/test_data_transmission.c.o[0m
[ 23%] [32mBuilding C object CMakeFiles/dji_precision_capture.dir/home/dji/DJI_workshop/LZP_PSDK/Payload-SDK/samples/sample_c/module_sample/flight_control/test_flight_control.c.o[0m
[ 23%] [32mBuilding C object CMakeFiles/dji_precision_capture.dir/home/dji/DJI_workshop/LZP_PSDK/Payload-SDK/samples/sample_c/module_sample/gimbal_emu/test_payload_gimbal_emu.c.o[0m
[ 25%] [32mBuilding C object CMakeFiles/dji_precision_capture.dir/home/dji/DJI_workshop/LZP_PSDK/Payload-SDK/samples/sample_c/module_sample/hms/test_hms.c.o[0m
[ 28%] [32mBuilding C object CMakeFiles/dji_precision_capture.dir/home/dji/DJI_workshop/LZP_PSDK/Payload-SDK/samples/sample_c/module_sample/liveview/test_liveview.c.o[0m
[ 28%] [32mBuilding C object CMakeFiles/dji_precision_capture.dir/home/dji/DJI_workshop/LZP_PSDK/Payload-SDK/samples/sample_c/module_sample/interest_point/test_interest_point.c.o[0m
[ 31%] [32mBuilding C object CMakeFiles/dji_precision_capture.dir/home/dji/DJI_workshop/LZP_PSDK/Payload-SDK/samples/sample_c/module_sample/perception/test_perception.c.o[0m
[ 31%] [32mBuilding C object CMakeFiles/dji_precision_capture.dir/home/dji/DJI_workshop/LZP_PSDK/Payload-SDK/samples/sample_c/module_sample/payload_collaboration/test_payload_collaboration.c.o[0m
[ 34%] [32mBuilding C object CMakeFiles/dji_precision_capture.dir/home/dji/DJI_workshop/LZP_PSDK/Payload-SDK/samples/sample_c/module_sample/positioning/test_positioning.c.o[0m
[ 34%] [32mBuilding C object CMakeFiles/dji_precision_capture.dir/home/dji/DJI_workshop/LZP_PSDK/Payload-SDK/samples/sample_c/module_sample/mop_channel/test_mop_channel.c.o[0m
[ 35%] [32mBuilding C object CMakeFiles/dji_precision_capture.dir/home/dji/DJI_workshop/LZP_PSDK/Payload-SDK/samples/sample_c/module_sample/power_management/test_power_management.c.o[0m
[ 37%] [32mBuilding C object CMakeFiles/dji_precision_capture.dir/home/dji/DJI_workshop/LZP_PSDK/Payload-SDK/samples/sample_c/module_sample/tethered_battery/test_tethered_battery.c.o[0m
[ 40%] [32mBuilding C object CMakeFiles/dji_precision_capture.dir/home/dji/DJI_workshop/LZP_PSDK/Payload-SDK/samples/sample_c/module_sample/time_sync/test_time_sync.c.o[0m
[ 40%] [32mBuilding C object CMakeFiles/dji_precision_capture.dir/home/dji/DJI_workshop/LZP_PSDK/Payload-SDK/samples/sample_c/module_sample/upgrade/test_upgrade.c.o[0m
[ 43%] [32mBuilding C object CMakeFiles/dji_precision_capture.dir/home/dji/DJI_workshop/LZP_PSDK/Payload-SDK/samples/sample_c/module_sample/upgrade/test_upgrade_platform_opt.c.o[0m
[ 43%] [32mBuilding C object CMakeFiles/dji_precision_capture.dir/home/dji/DJI_workshop/LZP_PSDK/Payload-SDK/samples/sample_c/module_sample/upgrade/test_upgrade_common_file_transfer.c.o[0m
[ 44%] [32mBuilding C object CMakeFiles/dji_precision_capture.dir/home/dji/DJI_workshop/LZP_PSDK/Payload-SDK/samples/sample_c/module_sample/utils/dji_config_manager.c.o[0m
[ 46%] [32mBuilding C object CMakeFiles/dji_precision_capture.dir/home/dji/DJI_workshop/LZP_PSDK/Payload-SDK/samples/sample_c/module_sample/utils/cJSON.c.o[0m
[ 47%] [32mBuilding C object CMakeFiles/dji_precision_capture.dir/home/dji/DJI_workshop/LZP_PSDK/Payload-SDK/samples/sample_c/module_sample/utils/util_buffer.c.o[0m
[ 49%] [32mBuilding C object CMakeFiles/dji_precision_capture.dir/home/dji/DJI_workshop/LZP_PSDK/Payload-SDK/samples/sample_c/module_sample/utils/util_file.c.o[0m
[ 52%] [32mBuilding C object CMakeFiles/dji_precision_capture.dir/home/dji/DJI_workshop/LZP_PSDK/Payload-SDK/samples/sample_c/module_sample/utils/util_link_list.c.o[0m
[ 52%] [32mBuilding C object CMakeFiles/dji_precision_capture.dir/home/dji/DJI_workshop/LZP_PSDK/Payload-SDK/samples/sample_c/module_sample/utils/util_md5.c.o[0m
[ 53%] [32mBuilding C object CMakeFiles/dji_precision_capture.dir/home/dji/DJI_workshop/LZP_PSDK/Payload-SDK/samples/sample_c/module_sample/utils/util_misc.c.o[0m
[ 55%] [32mBuilding C object CMakeFiles/dji_precision_capture.dir/home/dji/DJI_workshop/LZP_PSDK/Payload-SDK/samples/sample_c/module_sample/utils/util_time.c.o[0m
[ 56%] [32mBuilding C object CMakeFiles/dji_precision_capture.dir/home/dji/DJI_workshop/LZP_PSDK/Payload-SDK/samples/sample_c/module_sample/waypoint_v3/test_waypoint_v3.c.o[0m
[ 58%] [32mBuilding C object CMakeFiles/dji_precision_capture.dir/home/dji/DJI_workshop/LZP_PSDK/Payload-SDK/samples/sample_c/module_sample/widget/file_binary_array_list_en.c.o[0m
[ 59%] [32mBuilding C object CMakeFiles/dji_precision_capture.dir/home/dji/DJI_workshop/LZP_PSDK/Payload-SDK/samples/sample_c/module_sample/widget/test_widget.c.o[0m
[ 62%] [32mBuilding C object CMakeFiles/dji_precision_capture.dir/home/dji/DJI_workshop/LZP_PSDK/Payload-SDK/samples/sample_c/module_sample/widget/test_widget_speaker.c.o[0m
[ 62%] [32mBuilding C object CMakeFiles/dji_precision_capture.dir/home/dji/DJI_workshop/LZP_PSDK/Payload-SDK/samples/sample_c/module_sample/waypoint_v2/test_waypoint_v2.c.o[0m
[ 64%] [32mBuilding C object CMakeFiles/dji_precision_capture.dir/home/dji/DJI_workshop/LZP_PSDK/Payload-SDK/samples/sample_c/module_sample/widget_interaction_test/file_binary_array_list_en.c.o[0m
[ 65%] [32mBuilding C object CMakeFiles/dji_precision_capture.dir/home/dji/DJI_workshop/LZP_PSDK/Payload-SDK/samples/sample_c/module_sample/widget_interaction_test/test_widget_interaction.c.o[0m
[ 67%] [32mBuilding C object CMakeFiles/dji_precision_capture.dir/home/dji/DJI_workshop/LZP_PSDK/Payload-SDK/samples/sample_c/module_sample/xport/test_payload_xport.c.o[0m
[ 70%] [32mBuilding CXX object CMakeFiles/dji_precision_capture.dir/home/dji/DJI_workshop/LZP_PSDK/Payload-SDK/samples/sample_c++/module_sample/flight_controller/test_flight_controller_command_flying.cpp.o[0m
[ 70%] [32mBuilding CXX object CMakeFiles/dji_precision_capture.dir/home/dji/DJI_workshop/LZP_PSDK/Payload-SDK/samples/sample_c++/module_sample/camera_manager/test_camera_manager_entry.cpp.o[0m
[ 71%] [32mBuilding CXX object CMakeFiles/dji_precision_capture.dir/home/dji/DJI_workshop/LZP_PSDK/Payload-SDK/samples/sample_c++/module_sample/gimbal/test_gimbal_entry.cpp.o[0m
[ 73%] [32mBuilding CXX object CMakeFiles/dji_precision_capture.dir/home/dji/DJI_workshop/LZP_PSDK/Payload-SDK/samples/sample_c++/module_sample/flight_controller/test_flight_controller_entry.cpp.o[0m
[ 74%] [32mBuilding C object CMakeFiles/dji_precision_capture.dir/home/dji/DJI_workshop/LZP_PSDK/Payload-SDK/samples/sample_c/module_sample/gimbal_manager/test_gimbal_manager.c.o[0m
[ 77%] [32mBuilding CXX object CMakeFiles/dji_precision_capture.dir/home/dji/DJI_workshop/LZP_PSDK/Payload-SDK/samples/sample_c++/module_sample/hms_manager/hms_manager_entry.cpp.o[0m
[ 77%] [32mBuilding CXX object CMakeFiles/dji_precision_capture.dir/home/dji/DJI_workshop/LZP_PSDK/Payload-SDK/samples/sample_c++/module_sample/liveview/dji_camera_image_handler.cpp.o[0m
[ 80%] [32mBuilding CXX object CMakeFiles/dji_precision_capture.dir/home/dji/DJI_workshop/LZP_PSDK/Payload-SDK/samples/sample_c++/module_sample/liveview/dji_camera_stream_decoder.cpp.o[0m
[ 80%] [32mBuilding CXX object CMakeFiles/dji_precision_capture.dir/home/dji/DJI_workshop/LZP_PSDK/Payload-SDK/samples/sample_c++/module_sample/liveview/dji_liveview_object_detection.cpp.o[0m
[ 82%] [32mBuilding CXX object CMakeFiles/dji_precision_capture.dir/home/dji/DJI_workshop/LZP_PSDK/Payload-SDK/samples/sample_c++/module_sample/liveview/image_processor_yolovfastest.cpp.o[0m
[ 83%] [32mBuilding CXX object CMakeFiles/dji_precision_capture.dir/home/dji/DJI_workshop/LZP_PSDK/Payload-SDK/samples/sample_c++/module_sample/liveview/test_liveview.cpp.o[0m
[ 85%] [32mBuilding CXX object CMakeFiles/dji_precision_capture.dir/home/dji/DJI_workshop/LZP_PSDK/Payload-SDK/samples/sample_c++/module_sample/liveview/test_liveview_entry.cpp.o[0m
[ 86%] [32mBuilding CXX object CMakeFiles/dji_precision_capture.dir/home/dji/DJI_workshop/LZP_PSDK/Payload-SDK/samples/sample_c++/module_sample/perception/test_lidar_entry.cpp.o[0m
[ 88%] [32mBuilding CXX object CMakeFiles/dji_precision_capture.dir/home/dji/DJI_workshop/LZP_PSDK/Payload-SDK/samples/sample_c++/module_sample/perception/test_perception.cpp.o[0m
[ 89%] [32mBuilding CXX object CMakeFiles/dji_precision_capture.dir/home/dji/DJI_workshop/LZP_PSDK/Payload-SDK/samples/sample_c++/module_sample/perception/test_perception_entry.cpp.o[0m
[ 91%] [32mBuilding CXX object CMakeFiles/dji_precision_capture.dir/home/dji/DJI_workshop/LZP_PSDK/Payload-SDK/samples/sample_c++/module_sample/perception/test_radar_entry.cpp.o[0m
[ 92%] [32mBuilding CXX object CMakeFiles/dji_precision_capture.dir/home/dji/DJI_workshop/LZP_PSDK/Payload-SDK/samples/sample_c++/module_sample/widget_manager/test_widget_manager.cpp.o[0m
[ 95%] [32mBuilding C object CMakeFiles/dji_precision_capture.dir/home/dji/DJI_workshop/LZP_PSDK/Payload-SDK/samples/sample_c++/platform/linux/common/osal/osal_fs.c.o[0m
[ 95%] [32mBuilding C object CMakeFiles/dji_precision_capture.dir/home/dji/DJI_workshop/LZP_PSDK/Payload-SDK/samples/sample_c++/platform/linux/common/osal/osal.c.o[0m
[ 98%] [32mBuilding C object CMakeFiles/dji_precision_capture.dir/home/dji/DJI_workshop/LZP_PSDK/Payload-SDK/samples/sample_c++/platform/linux/common/osal/osal_socket.c.o[0m
[ 98%] [32mBuilding C object CMakeFiles/dji_precision_capture.dir/home/dji/DJI_workshop/LZP_PSDK/Payload-SDK/samples/sample_c++/platform/linux/manifold3/hal/hal_usb_bulk.c.o[0m
[100%] [32m[1mLinking CXX executable bin/dji_precision_capture[0m
