[0.022s] Invoking command in '/home/dji/DJI_workshop/LZP_PSDK/ros2_workplace/build/dji_precision_capture': CONDA_PROMPT_MODIFIER=(ros2_humble) /open_app/miniconda3/envs/ros2_humble/bin/cmake /home/dji/DJI_workshop/LZP_PSDK/ros2_workplace/src/dji_precision_capture -DCMAKE_INSTALL_PREFIX=/home/dji/DJI_workshop/LZP_PSDK/ros2_workplace/install/dji_precision_capture
[0.244s] -- The C compiler identification is unknown
[0.466s] -- The CXX compiler identification is unknown
[0.470s] [31mCMake Error at CMakeLists.txt:2 (project):
[0.470s]   The CMAKE_C_COMPILER:
[0.471s] 
[0.471s]     /usr/bin/gcc-11
[0.471s] 
[0.471s]   is not a full path to an existing compiler tool.
[0.471s] 
[0.471s]   Tell CMake where to find the compiler by setting either the environment
[0.471s]   variable "CC" or the CMake cache entry CMAKE_C_COMPILER to the full path to
[0.472s]   the compiler, or to the compiler name if it is in the PATH.
[0.472s] 
[0.472s] [0m
[0.472s] [31mCMake Error at CMakeLists.txt:2 (project):
[0.472s]   The CMAKE_CXX_COMPILER:
[0.472s] 
[0.473s]     /usr/bin/g++-11
[0.473s] 
[0.473s]   is not a full path to an existing compiler tool.
[0.473s] 
[0.473s]   Tell CMake where to find the compiler by setting either the environment
[0.473s]   variable "CXX" or the CMake cache entry CMAKE_CXX_COMPILER to the full path
[0.474s]   to the compiler, or to the compiler name if it is in the PATH.
[0.474s] 
[0.474s] [0m
[0.474s] -- Configuring incomplete, errors occurred!
[0.505s] Invoked command in '/home/dji/DJI_workshop/LZP_PSDK/ros2_workplace/build/dji_precision_capture' returned '1': CONDA_PROMPT_MODIFIER=(ros2_humble) /open_app/miniconda3/envs/ros2_humble/bin/cmake /home/dji/DJI_workshop/LZP_PSDK/ros2_workplace/src/dji_precision_capture -DCMAKE_INSTALL_PREFIX=/home/dji/DJI_workshop/LZP_PSDK/ros2_workplace/install/dji_precision_capture
