[0m
-- Found OpenCV installed in the system, will use it to display image in AdvancedSensing APIs
--  - Includes: /open_app/miniconda3/envs/ros2_humble/include/opencv4
--  - Libraries: opencv_calib3d;opencv_core;opencv_dnn;opencv_features2d;opencv_flann;opencv_gapi;opencv_highgui;opencv_imgcodecs;opencv_imgproc;opencv_ml;opencv_objdetect;opencv_photo;opencv_stitching;opencv_video;opencv_videoio;opencv_alphamat;opencv_aruco;opencv_barcode;opencv_bgsegm;opencv_bioinspired;opencv_ccalib;opencv_cvv;opencv_datasets;opencv_dnn_objdetect;opencv_dnn_superres;opencv_dpm;opencv_face;opencv_freetype;opencv_fuzzy;opencv_hdf;opencv_hfs;opencv_img_hash;opencv_intensity_transform;opencv_line_descriptor;opencv_mcc;opencv_optflow;opencv_phase_unwrapping;opencv_plot;opencv_quality;opencv_rapid;opencv_reg;opencv_rgbd;opencv_saliency;opencv_shape;opencv_stereo;opencv_structured_light;opencv_superres;opencv_surface_matching;opencv_text;opencv_tracking;opencv_videostab;opencv_wechat_qrcode;opencv_xfeatures2d;opencv_ximgproc;opencv_xobjdetect;opencv_xphoto
yolo_detect...[0m
-- Cannot Find FFMPEG
-- Found ament_cmake: 1.3.3 (/open_app/miniconda3/envs/ros2_humble/share/ament_cmake/cmake)
-- Found rclcpp: 16.0.3 (/open_app/miniconda3/envs/ros2_humble/share/rclcpp/cmake)
-- Found rosidl_generator_c: 3.1.4 (/open_app/miniconda3/envs/ros2_humble/share/rosidl_generator_c/cmake)
-- Found rosidl_adapter: 3.1.4 (/open_app/miniconda3/envs/ros2_humble/share/rosidl_adapter/cmake)
-- Found rosidl_generator_cpp: 3.1.4 (/open_app/miniconda3/envs/ros2_humble/share/rosidl_generator_cpp/cmake)
[31mCMake Error at /open_app/miniconda3/envs/ros2_humble/share/rosidl_typesupport_c/cmake/get_used_typesupports.cmake:35 (message):
  No 'rosidl_typesupport_c' found
Call Stack (most recent call first):
  /open_app/miniconda3/envs/ros2_humble/share/rosidl_typesupport_c/cmake/rosidl_typesupport_c-extras.cmake:8 (get_used_typesupports)
  /open_app/miniconda3/envs/ros2_humble/share/rosidl_typesupport_c/cmake/rosidl_typesupport_cConfig.cmake:41 (include)
  /open_app/miniconda3/envs/ros2_humble/share/builtin_interfaces/cmake/ament_cmake_export_dependencies-extras.cmake:21 (find_package)
  /open_app/miniconda3/envs/ros2_humble/share/builtin_interfaces/cmake/builtin_interfacesConfig.cmake:41 (include)
  /open_app/miniconda3/envs/ros2_humble/share/rcl_interfaces/cmake/ament_cmake_export_dependencies-extras.cmake:21 (find_package)
  /open_app/miniconda3/envs/ros2_humble/share/rcl_interfaces/cmake/rcl_interfacesConfig.cmake:41 (include)
  /open_app/miniconda3/envs/ros2_humble/share/rcl/cmake/ament_cmake_export_dependencies-extras.cmake:21 (find_package)
  /open_app/miniconda3/envs/ros2_humble/share/rcl/cmake/rclConfig.cmake:41 (include)
  /open_app/miniconda3/envs/ros2_humble/share/libstatistics_collector/cmake/ament_cmake_export_dependencies-extras.cmake:21 (find_package)
  /open_app/miniconda3/envs/ros2_humble/share/libstatistics_collector/cmake/libstatistics_collectorConfig.cmake:41 (include)
  /open_app/miniconda3/envs/ros2_humble/share/rclcpp/cmake/ament_cmake_export_dependencies-extras.cmake:21 (find_package)
  /open_app/miniconda3/envs/ros2_humble/share/rclcpp/cmake/rclcppConfig.cmake:41 (include)
  CMakeLists.txt:184 (find_package)

[0m
-- Configuring incomplete, errors occurred!
make: *** [Makefile:2022: cmake_check_build_system] Error 1
