[0m
dji_precision_capture...[0m
[31mCMake Error at /open_app/miniconda3/envs/ros2_humble/share/ament_cmake_target_dependencies/cmake/ament_target_dependencies.cmake:145 (target_link_libraries):
  The keyword signature for target_link_libraries has already been used with
  the target "dji_precision_capture".  All uses of target_link_libraries with
  a target must be either all-keyword or all-plain.

  The uses of the keyword signature are here:

   * CMakeLists.txt:74 (target_link_libraries)
   * CMakeLists.txt:96 (target_link_libraries)

Call Stack (most recent call first):
  CMakeLists.txt:126 (ament_target_dependencies)

[0m
Error parsing '/home/dji/DJI_workshop/LZP_PSDK/ros2_workplace/src/dji_precision_capture/package.xml':
Traceback (most recent call last):
  File "/open_app/miniconda3/envs/ros2_humble/lib/python3.10/site-packages/catkin_pkg/package.py", line 610, in parse_package_string
    root = dom.parseString(data)
  File "/open_app/miniconda3/envs/ros2_humble/lib/python3.10/xml/dom/minidom.py", line 2000, in parseString
    return expatbuilder.parseString(string)
  File "/open_app/miniconda3/envs/ros2_humble/lib/python3.10/xml/dom/expatbuilder.py", line 925, in parseString
    return builder.parseString(string)
  File "/open_app/miniconda3/envs/ros2_humble/lib/python3.10/xml/dom/expatbuilder.py", line 223, in parseString
    parser.Parse(string, True)
xml.parsers.expat.ExpatError: mismatched tag: line 21, column 2

During handling of the above exception, another exception occurred:

Traceback (most recent call last):
  File "/open_app/miniconda3/envs/ros2_humble/share/ament_cmake_core/cmake/core/package_xml_2_cmake.py", line 150, in <module>
    main()
  File "/open_app/miniconda3/envs/ros2_humble/share/ament_cmake_core/cmake/core/package_xml_2_cmake.py", line 53, in main
    raise e
  File "/open_app/miniconda3/envs/ros2_humble/share/ament_cmake_core/cmake/core/package_xml_2_cmake.py", line 49, in main
    package = parse_package_string(
  File "/open_app/miniconda3/envs/ros2_humble/lib/python3.10/site-packages/catkin_pkg/package.py", line 612, in parse_package_string
    raise InvalidPackage('The manifest contains invalid XML:\n%s' % ex, filename)
catkin_pkg.package.InvalidPackage: Error(s) in package '/home/dji/DJI_workshop/LZP_PSDK/ros2_workplace/src/dji_precision_capture/package.xml':
The manifest contains invalid XML:
mismatched tag: line 21, column 2
[31mCMake Error at /open_app/miniconda3/envs/ros2_humble/share/ament_cmake_core/cmake/core/ament_package_xml.cmake:95 (message):
  execute_process(/open_app/miniconda3/envs/ros2_humble/bin/python3.10
  /open_app/miniconda3/envs/ros2_humble/share/ament_cmake_core/cmake/core/package_xml_2_cmake.py
  /home/dji/DJI_workshop/LZP_PSDK/ros2_workplace/src/dji_precision_capture/package.xml
  /home/dji/DJI_workshop/LZP_PSDK/ros2_workplace/build/dji_precision_capture/ament_cmake_core/package.cmake)
  returned error code 1
Call Stack (most recent call first):
  /open_app/miniconda3/envs/ros2_humble/share/ament_cmake_core/cmake/core/ament_package_xml.cmake:49 (_ament_package_xml)
  /open_app/miniconda3/envs/ros2_humble/share/ament_lint_auto/cmake/ament_lint_auto_find_test_dependencies.cmake:31 (ament_package_xml)
  CMakeLists.txt:149 (ament_lint_auto_find_test_dependencies)

[0m
make: *** [Makefile:2022: cmake_check_build_system] Error 1
