[0.029s] Invoking command in '/home/dji/DJI_workshop/LZP_PSDK/ros2_workplace/build/dji_precision_capture': CONDA_PROMPT_MODIFIER=(ros2_humble) /open_app/miniconda3/envs/ros2_humble/bin/cmake --build /home/dji/DJI_workshop/LZP_PSDK/ros2_workplace/build/dji_precision_capture -- -j4 -l4
[0.083s] [0m
[0.083s] dji_precision_capture...[0m
[0.084s] -- Found OpenCV installed in the system, will use it to display image in AdvancedSensing APIs
[0.084s] --  - Includes: /open_app/miniconda3/envs/ros2_humble/include/opencv4
[0.085s] --  - Libraries: opencv_calib3d;opencv_core;opencv_dnn;opencv_features2d;opencv_flann;opencv_gapi;opencv_highgui;opencv_imgcodecs;opencv_imgproc;opencv_ml;opencv_objdetect;opencv_photo;opencv_stitching;opencv_video;opencv_videoio;opencv_alphamat;opencv_aruco;opencv_barcode;opencv_bgsegm;opencv_bioinspired;opencv_ccalib;opencv_cvv;opencv_datasets;opencv_dnn_objdetect;opencv_dnn_superres;opencv_dpm;opencv_face;opencv_freetype;opencv_fuzzy;opencv_hdf;opencv_hfs;opencv_img_hash;opencv_intensity_transform;opencv_line_descriptor;opencv_mcc;opencv_optflow;opencv_phase_unwrapping;opencv_plot;opencv_quality;opencv_rapid;opencv_reg;opencv_rgbd;opencv_saliency;opencv_shape;opencv_stereo;opencv_structured_light;opencv_superres;opencv_surface_matching;opencv_text;opencv_tracking;opencv_videostab;opencv_wechat_qrcode;opencv_xfeatures2d;opencv_ximgproc;opencv_xobjdetect;opencv_xphoto
[0.114s] -- Cannot Find FFMPEG
[0.115s] -- Found ament_cmake: 1.3.3 (/open_app/miniconda3/envs/ros2_humble/share/ament_cmake/cmake)
[0.312s] -- Found rclcpp: 16.0.3 (/open_app/miniconda3/envs/ros2_humble/share/rclcpp/cmake)
[0.364s] -- Found rosidl_generator_c: 3.1.4 (/open_app/miniconda3/envs/ros2_humble/share/rosidl_generator_c/cmake)
[0.368s] -- Found rosidl_adapter: 3.1.4 (/open_app/miniconda3/envs/ros2_humble/share/rosidl_adapter/cmake)
[0.378s] -- Found rosidl_generator_cpp: 3.1.4 (/open_app/miniconda3/envs/ros2_humble/share/rosidl_generator_cpp/cmake)
[0.397s] -- Using all available rosidl_typesupport_c: rosidl_typesupport_fastrtps_c;rosidl_typesupport_introspection_c
[0.424s] -- Using all available rosidl_typesupport_cpp: rosidl_typesupport_fastrtps_cpp;rosidl_typesupport_introspection_cpp
[0.558s] -- Found rmw_implementation_cmake: 6.1.1 (/open_app/miniconda3/envs/ros2_humble/share/rmw_implementation_cmake/cmake)
[0.561s] -- Found rmw_fastrtps_cpp: 6.2.2 (/open_app/miniconda3/envs/ros2_humble/share/rmw_fastrtps_cpp/cmake)
[0.779s] -- Using RMW implementation 'rmw_fastrtps_cpp' as default
[0.967s] -- Found std_msgs: 4.2.3 (/open_app/miniconda3/envs/ros2_humble/share/std_msgs/cmake)
[1.019s] [31mCMake Error at /open_app/miniconda3/envs/ros2_humble/share/ament_cmake_target_dependencies/cmake/ament_target_dependencies.cmake:145 (target_link_libraries):
[1.019s]   The keyword signature for target_link_libraries has already been used with
[1.019s]   the target "dji_precision_capture".  All uses of target_link_libraries with
[1.020s]   a target must be either all-keyword or all-plain.
[1.020s] 
[1.020s]   The uses of the keyword signature are here:
[1.020s] 
[1.020s]    * CMakeLists.txt:74 (target_link_libraries)
[1.020s]    * CMakeLists.txt:96 (target_link_libraries)
[1.020s] 
[1.021s] Call Stack (most recent call first):
[1.021s]   CMakeLists.txt:126 (ament_target_dependencies)
[1.021s] 
[1.021s] [0m
[1.021s] -- Found ament_lint_auto: 0.12.5 (/open_app/miniconda3/envs/ros2_humble/share/ament_lint_auto/cmake)
[1.145s] Error parsing '/home/dji/DJI_workshop/LZP_PSDK/ros2_workplace/src/dji_precision_capture/package.xml':
[1.145s] Traceback (most recent call last):
[1.145s]   File "/open_app/miniconda3/envs/ros2_humble/lib/python3.10/site-packages/catkin_pkg/package.py", line 610, in parse_package_string
[1.145s]     root = dom.parseString(data)
[1.145s]   File "/open_app/miniconda3/envs/ros2_humble/lib/python3.10/xml/dom/minidom.py", line 2000, in parseString
[1.146s]     return expatbuilder.parseString(string)
[1.146s]   File "/open_app/miniconda3/envs/ros2_humble/lib/python3.10/xml/dom/expatbuilder.py", line 925, in parseString
[1.147s]     return builder.parseString(string)
[1.147s]   File "/open_app/miniconda3/envs/ros2_humble/lib/python3.10/xml/dom/expatbuilder.py", line 223, in parseString
[1.147s]     parser.Parse(string, True)
[1.147s] xml.parsers.expat.ExpatError: mismatched tag: line 21, column 2
[1.147s] 
[1.147s] During handling of the above exception, another exception occurred:
[1.148s] 
[1.148s] Traceback (most recent call last):
[1.148s]   File "/open_app/miniconda3/envs/ros2_humble/share/ament_cmake_core/cmake/core/package_xml_2_cmake.py", line 150, in <module>
[1.148s]     main()
[1.148s]   File "/open_app/miniconda3/envs/ros2_humble/share/ament_cmake_core/cmake/core/package_xml_2_cmake.py", line 53, in main
[1.148s]     raise e
[1.148s]   File "/open_app/miniconda3/envs/ros2_humble/share/ament_cmake_core/cmake/core/package_xml_2_cmake.py", line 49, in main
[1.148s]     package = parse_package_string(
[1.149s]   File "/open_app/miniconda3/envs/ros2_humble/lib/python3.10/site-packages/catkin_pkg/package.py", line 612, in parse_package_string
[1.149s]     raise InvalidPackage('The manifest contains invalid XML:\n%s' % ex, filename)
[1.149s] catkin_pkg.package.InvalidPackage: Error(s) in package '/home/dji/DJI_workshop/LZP_PSDK/ros2_workplace/src/dji_precision_capture/package.xml':
[1.149s] The manifest contains invalid XML:
[1.149s] mismatched tag: line 21, column 2
[1.175s] [31mCMake Error at /open_app/miniconda3/envs/ros2_humble/share/ament_cmake_core/cmake/core/ament_package_xml.cmake:95 (message):
[1.175s]   execute_process(/open_app/miniconda3/envs/ros2_humble/bin/python3.10
[1.175s]   /open_app/miniconda3/envs/ros2_humble/share/ament_cmake_core/cmake/core/package_xml_2_cmake.py
[1.175s]   /home/dji/DJI_workshop/LZP_PSDK/ros2_workplace/src/dji_precision_capture/package.xml
[1.175s]   /home/dji/DJI_workshop/LZP_PSDK/ros2_workplace/build/dji_precision_capture/ament_cmake_core/package.cmake)
[1.175s]   returned error code 1
[1.176s] Call Stack (most recent call first):
[1.176s]   /open_app/miniconda3/envs/ros2_humble/share/ament_cmake_core/cmake/core/ament_package_xml.cmake:49 (_ament_package_xml)
[1.176s]   /open_app/miniconda3/envs/ros2_humble/share/ament_lint_auto/cmake/ament_lint_auto_find_test_dependencies.cmake:31 (ament_package_xml)
[1.176s]   CMakeLists.txt:149 (ament_lint_auto_find_test_dependencies)
[1.176s] 
[1.176s] [0m
[1.176s] -- Configuring incomplete, errors occurred!
[1.190s] make: *** [Makefile:2022: cmake_check_build_system] Error 1
[1.193s] Invoked command in '/home/dji/DJI_workshop/LZP_PSDK/ros2_workplace/build/dji_precision_capture' returned '2': CONDA_PROMPT_MODIFIER=(ros2_humble) /open_app/miniconda3/envs/ros2_humble/bin/cmake --build /home/dji/DJI_workshop/LZP_PSDK/ros2_workplace/build/dji_precision_capture -- -j4 -l4
