[0.025s] Invoking command in '/home/dji/DJI_workshop/LZP_PSDK/ros2_workplace/build/yolo_detect': CONDA_PROMPT_MODIFIER=(ros2_humble) /open_app/miniconda3/envs/ros2_humble/bin/cmake --build /home/dji/DJI_workshop/LZP_PSDK/ros2_workplace/build/yolo_detect -- -j4 -l4
[0.125s] [100%] Built target yolo_detect
[0.141s] Invoked command in '/home/dji/DJI_workshop/LZP_PSDK/ros2_workplace/build/yolo_detect' returned '0': CONDA_PROMPT_MODIFIER=(ros2_humble) /open_app/miniconda3/envs/ros2_humble/bin/cmake --build /home/dji/DJI_workshop/LZP_PSDK/ros2_workplace/build/yolo_detect -- -j4 -l4
[0.154s] Invoking command in '/home/dji/DJI_workshop/LZP_PSDK/ros2_workplace/build/yolo_detect': CONDA_PROMPT_MODIFIER=(ros2_humble) /open_app/miniconda3/envs/ros2_humble/bin/cmake --install /home/dji/DJI_workshop/LZP_PSDK/ros2_workplace/build/yolo_detect
[0.162s] -- Install configuration: ""
[0.163s] -- Installing: /home/dji/DJI_workshop/LZP_PSDK/ros2_workplace/install/yolo_detect/lib/yolo_detect/yolo_detect
[0.167s] -- Set runtime path of "/home/dji/DJI_workshop/LZP_PSDK/ros2_workplace/install/yolo_detect/lib/yolo_detect/yolo_detect" to ""
[0.169s] -- Up-to-date: /home/dji/DJI_workshop/LZP_PSDK/ros2_workplace/install/yolo_detect/share/ament_index/resource_index/package_run_dependencies/yolo_detect
[0.169s] -- Up-to-date: /home/dji/DJI_workshop/LZP_PSDK/ros2_workplace/install/yolo_detect/share/ament_index/resource_index/parent_prefix_path/yolo_detect
[0.169s] -- Up-to-date: /home/dji/DJI_workshop/LZP_PSDK/ros2_workplace/install/yolo_detect/share/yolo_detect/environment/ament_prefix_path.sh
[0.169s] -- Up-to-date: /home/dji/DJI_workshop/LZP_PSDK/ros2_workplace/install/yolo_detect/share/yolo_detect/environment/ament_prefix_path.dsv
[0.169s] -- Up-to-date: /home/dji/DJI_workshop/LZP_PSDK/ros2_workplace/install/yolo_detect/share/yolo_detect/environment/path.sh
[0.169s] -- Up-to-date: /home/dji/DJI_workshop/LZP_PSDK/ros2_workplace/install/yolo_detect/share/yolo_detect/environment/path.dsv
[0.170s] -- Up-to-date: /home/dji/DJI_workshop/LZP_PSDK/ros2_workplace/install/yolo_detect/share/yolo_detect/local_setup.bash
[0.170s] -- Up-to-date: /home/dji/DJI_workshop/LZP_PSDK/ros2_workplace/install/yolo_detect/share/yolo_detect/local_setup.sh
[0.170s] -- Up-to-date: /home/dji/DJI_workshop/LZP_PSDK/ros2_workplace/install/yolo_detect/share/yolo_detect/local_setup.zsh
[0.170s] -- Up-to-date: /home/dji/DJI_workshop/LZP_PSDK/ros2_workplace/install/yolo_detect/share/yolo_detect/local_setup.dsv
[0.171s] -- Installing: /home/dji/DJI_workshop/LZP_PSDK/ros2_workplace/install/yolo_detect/share/yolo_detect/package.dsv
[0.171s] -- Up-to-date: /home/dji/DJI_workshop/LZP_PSDK/ros2_workplace/install/yolo_detect/share/ament_index/resource_index/packages/yolo_detect
[0.171s] -- Up-to-date: /home/dji/DJI_workshop/LZP_PSDK/ros2_workplace/install/yolo_detect/share/yolo_detect/cmake/yolo_detectConfig.cmake
[0.171s] -- Up-to-date: /home/dji/DJI_workshop/LZP_PSDK/ros2_workplace/install/yolo_detect/share/yolo_detect/cmake/yolo_detectConfig-version.cmake
[0.172s] -- Up-to-date: /home/dji/DJI_workshop/LZP_PSDK/ros2_workplace/install/yolo_detect/share/yolo_detect/package.xml
[0.176s] Invoked command in '/home/dji/DJI_workshop/LZP_PSDK/ros2_workplace/build/yolo_detect' returned '0': CONDA_PROMPT_MODIFIER=(ros2_humble) /open_app/miniconda3/envs/ros2_humble/bin/cmake --install /home/dji/DJI_workshop/LZP_PSDK/ros2_workplace/build/yolo_detect
