[0.022s] Invoking command in '/home/dji/DJI_workshop/LZP_PSDK/ros2_workplace/build/dji_precision_capture': CONDA_PROMPT_MODIFIER=(ros2_humble) /open_app/miniconda3/envs/ros2_humble/bin/cmake --build /home/dji/DJI_workshop/LZP_PSDK/ros2_workplace/build/dji_precision_capture -- -j4 -l4
[0.074s] [0m
[0.074s] -- Found OpenCV installed in the system, will use it to display image in AdvancedSensing APIs
[0.074s] --  - Includes: /open_app/miniconda3/envs/ros2_humble/include/opencv4
[0.075s] dji_precision_capture...[0m
[0.075s] --  - Libraries: opencv_calib3d;opencv_core;opencv_dnn;opencv_features2d;opencv_flann;opencv_gapi;opencv_highgui;opencv_imgcodecs;opencv_imgproc;opencv_ml;opencv_objdetect;opencv_photo;opencv_stitching;opencv_video;opencv_videoio;opencv_alphamat;opencv_aruco;opencv_barcode;opencv_bgsegm;opencv_bioinspired;opencv_ccalib;opencv_cvv;opencv_datasets;opencv_dnn_objdetect;opencv_dnn_superres;opencv_dpm;opencv_face;opencv_freetype;opencv_fuzzy;opencv_hdf;opencv_hfs;opencv_img_hash;opencv_intensity_transform;opencv_line_descriptor;opencv_mcc;opencv_optflow;opencv_phase_unwrapping;opencv_plot;opencv_quality;opencv_rapid;opencv_reg;opencv_rgbd;opencv_saliency;opencv_shape;opencv_stereo;opencv_structured_light;opencv_superres;opencv_surface_matching;opencv_text;opencv_tracking;opencv_videostab;opencv_wechat_qrcode;opencv_xfeatures2d;opencv_ximgproc;opencv_xobjdetect;opencv_xphoto
[0.100s] -- Cannot Find FFMPEG
[0.100s] -- Found ament_cmake: 1.3.3 (/open_app/miniconda3/envs/ros2_humble/share/ament_cmake/cmake)
[0.294s] -- Found ament_lint_auto: 0.12.5 (/open_app/miniconda3/envs/ros2_humble/share/ament_lint_auto/cmake)
[0.471s] -- Added test 'lint_cmake' to check CMake code style
[0.473s] -- Added test 'xmllint' to check XML markup files
[0.475s] -- Configuring done (0.4s)
[0.514s] -- Generating done (0.0s)
[0.520s] -- Build files have been written to: /home/dji/DJI_workshop/LZP_PSDK/ros2_workplace/build/dji_precision_capture
[0.641s] [  1%] [32m[1mLinking CXX executable bin/dji_precision_capture[0m
[1.203s] [100%] Built target dji_precision_capture
[1.219s] Invoked command in '/home/dji/DJI_workshop/LZP_PSDK/ros2_workplace/build/dji_precision_capture' returned '0': CONDA_PROMPT_MODIFIER=(ros2_humble) /open_app/miniconda3/envs/ros2_humble/bin/cmake --build /home/dji/DJI_workshop/LZP_PSDK/ros2_workplace/build/dji_precision_capture -- -j4 -l4
[1.233s] Invoking command in '/home/dji/DJI_workshop/LZP_PSDK/ros2_workplace/build/dji_precision_capture': CONDA_PROMPT_MODIFIER=(ros2_humble) /open_app/miniconda3/envs/ros2_humble/bin/cmake --install /home/dji/DJI_workshop/LZP_PSDK/ros2_workplace/build/dji_precision_capture
[1.241s] -- Install configuration: ""
[1.241s] -- Up-to-date: /home/dji/DJI_workshop/LZP_PSDK/ros2_workplace/install/dji_precision_capture/share/ament_index/resource_index/package_run_dependencies/dji_precision_capture
[1.241s] -- Up-to-date: /home/dji/DJI_workshop/LZP_PSDK/ros2_workplace/install/dji_precision_capture/share/ament_index/resource_index/parent_prefix_path/dji_precision_capture
[1.241s] -- Up-to-date: /home/dji/DJI_workshop/LZP_PSDK/ros2_workplace/install/dji_precision_capture/share/dji_precision_capture/environment/ament_prefix_path.sh
[1.242s] -- Installing: /home/dji/DJI_workshop/LZP_PSDK/ros2_workplace/install/dji_precision_capture/share/dji_precision_capture/environment/ament_prefix_path.dsv
[1.242s] -- Up-to-date: /home/dji/DJI_workshop/LZP_PSDK/ros2_workplace/install/dji_precision_capture/share/dji_precision_capture/environment/path.sh
[1.242s] -- Installing: /home/dji/DJI_workshop/LZP_PSDK/ros2_workplace/install/dji_precision_capture/share/dji_precision_capture/environment/path.dsv
[1.242s] -- Up-to-date: /home/dji/DJI_workshop/LZP_PSDK/ros2_workplace/install/dji_precision_capture/share/dji_precision_capture/local_setup.bash
[1.242s] -- Up-to-date: /home/dji/DJI_workshop/LZP_PSDK/ros2_workplace/install/dji_precision_capture/share/dji_precision_capture/local_setup.sh
[1.243s] -- Up-to-date: /home/dji/DJI_workshop/LZP_PSDK/ros2_workplace/install/dji_precision_capture/share/dji_precision_capture/local_setup.zsh
[1.243s] -- Installing: /home/dji/DJI_workshop/LZP_PSDK/ros2_workplace/install/dji_precision_capture/share/dji_precision_capture/local_setup.dsv
[1.243s] -- Installing: /home/dji/DJI_workshop/LZP_PSDK/ros2_workplace/install/dji_precision_capture/share/dji_precision_capture/package.dsv
[1.243s] -- Up-to-date: /home/dji/DJI_workshop/LZP_PSDK/ros2_workplace/install/dji_precision_capture/share/ament_index/resource_index/packages/dji_precision_capture
[1.244s] -- Up-to-date: /home/dji/DJI_workshop/LZP_PSDK/ros2_workplace/install/dji_precision_capture/share/dji_precision_capture/cmake/dji_precision_captureConfig.cmake
[1.244s] -- Up-to-date: /home/dji/DJI_workshop/LZP_PSDK/ros2_workplace/install/dji_precision_capture/share/dji_precision_capture/cmake/dji_precision_captureConfig-version.cmake
[1.244s] -- Up-to-date: /home/dji/DJI_workshop/LZP_PSDK/ros2_workplace/install/dji_precision_capture/share/dji_precision_capture/package.xml
[1.247s] Invoked command in '/home/dji/DJI_workshop/LZP_PSDK/ros2_workplace/build/dji_precision_capture' returned '0': CONDA_PROMPT_MODIFIER=(ros2_humble) /open_app/miniconda3/envs/ros2_humble/bin/cmake --install /home/dji/DJI_workshop/LZP_PSDK/ros2_workplace/build/dji_precision_capture
