[0.031s] Invoking command in '/home/dji/DJI_workshop/LZP_PSDK/ros2_workplace/build/dji_precision_capture': CONDA_PROMPT_MODIFIER=(ros2_humble) /open_app/miniconda3/envs/ros2_humble/bin/cmake --build /home/dji/DJI_workshop/LZP_PSDK/ros2_workplace/build/dji_precision_capture -- -j4 -l4
[0.196s] [  1%] [32mBuilding CXX object CMakeFiles/dji_precision_capture.dir/src/main.cpp.o[0m
[0.824s] In file included from [01m[K/home/dji/DJI_workshop/LZP_PSDK/ros2_workplace/src/dji_precision_capture/src/main.cpp:15[m[K:
[0.824s] [01m[K/home/dji/DJI_workshop/LZP_PSDK/ros2_workplace/src/dji_precision_capture/./include/camera_controller.h:46:63:[m[K [01;35m[Kwarning: [m[KISO C++11 requires at least one argument for the "..." in a variadic macro
[0.824s]    46 |         USER_LOG_INFO("--> Step 1: Init camera manager module"[01;35m[K)[m[K;
[0.824s]       |                                                               [01;35m[K^[m[K
[0.827s] [01m[K/home/dji/DJI_workshop/LZP_PSDK/ros2_workplace/src/dji_precision_capture/./include/camera_controller.h:52:64:[m[K [01;35m[Kwarning: [m[KISO C++11 requires at least one argument for the "..." in a variadic macro
[0.827s]    52 |         USER_LOG_INFO("--> Step 2: Get camera type and version"[01;35m[K)[m[K;
[0.827s]       |                                                                [01;35m[K^[m[K
[0.827s] [01m[K/home/dji/DJI_workshop/LZP_PSDK/ros2_workplace/src/dji_precision_capture/./include/camera_controller.h:69:63:[m[K [01;35m[Kwarning: [m[KISO C++11 requires at least one argument for the "..." in a variadic macro
[0.828s]    69 |         USER_LOG_INFO("--> Step 1: Init gimbal manager module"[01;35m[K)[m[K;
[0.828s]       |                                                               [01;35m[K^[m[K
[0.828s] [01m[K/home/dji/DJI_workshop/LZP_PSDK/ros2_workplace/src/dji_precision_capture/./include/camera_controller.h:75:60:[m[K [01;35m[Kwarning: [m[KISO C++11 requires at least one argument for the "..." in a variadic macro
[0.828s]    75 |         USER_LOG_INFO("--> Step 2: Set gimbal to free mode"[01;35m[K)[m[K;
[0.828s]       |                                                            [01;35m[K^[m[K
[0.828s] [01m[K/home/dji/DJI_workshop/LZP_PSDK/ros2_workplace/src/dji_precision_capture/./include/camera_controller.h:78:61:[m[K [01;35m[Kwarning: [m[KISO C++11 requires at least one argument for the "..." in a variadic macro
[0.829s]    78 |         USER_LOG_INFO("--> Step 3: Reset gimbal angles.\r\n"[01;35m[K)[m[K;
[0.834s]       |                                                             [01;35m[K^[m[K
[1.380s] In file included from [01m[K/home/dji/DJI_workshop/LZP_PSDK/ros2_workplace/src/dji_precision_capture/../../../Payload-SDK/samples/sample_c++/platform/linux/manifold3/../my_code/gimbal_manager.h:12[m[K,
[1.381s]                  from [01m[K/home/dji/DJI_workshop/LZP_PSDK/ros2_workplace/src/dji_precision_capture/src/main.cpp:13[m[K:
[1.381s] [01m[K/home/dji/DJI_workshop/LZP_PSDK/ros2_workplace/src/dji_precision_capture/../../../Payload-SDK/samples/sample_c++/platform/linux/manifold3/../../../../../psdk_lib/include/dji_fc_subscription.h:1210:16:[m[K [01;35m[Kwarning: [m[KISO C++ prohibits anonymous structs [[01;35m[K]8;;https://gcc.gnu.org/onlinedocs/gcc-14.3.0/gcc/Warning-Options.html#index-Wno-pedantic-Wpedantic]8;;[m[K]
[1.381s]  1210 |         struct [01;35m[K{[m[K
[1.381s]       |                [01;35m[K^[m[K
[1.383s] [01m[K/home/dji/DJI_workshop/LZP_PSDK/ros2_workplace/src/dji_precision_capture/../../../Payload-SDK/samples/sample_c++/platform/linux/manifold3/../../../../../psdk_lib/include/dji_fc_subscription.h:1219:16:[m[K [01;35m[Kwarning: [m[KISO C++ prohibits anonymous structs [[01;35m[K]8;;https://gcc.gnu.org/onlinedocs/gcc-14.3.0/gcc/Warning-Options.html#index-Wno-pedantic-Wpedantic]8;;[m[K]
[1.384s]  1219 |         struct [01;35m[K{[m[K
[1.384s]       |                [01;35m[K^[m[K
[2.480s] make[2]: *** Deleting file 'CMakeFiles/dji_precision_capture.dir/src/main.cpp.o'
[2.481s] make[2]: *** [CMakeFiles/dji_precision_capture.dir/build.make:76: CMakeFiles/dji_precision_capture.dir/src/main.cpp.o] Interrupt
[2.483s] make[1]: *** [CMakeFiles/Makefile2:85: CMakeFiles/dji_precision_capture.dir/all] Interrupt
[2.483s] make: *** [Makefile:146: all] Interrupt
[2.496s] Invoked command in '/home/dji/DJI_workshop/LZP_PSDK/ros2_workplace/build/dji_precision_capture' returned '-2': CONDA_PROMPT_MODIFIER=(ros2_humble) /open_app/miniconda3/envs/ros2_humble/bin/cmake --build /home/dji/DJI_workshop/LZP_PSDK/ros2_workplace/build/dji_precision_capture -- -j4 -l4
