[0.024s] Invoking command in '/home/dji/DJI_workshop/LZP_PSDK/ros2_workplace/build/dji_precision_capture': CONDA_PROMPT_MODIFIER=(ros2_humble) /open_app/miniconda3/envs/ros2_humble/bin/cmake /home/dji/DJI_workshop/LZP_PSDK/ros2_workplace/src/dji_precision_capture -DCMAKE_INSTALL_PREFIX=/home/dji/DJI_workshop/LZP_PSDK/ros2_workplace/install/dji_precision_capture
[0.239s] -- The C compiler identification is unknown
[0.461s] -- The CXX compiler identification is unknown
[0.465s] [31mCMake Error at CMakeLists.txt:2 (project):
[0.465s]   The CMAKE_C_COMPILER:
[0.465s] 
[0.466s]     /usr/bin/gcc-11
[0.466s] 
[0.466s]   is not a full path to an existing compiler tool.
[0.466s] 
[0.466s]   Tell CMake where to find the compiler by setting either the environment
[0.466s]   variable "CC" or the CMake cache entry CMAKE_C_COMPILER to the full path to
[0.466s]   the compiler, or to the compiler name if it is in the PATH.
[0.467s] 
[0.467s] [0m
[0.467s] [31mCMake Error at CMakeLists.txt:2 (project):
[0.467s]   The CMAKE_CXX_COMPILER:
[0.467s] 
[0.468s]     /usr/bin/g++-11
[0.468s] 
[0.470s]   is not a full path to an existing compiler tool.
[0.470s] 
[0.470s]   Tell CMake where to find the compiler by setting either the environment
[0.470s]   variable "CXX" or the CMake cache entry CMAKE_CXX_COMPILER to the full path
[0.471s]   to the compiler, or to the compiler name if it is in the PATH.
[0.471s] 
[0.471s] [0m
[0.472s] -- Configuring incomplete, errors occurred!
[0.500s] Invoked command in '/home/dji/DJI_workshop/LZP_PSDK/ros2_workplace/build/dji_precision_capture' returned '1': CONDA_PROMPT_MODIFIER=(ros2_humble) /open_app/miniconda3/envs/ros2_humble/bin/cmake /home/dji/DJI_workshop/LZP_PSDK/ros2_workplace/src/dji_precision_capture -DCMAKE_INSTALL_PREFIX=/home/dji/DJI_workshop/LZP_PSDK/ros2_workplace/install/dji_precision_capture
